05-27 14:22:39.482 D/AudioPolicyService(  747): getUidState(10205) cacheIter->second.first, return cacheIter->second.second(5)
05-27 14:22:39.482 D/AudioPolicyService(  747): getUidState(10079) cacheIter->second.first, return cacheIter->second.second(4)
05-27 14:22:39.525 I/com.huawei.agc.apms(19647): start upload anr files.
05-27 14:22:39.526 I/com.huawei.agc.apms(19647): start upload anr files.
05-27 14:22:39.580 D/AwareLog( 1067): iawared: WorkingsetProcessCommand subCmd = 351, userId=10515, pid=19939, com.huatu.handheld_huatu
05-27 14:22:39.580 D/AwareLog( 1067): iawared: WorkingsetCheckCrashed maybe crashed!
05-27 14:22:39.701 W/migration/6(   47): type=1400 audit(0.0:84050): avc: granted { setsched } for pid=47 scontext=u:r:kernel:s0 tcontext=u:r:kernel:s0 tclass=process
05-27 14:22:39.701 W/migration/7(   53): type=1400 audit(0.0:84051): avc: granted { setsched } for pid=53 scontext=u:r:kernel:s0 tcontext=u:r:kernel:s0 tclass=process
05-27 14:22:39.825 W/migration/7(   53): type=1400 audit(0.0:84052): avc: granted { setsched } for pid=53 scontext=u:r:kernel:s0 tcontext=u:r:kernel:s0 tclass=process
05-27 14:22:39.908 I/chatty  ( 2007): uid=1000(system) wifipro_feature expire 61 lines
05-27 14:22:40.024 W/ContentSensor_13.10.10.204_ContentSensorService(10575): mEventListener is null 
05-27 14:22:40.027 I/CAWARENESS_31424_AbilityContext(20835): [1685168569730] deliver {dataId=1001000011, mode=0} to 1 receivers
05-27 14:22:40.326 I/Pged-IPgedBinderService( 1067): ****action is 2, pid num is 6***
05-27 14:22:40.326 I/Pged-Freezer( 1067): thawPids
05-27 14:22:41.214 I/chatty  ( 2007): uid=1000(system) WifiService expire 48 lines
05-27 14:22:42.096 E/bms_file(18882): file /sys/class/hw_power/charger/direct_charger_sc/direct_charge_succ is invalid
05-27 14:22:42.136 E/bms_file(18882): file /sys/class/hw_power/charger/direct_charger_sc/direct_charge_succ is invalid
05-27 14:22:42.137 I/bms_behavior(18882): monitor interval count 11
05-27 14:22:42.185 W/migration/6(   47): type=1400 audit(0.0:84054): avc: granted { setsched } for pid=47 scontext=u:r:kernel:s0 tcontext=u:r:kernel:s0 tclass=process
05-27 14:22:42.205 W/migration/7(   53): type=1400 audit(0.0:84055): avc: granted { setsched } for pid=53 scontext=u:r:kernel:s0 tcontext=u:r:kernel:s0 tclass=process
05-27 14:22:42.214 D/AwareLog( 1067): iawared: WorkingsetProcessCommand subCmd = 350, userId=10515, pid=19939, com.huatu.handheld_huatu
05-27 14:22:42.214 D/AwareLog( 1067): iawared: WorkingsetCheckCrashed maybe crashed!
05-27 14:22:42.231 I/Pged-IPgedBinderService( 1067): ****action is 1, pid num is 6***
05-27 14:22:42.231 I/Pged-Freezer( 1067): freezePids
05-27 14:22:42.231 I/Pged-Freezer( 1067): Freeze process: 8071
05-27 14:22:42.232 I/Pged-Freezer( 1067): Freeze process: 7136
05-27 14:22:42.232 I/Pged-Freezer( 1067): Freeze process: 11822
05-27 14:22:42.232 I/Pged-Freezer( 1067): Freeze process: 17461
05-27 14:22:42.232 I/Pged-Freezer( 1067): Freeze process: 18924
05-27 14:22:42.233 I/chatty  ( 2007): uid=1000(system) ClientModeImpl expire 13 lines
05-27 14:22:42.236 I/chatty  ( 3859): uid=1000(system) Binder:3859_9 expire 5 lines
05-27 14:22:42.238 W/ContentSensor_13.10.10.204_ContentSensorService(10575): mEventListener is null 
05-27 14:22:42.243 V/ActivityThread(19939): callActivityOnCreate
05-27 14:22:42.293 D/ActivityThread(19939): add activity client record, r= ActivityRecord{18def06 token=android.os.BinderProxy@bc63b15 {com.huatu.handheld_huatu/com.huatu.handheld_huatu.business.main.MainTabActivity}} token= android.os.BinderProxy@bc63b15
05-27 14:22:42.304 I/chatty  (19939): uid=10515(com.huatu.handheld_huatu) expire 103 lines
05-27 14:22:42.305 I/chatty  (19939): uid=10515(com.huatu.handheld_huatu) expire 116 lines
05-27 14:22:42.317 I/CAWARENESS_31424_AppUsageManager(20835): onEvent, packageName=com.huatu.handheld_huatu, activityName=com.huatu.handheld_huatu.business.main.MainTabActivity, moduleName=, uid=10515
05-27 14:22:42.326 I/CAWARENESS_31424_AbilityContext(20835): [1685168564727] deliver {dataId=100000007, mode=0} to 1 receivers
05-27 14:22:42.327 I/CAWARENESS_31424_CaptureAppUsageHelper(20835): 3302 is ignore data false isAppType false
05-27 14:22:42.328 I/chatty  (19939): uid=10515(com.huatu.handheld_huatu) expire 1 line
05-27 14:22:42.385 I/chatty  (19939): uid=10515(com.huatu.handheld_huatu) expire 98 lines
05-27 14:22:42.387 I/chatty  (19939): uid=10515(com.huatu.handheld_huatu) expire 101 lines
05-27 14:22:42.391 I/chatty  (19939): uid=10515(com.huatu.handheld_huatu) expire 67 lines
05-27 14:22:42.644 I/HwCommandQueue( 3478): updateBarBgColor
05-27 14:22:42.645 D/HwCommandQueue( 3478): CommandQueue, setBarBackgroundColor
05-27 14:22:42.645 D/HwCommandQueue( 3478): CommandQueue, set Launcher StatusBar Color
05-27 14:22:42.645 I/StatusBarLayout( 3478): refreshTint: tint: e5ffffff
05-27 14:22:42.699 E/ScreemCommon( 1075): fail to extract lcd fps mode!
05-27 14:22:42.699 W/ScreemCommon( 1075): ProcessEntry, not beta version or commercial log off
05-27 14:22:42.699 I/chatty  ( 2007): uid=1000(system) android.anim expire 12 lines
05-27 14:22:42.709 D/HwCommandQueue( 3478): CommandQueue, set Launcher StatusBar Color
05-27 14:22:42.710 I/StatusBarLayout( 3478): refreshTint: tint: e5ffffff
05-27 14:22:42.710 D/BarTransitions.HwPhoneStatusBarView( 3478): MODE_OPAQUE -> MODE_TRANSPARENT animate=false
05-27 14:22:42.710 D/BarTransitions.HwPhoneStatusBarView( 3478): applyModeBackground oldMode=MODE_OPAQUE newMode=MODE_TRANSPARENT animate=false
05-27 14:22:42.710 I/StatusBarLayout( 3478): refreshTint: tint: 99000000
05-27 14:22:42.711 I/chatty  (19939): uid=10515(com.huatu.handheld_huatu) expire 3 lines
05-27 14:22:42.791 I/ring_expand(11208): floatImeState : false
05-27 14:22:42.791 I/ring_expand(11208): isLeftrightSplit : false
05-27 14:22:42.791 I/ring_expand(11208): is_compress : false
05-27 14:22:42.791 I/ring_expand(11208): final Global.screenW = 1080
05-27 14:22:42.792 I/HuaweiIME(11208): SysInfo.getSysParam: orientation=1||config d=3.0,w=1080,h=2139||metrics d=3.0,w=1080,h=2139||sdk=29,bar_h=75||appScale=3.3,sysScale=3.0||isMultiWin=false,isPadMode=false, boardw=1080, boardH=705, candH=130, boardL=0, boardR=1080, ver=8.2.39.938, realW=1080, realH=2340, isInLargeWinMode=false, displayId=0, cuid=8470EE-65D772-731B22-91BGG3-F3FGF0-26
05-27 14:22:42.792 I/HuaweiIME(11208): isPortrait-adjustOffset-r: 5
05-27 14:22:42.792 I/HuaweiIME(11208):  isNight : false
05-27 14:22:42.961 E/ScreemCommon( 1075): fail to extract lcd fps mode!
05-27 14:22:42.962 W/ScreemCommon( 1075): ProcessEntry, not beta version or commercial log off
05-27 14:22:43.065 W/migration/7(   53): type=1400 audit(0.0:84056): avc: granted { setsched } for pid=53 scontext=u:r:kernel:s0 tcontext=u:r:kernel:s0 tclass=process
05-27 14:22:43.207 D/AwareLog( 1067): iawared: WorkingsetProcessCommand subCmd = 351, userId=10515, pid=19939, com.huatu.handheld_huatu
05-27 14:22:43.207 D/AwareLog( 1067): iawared: WorkingsetCheckCrashed maybe crashed!
05-27 14:22:43.254 W/BufferQueueProducer(  751): [com.huatu.handheld_huatu/com.huatu.handheld_huatu.business.guide.SplashActivity#0]:1390: disconnect: not connected (req=1)
05-27 14:22:43.308 D/ActivityThread(19939): Remove activity client record, r= ActivityRecord{488ae2c token=android.os.BinderProxy@9834604 {com.huatu.handheld_huatu/com.huatu.handheld_huatu.business.guide.SplashActivity}} token= android.os.BinderProxy@9834604
05-27 14:22:43.309 I/ViewRootImpl(19939): dispatchDetachedFromWindow in doDie
05-27 14:22:43.322 W/ContentSensor_13.10.10.204_ContentSensorService(10575): mEventListener is null 
05-27 14:22:43.330 I/CAWARENESS_31424_AbilityContext(20835): [1685168573036] deliver {dataId=1001000011, mode=0} to 1 receivers
05-27 14:22:43.441 D/AudioPolicyService(  747): getUidState(10073) cacheIter->second.first, return cacheIter->second.second(5)
05-27 14:22:43.449 I/chatty  (19939): uid=10515(com.huatu.handheld_huatu) expire 14 lines
05-27 14:22:43.450 I/HiAdKit.OpenDeviceIdentifierServiceImpl(24056):  get oaid from: com.huatu.handheld_huatu
05-27 14:22:43.450 I/HiAdKit.SystemUtil(24056):  isDeviceProvisioned: true
05-27 14:22:43.451 I/HiAdKit.HiAdTools(24056):  Target provider service's package name is : com.huawei.hwid
05-27 14:22:43.454 I/fwkit_AbsContentProvider(23955): [I/fwkit/fwkit_AbsContentProvider 23955:2656 AbsContentProvider.java:72] KitProcessAgentCoreProvider; callerPackage: com.huawei.hwid; method: query; uri: content://com.huawei.hms.runtimekit.kitcontainerservice.KitProcessAgentCoreProvider/com.huawei.hwid.pps.oaid/oaid/query
05-27 14:22:43.454 I/HiAdKit.DC.OaidDataProvider(23955):  query code: 1
05-27 14:22:43.462 D/AudioPolicyService(  747): getUidState(10073) cacheIter->second.first, return cacheIter->second.second(4)
05-27 14:22:43.465 W/migration/7(   53): type=1400 audit(0.0:84057): avc: granted { setsched } for pid=53 scontext=u:r:kernel:s0 tcontext=u:r:kernel:s0 tclass=process
05-27 14:22:43.495 I/chatty  (19939): uid=10515(com.huatu.handheld_huatu) expire 5 lines
05-27 14:22:43.512 I/chatty  (19939): uid=10515(com.huatu.handheld_huatu) expire 12 lines
05-27 14:22:43.522 I/chatty  (19939): uid=10515(com.huatu.handheld_huatu) expire 9 lines
05-27 14:22:43.540 I/chatty  (19939): uid=10515(com.huatu.handheld_huatu) expire 33 lines
05-27 14:22:43.585 D/AudioPolicyService(  747): getUidState(10073) cacheIter->second.first, return cacheIter->second.second(5)
05-27 14:22:43.604 I/AIDLInvoke(23955): [I/HMSCore/AIDLInvoke 23955:2656 SourceFile:7] <apirouter>Request, URI: push.gettoken
05-27 14:22:43.605 I/PackageUtils(23955): [I/HMSCore/PackageUtils 23955:2656 SourceFile:1] uid:10515, packageName:com.huatu.handheld_huatu
05-27 14:22:43.605 I/chatty  (19939): uid=10515(com.huatu.handheld_huatu) expire 2 lines
05-27 14:22:43.606 I/AIDLInvoke(23955): [I/HMSCore/AIDLInvoke 23955:2656 SourceFile:19] modifyAidlRouteInfo param,appId:100307603,SdkVersion:60500300
05-27 14:22:43.607 I/AIDLInvoke(23955): [I/HMSCore/AIDLInvoke 23955:8155 SourceFile:1] modify AdilRouteInfo begin,originApiName:push.gettoken
05-27 14:22:43.607 I/AppScope(23955): [I/HMSCore/AppScope 23955:8155 SourceFile:3] checkPermission, appID:100307603, permission:com.huawei.hms.appservice.cps, accountIndex:null, checkExpiredTimeFlag:1
05-27 14:22:43.607 I/AppScope(23955): [I/HMSCore/AppScope 23955:8155 SourceFile:7] permission not exist
05-27 14:22:43.607 I/fwkit_b (23955): get deviceType from cache: 0
05-27 14:22:43.608 I/fwkit_ApiRuleEngine(23955): [I/fwkit/fwkit_ApiRuleEngine 23955:8155 ApiRuleEngine.java:210] input parameters: type: aidl apiName: push.gettoken appId: 100307603 packageName: com.huatu.handheld_huatu permission: null
05-27 14:22:43.608 I/fwkit_ApiRuleEngine(23955): [I/fwkit/fwkit_ApiRuleEngine 23955:8155 ApiRuleEngine.java:359] Business value is: Default
05-27 14:22:43.608 W/fwkit_coresm(23955): [W/fwkit/fwkit_coresm 23955:8155 CoreServiceManager.java:77] Get vr_system Service !but its binder is null!
05-27 14:22:43.608 D/keymaster_worker( 1048): Keystore getKey
05-27 14:22:43.609 D/keymaster_worker( 1048): Keystore getKey end
05-27 14:22:43.609 E/HwVrServiceManagerImpl(23955): client service is not alive.
05-27 14:22:43.609 I/fwkit_sdk_apiRouter(23955): newApiName is push.gettoken
05-27 14:22:43.609 I/RuleEngineService(23955): [I/HMSCore/RuleEngineService 23955:8155 SourceFile:8] AIDLRequest modify route info,oldApiName:push.gettoken, newApiName:push.gettoken
05-27 14:22:43.609 I/AIDLInvoke(23955): [I/HMSCore/AIDLInvoke 23955:8155 SourceFile:6] after modify header newApiName:push.gettoken
05-27 14:22:43.610 I/AIDLInvoke(23955): [I/HMSCore/AIDLInvoke 23955:8155 SourceFile:6] push apiLevel: -1, request apiLevel: 1
05-27 14:22:43.610 I/fwkit_sdk_fd(23955): createRequestFromMessageCenter uri: push.gettoken
05-27 14:22:43.610 I/fwkit_kims_apidispatcher_fdi(23955): [I/fwkit/fwkit_kims_apidispatcher_fdi 23955:8155 DispatcherImpl.java:112] MessageCenter uri: push.gettoken appId: 100307603 hostAppId: 100307603 apiLevel: 1 runtime api level: 28
05-27 14:22:43.610 W/fwkit_kit_breaker(23955): [W/fwkit/fwkit_kit_breaker 23955:8155 KitBreaker.java:343] isNeedBreaker kitBreakerInfos is null or empty
05-27 14:22:43.611 I/fwkit_kims_RequestFactory(23955): [I/fwkit/fwkit_kims_RequestFactory 23955:8155 RequestFactory.java:47] No uri matched, choose proxy request as default.
05-27 14:22:43.611 I/KitMessageCenter(23955): [I/HMSCore/KitMessageCenter 23955:8155 SourceFile:14] Find makeRequest uri:push.gettoken cost time: 1ms
05-27 14:22:43.611 I/AIDLInvoke(23955): [I/HMSCore/AIDLInvoke 23955:8155 SourceFile:8] Request, URI: push.gettoken, clientId: {appId: 100307603, hostAppID: 100307603, packageName: com.huatu.handheld_huatu, sdkVersion: 60500300, uid: 10515, transactionId: 100307603ttoken20230527142243528852747, apiLevel: 1, uri: push.gettoken, kitSdkVersion: 60300305}
05-27 14:22:43.611 I/fwkit_b (23955): get deviceType from cache: 0
05-27 14:22:43.613 I/fwkit_kims(23955): [I/fwkit/fwkit_kims 23955:8155 KIMSServiceController.java:720] getKitInfo S: :push
05-27 14:22:43.613 I/fwkit_kams_stubmanager(23955): [I/fwkit/fwkit_kams_stubmanager 23955:8155 StubManagerService.java:449] getStubProcessNameByComponent: ComponentInfo{ name: null, packageName: com.huawei.hms.push, processName: com.huawei.hms.push } isComponent: false
05-27 14:22:43.613 I/fwkit_kams_scheduler(23955): [I/fwkit/fwkit_kams_scheduler 23955:8155 ProcessScheduler.java:411] getStubProcessNameByComponent: RemoteConfig assign: com.huawei.hwid.core
05-27 14:22:43.613 I/fwkit_kams(23955): [I/fwkit/fwkit_kams 23955:8155 KAMSServiceController.java:1231] [getKcsForAIDLRequest] Assign com.huawei.hwid.core for push|com.huawei.hms.push|com.huawei.hms.push cost 2ms
05-27 14:22:43.613 I/fwkit_b (23955): get deviceType from cache: 0
05-27 14:22:43.614 I/fwkit_kams_stubmanager(23955): [I/fwkit/fwkit_kams_stubmanager 23955:8155 StubManagerService.java:449] getStubProcessNameByComponent: ComponentInfo{ name: null, packageName: com.huawei.hms.push, processName: null } isComponent: false
05-27 14:22:43.614 I/fwkit_kams_scheduler(23955): [I/fwkit/fwkit_kams_scheduler 23955:8155 ProcessScheduler.java:411] getStubProcessNameByComponent: RemoteConfig assign: com.huawei.hwid.core
05-27 14:22:43.614 I/fwkit_msg_request_proxy(23955): [I/fwkit/fwkit_msg_request_proxy 23955:8155 AIDLRequestLocalProxy.java:168] onRequest mRequestId: 25ff5a5b-2977-44fa-8cd2-dbee73ac7f14,mUri: push.gettoken
05-27 14:22:43.615 I/fwkit_msg_invoke_remote(23955): [I/fwkit/fwkit_msg_invoke_remote 23955:8156 AIDLInvokeRemote.java:131] execute requestId:25ff5a5b-2977-44fa-8cd2-dbee73ac7f14 uri:push.gettoken transactionId:100307603ttoken20230527142243528852747
05-27 14:22:43.615 I/fwkit_msg_fr(23955): [I/fwkit/fwkit_msg_fr 23955:8156 FinderRemote.java:93] findRequest uri: push.gettoken apiLevel: 1
05-27 14:22:43.615 I/fwkit_kac_kitloader(23955): [I/fwkit/fwkit_kac_kitloader 23955:8156 KitLoaderManager.java:210] kit loaded push_60900301 already exits, cost :0 ms
05-27 14:22:43.616 D/keymaster_worker( 1048): Keystore begin
05-27 14:22:43.616 D/keymaster_worker( 1048): Keystore begin hidl
05-27 14:22:43.616 I/fwkit_msg_aidl_request(23955): [I/fwkit/fwkit_msg_aidl_request 23955:8156 AIDLRequest.java:125] execute, uri: push.gettoken transactionId: 100307603ttoken20230527142243528852747
05-27 14:22:43.616 I/HisiKeyMaster(  586): HisiKmBegin start
05-27 14:22:43.616 I/fwkit_CountryCodeBean(23955): [I/fwkit/fwkit_CountryCodeBean 23955:8142 CountryCodeBean.java:163] countryCode by ro.hw.country is: cn
05-27 14:22:43.616 I/HisiKeyMaster(  586): Disable the enhanced crypto!
05-27 14:22:43.616 I/SecurityComp10200303: EncryptUtil(23955): setBouncycastleFlag: true
05-27 14:22:43.616 I/fwkit_CountryCodeBean(23955): [I/fwkit/fwkit_CountryCodeBean 23955:8142 CountryCodeBean.java:112] get issue_country code from VENDOR_COUNTRY
05-27 14:22:43.617 I/FormalHASDK(23955): HiAnalyticsInstance==> onEvent. TAG:HmsProfiler, TYPE:0, eventId:HMS_API_CALLED
05-27 14:22:43.617 I/ScopeManager(23955): [I/HMSCore/ScopeManager 23955:8156 SourceFile:1] checkCertFingerprint, appID:100307603, packageName:com.huatu.handheld_huatu
05-27 14:22:43.617 I/HC_PackageUtils(23955): [I/HMSCore/HC_PackageUtils 23955:8156 SourceFile:6] com.huatu.handheld_huatu is OHOS app: false
05-27 14:22:43.618 I/fwkit_scope_mgr(23955): [I/fwkit/fwkit_scope_mgr 23955:8156 ScopeManager.java:157] checkCertFingerprint result: 0
05-27 14:22:43.619 I/fwkit_msg_aidl_request(23955): [I/fwkit/fwkit_msg_aidl_request 23955:8156 AIDLRequest.java:219] permission: com.huawei.android.hms.push.manageToken
05-27 14:22:43.619 I/SecurityComp10200303: EncryptUtil(23955): setBouncycastleFlag: true
05-27 14:22:43.620 I/AppScope(23955): [I/HMSCore/AppScope 23955:8156 SourceFile:3] checkPermission, appID:100307603, permission:com.huawei.android.hms.push.manageToken, accountIndex:null, checkExpiredTimeFlag:1
05-27 14:22:43.620 I/fwkit_scope_mgr(23955): [I/fwkit/fwkit_scope_mgr 23955:8156 ScopeManager.java:203] checkPermission result: 0
05-27 14:22:43.620 D/HMSPushLog60900301(23955): [D/PushKit/HMSPushLog60900301 23955:8156 null:82] get CurUserId:0
05-27 14:22:43.621 I/HMSPushLog60900301(23955): [I/PushKit/HMSPushLog60900301 23955:8156 null:84] TokenReq{ pkgName: com.huatu.handheld_huatu,isFirstTime: false,scope: HCM,appId: 100307603,userId: 0},transactionId:100307603ttoken20230527142243528852747
05-27 14:22:43.621 D/HMSPushLog60900301(23955): [D/PushKit/HMSPushLog60900301 23955:8156 null:22] existFrameworkPush:1
05-27 14:22:43.621 D/HMSPushLog60900301(23955): [D/PushKit/HMSPushLog60900301 23955:8156 null:22] existFrameworkPush:1
05-27 14:22:43.621 I/HMSPushLog60900301(23955): [I/PushKit/HMSPushLog60900301 23955:8156 null:2] await
05-27 14:22:43.621 I/HMSPushLog60900301(23955): [I/PushKit/HMSPushLog60900301 23955:8156 null:29] awaitOnAnyThread timeout:10 unit:SECONDS
05-27 14:22:43.622 W/fwkit_kims(23955): [W/fwkit/fwkit_kims 23955:8143 KIMSServiceController.java:1136] Can't find the specific package.
05-27 14:22:43.624 I/HisiKeyMaster(  586): out_params_buffer_len = 4096
05-27 14:22:43.624 I/HisiKeyMaster(  586): HisiKmBegin success
05-27 14:22:43.624 D/keymaster_worker( 1048): Keystore begin hidl end
05-27 14:22:43.625 D/keymaster_worker( 1048): Keystore begin end
05-27 14:22:43.625 I/PushLog110118300(19385): [IO-pool-72-2927]TokenReq{ pkgName: com.huatu.handheld_huatu,subjectId: null,userId: 0,isMultiSender: false},transactionId:100307603ttoken20230527142243528852747
05-27 14:22:43.625 I/PushLog110118300(19385): [IO-pool-72-2927]Since last channel detect less than 1 min, need not detect.
05-27 14:22:43.626 D/keymaster_worker( 1048): Keystore update
05-27 14:22:43.626 I/PushLog110118300(19385): [IO-pool-72-2927]config still valid, need not query TRS
05-27 14:22:43.627 D/keymaster_worker( 1048): Keystore update hidl
05-27 14:22:43.627 I/HisiKeyMaster(  586): HisiKmUpdate start
05-27 14:22:43.627 I/HisiKeyMaster(  586): Disable the enhanced crypto!
05-27 14:22:43.628 I/PushLog110118300(19385): [IO-pool-72-2927]this package have already registered from db
05-27 14:22:43.629 I/HMSPushLog60900301(23955): [I/PushKit/HMSPushLog60900301 23955:2656 null:17] setResult:0
05-27 14:22:43.629 I/chatty  (19939): uid=10515(com.huatu.handheld_huatu) expire 6 lines
05-27 14:22:43.629 I/HMSPushLog60900301(23955): [I/PushKit/HMSPushLog60900301 23955:8156 null:8] hms token within 24h, not allowed apply hms token.
05-27 14:22:43.629 I/fwkit_msg_request_proxy(23955): [I/fwkit/fwkit_msg_request_proxy 23955:8144 AIDLRequestLocalProxy.java:183] AidlCallback callback
05-27 14:22:43.629 I/fwkit_msg_aidl_request(23955): [I/fwkit/fwkit_msg_aidl_request 23955:8156 AIDLRequest.java:144] onRequest end, uri: push.gettoken transactionId: 100307603ttoken20230527142243528852747 elapsedTime: 9
05-27 14:22:43.629 I/fwkit_msg_request_proxy(23955): [I/fwkit/fwkit_msg_request_proxy 23955:8144 AIDLRequestLocalProxy.java:231] AidlCallback callback requestId:25ff5a5b-2977-44fa-8cd2-dbee73ac7f14, uri:push.gettoken
05-27 14:22:43.630 I/fwkit_msg_arw(23955): [I/fwkit/fwkit_msg_arw 23955:8144 AIDLResponseWrapper.java:61] callJson start
05-27 14:22:43.630 E/fwkit_msg_arw(23955): [E/fwkit/fwkit_msg_arw 23955:8144 AIDLResponseWrapper.java:65] intent is null
05-27 14:22:43.630 I/fwkit_CountryCodeBean(23955): [I/fwkit/fwkit_CountryCodeBean 23955:8145 CountryCodeBean.java:163] countryCode by ro.hw.country is: cn
05-27 14:22:43.630 I/chatty  ( 2007): uid=1000(system) PowerManagerSer expire 9 lines
05-27 14:22:43.630 I/fwkit_CountryCodeBean(23955): [I/fwkit/fwkit_CountryCodeBean 23955:8145 CountryCodeBean.java:112] get issue_country code from VENDOR_COUNTRY
05-27 14:22:43.631 I/AIDLResponseImpl(23955): [I/HMSCore/AIDLResponseImpl 23955:8144 SourceFile:10] Response, uri: push.gettoken, statusCode: 0, errorCode: 0
05-27 14:22:43.632 I/fwkit_date_utils(23955): [I/fwkit/fwkit_date_utils 23955:8159 DateUtil.java:29] init threadLocal
05-27 14:22:43.632 I/HisiKeyMaster(  586): HisiKmUpdate success
05-27 14:22:43.632 I/fwkit_HmsProfiler(23955): [I/fwkit/fwkit_HmsProfiler 23955:8159 HmsProfiler.java:589] traceApiEvent input : com.huatu.handheld_huatu
05-27 14:22:43.632 D/keymaster_worker( 1048): Keystore update hidl end
05-27 14:22:43.632 D/keymaster_worker( 1048): Keystore update end
05-27 14:22:43.634 D/keymaster_worker( 1048): Keystore finish
05-27 14:22:43.634 D/keymaster_worker( 1048): Keystore finish hidl
05-27 14:22:43.634 I/HisiKeyMaster(  586): HisiKmFinish start
05-27 14:22:43.634 I/HisiKeyMaster(  586): Disable the enhanced crypto!
05-27 14:22:43.634 I/chatty  (19939): uid=10515(com.huatu.handheld_huatu) expire 1 line
05-27 14:22:43.638 I/HisiKeyMaster(  586): output data size=0
05-27 14:22:43.638 I/HisiKeyMaster(  586): HisiKmFinish success
05-27 14:22:43.638 D/keymaster_worker( 1048): Keystore finish hidl end
05-27 14:22:43.638 D/keymaster_worker( 1048): Keystore finish end
05-27 14:22:43.733 I/Pged-IPgedBinderService( 1067): ****action is 2, pid num is 6***
05-27 14:22:43.733 I/Pged-Freezer( 1067): thawPids
05-27 14:22:43.740 E/Thermal-daemon:hw_thermal( 1056): [pa_0] tempNew :37  tempOld :36
05-27 14:22:43.741 E/Thermal-daemon:hw_thermal( 1056): Report temperature: [pa_0] temp :37  reportThreshold:1
05-27 14:22:43.741 E/Thermal-daemon:hw_thermal( 1056): [ap] tempNew :37  tempOld :36
05-27 14:22:43.742 E/Thermal-daemon:hw_thermal( 1056): Report temperature: [ap] temp :37  reportThreshold:1
05-27 14:22:43.804 D/keymaster_worker( 1048): Keystore getKey
05-27 14:22:43.804 D/keymaster_worker( 1048): Keystore getKey end
05-27 14:22:43.807 D/keymaster_worker( 1048): Keystore begin
05-27 14:22:43.807 D/keymaster_worker( 1048): Keystore begin hidl
05-27 14:22:43.807 I/HisiKeyMaster(  586): HisiKmBegin start
05-27 14:22:43.807 I/HisiKeyMaster(  586): Disable the enhanced crypto!
05-27 14:22:43.812 I/HisiKeyMaster(  586): out_params_buffer_len = 4096
05-27 14:22:43.812 I/HisiKeyMaster(  586): HisiKmBegin success
05-27 14:22:43.812 D/keymaster_worker( 1048): Keystore begin hidl end
05-27 14:22:43.812 D/keymaster_worker( 1048): Keystore begin end
05-27 14:22:43.814 D/keymaster_worker( 1048): Keystore update
05-27 14:22:43.814 D/keymaster_worker( 1048): Keystore update hidl
05-27 14:22:43.814 I/HisiKeyMaster(  586): HisiKmUpdate start
05-27 14:22:43.814 I/HisiKeyMaster(  586): Disable the enhanced crypto!
05-27 14:22:43.817 I/HisiKeyMaster(  586): HisiKmUpdate success
05-27 14:22:43.817 D/keymaster_worker( 1048): Keystore update hidl end
05-27 14:22:43.817 D/keymaster_worker( 1048): Keystore update end
05-27 14:22:43.818 D/keymaster_worker( 1048): Keystore finish
05-27 14:22:43.818 D/keymaster_worker( 1048): Keystore finish hidl
05-27 14:22:43.819 I/HisiKeyMaster(  586): HisiKmFinish start
05-27 14:22:43.819 I/HisiKeyMaster(  586): Disable the enhanced crypto!
05-27 14:22:43.823 I/HisiKeyMaster(  586): output data size=0
05-27 14:22:43.823 I/HisiKeyMaster(  586): HisiKmFinish success
05-27 14:22:43.823 D/keymaster_worker( 1048): Keystore finish hidl end
05-27 14:22:43.823 D/keymaster_worker( 1048): Keystore finish end
05-27 14:22:43.845 I/chatty  (19939): uid=10515(com.huatu.handheld_huatu) expire 14 lines
05-27 14:22:43.870 I/fwkit_AbsContentProvider(23955): [I/fwkit/fwkit_AbsContentProvider 23955:2656 AbsContentProvider.java:166] SharedFileContentProvider; callerPackage: com.huatu.handheld_huatu; method: openFile; uri: content://com.huawei.hwid/files/hmsrootcas.bks
05-27 14:22:43.870 I/DF_FeatureInstallManagerFactory(23955): create remoteMode false
05-27 14:22:43.870 I/DF_LocalApk-q(23955): Not in the same classloader, no need to query for market name.
05-27 14:22:43.873 I/DF_LocalApk-q(23955): Not in the same classloader, no need to query for market name.
05-27 14:22:43.873 I/DF_FeatureInstallManagerFactory(23955): The channel strategy is:kitStore
05-27 14:22:43.873 I/DF_FeatureInstallManagerFactory(23955): Not default strategy, no need to check remote mode.
05-27 14:22:43.873 I/DF_FeatureInstallManagerFactory(23955): use channel: kitStore
05-27 14:22:43.873 I/PackageFeatureManager(23955): [I/hmstss/PackageFeatureManager 23955:2656 PackageFeatureManager.java:2] Tss config contentProvider check have safetyDetect feature.
05-27 14:22:43.873 D/SharFileContentProvider(23955): SharedFile ContentProvider start openFile.
05-27 14:22:43.873 I/LocalUpdateDataInfo(23955): [I/hmstss/LocalUpdateDataInfo 23955:2656 LocalUpdateDataInfo.java:4] lastQueryTime is 1685009646102
05-27 14:22:43.873 D/SharFileContentProvider(23955): context parent Path = /data/user_de/0/com.huawei.hwid
05-27 14:22:43.875 D/keymaster_worker( 1048): Keystore begin
05-27 14:22:43.875 D/keymaster_worker( 1048): Keystore begin hidl
05-27 14:22:43.876 I/HisiKeyMaster(  586): HisiKmBegin start
05-27 14:22:43.876 I/HisiKeyMaster(  586): Disable the enhanced crypto!
05-27 14:22:43.882 I/HisiKeyMaster(  586): out_params_buffer_len = 4096
05-27 14:22:43.882 I/HisiKeyMaster(  586): HisiKmBegin success
05-27 14:22:43.882 D/keymaster_worker( 1048): Keystore begin hidl end
05-27 14:22:43.883 D/keymaster_worker( 1048): Keystore begin end
05-27 14:22:43.884 D/keymaster_worker( 1048): Keystore update
05-27 14:22:43.884 D/keymaster_worker( 1048): Keystore update hidl
05-27 14:22:43.884 I/HisiKeyMaster(  586): HisiKmUpdate start
05-27 14:22:43.884 I/HisiKeyMaster(  586): Disable the enhanced crypto!
05-27 14:22:43.887 I/HisiKeyMaster(  586): HisiKmUpdate success
05-27 14:22:43.887 D/keymaster_worker( 1048): Keystore update hidl end
05-27 14:22:43.887 D/keymaster_worker( 1048): Keystore update end
05-27 14:22:43.888 D/keymaster_worker( 1048): Keystore finish
05-27 14:22:43.888 D/keymaster_worker( 1048): Keystore finish hidl
05-27 14:22:43.888 I/HisiKeyMaster(  586): HisiKmFinish start
05-27 14:22:43.888 I/HisiKeyMaster(  586): Disable the enhanced crypto!
05-27 14:22:43.891 I/HisiKeyMaster(  586): output data size=0
05-27 14:22:43.891 I/HisiKeyMaster(  586): HisiKmFinish success
05-27 14:22:43.891 D/keymaster_worker( 1048): Keystore finish hidl end
05-27 14:22:43.891 D/keymaster_worker( 1048): Keystore finish end
05-27 14:22:43.953 I/netd    (  670): trafficSwapActiveStatsMap() <18.75ms>
05-27 14:22:44.125 W/migration/7(   53): type=1400 audit(0.0:84058): avc: granted { setsched } for pid=53 scontext=u:r:kernel:s0 tcontext=u:r:kernel:s0 tclass=process
05-27 14:22:44.125 W/migration/6(   47): type=1400 audit(0.0:84059): avc: granted { setsched } for pid=47 scontext=u:r:kernel:s0 tcontext=u:r:kernel:s0 tclass=process
05-27 14:22:45.857 W/migration/6(   47): type=1400 audit(0.0:84060): avc: granted { setsched } for pid=47 scontext=u:r:kernel:s0 tcontext=u:r:kernel:s0 tclass=process
05-27 14:22:45.857 W/migration/7(   53): type=1400 audit(0.0:84061): avc: granted { setsched } for pid=53 scontext=u:r:kernel:s0 tcontext=u:r:kernel:s0 tclass=process
05-27 14:22:45.942 D/skia    (20189): HME hme_jpeg_dec version=JPEG_DEC_16.12.1, releasetime=12:06:23 May 10 2021
05-27 14:22:45.942 D/skia    (20189): HME SkHmeDecFunction1 constructor ok
05-27 14:22:45.942 D/HiTraceC(20189): entered HiTraceInit, Log Registered: 1
05-27 14:22:45.943 D/AndroidRuntime(20189): >>>>>> START com.android.internal.os.RuntimeInit uid 2000 <<<<<<
05-27 14:22:45.949 W/app_process(20189): type=1400 audit(0.0:84062): avc: denied { read } for pid=20189 name="u:object_r:device_config_runtime_native_boot_prop:s0" dev="tmpfs" ino=17567 scontext=u:r:shell:s0 tcontext=u:object_r:device_config_runtime_native_boot_prop:s0 tclass=file permissive=0
05-27 14:22:45.949 I/chatty  (20189): uid=2000(shell) app_process identical 1 line
05-27 14:22:45.949 W/app_process(20189): type=1400 audit(0.0:84064): avc: denied { read } for pid=20189 name="u:object_r:device_config_runtime_native_boot_prop:s0" dev="tmpfs" ino=17567 scontext=u:r:shell:s0 tcontext=u:object_r:device_config_runtime_native_boot_prop:s0 tclass=file permissive=0
05-27 14:22:45.954 I/app_process(20189): HwDexFileLoaderInit mt_dexfile_loader_fn_ hw_mc.art.mt_dex_loader=1
05-27 14:22:45.954 I/app_process(20189): HwDexFileLoaderInit mt_dexfile_loader_fn_ g_numThreads=4
05-27 14:22:45.954 W/app_process(20189): [MemLeak.JavaTrack]: failed to dlopen libmemleak_tracker.so
05-27 14:22:45.955 E/libc    (20189): Access denied finding property "persist.device_config.runtime_native_boot.enable_apex_image"
05-27 14:22:45.955 I/AndroidRuntime(20189): Using default boot image
05-27 14:22:45.955 E/libc    (20189): Access denied finding property "persist.device_config.runtime_native_boot.disable_lock_profiling"
05-27 14:22:45.955 I/AndroidRuntime(20189): Leaving lock profiling enabled
05-27 14:22:45.955 E/libc    (20189): Access denied finding property "persist.device_config.runtime_native_boot.enable_generational_cc"
05-27 14:22:45.958 I/        (20189): HwCustType is 0
05-27 14:22:45.958 E/        (20189): open file error
05-27 14:22:45.958 I/        (20189): no cota live update cust policy found
05-27 14:22:45.958 I/        (20189): GetCfgDirRealPolicyValue: custPolicyDirs: /system/emui/base:/system/emui/china:/vendor/etc:/odm/cust/all/cn:/odm/etc:/odm/hw_odm/ELE-AL00:/hw_product/etc:/hw_product/region_comm/china:/preas/china:/hw_product/hw_oem/ELE-AL00:/preload/ELE-AL00/all/cn:/cust/global:/cust/hw/cn:/version/cust/all/cn:/hw_product/special_cust/ELE-AL00/all/cn:/version/special_cust/ELE-AL00/all/cn:/cust/cotalite:/cust/ecota
05-27 14:22:46.027 W/app_process(20189): DexFile /system/emui/base/jar/Mdm/hw_mdm_framework.jar is in boot class path but is not in a known location
05-27 14:22:46.055 D/ICU     (20189): Time zone APEX file found: /apex/com.android.tzdata/etc/icu/icu_tzdata.dat
05-27 14:22:46.061 W/main    (20191): type=1400 audit(0.0:84065): avc: denied { execute } for pid=20191 name="dex2oat" dev="loop7" ino=21 scontext=u:r:shell:s0 tcontext=u:object_r:dex2oat_exec:s0 tclass=file permissive=0
05-27 14:22:46.086 W/app_process(20189): Failed execv(/system/bin/dex2oat --instruction-set=arm64 --instruction-set-features=runtime --runtime-arg -Xrelocate --boot-image=/system/framework/boot.art --runtime-arg -Xms64m --runtime-arg -Xmx512m -j4 --instruction-set-variant=generic --instruction-set-features=default --generate-mini-debug-info --dex-file=/data/local/tmp/scrcpy-server.jar --output-vdex-fd=9 --oat-fd=10 --oat-location=/data/local/tmp/oat/arm64/scrcpy-server.odex --compiler-filter=verify --class-loader-context=PCL[] --compilation-reason=dynamic-load) because non-0 exit status
05-27 14:22:46.088 I/app_process(20189): Reinit property: dalvik.vm.checkjni= false
05-27 14:22:46.088 I/app_process(20189): ReInitProperties: persist.vm.debug.dumpapi= false
05-27 14:22:46.091 W/app_process(20189): Qarth read proc_cmdline fail.
05-27 14:22:46.091 I/app_process(20189): Qarth function Enabled: 1
05-27 14:22:46.093 I/HwPartBasicPlatformFactory(20189): add android.common.HwPartBasicPlatformFactoryImpl to memory.
05-27 14:22:46.099 I/HWSERVICES(20189): hwnative_get_component_register:libdrmbitmap,JNI
05-27 14:22:46.101 W/main    (20189): type=1400 audit(0.0:84066): avc: denied { read } for pid=20189 name="u:object_r:huawei_audio_public_read_prop:s0" dev="tmpfs" ino=17637 scontext=u:r:shell:s0 tcontext=u:object_r:huawei_audio_public_read_prop:s0 tclass=file permissive=0
05-27 14:22:46.105 V/HwFrameworkFactory(20189): successes to get AllImpl object and return....
05-27 14:22:46.105 E/Zygote  (20189): register_com_android_internal_os_Zygote num = 0
05-27 14:22:46.105 I/        (20189): power log dlsym ok
05-27 14:22:46.107 E/libc    (20189): Access denied finding property "ro.config.vol_steps"
05-27 14:22:46.107 W/app_process(20189): JNI RegisterNativeMethods: attempt to register 0 native methods for android.media.AudioAttributes
05-27 14:22:46.116 D/AndroidRuntime(20189): Calling main entry com.genymobile.scrcpy.Server
05-27 14:22:46.117 W/main    (20189): type=1400 audit(0.0:84067): avc: denied { read } for pid=20189 name="u:object_r:mygote_prop:s0" dev="tmpfs" ino=17698 scontext=u:r:shell:s0 tcontext=u:object_r:mygote_prop:s0 tclass=file permissive=0
05-27 14:22:46.117 W/main    (20189): type=1400 audit(0.0:84068): avc: denied { read } for pid=20189 name="u:object_r:curved_side_prop:s0" dev="tmpfs" ino=17554 scontext=u:r:shell:s0 tcontext=u:object_r:curved_side_prop:s0 tclass=file permissive=0
05-27 14:22:46.119 I/scrcpy  (20189): Device: HUAWEI ELE-AL00 (Android 10)
05-27 14:22:46.122 E/libc    (20189): Access denied finding property "persist.mygote.disable"
05-27 14:22:46.123 E/libc    (20189): Access denied finding property "ro.config.hw_curved_side_disp"
05-27 14:22:46.136 I/chatty  ( 2007): uid=1000(system) InputReader expire 7 lines
05-27 14:22:46.150 W/scrcpy  (20189): Audio disabled: it is not supported before Android 11
05-27 14:22:46.154 I/HWSERVICES(20189): hwnative_get_component_register:libmedia_jni,JNI
05-27 14:22:46.155 I/app_process(20189): Thread[1,tid=20189,Native,Thread*=0x6f7a210800,peer=0x12c029d8,"main"] recursive attempt to load library "libmedia_jni.so"
05-27 14:22:46.155 I/app_process(20189): Thread[1,tid=20189,Native,Thread*=0x6f7a210800,peer=0x12c029d8,"main"] recursive attempt to load library "libmedia_jni.so"
05-27 14:22:46.155 E/HwMediadrmExJNI(20189): start register_android_media_MediaDrmEx.
05-27 14:22:46.155 I/app_process(20189): Thread[1,tid=20189,Native,Thread*=0x6f7a210800,peer=0x12c029d8,"main"] recursive attempt to load library "libmedia_jni.so"
05-27 14:22:46.156 D/MtpDeviceJNI(20189): register_android_mtp_MtpDevice
05-27 14:22:46.156 I/app_process(20189): Thread[1,tid=20189,Native,Thread*=0x6f7a210800,peer=0x12c029d8,"main"] recursive attempt to load library "libmedia_jni.so"
05-27 14:22:46.157 E/libc    (20189): Access denied finding property "ro.kirin.product.platform"
05-27 14:22:46.157 W/HwExtendedCodec(20189): The mime is not in hisi extended mime.
05-27 14:22:46.160 I/OMXClient(20189): IOmx service obtained
05-27 14:22:46.160 I/OMXMaster( 1059): makeComponentInstance(OMX.hisi.video.encoder.avc) in android.hardwar process
05-27 14:22:46.160 I/VIDEO   ( 1059): VIDEO-[ComponentEncInit]:[68]open encoder library
05-27 14:22:46.161 I/dubaid  ( 1043): [EpsDisplay.cpp] HandleVideoDecodeInfo# eps display video info HandleHardDecodeChange codec not clear!
05-27 14:22:46.168 I/VENC    ( 1059): [ComponentInit]:[8588] Init OMX component OMX.hisi.video.encoder.avc , isProtected: 0
05-27 14:22:46.169 I/VENC    ( 1059): [ComponentInit]:[8625] [OMXThreadState] create event thread success.
05-27 14:22:46.169 I/VENC    ( 1059): [EventThread]:[3754] [OMXThreadState] enter event thread.
05-27 14:22:46.179 I/VENC    ( 1059): [InitWorkMode]:[3927] venc work in async mode
05-27 14:22:46.182 I/VENC    ( 1059): [VencDrvEflOpenVedu]:[3984] create encode thread success
05-27 14:22:46.182 I/VENC    ( 1059): [VencDrvEflOpenVedu]:[3993] create encode done thread success
05-27 14:22:46.182 I/VENC    ( 1059): [VencOpenUsrImpl]:[139] open success, open count is 1
05-27 14:22:46.182 I/VENC    ( 1059): [HiOpen]:[82] open driver success, fd is 3
05-27 14:22:46.182 I/VENC    ( 1059): [InitIon]:[83] InitIon, successs
05-27 14:22:46.182 I/VENC    ( 1059): [CreateRecordEvent]:[169] CreateRecordEvent success
05-27 14:22:46.182 I/VENC    ( 1059): [ComponentInit]:[8684] [ComponentInit] venc Omx Component initiated
05-27 14:22:46.183 I/ACodec  (20189): In onAllocateComponent create compenent, codec name: OMX.hisi.video.encoder.avc
05-27 14:22:46.185 E/libc    (20189): Access denied finding property "ro.config.hw_curved_side_disp"
05-27 14:22:46.186 I/SurfaceFlinger(  751): createDisplay: name:scrcpy secure:1 uid:2000 pid:20189
05-27 14:22:46.187 W/VENC    ( 1059): [SetEnableNativeBuffers]:[5796] setParameter: Bad port index 0, enable 0
05-27 14:22:46.187 E/OMXNodeInstance( 1059): setParameter(0xf3ca9020:hisi.encoder.avc, OMX.google.android.index.enableAndroidNativeBuffers(0x7f000002): Input:0 en=0) ERROR: BadPortIndex(0x8000101b)
05-27 14:22:46.187 I/VENC    ( 1059): [SetParameter]:[6033] SetParameter:OMX_GoogleIndexAllocateNativeHandle
05-27 14:22:46.187 E/OMXNodeInstance( 1059): setParameter(0xf3ca9020:hisi.encoder.avc, OMX.google.android.index.allocateNativeHandle(0x7f000008): Input:0 en=0) ERROR: BadPortIndex(0x8000101b)
05-27 14:22:46.187 W/VENC    ( 1059): [GetExtensionIndex]:[7922] OMX.google.android.index.storeANWBufferInMetadata not implemented
05-27 14:22:46.188 I/VENC    ( 1059): [SetParameter]:[6033] SetParameter:OMX_GoogleIndexAllocateNativeHandle
05-27 14:22:46.188 E/OMXNodeInstance( 1059): setParameter(0xf3ca9020:hisi.encoder.avc, OMX.google.android.index.allocateNativeHandle(0x7f000008): Output:1 en=0) ERROR: UnsupportedSetting(0x80001019)
05-27 14:22:46.188 W/VENC    ( 1059): [GetExtensionIndex]:[7922] OMX.google.android.index.storeANWBufferInMetadata not implemented
05-27 14:22:46.188 W/VENC    ( 1059): [GetExtensionIndex]:[7922] OMX.google.android.index.storeANWBufferInMetadata not implemented
05-27 14:22:46.188 W/VENC    ( 1059): [GetExtensionIndex]:[7922] OMX.google.android.index.prepareForAdaptivePlayback not implemented
05-27 14:22:46.188 W/VENC    ( 1059): [GetExtensionIndex]:[7922] OMX.google.android.index.configureVideoTunnelMode not implemented
05-27 14:22:46.188 W/VENC    ( 1059): [GetExtensionIndex]:[7922] OMX.google.android.index.getAndroidNativeBufferUsage not implemented
05-27 14:22:46.188 I/VENC    ( 1059): [SetSceneModeforOpt]:[5595] Process is not on the whitelist, process name: app_process
05-27 14:22:46.188 W/OMXUtils(20189): do not know color format 0x7f000789 = 2130708361
05-27 14:22:46.189 I/VENC    ( 1059): [GetParamVideoAvc]:[4414] VencProfile:3
05-27 14:22:46.189 I/ACodec  (20189): setupAVCEncoderParameters with [profile: Baseline] [level: Level3]
05-27 14:22:46.189 I/VENC    ( 1059): [SetColorAspects]:[7805] mRange:0, mPrimaries:2, mTransfer:2, mMatrixCoeffs:2, wideToNarrowEn:0
05-27 14:22:46.189 I/VENC    ( 1059): [GetColorAspects]:[6682] mRange:0, mPrimaries:0, mTransfer:0, mMatrixCoeffs:0
05-27 14:22:46.190 I/ACodec  (20189): [OMX.hisi.video.encoder.avc] got color aspects (R:0(Unspecified), P:0(Unspecified), M:0(Unspecified), T:0(Unspecified)) err=0(NO_ERROR)
05-27 14:22:46.190 W/VENC    ( 1059): [GetExtensionIndex]:[7922] OMX.google.android.index.describeHDRStaticInfo not implemented
05-27 14:22:46.190 I/ACodec  (20189): [OMX.hisi.video.encoder.avc] cannot encode HDR static metadata. Ignoring.
05-27 14:22:46.190 I/ACodec  (20189): setupVideoEncoder succeeded
05-27 14:22:46.190 W/OMXUtils(20189): do not know color format 0x7f000789 = 2130708361
05-27 14:22:46.190 I/VENC    ( 1059): [GetColorAspects]:[6682] mRange:0, mPrimaries:0, mTransfer:0, mMatrixCoeffs:0
05-27 14:22:46.190 I/ACodec  (20189): [OMX.hisi.video.encoder.avc] got color aspects (R:0(Unspecified), P:0(Unspecified), M:0(Unspecified), T:0(Unspecified)) err=0(NO_ERROR)
05-27 14:22:46.190 W/VENC    ( 1059): [GetConfig]:[6742] GetConfig, unknown index 0x6f800005
05-27 14:22:46.190 E/OMXNodeInstance( 1059): getConfig(0xf3ca9020:hisi.encoder.avc, ConfigLatency(0x6f800005)) ERROR: BadParameter(0x80001005)
05-27 14:22:46.190 W/VENC    ( 1059): [GetConfig]:[6742] GetConfig, unknown index 0x6f60000a
05-27 14:22:46.191 E/OMXNodeInstance( 1059): getConfig(0xf3ca9020:hisi.encoder.avc, ConfigAndroidIntraRefresh(0x6f60000a)) ERROR: BadParameter(0x80001005)
05-27 14:22:46.191 W/VENC    ( 1059): [GetParameter]:[4665] GetParameter, unknown param 06000006
05-27 14:22:46.191 E/OMXNodeInstance( 1059): getParameter(0xf3ca9020:hisi.encoder.avc, ParamVideoIntraRefresh(0x6000006)) ERROR: UnsupportedIndex(0x8000101a)
05-27 14:22:46.191 I/VENC    ( 1059): [SetColorAspects]:[7805] mRange:2, mPrimaries:1, mTransfer:1, mMatrixCoeffs:1, wideToNarrowEn:1
05-27 14:22:46.192 I/VENC    ( 1059): [GetColorAspects]:[6682] mRange:2, mPrimaries:1, mTransfer:3, mMatrixCoeffs:1
05-27 14:22:46.192 I/ACodec  (20189): [OMX.hisi.video.encoder.avc] got color aspects (R:2(Limited), P:1(BT709_5), M:1(BT709_5), T:3(SMPTE170M)) err=0(NO_ERROR)
05-27 14:22:46.192 I/VENC    ( 1059): [GetColorAspects]:[6682] mRange:2, mPrimaries:1, mTransfer:3, mMatrixCoeffs:1
05-27 14:22:46.192 I/ACodec  (20189): [OMX.hisi.video.encoder.avc] got color aspects (R:2(Limited), P:1(BT709_5), M:1(BT709_5), T:3(SMPTE170M)) err=0(NO_ERROR)
05-27 14:22:46.192 I/ACodec  (20189): [OMX.hisi.video.encoder.avc] using color aspects (R:2(Limited), P:1(BT709_5), M:1(BT709_5), T:3(SMPTE170M)) and dataspace 0x104
05-27 14:22:46.192 I/VENC    ( 1059): [GetColorAspects]:[6682] mRange:2, mPrimaries:1, mTransfer:3, mMatrixCoeffs:1
05-27 14:22:46.192 I/ACodec  (20189): [OMX.hisi.video.encoder.avc] got color aspects (R:2(Limited), P:1(BT709_5), M:1(BT709_5), T:3(SMPTE170M)) err=0(NO_ERROR)
05-27 14:22:46.192 W/VENC    ( 1059): [GetExtensionIndex]:[7922] OMX.google.android.index.storeANWBufferInMetadata not implemented
05-27 14:22:46.192 W/VENC    ( 1059): [GetParameter]:[4665] GetParameter, unknown param 6f800004
05-27 14:22:46.192 E/OMXNodeInstance( 1059): getParameter(0xf3ca9020:hisi.encoder.avc, ParamConsumerUsageBits(0x6f800004)) ERROR: UnsupportedIndex(0x8000101a)
05-27 14:22:46.192 D/GraphicBufferSource( 1059): setting dataspace: 0x104, acquired=0
05-27 14:22:46.192 W/VENC    ( 1059): [GetParameter]:[4665] GetParameter, unknown param 6f800004
05-27 14:22:46.192 E/OMXNodeInstance( 1059): getParameter(0xf3ca9020:hisi.encoder.avc, ParamConsumerUsageBits(0x6f800004)) ERROR: UnsupportedIndex(0x8000101a)
05-27 14:22:46.192 D/GraphicBufferSource( 1059): requesting color aspects (R:2(Limited), P:1(BT709_5), M:1(BT709_5), T:3(SMPTE170M))
05-27 14:22:46.194 I/SurfaceControl(20189): setDisplayProjection orientation 0 layerStackRect Rect(0, 0 - 1080, 2340) displayRect Rect(0, 0 - 888, 1920)
05-27 14:22:46.194 I/SurfaceComposerClient(20189): apply setProjection orientation 0
05-27 14:22:46.194 D/RenderService(20189): RCS is disable
05-27 14:22:46.196 I/SurfaceFlinger(  751): setDisplayStateLocked: surface changed
05-27 14:22:46.210 I/SurfaceFlinger(  751): processDisplayChangesLocked:3442 the current display is different from the drawing dispaly.
05-27 14:22:46.210 I/SurfaceFlinger(  751): [scrcpy] constructing VDS... client pid: 1059
05-27 14:22:46.211 D/CompositionEngine(  751): setAGPRenderEnable isAGPRenderEnable:1
05-27 14:22:46.211 I/DisplayDevice(  751): isPcCastingMode = false
05-27 14:22:46.211 I/ACodec  (20189): onStart
05-27 14:22:46.211 I/VENC    ( 1059): [PrintVencChanInfo]:[997] pstAttr.width:888
05-27 14:22:46.211 I/VENC    ( 1059): [PrintVencChanInfo]:[998] pstAttr.height:1920
05-27 14:22:46.211 I/VENC    ( 1059): [PrintVencChanInfo]:[999] pstAttr.inputFrameRate:60
05-27 14:22:46.211 I/VENC    ( 1059): [PrintVencChanInfo]:[1000] pstAttr.captureFps:0
05-27 14:22:46.211 I/VENC    ( 1059): [PrintVencChanInfo]:[1001] pstAttr.gop:600
05-27 14:22:46.211 I/VENC    ( 1059): [PrintVencChanInfo]:[1002] pstAttr.targetBitRate:8000
05-27 14:22:46.211 I/VENC    ( 1059): [PrintVencChanInfo]:[1003] pstAttr.targetFrameRate:60
05-27 14:22:46.211 I/VENC    ( 1059): [PrintVencChanInfo]:[1019] SceneMode:THIRDAPP, RateCtlMod:VBR
05-27 14:22:46.212 I/VENC    ( 1059): [VencDrvEflCreateVenc]:[2017] init h264
05-27 14:22:46.212 I/VENC    ( 1059): [VencDrvInitLongTermRefFrameNum]:[484] maxLTRNum 0, setLTRNum = 0,  longTermRefPicPresentFlag = 0
05-27 14:22:46.212 I/VENC    ( 1059): [GetBufTotalSize]:[1550] the total buffer size is 14123008
05-27 14:22:46.212 I/VENC    ( 1059): [AllocMmuMem]:[207] mmuMem->isMmuUsed:1, buffer_size:14123008 , isProtected:0
05-27 14:22:46.213 I/VENC    ( 1059): [IncreaseLoads]:[433] increase loads
05-27 14:22:46.213 I/VENC    ( 1059): [UpdatePowerMode]:[349] set power mode: core num is 1, power level is 0, need update is 1
05-27 14:22:46.213 I/VENC    ( 1059): [VencDrvEflCreateVenc]:[2185] create, sec venc 0, normal venc 1
05-27 14:22:46.213 I/VENC    ( 1059): [RcAttrInit]:[2965] enableLowBitrate: 0
05-27 14:22:46.213 I/VENC    ( 1059): [VencSetMaxMinQP]:[2396] rcMaxQP:43, rcMinQP:12
05-27 14:22:46.213 I/VENC    ( 1059): [PrintRcAttr]:[2916] SceneMode:THIRDAPP, RateCtlMod:ABR
05-27 14:22:46.213 I/VENC    ( 1059): [PrintRcAttr]:[2919] ImgWidth:888, ImgHeight:1920, uBpp:8
05-27 14:22:46.213 I/VENC    ( 1059): [PrintRcAttr]:[2920] iFrameRate:60, Gop:600, iBitRate:8800000
05-27 14:22:46.213 I/VENC    ( 1059): [VencDrvEflVencAttrInit]:[961] VencDrvEflVencAttrInit, gopMode = 0, setLTRFrameNum = 0
05-27 14:22:46.213 I/VENC    ( 1059): [VENC_DRV_CreateChn]:[1105] VENC_DRV_CreateChn,Create Channel Success
05-27 14:22:46.213 I/VENC    ( 1059): [HandleStateLoaded]:[2955] Loaded-->Idle-Pending
05-27 14:22:46.231 I/VENC    ( 1059): [AllocMmuMem]:[207] mmuMem->isMmuUsed:1, buffer_size:2557440 , isProtected:0
05-27 14:22:46.234 I/chatty  ( 1059): uid=1046(mediacodec) HwBinder:1059_C identical 3 lines
05-27 14:22:46.234 I/VENC    ( 1059): [AllocMmuMem]:[207] mmuMem->isMmuUsed:1, buffer_size:2557440 , isProtected:0
05-27 14:22:46.235 I/VENC    ( 1059): [HandleStateIdle]:[2996] idle-->Executing-Pending
05-27 14:22:46.235 I/VENC    ( 1059): [HandleStateIdle]:[3012] [OMXThreadState] message thread create ok
05-27 14:22:46.236 D/GraphicBufferSource( 1059): got buffer with new dataSpace #104
05-27 14:22:46.236 I/VENC    ( 1059): [PrintColorFormat]:[599] storeType:RGB, sampleType:YUV_420, packageSel:A_B_G_R, hfbcFlag:0, 10BitFlag:0
05-27 14:22:46.236 I/VENC    ( 1059): [GetColorAspects]:[6682] mRange:2, mPrimaries:1, mTransfer:3, mMatrixCoeffs:1
05-27 14:22:46.236 I/VENC    ( 1059): [MessageThread]:[2823] [OMXThreadState] enter message thread.
05-27 14:22:46.236 D/OMXNodeInstance( 1059): Codec resolved it to (R:2(??), P:1(??), M:1(??), T:3(??)) err=0(NO_ERROR)
05-27 14:22:46.236 I/VENC    ( 1059): [SetColorAspects]:[7805] mRange:2, mPrimaries:1, mTransfer:1, mMatrixCoeffs:1, wideToNarrowEn:1
05-27 14:22:46.236 I/VENC    ( 1059): [GetColorAspects]:[6682] mRange:2, mPrimaries:1, mTransfer:3, mMatrixCoeffs:1
05-27 14:22:46.236 D/ACodec  (20189): dataspace changed to 0x10c10000 (R:2(Limited), P:1(BT709_5), M:1(BT709_5), T:3(SMPTE170M)) (R:2(Limited), S:1(BT709), T:3(SMPTE_170M))
05-27 14:22:46.270 D/skia    (20204): HME hme_jpeg_dec version=JPEG_DEC_16.12.1, releasetime=12:06:23 May 10 2021
05-27 14:22:46.270 D/skia    (20204): HME SkHmeDecFunction1 constructor ok
05-27 14:22:46.270 D/HiTraceC(20204): entered HiTraceInit, Log Registered: 1
05-27 14:22:46.271 D/AndroidRuntime(20204): >>>>>> START com.android.internal.os.RuntimeInit uid 2000 <<<<<<
05-27 14:22:46.273 I/app_process(20204): HwDexFileLoaderInit mt_dexfile_loader_fn_ hw_mc.art.mt_dex_loader=1
05-27 14:22:46.273 I/app_process(20204): HwDexFileLoaderInit mt_dexfile_loader_fn_ g_numThreads=4
05-27 14:22:46.274 W/app_process(20204): [MemLeak.JavaTrack]: failed to dlopen libmemleak_tracker.so
05-27 14:22:46.274 E/libc    (20204): Access denied finding property "persist.device_config.runtime_native_boot.enable_apex_image"
05-27 14:22:46.274 I/AndroidRuntime(20204): Using default boot image
05-27 14:22:46.274 E/libc    (20204): Access denied finding property "persist.device_config.runtime_native_boot.disable_lock_profiling"
05-27 14:22:46.274 I/AndroidRuntime(20204): Leaving lock profiling enabled
05-27 14:22:46.274 E/libc    (20204): Access denied finding property "persist.device_config.runtime_native_boot.enable_generational_cc"
05-27 14:22:46.275 I/        (20204): HwCustType is 0
05-27 14:22:46.275 E/        (20204): open file error
05-27 14:22:46.275 I/        (20204): no cota live update cust policy found
05-27 14:22:46.275 I/        (20204): GetCfgDirRealPolicyValue: custPolicyDirs: /system/emui/base:/system/emui/china:/vendor/etc:/odm/cust/all/cn:/odm/etc:/odm/hw_odm/ELE-AL00:/hw_product/etc:/hw_product/region_comm/china:/preas/china:/hw_product/hw_oem/ELE-AL00:/preload/ELE-AL00/all/cn:/cust/global:/cust/hw/cn:/version/cust/all/cn:/hw_product/special_cust/ELE-AL00/all/cn:/version/special_cust/ELE-AL00/all/cn:/cust/cotalite:/cust/ecota
05-27 14:22:46.330 W/app_process(20204): DexFile /system/emui/base/jar/Mdm/hw_mdm_framework.jar is in boot class path but is not in a known location
05-27 14:22:46.349 D/ICU     (20204): Time zone APEX file found: /apex/com.android.tzdata/etc/icu/icu_tzdata.dat
05-27 14:22:46.363 W/app_process(20204): Failed execv(/system/bin/dex2oat --instruction-set=arm64 --instruction-set-features=runtime --runtime-arg -Xrelocate --boot-image=/system/framework/boot.art --runtime-arg -Xms64m --runtime-arg -Xmx512m -j4 --instruction-set-variant=generic --instruction-set-features=default --generate-mini-debug-info --dex-file=/data/local/tmp/scrcpy-server.jar --output-vdex-fd=9 --oat-fd=10 --oat-location=/data/local/tmp/oat/arm64/scrcpy-server.odex --compiler-filter=verify --class-loader-context=PCL[] --compilation-reason=dynamic-load) because non-0 exit status
05-27 14:22:46.365 I/app_process(20204): Reinit property: dalvik.vm.checkjni= false
05-27 14:22:46.365 I/app_process(20204): ReInitProperties: persist.vm.debug.dumpapi= false
05-27 14:22:46.366 W/app_process(20204): Qarth read proc_cmdline fail.
