05-27 10:40:32.276 W/PackageParser( 7398): Ignoring duplicate uses-permissions/uses-permissions-sdk-m: android.permission.ACCESS_WIFI_STATE in package: com.huatu.hlpy at: Binary XML file line #-1
05-27 10:40:32.276 W/PackageParser( 7398): Ignoring duplicate uses-permissions/uses-permissions-sdk-m: android.permission.ACCESS_NETWORK_STATE in package: com.huatu.hlpy at: Binary XML file line #-1
05-27 10:40:32.276 W/PackageParser( 7398): Ignoring duplicate uses-permissions/uses-permissions-sdk-m: android.permission.CHANGE_NETWORK_STATE in package: com.huatu.hlpy at: Binary XML file line #-1
05-27 10:40:32.286 W/PackageParser( 7398): No actions in intent filter at /storage/emulated/0/Download/Browser/951c8df2775ce8a2c57e12b322dd752d.apk Binary XML file line #-1
05-27 10:40:32.323 W/PackageParser( 7398): Ignoring duplicate uses-permissions/uses-permissions-sdk-m: android.permission.ACCESS_NETWORK_STATE in package: com.huatu.hlpy at: Binary XML file line #28
05-27 10:40:32.323 W/PackageParser( 7398): Ignoring duplicate uses-permissions/uses-permissions-sdk-m: android.permission.ACCESS_NETWORK_STATE in package: com.huatu.hlpy at: Binary XML file line #32
05-27 10:40:32.323 W/PackageParser( 7398): Ignoring duplicate uses-permissions/uses-permissions-sdk-m: android.permission.ACCESS_WIFI_STATE in package: com.huatu.hlpy at: Binary XML file line #33
05-27 10:40:32.323 W/PackageParser( 7398): Ignoring duplicate uses-permissions/uses-permissions-sdk-m: android.permission.ACCESS_NETWORK_STATE in package: com.huatu.hlpy at: Binary XML file line #41
05-27 10:40:32.323 W/PackageParser( 7398): Ignoring duplicate uses-permissions/uses-permissions-sdk-m: android.permission.ACCESS_WIFI_STATE in package: com.huatu.hlpy at: Binary XML file line #42
05-27 10:40:32.323 W/PackageParser( 7398): Ignoring duplicate uses-permissions/uses-permissions-sdk-m: android.permission.SYSTEM_ALERT_WINDOW in package: com.huatu.hlpy at: Binary XML file line #45
05-27 10:40:32.323 W/PackageParser( 7398): Ignoring duplicate uses-permissions/uses-permissions-sdk-m: android.permission.ACCESS_WIFI_STATE in package: com.huatu.hlpy at: Binary XML file line #46
05-27 10:40:32.323 W/PackageParser( 7398): Ignoring duplicate uses-permissions/uses-permissions-sdk-m: android.permission.ACCESS_NETWORK_STATE in package: com.huatu.hlpy at: Binary XML file line #47
05-27 10:40:32.323 W/PackageParser( 7398): Ignoring duplicate uses-permissions/uses-permissions-sdk-m: android.permission.CHANGE_NETWORK_STATE in package: com.huatu.hlpy at: Binary XML file line #48
05-27 10:40:32.334 W/PackageParser( 7398): No actions in intent filter at /storage/emulated/0/Download/Browser/红领培优_1.2.0.apk Binary XML file line #1430
05-27 10:40:32.370 W/PackageParser( 7398): Ignoring duplicate uses-permissions/uses-permissions-sdk-m: android.permission.ACCESS_NETWORK_STATE in package: com.huatu.hlpy at: Binary XML file line #28
05-27 10:40:32.370 W/PackageParser( 7398): Ignoring duplicate uses-permissions/uses-permissions-sdk-m: android.permission.ACCESS_NETWORK_STATE in package: com.huatu.hlpy at: Binary XML file line #32
05-27 10:40:32.370 W/PackageParser( 7398): Ignoring duplicate uses-permissions/uses-permissions-sdk-m: android.permission.ACCESS_WIFI_STATE in package: com.huatu.hlpy at: Binary XML file line #33
05-27 10:40:32.371 W/PackageParser( 7398): Ignoring duplicate uses-permissions/uses-permissions-sdk-m: android.permission.ACCESS_NETWORK_STATE in package: com.huatu.hlpy at: Binary XML file line #41
05-27 10:40:32.371 W/PackageParser( 7398): Ignoring duplicate uses-permissions/uses-permissions-sdk-m: android.permission.ACCESS_WIFI_STATE in package: com.huatu.hlpy at: Binary XML file line #42
05-27 10:40:32.371 W/PackageParser( 7398): Ignoring duplicate uses-permissions/uses-permissions-sdk-m: android.permission.SYSTEM_ALERT_WINDOW in package: com.huatu.hlpy at: Binary XML file line #45
05-27 10:40:32.371 W/PackageParser( 7398): Ignoring duplicate uses-permissions/uses-permissions-sdk-m: android.permission.ACCESS_WIFI_STATE in package: com.huatu.hlpy at: Binary XML file line #46
05-27 10:40:32.371 W/PackageParser( 7398): Ignoring duplicate uses-permissions/uses-permissions-sdk-m: android.permission.ACCESS_NETWORK_STATE in package: com.huatu.hlpy at: Binary XML file line #47
05-27 10:40:32.371 W/PackageParser( 7398): Ignoring duplicate uses-permissions/uses-permissions-sdk-m: android.permission.CHANGE_NETWORK_STATE in package: com.huatu.hlpy at: Binary XML file line #48
05-27 10:40:32.381 W/PackageParser( 7398): No actions in intent filter at /storage/emulated/0/Download/Browser/红领培优_1.0.9 (7).apk Binary XML file line #1400
05-27 10:40:32.413 W/PackageParser( 7398): Ignoring duplicate uses-permissions/uses-permissions-sdk-m: android.permission.ACCESS_NETWORK_STATE in package: com.huatu.hlpy at: Binary XML file line #28
05-27 10:40:32.413 W/PackageParser( 7398): Ignoring duplicate uses-permissions/uses-permissions-sdk-m: android.permission.ACCESS_NETWORK_STATE in package: com.huatu.hlpy at: Binary XML file line #32
05-27 10:40:32.413 W/PackageParser( 7398): Ignoring duplicate uses-permissions/uses-permissions-sdk-m: android.permission.ACCESS_WIFI_STATE in package: com.huatu.hlpy at: Binary XML file line #33
05-27 10:40:32.413 W/PackageParser( 7398): Ignoring duplicate uses-permissions/uses-permissions-sdk-m: android.permission.ACCESS_NETWORK_STATE in package: com.huatu.hlpy at: Binary XML file line #41
05-27 10:40:32.413 W/PackageParser( 7398): Ignoring duplicate uses-permissions/uses-permissions-sdk-m: android.permission.ACCESS_WIFI_STATE in package: com.huatu.hlpy at: Binary XML file line #42
05-27 10:40:32.413 W/PackageParser( 7398): Ignoring duplicate uses-permissions/uses-permissions-sdk-m: android.permission.SYSTEM_ALERT_WINDOW in package: com.huatu.hlpy at: Binary XML file line #45
05-27 10:40:32.413 W/PackageParser( 7398): Ignoring duplicate uses-permissions/uses-permissions-sdk-m: android.permission.ACCESS_WIFI_STATE in package: com.huatu.hlpy at: Binary XML file line #46
05-27 10:40:32.413 W/PackageParser( 7398): Ignoring duplicate uses-permissions/uses-permissions-sdk-m: android.permission.ACCESS_NETWORK_STATE in package: com.huatu.hlpy at: Binary XML file line #47
05-27 10:40:32.414 W/PackageParser( 7398): Ignoring duplicate uses-permissions/uses-permissions-sdk-m: android.permission.CHANGE_NETWORK_STATE in package: com.huatu.hlpy at: Binary XML file line #48
05-27 10:40:32.427 W/PackageParser( 7398): No actions in intent filter at /storage/emulated/0/Download/Browser/红领培优_1.1.0.apk Binary XML file line #1423
05-27 10:40:32.458 W/PackageParser( 7398): Ignoring duplicate uses-permissions/uses-permissions-sdk-m: android.permission.ACCESS_NETWORK_STATE in package: com.huatu.hlpy at: Binary XML file line #-1
05-27 10:40:32.458 W/PackageParser( 7398): Ignoring duplicate uses-permissions/uses-permissions-sdk-m: android.permission.ACCESS_NETWORK_STATE in package: com.huatu.hlpy at: Binary XML file line #-1
05-27 10:40:32.458 W/PackageParser( 7398): Ignoring duplicate uses-permissions/uses-permissions-sdk-m: android.permission.ACCESS_WIFI_STATE in package: com.huatu.hlpy at: Binary XML file line #-1
05-27 10:40:32.459 W/PackageParser( 7398): Ignoring duplicate uses-permissions/uses-permissions-sdk-m: android.permission.ACCESS_NETWORK_STATE in package: com.huatu.hlpy at: Binary XML file line #-1
05-27 10:40:32.459 W/PackageParser( 7398): Ignoring duplicate uses-permissions/uses-permissions-sdk-m: android.permission.ACCESS_WIFI_STATE in package: com.huatu.hlpy at: Binary XML file line #-1
05-27 10:40:32.459 W/PackageParser( 7398): Ignoring duplicate uses-permissions/uses-permissions-sdk-m: android.permission.SYSTEM_ALERT_WINDOW in package: com.huatu.hlpy at: Binary XML file line #-1
05-27 10:40:32.459 W/PackageParser( 7398): Ignoring duplicate uses-permissions/uses-permissions-sdk-m: android.permission.ACCESS_WIFI_STATE in package: com.huatu.hlpy at: Binary XML file line #-1
05-27 10:40:32.459 W/PackageParser( 7398): Ignoring duplicate uses-permissions/uses-permissions-sdk-m: android.permission.ACCESS_NETWORK_STATE in package: com.huatu.hlpy at: Binary XML file line #-1
05-27 10:40:32.459 W/PackageParser( 7398): Ignoring duplicate uses-permissions/uses-permissions-sdk-m: android.permission.CHANGE_NETWORK_STATE in package: com.huatu.hlpy at: Binary XML file line #-1
05-27 10:40:32.471 W/PackageParser( 7398): No actions in intent filter at /storage/emulated/0/Download/Browser/红领培优_1.1.0 (1).apk Binary XML file line #-1
05-27 10:40:32.502 W/PackageParser( 7398): Unknown element under <manifest>: queries at /storage/emulated/0/Download/Browser/app组件化_1.0.0 (12).apk Binary XML file line #26
05-27 10:40:32.508 W/PackageParser( 7398): No actions in intent filter at /storage/emulated/0/Download/Browser/app组件化_1.0.0 (12).apk Binary XML file line #559
05-27 10:40:32.508 W/PackageParser( 7398): No actions in intent filter at /storage/emulated/0/Download/Browser/app组件化_1.0.0 (12).apk Binary XML file line #568
05-27 10:40:32.535 W/PackageParser( 7398): Unknown element under <manifest>: queries at /storage/emulated/0/Download/Browser/app组件化_1.0.0 (11).apk Binary XML file line #26
05-27 10:40:32.539 W/PackageParser( 7398): No actions in intent filter at /storage/emulated/0/Download/Browser/app组件化_1.0.0 (11).apk Binary XML file line #559
05-27 10:40:32.540 W/PackageParser( 7398): No actions in intent filter at /storage/emulated/0/Download/Browser/app组件化_1.0.0 (11).apk Binary XML file line #568
05-27 10:40:32.567 W/PackageParser( 7398): Unknown element under <manifest>: queries at /storage/emulated/0/Download/Browser/app组件化_1.0.0 (10).apk Binary XML file line #26
05-27 10:40:32.572 W/PackageParser( 7398): No actions in intent filter at /storage/emulated/0/Download/Browser/app组件化_1.0.0 (10).apk Binary XML file line #559
05-27 10:40:32.573 W/PackageParser( 7398): No actions in intent filter at /storage/emulated/0/Download/Browser/app组件化_1.0.0 (10).apk Binary XML file line #568
05-27 10:40:32.596 W/PackageParser( 7398): Unknown element under <manifest>: queries at /storage/emulated/0/Download/Browser/app组件化_1.0.0 (9).apk Binary XML file line #26
05-27 10:40:32.602 W/PackageParser( 7398): No actions in intent filter at /storage/emulated/0/Download/Browser/app组件化_1.0.0 (9).apk Binary XML file line #559
05-27 10:40:32.602 W/PackageParser( 7398): No actions in intent filter at /storage/emulated/0/Download/Browser/app组件化_1.0.0 (9).apk Binary XML file line #568
05-27 10:40:32.629 W/PackageParser( 7398): Unknown element under <manifest>: queries at /storage/emulated/0/Download/Browser/app组件化_1.0.0 (4).apk Binary XML file line #26
05-27 10:40:32.634 W/PackageParser( 7398): No actions in intent filter at /storage/emulated/0/Download/Browser/app组件化_1.0.0 (4).apk Binary XML file line #559
05-27 10:40:32.634 W/PackageParser( 7398): No actions in intent filter at /storage/emulated/0/Download/Browser/app组件化_1.0.0 (4).apk Binary XML file line #568
05-27 10:40:32.661 W/PackageParser( 7398): Unknown element under <manifest>: queries at /storage/emulated/0/Download/Browser/app组件化_1.0.0 (8).apk Binary XML file line #26
05-27 10:40:32.668 W/PackageParser( 7398): No actions in intent filter at /storage/emulated/0/Download/Browser/app组件化_1.0.0 (8).apk Binary XML file line #559
05-27 10:40:32.668 W/PackageParser( 7398): No actions in intent filter at /storage/emulated/0/Download/Browser/app组件化_1.0.0 (8).apk Binary XML file line #568
05-27 10:40:32.694 W/PackageParser( 7398): Unknown element under <manifest>: queries at /storage/emulated/0/Download/Browser/app组件化_1.0.0 (6).apk Binary XML file line #26
05-27 10:40:32.701 W/PackageParser( 7398): No actions in intent filter at /storage/emulated/0/Download/Browser/app组件化_1.0.0 (6).apk Binary XML file line #559
05-27 10:40:32.701 W/PackageParser( 7398): No actions in intent filter at /storage/emulated/0/Download/Browser/app组件化_1.0.0 (6).apk Binary XML file line #568
05-27 10:40:32.728 W/PackageParser( 7398): Unknown element under <manifest>: queries at /storage/emulated/0/Download/Browser/app组件化_1.0.0 (7).apk Binary XML file line #26
05-27 10:40:32.735 W/PackageParser( 7398): No actions in intent filter at /storage/emulated/0/Download/Browser/app组件化_1.0.0 (7).apk Binary XML file line #559
05-27 10:40:32.735 W/PackageParser( 7398): No actions in intent filter at /storage/emulated/0/Download/Browser/app组件化_1.0.0 (7).apk Binary XML file line #568
05-27 10:40:32.765 W/PackageParser( 7398): Unknown element under <manifest>: queries at /storage/emulated/0/Download/Browser/app组件化_1.0.0 (5).apk Binary XML file line #26
05-27 10:40:32.775 W/PackageParser( 7398): No actions in intent filter at /storage/emulated/0/Download/Browser/app组件化_1.0.0 (5).apk Binary XML file line #559
05-27 10:40:32.775 W/PackageParser( 7398): No actions in intent filter at /storage/emulated/0/Download/Browser/app组件化_1.0.0 (5).apk Binary XML file line #568
05-27 10:40:32.800 W/PackageParser( 7398): Unknown element under <manifest>: queries at /storage/emulated/0/Download/Browser/app组件化_1.0.0 (3).apk Binary XML file line #44
05-27 10:40:32.806 W/PackageParser( 7398): No actions in intent filter at /storage/emulated/0/Download/Browser/app组件化_1.0.0 (3).apk Binary XML file line #412
05-27 10:40:32.807 W/PackageParser( 7398): No actions in intent filter at /storage/emulated/0/Download/Browser/app组件化_1.0.0 (3).apk Binary XML file line #421
05-27 10:40:32.841 W/PackageParser( 7398): Unknown element under <manifest>: queries at /storage/emulated/0/Download/Browser/app组件化_1.0.0.apk Binary XML file line #44
05-27 10:40:32.849 W/PackageParser( 7398): No actions in intent filter at /storage/emulated/0/Download/Browser/app组件化_1.0.0.apk Binary XML file line #412
05-27 10:40:32.849 W/PackageParser( 7398): No actions in intent filter at /storage/emulated/0/Download/Browser/app组件化_1.0.0.apk Binary XML file line #421
05-27 10:40:32.874 W/PackageParser( 7398): Unknown element under <manifest>: queries at /storage/emulated/0/Download/Browser/app组件化_1.0.0 (1).apk Binary XML file line #44
05-27 10:40:32.877 W/PackageParser( 7398): No actions in intent filter at /storage/emulated/0/Download/Browser/app组件化_1.0.0 (1).apk Binary XML file line #412
05-27 10:40:32.877 W/PackageParser( 7398): No actions in intent filter at /storage/emulated/0/Download/Browser/app组件化_1.0.0 (1).apk Binary XML file line #421
05-27 10:40:32.898 W/PackageParser( 7398): Unknown element under <manifest>: queries at /storage/emulated/0/Download/Browser/app组件化_1.0.0 (2).apk Binary XML file line #44
05-27 10:40:32.901 W/PackageParser( 7398): No actions in intent filter at /storage/emulated/0/Download/Browser/app组件化_1.0.0 (2).apk Binary XML file line #412
05-27 10:40:32.902 W/PackageParser( 7398): No actions in intent filter at /storage/emulated/0/Download/Browser/app组件化_1.0.0 (2).apk Binary XML file line #421
05-27 10:40:32.934 W/PackageParser( 7398): Ignoring duplicate uses-permissions/uses-permissions-sdk-m: android.permission.ACCESS_NETWORK_STATE in package: com.huatu.ylpy at: Binary XML file line #28
05-27 10:40:32.935 W/PackageParser( 7398): Ignoring duplicate uses-permissions/uses-permissions-sdk-m: android.permission.ACCESS_NETWORK_STATE in package: com.huatu.ylpy at: Binary XML file line #32
05-27 10:40:32.935 W/PackageParser( 7398): Ignoring duplicate uses-permissions/uses-permissions-sdk-m: android.permission.ACCESS_WIFI_STATE in package: com.huatu.ylpy at: Binary XML file line #33
05-27 10:40:32.935 W/PackageParser( 7398): Ignoring duplicate uses-permissions/uses-permissions-sdk-m: android.permission.ACCESS_NETWORK_STATE in package: com.huatu.ylpy at: Binary XML file line #41
05-27 10:40:32.935 W/PackageParser( 7398): Ignoring duplicate uses-permissions/uses-permissions-sdk-m: android.permission.ACCESS_WIFI_STATE in package: com.huatu.ylpy at: Binary XML file line #42
05-27 10:40:32.935 W/PackageParser( 7398): Ignoring duplicate uses-permissions/uses-permissions-sdk-m: android.permission.SYSTEM_ALERT_WINDOW in package: com.huatu.ylpy at: Binary XML file line #45
05-27 10:40:32.935 W/PackageParser( 7398): Ignoring duplicate uses-permissions/uses-permissions-sdk-m: android.permission.ACCESS_WIFI_STATE in package: com.huatu.ylpy at: Binary XML file line #46
05-27 10:40:32.935 W/PackageParser( 7398): Ignoring duplicate uses-permissions/uses-permissions-sdk-m: android.permission.ACCESS_NETWORK_STATE in package: com.huatu.ylpy at: Binary XML file line #47
05-27 10:40:32.935 W/PackageParser( 7398): Ignoring duplicate uses-permissions/uses-permissions-sdk-m: android.permission.CHANGE_NETWORK_STATE in package: com.huatu.ylpy at: Binary XML file line #48
05-27 10:40:32.945 W/PackageParser( 7398): No actions in intent filter at /storage/emulated/0/Download/Browser/医考培优_1.0.0 (1).apk Binary XML file line #1409
05-27 10:40:32.986 W/PackageParser( 7398): Ignoring duplicate uses-permissions/uses-permissions-sdk-m: android.permission.ACCESS_NETWORK_STATE in package: com.huatu.syzx at: Binary XML file line #28
05-27 10:40:32.986 W/PackageParser( 7398): Ignoring duplicate uses-permissions/uses-permissions-sdk-m: android.permission.ACCESS_NETWORK_STATE in package: com.huatu.syzx at: Binary XML file line #32
05-27 10:40:32.986 W/PackageParser( 7398): Ignoring duplicate uses-permissions/uses-permissions-sdk-m: android.permission.ACCESS_WIFI_STATE in package: com.huatu.syzx at: Binary XML file line #33
05-27 10:40:32.986 W/PackageParser( 7398): Ignoring duplicate uses-permissions/uses-permissions-sdk-m: android.permission.ACCESS_NETWORK_STATE in package: com.huatu.syzx at: Binary XML file line #41
05-27 10:40:32.986 W/PackageParser( 7398): Ignoring duplicate uses-permissions/uses-permissions-sdk-m: android.permission.ACCESS_WIFI_STATE in package: com.huatu.syzx at: Binary XML file line #42
05-27 10:40:32.986 W/PackageParser( 7398): Ignoring duplicate uses-permissions/uses-permissions-sdk-m: android.permission.SYSTEM_ALERT_WINDOW in package: com.huatu.syzx at: Binary XML file line #45
05-27 10:40:32.986 W/PackageParser( 7398): Ignoring duplicate uses-permissions/uses-permissions-sdk-m: android.permission.ACCESS_WIFI_STATE in package: com.huatu.syzx at: Binary XML file line #46
05-27 10:40:32.987 W/PackageParser( 7398): Ignoring duplicate uses-permissions/uses-permissions-sdk-m: android.permission.ACCESS_NETWORK_STATE in package: com.huatu.syzx at: Binary XML file line #47
05-27 10:40:32.987 W/PackageParser( 7398): Ignoring duplicate uses-permissions/uses-permissions-sdk-m: android.permission.CHANGE_NETWORK_STATE in package: com.huatu.syzx at: Binary XML file line #48
05-27 10:40:32.999 W/PackageParser( 7398): No actions in intent filter at /storage/emulated/0/Download/Browser/事业尊享_1.1.2.apk Binary XML file line #1404
05-27 10:40:33.043 W/PackageParser( 7398): Ignoring duplicate uses-permissions/uses-permissions-sdk-m: android.permission.ACCESS_NETWORK_STATE in package: com.huatu.syzx at: Binary XML file line #28
05-27 10:40:33.044 W/PackageParser( 7398): Ignoring duplicate uses-permissions/uses-permissions-sdk-m: android.permission.ACCESS_NETWORK_STATE in package: com.huatu.syzx at: Binary XML file line #32
05-27 10:40:33.044 W/PackageParser( 7398): Ignoring duplicate uses-permissions/uses-permissions-sdk-m: android.permission.ACCESS_WIFI_STATE in package: com.huatu.syzx at: Binary XML file line #33
05-27 10:40:33.044 W/PackageParser( 7398): Ignoring duplicate uses-permissions/uses-permissions-sdk-m: android.permission.ACCESS_NETWORK_STATE in package: com.huatu.syzx at: Binary XML file line #41
05-27 10:40:33.044 W/PackageParser( 7398): Ignoring duplicate uses-permissions/uses-permissions-sdk-m: android.permission.ACCESS_WIFI_STATE in package: com.huatu.syzx at: Binary XML file line #42
05-27 10:40:33.044 W/PackageParser( 7398): Ignoring duplicate uses-permissions/uses-permissions-sdk-m: android.permission.SYSTEM_ALERT_WINDOW in package: com.huatu.syzx at: Binary XML file line #45
05-27 10:40:33.044 W/PackageParser( 7398): Ignoring duplicate uses-permissions/uses-permissions-sdk-m: android.permission.ACCESS_WIFI_STATE in package: com.huatu.syzx at: Binary XML file line #46
05-27 10:40:33.044 W/PackageParser( 7398): Ignoring duplicate uses-permissions/uses-permissions-sdk-m: android.permission.ACCESS_NETWORK_STATE in package: com.huatu.syzx at: Binary XML file line #47
05-27 10:40:33.044 W/PackageParser( 7398): Ignoring duplicate uses-permissions/uses-permissions-sdk-m: android.permission.CHANGE_NETWORK_STATE in package: com.huatu.syzx at: Binary XML file line #48
05-27 10:40:33.058 W/PackageParser( 7398): No actions in intent filter at /storage/emulated/0/Download/Browser/事业尊享_1.1.0.apk Binary XML file line #1404
05-27 10:40:33.101 W/PackageParser( 7398): Unknown element under <manifest>: queries at /storage/emulated/0/Download/Browser/华图在线_7.3.140.apk Binary XML file line #96
05-27 10:40:33.111 W/PackageParser( 7398): No actions in intent filter at /storage/emulated/0/Download/Browser/华图在线_7.3.140.apk Binary XML file line #1371
05-27 10:40:33.153 W/PackageParser( 7398): Unknown element under <manifest>: queries at /storage/emulated/0/Download/Browser/onlineDebug-7.3.132.apk Binary XML file line #96
05-27 10:40:33.162 W/PackageParser( 7398): No actions in intent filter at /storage/emulated/0/Download/Browser/onlineDebug-7.3.132.apk Binary XML file line #1371
05-27 10:40:33.200 W/PackageParser( 7398): Unknown element under <manifest>: queries at /storage/emulated/0/Download/Browser/华图在线_7.3.132.apk Binary XML file line #96
05-27 10:40:33.208 W/PackageParser( 7398): No actions in intent filter at /storage/emulated/0/Download/Browser/华图在线_7.3.132.apk Binary XML file line #1371
05-27 10:40:33.243 W/PackageParser( 7398): Unknown element under <manifest>: queries at /storage/emulated/0/Download/Browser/华图在线_7.3.132 (1).apk Binary XML file line #96
05-27 10:40:33.252 W/PackageParser( 7398): No actions in intent filter at /storage/emulated/0/Download/Browser/华图在线_7.3.132 (1).apk Binary XML file line #1371
05-27 10:40:33.291 W/PackageParser( 7398): Unknown element under <manifest>: queries at /storage/emulated/0/Download/Browser/华图在线_7.3.132 (2).apk Binary XML file line #96
05-27 10:40:33.299 W/PackageParser( 7398): No actions in intent filter at /storage/emulated/0/Download/Browser/华图在线_7.3.132 (2).apk Binary XML file line #1371
05-27 10:40:33.334 W/PackageParser( 7398): Unknown element under <manifest>: queries at /storage/emulated/0/Download/Browser/华图在线_7.3.132 (3).apk Binary XML file line #96
05-27 10:40:33.343 W/PackageParser( 7398): No actions in intent filter at /storage/emulated/0/Download/Browser/华图在线_7.3.132 (3).apk Binary XML file line #1371
05-27 10:40:33.377 W/PackageParser( 7398): Unknown element under <manifest>: queries at /storage/emulated/0/Download/Browser/华图在线_7.3.132 (4).apk Binary XML file line #96
05-27 10:40:33.387 W/PackageParser( 7398): No actions in intent filter at /storage/emulated/0/Download/Browser/华图在线_7.3.132 (4).apk Binary XML file line #1371
05-27 10:40:33.423 W/PackageParser( 7398): Unknown element under <manifest>: queries at /storage/emulated/0/Download/Browser/华图在线_7.3.120 (1).apk Binary XML file line #96
05-27 10:40:33.432 W/PackageParser( 7398): No actions in intent filter at /storage/emulated/0/Download/Browser/华图在线_7.3.120 (1).apk Binary XML file line #1366
05-27 10:40:33.466 W/PackageParser( 7398): Unknown element under <manifest>: queries at /storage/emulated/0/Download/Browser/华图在线_7.3.120 (2).apk Binary XML file line #96
05-27 10:40:33.476 W/PackageParser( 7398): No actions in intent filter at /storage/emulated/0/Download/Browser/华图在线_7.3.120 (2).apk Binary XML file line #1366
05-27 10:40:33.515 I/chatty  ( 2007): uid=1000(system) UEventObserver expire 24 lines
05-27 10:40:33.521 W/PackageParser( 7398): Unknown element under <manifest>: queries at /storage/emulated/0/Download/Browser/华图在线_7.3.120 (3).apk Binary XML file line #96
05-27 10:40:33.538 W/PackageParser( 7398): No actions in intent filter at /storage/emulated/0/Download/Browser/华图在线_7.3.120 (3).apk Binary XML file line #1366
05-27 10:40:33.575 W/PackageParser( 7398): Unknown element under <manifest>: queries at /storage/emulated/0/Download/Browser/华图在线_7.3.120 (4).apk Binary XML file line #96
05-27 10:40:33.585 W/PackageParser( 7398): No actions in intent filter at /storage/emulated/0/Download/Browser/华图在线_7.3.120 (4).apk Binary XML file line #1366
05-27 10:40:33.618 W/PackageParser( 7398): Unknown element under <manifest>: queries at /storage/emulated/0/Download/Browser/华图在线_7.3.120 (5).apk Binary XML file line #96
05-27 10:40:33.628 W/PackageParser( 7398): No actions in intent filter at /storage/emulated/0/Download/Browser/华图在线_7.3.120 (5).apk Binary XML file line #1366
05-27 10:40:33.664 W/PackageParser( 7398): Unknown element under <manifest>: queries at /storage/emulated/0/Download/Browser/华图在线_7.3.120.apk Binary XML file line #96
05-27 10:40:33.678 W/PackageParser( 7398): No actions in intent filter at /storage/emulated/0/Download/Browser/华图在线_7.3.120.apk Binary XML file line #1366
05-27 10:40:33.724 W/PackageParser( 7398): Unknown element under <manifest>: queries at /storage/emulated/0/Download/Browser/华图在线_7.3.131.apk Binary XML file line #96
05-27 10:40:33.734 W/PackageParser( 7398): No actions in intent filter at /storage/emulated/0/Download/Browser/华图在线_7.3.131.apk Binary XML file line #1366
05-27 10:40:33.772 W/PackageParser( 7398): Unknown element under <manifest>: queries at /storage/emulated/0/Download/Browser/onlineDebug-7.3.131.apk Binary XML file line #96
05-27 10:40:33.781 W/PackageParser( 7398): No actions in intent filter at /storage/emulated/0/Download/Browser/onlineDebug-7.3.131.apk Binary XML file line #1366
05-27 10:40:33.814 W/PackageParser( 7398): Unknown element under <manifest>: queries at /storage/emulated/0/Download/Browser/onlineDebug-7.3.131 (1).apk Binary XML file line #96
05-27 10:40:33.824 W/PackageParser( 7398): No actions in intent filter at /storage/emulated/0/Download/Browser/onlineDebug-7.3.131 (1).apk Binary XML file line #1366
05-27 10:40:33.857 W/PackageParser( 7398): Unknown element under <manifest>: queries at /storage/emulated/0/Download/Browser/onlineDebug-7.3.131 (2).apk Binary XML file line #96
05-27 10:40:33.866 W/PackageParser( 7398): No actions in intent filter at /storage/emulated/0/Download/Browser/onlineDebug-7.3.131 (2).apk Binary XML file line #1366
05-27 10:40:33.901 W/PackageParser( 7398): Unknown element under <manifest>: queries at /storage/emulated/0/Download/Browser/华图在线_7.3.112 (1).apk Binary XML file line #96
05-27 10:40:33.914 W/PackageParser( 7398): No actions in intent filter at /storage/emulated/0/Download/Browser/华图在线_7.3.112 (1).apk Binary XML file line #1366
05-27 10:40:33.955 W/PackageParser( 7398): Unknown element under <manifest>: queries at /storage/emulated/0/Download/Browser/华图在线_7.3.112 (2).apk Binary XML file line #96
05-27 10:40:33.965 W/PackageParser( 7398): No actions in intent filter at /storage/emulated/0/Download/Browser/华图在线_7.3.112 (2).apk Binary XML file line #1366
05-27 10:40:33.999 W/PackageParser( 7398): Unknown element under <manifest>: queries at /storage/emulated/0/Download/Browser/华图在线_7.3.112.apk Binary XML file line #96
05-27 10:40:34.012 W/PackageParser( 7398): No actions in intent filter at /storage/emulated/0/Download/Browser/华图在线_7.3.112.apk Binary XML file line #1366
05-27 10:40:34.041 W/PackageParser( 7398): Unknown element under <manifest>: queries at /storage/emulated/0/Download/Browser/华图在线_7.3.200.apk Binary XML file line #103
05-27 10:40:34.050 W/PackageParser( 7398): No actions in intent filter at /storage/emulated/0/Download/Browser/华图在线_7.3.200.apk Binary XML file line #1464
05-27 10:40:34.078 W/PackageParser( 7398): Unknown element under <manifest>: queries at /storage/emulated/0/Download/Browser/华图在线_7.3.200 (1).apk Binary XML file line #103
05-27 10:40:34.090 W/PackageParser( 7398): No actions in intent filter at /storage/emulated/0/Download/Browser/华图在线_7.3.200 (1).apk Binary XML file line #1464
05-27 10:40:34.123 W/PackageParser( 7398): Unknown element under <manifest>: queries at /storage/emulated/0/Download/Browser/onlineDebug-7.3.200.apk Binary XML file line #103
05-27 10:40:34.132 W/PackageParser( 7398): No actions in intent filter at /storage/emulated/0/Download/Browser/onlineDebug-7.3.200.apk Binary XML file line #1464
05-27 10:40:34.166 W/PackageParser( 7398): Unknown element under <manifest>: queries at /storage/emulated/0/Download/Browser/onlineDebug-7.3.200 (1).apk Binary XML file line #103
05-27 10:40:34.176 W/PackageParser( 7398): No actions in intent filter at /storage/emulated/0/Download/Browser/onlineDebug-7.3.200 (1).apk Binary XML file line #1464
05-27 10:40:34.200 W/PackageParser( 7398): Unknown element under <manifest>: queries at /storage/emulated/0/Download/Browser/onlineDebug-7.3.200 (2).apk Binary XML file line #103
05-27 10:40:34.210 W/PackageParser( 7398): No actions in intent filter at /storage/emulated/0/Download/Browser/onlineDebug-7.3.200 (2).apk Binary XML file line #1464
05-27 10:40:34.253 W/PackageParser( 7398): Unknown element under <manifest>: queries at /storage/emulated/0/Download/Browser/onlineDebug-7.3.190 (7).apk Binary XML file line #103
05-27 10:40:34.272 W/PackageParser( 7398): No actions in intent filter at /storage/emulated/0/Download/Browser/onlineDebug-7.3.190 (7).apk Binary XML file line #1413
05-27 10:40:34.312 W/PackageParser( 7398): Unknown element under <manifest>: queries at /storage/emulated/0/Download/Browser/onlineDebug-7.3.190 (8).apk Binary XML file line #103
05-27 10:40:34.321 W/PackageParser( 7398): No actions in intent filter at /storage/emulated/0/Download/Browser/onlineDebug-7.3.190 (8).apk Binary XML file line #1413
05-27 10:40:34.351 W/PackageParser( 7398): Unknown element under <manifest>: queries at /storage/emulated/0/Download/Browser/onlineDebug-7.3.190 (9).apk Binary XML file line #103
05-27 10:40:34.360 W/PackageParser( 7398): No actions in intent filter at /storage/emulated/0/Download/Browser/onlineDebug-7.3.190 (9).apk Binary XML file line #1413
05-27 10:40:34.390 W/PackageParser( 7398): Unknown element under <manifest>: queries at /storage/emulated/0/Download/Browser/onlineDebug-7.3.190.apk Binary XML file line #103
05-27 10:40:34.399 W/PackageParser( 7398): No actions in intent filter at /storage/emulated/0/Download/Browser/onlineDebug-7.3.190.apk Binary XML file line #1413
05-27 10:40:34.430 W/PackageParser( 7398): Unknown element under <manifest>: queries at /storage/emulated/0/Download/Browser/onlineDebug-7.3.190 (1).apk Binary XML file line #103
05-27 10:40:34.439 W/PackageParser( 7398): No actions in intent filter at /storage/emulated/0/Download/Browser/onlineDebug-7.3.190 (1).apk Binary XML file line #1413
05-27 10:40:34.474 W/PackageParser( 7398): Unknown element under <manifest>: queries at /storage/emulated/0/Download/Browser/onlineDebug-7.3.190 (2).apk Binary XML file line #103
05-27 10:40:34.483 W/PackageParser( 7398): No actions in intent filter at /storage/emulated/0/Download/Browser/onlineDebug-7.3.190 (2).apk Binary XML file line #1413
05-27 10:40:34.512 W/PackageParser( 7398): Unknown element under <manifest>: queries at /storage/emulated/0/Download/Browser/onlineDebug-7.3.190 (3).apk Binary XML file line #103
05-27 10:40:34.521 W/PackageParser( 7398): No actions in intent filter at /storage/emulated/0/Download/Browser/onlineDebug-7.3.190 (3).apk Binary XML file line #1413
05-27 10:40:34.552 W/PackageParser( 7398): Unknown element under <manifest>: queries at /storage/emulated/0/Download/Browser/onlineDebug-7.3.190 (4).apk Binary XML file line #103
05-27 10:40:34.562 W/PackageParser( 7398): No actions in intent filter at /storage/emulated/0/Download/Browser/onlineDebug-7.3.190 (4).apk Binary XML file line #1413
05-27 10:40:34.591 W/PackageParser( 7398): Unknown element under <manifest>: queries at /storage/emulated/0/Download/Browser/onlineDebug-7.3.190 (5).apk Binary XML file line #103
05-27 10:40:34.600 W/PackageParser( 7398): No actions in intent filter at /storage/emulated/0/Download/Browser/onlineDebug-7.3.190 (5).apk Binary XML file line #1413
05-27 10:40:34.631 W/PackageParser( 7398): Unknown element under <manifest>: queries at /storage/emulated/0/Download/Browser/onlineDebug-7.3.190 (6).apk Binary XML file line #103
05-27 10:40:34.640 W/PackageParser( 7398): No actions in intent filter at /storage/emulated/0/Download/Browser/onlineDebug-7.3.190 (6).apk Binary XML file line #1413
05-27 10:40:34.670 W/PackageParser( 7398): Unknown element under <manifest>: queries at /storage/emulated/0/Download/Browser/华图在线_7.3.183.apk Binary XML file line #103
05-27 10:40:34.679 W/PackageParser( 7398): No actions in intent filter at /storage/emulated/0/Download/Browser/华图在线_7.3.183.apk Binary XML file line #1413
05-27 10:40:34.708 W/PackageParser( 7398): Unknown element under <manifest>: queries at /storage/emulated/0/Download/Browser/华图在线_7.3.190 (1).apk Binary XML file line #103
05-27 10:40:34.717 W/PackageParser( 7398): No actions in intent filter at /storage/emulated/0/Download/Browser/华图在线_7.3.190 (1).apk Binary XML file line #1413
05-27 10:40:34.747 W/PackageParser( 7398): Unknown element under <manifest>: queries at /storage/emulated/0/Download/Browser/华图在线_7.3.190.apk Binary XML file line #103
05-27 10:40:34.757 W/PackageParser( 7398): No actions in intent filter at /storage/emulated/0/Download/Browser/华图在线_7.3.190.apk Binary XML file line #1413
05-27 10:40:34.787 W/PackageParser( 7398): Unknown element under <manifest>: queries at /storage/emulated/0/Download/Browser/华图在线_7.3.140 (1).apk Binary XML file line #96
05-27 10:40:34.796 W/PackageParser( 7398): No actions in intent filter at /storage/emulated/0/Download/Browser/华图在线_7.3.140 (1).apk Binary XML file line #1370
05-27 10:40:34.823 W/PackageParser( 7398): Unknown element under <manifest>: queries at /storage/emulated/0/Download/Browser/app-release-vhuatu.apk Binary XML file line #103
05-27 10:40:34.833 W/PackageParser( 7398): No actions in intent filter at /storage/emulated/0/Download/Browser/app-release-vhuatu.apk Binary XML file line #-1
05-27 10:40:34.929 W/PackageParser( 7398): Ignoring duplicate uses-permissions/uses-permissions-sdk-m: baidu.push.permission.WRITE_PUSHINFOPROVIDER.com.baidu.appsearch in package: com.baidu.appsearch at: Binary XML file line #78
05-27 10:40:34.932 W/PackageParser( 7398): Ignoring duplicate uses-permissions/uses-permissions-sdk-m: android.permission.VIBRATE in package: com.baidu.appsearch at: Binary XML file line #164
05-27 10:40:34.932 W/PackageParser( 7398): Ignoring duplicate uses-permissions/uses-permissions-sdk-m: android.permission.DISABLE_KEYGUARD in package: com.baidu.appsearch at: Binary XML file line #166
05-27 10:40:39.826 I/chatty  ( 2007): uid=1000(system) Thread-6 expire 21 lines
05-27 10:40:42.552 I/chatty  ( 2007): uid=1000(system) Binder:2007_18 expire 16 lines
05-27 10:40:47.000 I/chatty  ( 2007): uid=1000(system) android.display expire 11 lines
05-27 10:40:47.057 I/chatty  ( 2007): uid=1000(system) Binder:2007_8 expire 11 lines
05-27 10:40:47.193 I/chatty  ( 2007): uid=1000 system_server expire 28 lines
05-27 10:40:47.387 I/chatty  ( 2007): uid=1000(system) Binder:2007_20 expire 16 lines
05-27 10:41:01.928 I/chatty  ( 2007): uid=1000(system) MobileQosDetect expire 16 lines
05-27 10:41:02.601 I/chatty  ( 2007): uid=1000(system) Binder:2007_C expire 28 lines
05-27 10:41:11.631 I/chatty  ( 2007): uid=1000(system) HwActivityTaskM expire 11 lines
05-27 10:41:19.188 I/storaged( 1055): storaged_t::event: storage_info refreshed.
05-27 10:41:19.498 I/chatty  ( 2007): uid=1000(system) Binder:2007_C expire 27 lines
05-27 10:42:19.189 I/storaged( 1055): storaged_t::event: storage_info refreshed.
05-27 10:42:19.578 I/chatty  ( 2007): uid=1000(system) Binder:2007_C expire 25 lines
05-27 10:42:19.992 I/chatty  ( 2007): uid=1000(system) PowerManagerSer expire 136 lines
05-27 10:42:22.008 I/chatty  ( 2007): uid=1000(system) MobileQosDetect expire 22 lines
05-27 10:42:31.654 I/chatty  ( 2007): uid=1000(system) Binder:2007_1 expire 20 lines
05-27 10:42:36.399 I/chatty  ( 2007): uid=1000(system) UEventObserver expire 18 lines
05-27 10:43:00.260 I/chatty  ( 2007): uid=1000(system) Binder:2007_8 expire 31 lines
05-27 10:43:12.207 I/chatty  ( 2007): uid=1000(system) batterystats-wo expire 3 lines
05-27 10:43:19.190 I/storaged( 1055): storaged_t::event: storage_info refreshed.
05-27 10:43:19.658 I/chatty  ( 2007): uid=1000(system) Binder:2007_1 expire 36 lines
05-27 10:43:20.153 I/chatty  ( 2007): uid=1000(system) PowerManagerSer expire 124 lines
05-27 10:43:32.463 I/chatty  ( 2007): uid=1000(system) Binder:2007_15 expire 4 lines
05-27 10:43:37.836 I/chatty  ( 2007): uid=1000(system) UEventObserver expire 18 lines
05-27 10:43:43.730 I/chatty  ( 2007): uid=1000(system) Binder:2007_C expire 14 lines
05-27 10:43:47.122 I/chatty  ( 2007): uid=1000(system) AlarmManager expire 14 lines
05-27 10:44:18.870 I/chatty  ( 2007): uid=1000(system) Binder:2007_20 expire 19 lines
05-27 10:44:19.191 I/storaged( 1055): storaged_t::event: storage_info refreshed.
05-27 10:44:19.738 I/chatty  ( 2007): uid=1000(system) Binder:2007_1 expire 26 lines
05-27 10:44:20.153 I/chatty  ( 2007): uid=1000(system) PowerManagerSer expire 139 lines
05-27 10:44:41.535 I/chatty  ( 2007): uid=1000(system) Binder:2007_C expire 18 lines
05-27 10:44:51.631 I/chatty  ( 2007): uid=1000(system) keyAppHanderThr expire 4 lines
05-27 10:44:51.663 I/chatty  ( 2007): uid=1000(system) Thread-6 expire 14 lines
05-27 10:44:51.664 I/chatty  ( 2007): uid=1000(system) ConnectivitySer expire 10 lines
05-27 10:45:08.771 I/chatty  ( 2007): uid=1000(system) Binder:2007_A expire 11 lines
05-27 10:45:08.773 W/ContextImpl( 4309): Calling a method in the system process without a qualified user: android.app.ContextImpl.bindService:1777 android.content.ContextWrapper.bindService:705 com.huawei.nb.searchmanager.service.g.i:447 com.huawei.nb.searchmanager.service.g.a:795 com.huawei.nb.searchmanager.observer.receiver.IdlenessTrackerReceiver.d:284 
05-27 10:45:08.796 I/chatty  ( 2007): uid=1000(system) Binder:2007_8 expire 16 lines
05-27 10:45:08.801 I/chatty  ( 2007): uid=1000(system) ActivityManager expire 13 lines
05-27 10:45:08.850 I/chatty  ( 2007): uid=1000(system) Binder:2007_20 expire 16 lines
05-27 10:45:10.031 I/chatty  ( 2007): uid=1000(system) UEventObserver expire 18 lines
05-27 10:45:14.169 I/chatty  ( 2007): uid=1000(system) MobileQosDetect expire 16 lines
05-27 10:45:19.192 I/storaged( 1055): storaged_t::event: storage_info refreshed.
05-27 10:45:19.814 I/chatty  ( 2007): uid=1000(system) Binder:2007_A expire 62 lines
05-27 10:45:19.818 I/chatty  ( 2007): uid=1000(system) Binder:2007_18 expire 9 lines
05-27 10:45:20.154 I/chatty  ( 2007): uid=1000(system) PowerManagerSer expire 254 lines
05-27 10:45:33.852 I/chatty  ( 2007): uid=1000(system) Binder:2007_1 expire 41 lines
05-27 10:46:19.193 I/storaged( 1055): storaged_t::event: storage_info refreshed.
05-27 10:46:22.239 I/chatty  ( 2007): uid=1000(system) MobileQosDetect expire 15 lines
05-27 10:46:42.162 I/chatty  ( 2007): uid=1000(system) UEventObserver expire 18 lines
05-27 10:46:47.193 I/chatty  ( 2007): uid=1000(system) AlarmManager expire 11 lines
05-27 10:47:07.231 I/chatty  ( 2007): uid=1000 system_server expire 13 lines
05-27 10:47:19.195 I/storaged( 1055): storaged_t::event: storage_info refreshed.
05-27 10:47:19.211 I/chatty  ( 2007): uid=1000(system) PowerManagerSer expire 48 lines
05-27 10:47:19.242 I/chatty  ( 2007): uid=1000(system) Binder:2007_A expire 20 lines
05-27 10:47:19.273 I/chatty  ( 2007): uid=1000(system) Binder:2007_8 expire 21 lines
05-27 10:47:19.295 I/chatty  ( 2007): uid=1000(system) InputDispatcher expire 27 lines
05-27 10:47:19.299 I/chatty  ( 2007): uid=1000(system) Binder:2007_1C expire 2 lines
05-27 10:47:19.299 I/chatty  ( 2007): uid=1000(system) Binder:2007_16 expire 19 lines
05-27 10:47:19.300 I/chatty  ( 2007): uid=1000(system) ConnectivitySer expire 11 lines
05-27 10:47:19.300 I/chatty  ( 2007): uid=1000(system) Thread-6 expire 12 lines
05-27 10:47:22.303 I/chatty  ( 2007): uid=1000(system) MobileQosDetect expire 10 lines
05-27 10:47:28.988 I/chatty  ( 2007): uid=1000(system) Binder:2007_20 expire 15 lines
05-27 10:47:35.799 W/ContextImpl( 4309): Calling a method in the system process without a qualified user: android.app.ContextImpl.bindService:1777 android.content.ContextWrapper.bindService:705 com.huawei.nb.searchmanager.service.g.i:447 com.huawei.nb.searchmanager.service.g.a:1162 com.huawei.nb.searchmanager.service.g.g:1068 
05-27 10:47:35.807 I/chatty  ( 2007): uid=1000(system) Binder:2007_C expire 19 lines
05-27 10:47:35.852 I/chatty  ( 2007): uid=1000(system) Binder:2007_E expire 30 lines
05-27 10:47:36.156 I/chatty  ( 2007): uid=1000(system) PowerManagerSer expire 34 lines
05-27 10:47:37.968 I/chatty  ( 2007): uid=1000(system) Binder:2007_10 expire 18 lines
05-27 10:47:43.595 I/chatty  ( 2007): uid=1000(system) UEventObserver expire 15 lines
05-27 10:47:46.335 I/chatty  ( 2007): uid=1000(system) InputReader expire 7 lines
05-27 10:47:46.346 I/chatty  ( 2007): uid=1000(system) pool-2-thread-6 expire 1 line
05-27 10:47:46.347 I/chatty  ( 2007): uid=1000(system) pool-2-thread-2 expire 1 line
05-27 10:47:46.351 I/chatty  ( 2007): uid=1000(system) DisplayEngine_D expire 2 lines
05-27 10:47:46.351 I/chatty  ( 2007): uid=1000(system) DisplayEngine_D expire 2 lines
05-27 10:47:46.419 I/chatty  ( 2007): uid=1000(system) sManagerService expire 10 lines
05-27 10:47:46.431 I/RtgSchedEvent( 3478): current pid:3478 AppType:255
05-27 10:47:46.441 D/vold    (  512): idle maintenance stopped
05-27 10:47:46.453 I/chatty  ( 2007): uid=1000 system_server expire 39 lines
05-27 10:47:46.466 I/chatty  ( 2007): uid=1000(system) ConnectivityThr expire 16 lines
05-27 10:47:46.475 I/chatty  ( 2007): uid=1000(system) PowerManagerSer expire 185 lines
05-27 10:47:46.490 I/chatty  ( 2007): uid=1000(system) Binder:2007_1A expire 35 lines
05-27 10:47:46.502 I/chatty  ( 2007): uid=1000(system) Binder:2007_1 expire 25 lines
05-27 10:47:46.532 D/ActivityThread( 8080): Attach thread to application
05-27 10:47:46.548 I/ActivityThread( 8080): Init compatible state: false
05-27 10:47:46.682 I/chatty  ( 3859): uid=1000(system) OllieAwareThrea expire 130 lines
05-27 10:47:46.816 I/chatty  ( 2007): uid=1000(system) android.ui expire 20 lines
05-27 10:47:46.970 I/chatty  ( 2007): uid=1000(system) Binder:2007_6 expire 16 lines
05-27 10:47:46.984 D/HwCommandQueue( 3478): CommandQueue, set Launcher StatusBar Color
05-27 10:47:47.127 I/chatty  ( 2007): uid=1000(system) Binder:2007_11 expire 11 lines
05-27 10:47:47.257 I/chatty  ( 2007): uid=1000(system) android.fg expire 10 lines
05-27 10:47:47.292 W/PackageParser( 8080): Unknown element under <manifest>: queries at /data/user_de/0/com.huawei.android.hsf/modules/external/huawei_module_networkkit/60000300/networkkit.apk Binary XML file line #14
05-27 10:47:47.357 D/HwCustConnectivityManagerImpl( 8080): isBlockNetworkRequestByNonAis, INVALID_SUBSCRIPTION_ID
05-27 10:47:47.360 D/HwCustConnectivityManagerImpl( 8080): isBlockNetworkRequestByNonAis, INVALID_SUBSCRIPTION_ID
05-27 10:47:47.398 D/SystemConfig( 8080): Removed unavailable feature android.hardware.sensor.barometer
05-27 10:47:47.425 W/SystemConfig( 8080): No directory /product_services/etc/sysconfig, skipping
05-27 10:47:47.425 W/SystemConfig( 8080): No directory /product_services/etc/permissions, skipping
05-27 10:47:47.426 W/SystemConfig( 8080): No directory /system/emui/base/sysconfig, skipping
05-27 10:47:47.427 W/SystemConfig( 8080): No directory /system/emui/china/sysconfig, skipping
05-27 10:47:47.433 W/SystemConfig( 8080): No directory /vendor/etc/sysconfig, skipping
05-27 10:47:47.441 D/SystemConfig( 8080): Removed unavailable feature android.hardware.sensor.barometer
05-27 10:47:47.459 W/SystemConfig( 8080): No directory /odm/cust/all/cn/sysconfig, skipping
05-27 10:47:47.459 W/SystemConfig( 8080): No directory /odm/cust/all/cn/permissions, skipping
05-27 10:47:47.459 W/SystemConfig( 8080): No directory /odm/etc/sysconfig, skipping
05-27 10:47:47.466 W/SystemConfig( 8080): No directory /odm/hw_odm/ELE-AL00/sysconfig, skipping
05-27 10:47:47.466 W/SystemConfig( 8080): No directory /odm/hw_odm/ELE-AL00/permissions, skipping
05-27 10:47:47.466 W/SystemConfig( 8080): No directory /hw_product/etc/sysconfig, skipping
05-27 10:47:47.469 W/SystemConfig( 8080): No directory /hw_product/region_comm/china/sysconfig, skipping
05-27 10:47:47.470 W/SystemConfig( 8080): No directory /preas/china/sysconfig, skipping
05-27 10:47:47.485 W/SystemConfig( 8080): No directory /hw_product/hw_oem/ELE-AL00/sysconfig, skipping
05-27 10:47:47.486 W/SystemConfig( 8080): No directory /preload/ELE-AL00/all/cn/sysconfig, skipping
05-27 10:47:47.487 W/SystemConfig( 8080): No directory /cust/global/sysconfig, skipping
05-27 10:47:47.487 W/SystemConfig( 8080): No directory /cust/global/permissions, skipping
05-27 10:47:47.487 W/SystemConfig( 8080): No directory /cust/hw/cn/sysconfig, skipping
05-27 10:47:47.487 W/SystemConfig( 8080): No directory /cust/hw/cn/permissions, skipping
05-27 10:47:47.487 W/SystemConfig( 8080): No directory /version/cust/all/cn/sysconfig, skipping
05-27 10:47:47.488 W/SystemConfig( 8080): No directory /hw_product/special_cust/ELE-AL00/all/cn/sysconfig, skipping
05-27 10:47:47.488 W/SystemConfig( 8080): No directory /hw_product/special_cust/ELE-AL00/all/cn/permissions, skipping
05-27 10:47:47.488 W/SystemConfig( 8080): No directory /version/special_cust/ELE-AL00/all/cn/sysconfig, skipping
05-27 10:47:47.488 W/SystemConfig( 8080): No directory /version/special_cust/ELE-AL00/all/cn/permissions, skipping
05-27 10:47:47.498 W/SystemConfig( 8080): No directory /cust/cotalite/sysconfig, skipping
05-27 10:47:47.499 W/SystemConfig( 8080): No directory /cust/cotalite/permissions, skipping
05-27 10:47:47.499 W/SystemConfig( 8080): No directory /cust/ecota/sysconfig, skipping
05-27 10:47:47.499 W/SystemConfig( 8080): No directory /cust/ecota/permissions, skipping
05-27 10:47:47.499 I/HwCustSystemConfigImpl( 8080): start read overlay feature.
05-27 10:47:47.513 I/HwCustSystemConfigImpl( 8080): overlay feature take effect.
05-27 10:47:48.104 I/ActivityThread( 8080): finishPreloaded preloadStatus 0
05-27 10:47:48.188 I/chatty  ( 2007): uid=1000(system) ActivityManager expire 7 lines
05-27 10:47:48.202 D/ActivityThread( 8323): Attach thread to application
05-27 10:47:48.215 I/ActivityThread( 8323): Init compatible state: false
05-27 10:47:48.227 I/LoadedApk( 8323): makePaths: outLibPaths=[/system/app/Pengine/lib/arm64, /system/app/Pengine/Pengine.apk!/lib/arm64-v8a, /system/lib64:/hw_product/lib64:/system/product/lib64:/prets/lib64]
05-27 10:47:48.468 I/ActivityThread( 8323): finishPreloaded preloadStatus 0
05-27 10:47:48.477 D/ActivityThread(27313): Won't deliver top position change in state=5
05-27 10:47:48.481 I/chatty  ( 2007): uid=1000(system) android.anim expire 32 lines
05-27 10:47:48.511 I/chatty  ( 2007): uid=1000(system) Binder:2007_7 expire 39 lines
05-27 10:47:48.525 I/RtgSchedEvent(27313): current pid:27313 AppType:33
05-27 10:47:48.525 I/chatty  ( 2007): uid=1000(system) Binder:2007_19 expire 24 lines
05-27 10:47:48.713 I/chatty  ( 2007): uid=1000(system) AudioService expire 3 lines
05-27 10:47:48.714 D/vold    (  512): begin lockScreenPrepare
05-27 10:47:48.714 D/vold    (  512): FscryptLockScreenPrepare flag is: 2 userId:0
05-27 10:47:48.715 D/vold    (  512): begin unlockUserScreenIsec
05-27 10:47:48.715 D/vold    (  512): begin FscryptUnlockUserScreenIsec authType: 1 uid: 0 token_present=0
05-27 10:47:48.715 D/vold    (  512): begin ReadAndInstallEceSeceKey 0
05-27 10:47:48.715 D/vold    (  512): begin ReadAndFixateUserEceKey 0
05-27 10:47:48.722 D/vold    (  512): Skipping non-key .
05-27 10:47:48.722 D/vold    (  512): Skipping non-key ..
05-27 10:47:48.722 D/vold    (  512): Trying user ECE key 
05-27 10:47:48.723 I/FaceRecognizeManagerFactoryImpl( 3478): get FaceRecognizeManagerImpl.
05-27 10:47:48.723 D/FaceRecognizeManagerImpl( 3478): New FaceRecognize Sdk Instance
05-27 10:47:48.723 I/vold    (  512): cryptSd unlock key auth start
05-27 10:47:48.725 D/HwCommandQueue( 3478): CommandQueue, set Launcher StatusBar Color
05-27 10:47:48.726 I/chatty  ( 2007): uid=1000 system_server expire 2 lines
05-27 10:47:48.728 I/HwCommandQueue( 3478): updateBarBgColor
05-27 10:47:48.728 D/HwCommandQueue( 3478): CommandQueue, setBarBackgroundColor
05-27 10:47:48.729 D/HwCommandQueue( 3478): CommandQueue, set Launcher StatusBar Color
05-27 10:47:48.729 I/vold    (  512): orig key files /data/misc/vold/user_keys/ece/0/current decrypt succ, check backup
05-27 10:47:48.733 D/vold    (  512): Successfully retrieved key
05-27 10:47:48.733 D/vold    (  512): begin FixateUserEceKey
05-27 10:47:48.733 D/vold    (  512): begin ReadAndFixateUserSeceKey 0
05-27 10:47:48.735 D/vold    (  512): Skipping non-key .
05-27 10:47:48.735 D/vold    (  512): Skipping non-key ..
05-27 10:47:48.735 D/vold    (  512): Trying user SECE key 
05-27 10:47:48.749 I/vold    (  512): orig key files /data/misc/vold/user_keys/sece/0/current decrypt succ, check backup
05-27 10:47:48.752 D/vold    (  512): Successfully retrieved key
05-27 10:47:48.752 D/vold    (  512): FixateUserSeceKey
05-27 10:47:48.752 D/vold    (  512): begin InstallKeyIsec
05-27 10:47:48.752 D/vold    (  512): Added key 804013715 (ext4:977c1bba670d4794) to keyring 768333221 in process 512
05-27 10:47:48.752 D/vold    (  512): Added key 572628522 (f2fs:977c1bba670d4794) to keyring 768333221 in process 512
05-27 10:47:48.752 D/vold    (  512): Added key 137063311 (fscrypt:977c1bba670d4794) to keyring 768333221 in process 512
05-27 10:47:48.752 D/vold    (  512): begin InstallKeyIsec
05-27 10:47:48.752 D/vold    (  512): Added key 458469085 (ext4:07595d80a6caa1e1) to keyring 768333221 in process 512
