--------- beginning of system
05-27 10:25:05.131 I/chatty  ( 2007): uid=1000(system) Binder:2007_13 expire 36 lines
05-27 10:25:05.133 D/HwCommandQueue( 3478): CommandQueue, set Launcher StatusBar Color
05-27 10:25:05.134 D/HwCommandQueue( 3478): CommandQueue, set Launcher StatusBar Color
05-27 10:25:05.138 D/HwCommandQueue( 3478): CommandQueue, set Launcher StatusBar Color
05-27 10:25:05.155 I/chatty  ( 2007): uid=1000(system) PowerManagerSer expire 34 lines
05-27 10:25:05.178 I/chatty  ( 3859): uid=1000(system) OllieAwareThrea expire 54 lines
05-27 10:25:05.185 V/ActivityThread(27313): callActivityOnCreate
05-27 10:25:05.194 D/ActivityThread(27313): add activity client record, r= ActivityRecord{c68fa12 token=android.os.BinderProxy@1fd3c98 {com.huatu.handheld_huatu/com.huatu.handheld_huatu.business.essay.EssayExamActivity}} token= android.os.BinderProxy@1fd3c98
05-27 10:25:05.250 I/chatty  ( 2007): uid=1000(system) android.ui expire 12 lines
05-27 10:25:05.250 D/HwCommandQueue( 3478): CommandQueue, set Launcher StatusBar Color
05-27 10:25:05.276 I/chatty  ( 2007): uid=1000(system) android.display expire 12 lines
05-27 10:25:05.289 I/chatty  ( 2007): uid=1000(system) Binder:2007_F expire 10 lines
05-27 10:25:05.353 D/HwCommandQueue( 3478): CommandQueue, set Launcher StatusBar Color
05-27 10:25:05.361 I/chatty  ( 2007): uid=1000(system) Binder:2007_20 expire 22 lines
05-27 10:25:05.377 I/ViewRootImpl(27313): dispatchDetachedFromWindow in doDie
05-27 10:25:05.390 D/HwCommandQueue( 3478): CommandQueue, set Launcher StatusBar Color
05-27 10:25:05.390 D/HwCommandQueue( 3478): CommandQueue, set Launcher StatusBar Color
05-27 10:25:05.522 D/HwCommandQueue( 3478): CommandQueue, set Launcher StatusBar Color
05-27 10:25:05.626 I/chatty  ( 2007): uid=1000 system_server expire 14 lines
05-27 10:25:06.304 I/chatty  ( 2007): uid=1000(system) Binder:2007_6 expire 16 lines
05-27 10:25:07.645 D/ActivityThread(27313): Won't deliver top position change in state=5
05-27 10:25:07.649 I/chatty  ( 2007): uid=1000(system) HwActivityTaskM expire 19 lines
05-27 10:25:07.649 I/chatty  ( 2007): uid=1000(system) Thread-6 expire 55 lines
05-27 10:25:07.669 D/HwCommandQueue( 3478): CommandQueue, set Launcher StatusBar Color
05-27 10:25:07.978 D/ActivityThread(27313): Remove activity client record, r= ActivityRecord{c68fa12 token=android.os.BinderProxy@1fd3c98 {com.huatu.handheld_huatu/com.huatu.handheld_huatu.business.essay.EssayExamActivity}} token= android.os.BinderProxy@1fd3c98
05-27 10:25:07.978 I/ViewRootImpl(27313): dispatchDetachedFromWindow in doDie
05-27 10:25:18.224 I/storaged( 1055): storaged_t::event: Uidm reported.
05-27 10:25:18.267 I/storaged( 1055): uid_monitor::update_curr_io_stats_locked: last_uid_io_stats_ size is 358
05-27 10:25:18.267 I/storaged( 1055): uid_monitor::update_curr_io_stats_locked: curr_io_stats_ size is 360
05-27 10:25:18.267 I/storaged( 1055): uid_monitor::update_uid_io_proto: io_history_ size is 829
05-27 10:25:18.270 I/storaged( 1055): storaged_t::event: storage_info refreshed.
05-27 10:25:18.270 I/storaged( 1055): storaged_t::event: proto flushed.
05-27 10:25:18.499 I/chatty  ( 3859): uid=1000(system) OllieAwareThrea expire 243 lines
05-27 10:25:18.766 I/chatty  ( 2007): uid=1000(system) Binder:2007_6 expire 17 lines
05-27 10:25:18.770 I/chatty  ( 2007): uid=1000(system) Binder:2007_13 expire 25 lines
05-27 10:25:19.146 I/chatty  ( 2007): uid=1000(system) PowerManagerSer expire 163 lines
05-27 10:25:19.805 I/chatty  ( 2007): uid=1000(system) Binder:2007_F expire 34 lines
05-27 10:25:22.359 I/chatty  ( 2007): uid=1000(system) Binder:2007_20 expire 10 lines
05-27 10:25:25.930 I/chatty  ( 2007): uid=1000(system) Binder:2007_19 expire 15 lines
05-27 10:25:29.749 I/chatty  ( 2007): uid=1000(system) Binder:2007_18 expire 22 lines
05-27 10:25:42.640 I/chatty  ( 2007): uid=1000(system) UEventObserver expire 12 lines
05-27 10:26:19.170 I/storaged( 1055): storaged_t::event: storage_info refreshed.
05-27 10:26:19.939 I/chatty  ( 3859): uid=1000(system) OllieAwareThrea expire 232 lines
05-27 10:26:21.054 I/chatty  ( 2007): uid=1000(system) MobileQosDetect expire 20 lines
05-27 10:26:30.150 I/chatty  ( 2007): uid=1000(system) PowerManagerSer expire 106 lines
05-27 10:26:30.450 I/chatty  ( 2007): uid=1000(system) Binder:2007_19 expire 11 lines
05-27 10:26:38.484 I/chatty  ( 2007): uid=1000(system) ConnectivitySer expire 13 lines
05-27 10:26:38.484 I/chatty  ( 2007): uid=1000(system) Binder:2007_1C expire 10 lines
05-27 10:26:44.075 I/chatty  ( 2007): uid=1000(system) UEventObserver expire 12 lines
05-27 10:26:58.932 I/chatty  ( 2007): uid=1000(system) Binder:2007_18 expire 12 lines
05-27 10:27:05.892 I/chatty  ( 2007): uid=1000(system) AlarmManager expire 16 lines
05-27 10:27:07.942 I/chatty  ( 2007): uid=1000(system) Binder:2007_F expire 20 lines
05-27 10:27:19.171 I/storaged( 1055): storaged_t::event: storage_info refreshed.
05-27 10:27:19.323 I/chatty  ( 3859): uid=1000(system) OllieAwareThrea expire 237 lines
05-27 10:27:19.784 I/chatty  ( 2007): uid=1000(system) PowerManagerSer expire 191 lines
05-27 10:27:19.811 I/chatty  ( 2007): uid=1000(system) Binder:2007_16 expire 19 lines
05-27 10:27:19.848 I/chatty  ( 2007): uid=1000(system) Binder:2007_F expire 3 lines
05-27 10:27:20.181 I/chatty  ( 2007): uid=1000(system) Binder:2007_20 expire 15 lines
05-27 10:27:20.182 I/chatty  ( 2007): uid=1000(system) Binder:2007_D expire 12 lines
05-27 10:27:20.185 I/chatty  ( 2007): uid=1000(system) Binder:2007_B expire 42 lines
05-27 10:27:20.198 I/HwNetworkPolicyManager( 6029): getHwUidPolicy uid = 10206 policy = 0
05-27 10:27:22.347 I/chatty  ( 2007): uid=1000(system) Binder:2007_15 expire 14 lines
05-27 10:27:45.515 I/chatty  ( 2007): uid=1000(system) UEventObserver expire 12 lines
05-27 10:27:49.063 I/chatty  ( 2007): uid=1000(system) Binder:2007_1F expire 20 lines
05-27 10:27:59.956 I/chatty  ( 2007): uid=1000 system_server expire 15 lines
05-27 10:27:59.975 I/chatty  ( 2007): uid=1000(system) onProviders.ECP expire 1 line
05-27 10:28:19.173 I/storaged( 1055): storaged_t::event: storage_info refreshed.
05-27 10:28:19.747 I/chatty  ( 3859): uid=1000(system) OllieAwareThrea expire 236 lines
05-27 10:28:21.174 I/chatty  ( 2007): uid=1000(system) MobileQosDetect expire 14 lines
05-27 10:28:22.349 I/chatty  ( 2007): uid=1000(system) Binder:2007_1 expire 27 lines
05-27 10:28:24.150 I/chatty  ( 2007): uid=1000(system) PowerManagerSer expire 131 lines
05-27 10:28:26.610 I/chatty  ( 2007): uid=1000(system) Binder:2007_15 expire 16 lines
05-27 10:28:30.028 I/chatty  ( 2007): uid=1000(system) Binder:2007_B expire 20 lines
05-27 10:28:46.048 I/chatty  ( 2007): uid=1000(system) Binder:2007_1F expire 25 lines
05-27 10:28:46.837 I/chatty  ( 2007): uid=1000(system) AlarmManager expire 16 lines
05-27 10:28:46.955 I/chatty  ( 2007): uid=1000(system) UEventObserver expire 12 lines
05-27 10:29:16.089 I/chatty  ( 2007): uid=1000(system) Binder:2007_16 expire 19 lines
05-27 10:29:19.174 I/storaged( 1055): storaged_t::event: storage_info refreshed.
05-27 10:29:20.094 I/chatty  ( 2007): uid=1000(system) Binder:2007_B expire 12 lines
05-27 10:29:20.151 I/chatty  ( 2007): uid=1000(system) PowerManagerSer expire 146 lines
05-27 10:29:20.161 I/chatty  ( 3859): uid=1000(system) OllieAwareThrea expire 232 lines
05-27 10:29:21.234 I/chatty  ( 2007): uid=1000(system) MobileQosDetect expire 13 lines
05-27 10:29:22.126 I/chatty  ( 2007): uid=1000(system) Binder:2007_D expire 28 lines
05-27 10:29:33.275 I/chatty  ( 2007): uid=1000(system) Binder:2007_1 expire 19 lines
05-27 10:29:38.423 I/chatty  ( 2007): uid=1000(system) Binder:2007_3 expire 2 lines
05-27 10:29:38.424 I/chatty  ( 2007): uid=1000(system) Binder:2007_9 expire 27 lines
05-27 10:29:39.134 I/chatty  ( 2007): uid=1000(system) Binder:2007_11 expire 13 lines
05-27 10:29:46.128 I/chatty  ( 2007): uid=1000(system) Binder:2007_C expire 22 lines
05-27 10:29:48.394 I/chatty  ( 2007): uid=1000(system) UEventObserver expire 18 lines
05-27 10:29:53.542 I/chatty  ( 2007): uid=1000(system) Binder:2007_19 expire 19 lines
05-27 10:29:53.572 I/chatty  ( 2007): uid=1000(system) Binder:2007_A expire 86 lines
05-27 10:30:03.857 I/chatty  ( 2007): uid=1000(system) NetworkStats expire 12 lines
05-27 10:30:19.175 I/storaged( 1055): storaged_t::event: storage_info refreshed.
05-27 10:30:19.547 I/chatty  ( 3859): uid=1000(system) OllieAwareThrea expire 236 lines
05-27 10:30:20.165 I/chatty  ( 2007): uid=1000(system) Binder:2007_1F expire 9 lines
05-27 10:30:25.148 I/chatty  ( 2007): uid=1000(system) PowerManagerSer expire 146 lines
05-27 10:30:27.339 I/chatty  ( 2007): uid=1000(system) Binder:2007_D expire 5 lines
05-27 10:30:28.980 I/chatty  ( 2007): uid=1000(system) AlarmManager expire 16 lines
05-27 10:30:33.846 I/chatty  ( 2007): uid=1000(system) Thread-6 expire 18 lines
05-27 10:30:33.846 I/chatty  ( 2007): uid=1000(system) Binder:2007_15 expire 32 lines
05-27 10:30:33.847 I/chatty  ( 2007): uid=1000(system) HwActivityTaskM expire 10 lines
05-27 10:30:35.643 I/chatty  ( 2007): uid=1000(system) Binder:2007_6 expire 14 lines
05-27 10:30:37.343 I/chatty  ( 2007): uid=1000(system) Binder:2007_5 expire 27 lines
05-27 10:30:41.314 I/chatty  ( 2007): uid=1000(system) MobileQosDetect expire 19 lines
05-27 10:30:42.190 I/chatty  ( 2007): uid=1000(system) Binder:2007_12 expire 14 lines
05-27 10:30:46.594 I/chatty  ( 2007): uid=1000(system) ConnectivitySer expire 12 lines
05-27 10:30:46.615 I/chatty  ( 2007): uid=1000(system) android.display expire 22 lines
05-27 10:30:48.719 I/chatty  ( 2007): uid=1000(system) Binder:2007_C expire 21 lines
05-27 10:30:49.834 I/chatty  ( 2007): uid=1000(system) UEventObserver expire 12 lines
05-27 10:30:56.182 I/chatty  ( 2007): uid=1000(system) Binder:2007_4 expire 9 lines
05-27 10:31:00.183 I/chatty  ( 2007): uid=1000(system) Binder:2007_18 expire 17 lines
05-27 10:31:13.071 I/chatty  ( 2007): uid=1000(system) LocationHander expire 13 lines
05-27 10:31:13.082 I/chatty  ( 2007): uid=1000(system) Binder:2007_E expire 12 lines
05-27 10:31:19.176 I/storaged( 1055): storaged_t::event: storage_info refreshed.
05-27 10:31:19.967 I/chatty  ( 3859): uid=1000(system) OllieAwareThrea expire 232 lines
05-27 10:31:21.207 I/chatty  ( 2007): uid=1000(system) Binder:2007_19 expire 23 lines
05-27 10:31:22.152 I/chatty  ( 2007): uid=1000(system) PowerManagerSer expire 152 lines
05-27 10:31:39.212 I/chatty  ( 2007): uid=1000(system) Binder:2007_17 expire 10 lines
05-27 10:31:51.278 I/chatty  ( 2007): uid=1000(system) UEventObserver expire 18 lines
05-27 10:32:05.954 I/chatty  ( 2007): uid=1000(system) Thread-6 expire 20 lines
05-27 10:32:09.401 I/chatty  ( 2007): uid=1000(system) MobileQosDetect expire 27 lines
05-27 10:32:12.213 I/chatty  ( 2007): uid=1000(system) Binder:2007_C expire 41 lines
05-27 10:32:16.213 I/chatty  ( 2007): uid=1000(system) Binder:2007_1C expire 27 lines
05-27 10:32:18.762 I/chatty  ( 2007): uid=1000(system) Binder:2007_7 expire 42 lines
05-27 10:32:19.177 I/storaged( 1055): storaged_t::event: storage_info refreshed.
05-27 10:32:19.363 I/chatty  ( 3859): uid=1000(system) OllieAwareThrea expire 236 lines
05-27 10:32:33.150 I/chatty  ( 2007): uid=1000(system) PowerManagerSer expire 138 lines
05-27 10:32:59.934 I/chatty  ( 2007): uid=1000(system) Binder:2007_1E expire 14 lines
05-27 10:33:16.257 I/chatty  ( 2007): uid=1000(system) Binder:2007_19 expire 21 lines
05-27 10:33:19.178 I/storaged( 1055): storaged_t::event: storage_info refreshed.
05-27 10:33:19.779 I/chatty  ( 3859): uid=1000(system) OllieAwareThrea expire 140 lines
05-27 10:33:22.348 I/chatty  ( 2007): uid=1000(system) Binder:2007_B expire 21 lines
05-27 10:33:23.435 I/chatty  ( 2007): uid=1000(system) UEventObserver expire 12 lines
05-27 10:33:29.151 I/chatty  ( 2007): uid=1000(system) PowerManagerSer expire 65 lines
05-27 10:33:29.249 I/chatty  ( 2007): uid=1000(system) Binder:2007_17 expire 10 lines
05-27 10:33:40.256 I/chatty  ( 2007): uid=1000(system) Binder:2007_1C expire 12 lines
05-27 10:33:55.314 W/ContextImpl( 4388): Calling a method in the system process without a qualified user: android.app.ContextImpl.sendBroadcast:1183 com.huawei.android.chr.ChrCore.report:5584 com.huawei.android.chr.ChrCore.report:469 com.huawei.android.chr.dataservice.ChrDataService.saveToChrModel:979 com.huawei.android.chr.dataservice.PsQoeManager.saveQoeEvent:101 
05-27 10:33:55.317 W/ContextImpl( 4388): Calling a method in the system process without a qualified user: android.app.ContextImpl.sendBroadcast:1183 com.huawei.android.chr.ProtocolLogManager.setChrInfo2DbEx:1017 com.huawei.android.chr.ProtocolLogManager.setChrInfo2Db:962 com.huawei.android.chr.dataservice.PsQoeManager.saveQoeEvent:114 com.huawei.android.chr.dataservice.ChrDataService.handleMessage:13681 
05-27 10:33:55.619 I/chatty  ( 3859): uid=1000(system) OllieAwareThrea expire 96 lines
05-27 10:34:02.151 I/chatty  ( 2007): uid=1000(system) PowerManagerSer expire 82 lines
05-27 10:34:05.926 I/chatty  ( 2007): uid=1000(system) AlarmManager expire 10 lines
05-27 10:34:09.518 I/chatty  ( 2007): uid=1000(system) MobileQosDetect expire 13 lines
05-27 10:34:19.179 I/storaged( 1055): storaged_t::event: storage_info refreshed.
05-27 10:34:19.181 I/chatty  ( 2007): uid=1000(system) Binder:2007_C expire 24 lines
05-27 10:34:20.195 I/chatty  ( 3859): uid=1000(system) OllieAwareThrea expire 188 lines
05-27 10:34:21.277 I/chatty  ( 2007): uid=1000(system) Binder:2007_17 expire 24 lines
05-27 10:34:24.878 I/chatty  ( 2007): uid=1000(system) UEventObserver expire 12 lines
05-27 10:34:28.363 I/chatty  ( 2007): uid=1000(system) Binder:2007_1E expire 13 lines
05-27 10:34:31.313 I/chatty  ( 2007): uid=1000(system) Binder:2007_19 expire 14 lines
05-27 10:34:33.152 I/chatty  ( 2007): uid=1000(system) PowerManagerSer expire 178 lines
05-27 10:35:07.554 I/chatty  ( 2007): uid=1000 system_server expire 46 lines
05-27 10:35:07.554 I/chatty  ( 2007): uid=1000(system) android.ui expire 12 lines
05-27 10:35:07.564 I/chatty  ( 2007): uid=1000(system) pool-2-thread-1 expire 1 line
05-27 10:35:07.566 I/chatty  ( 2007): uid=1000(system) pool-2-thread-3 expire 1 line
05-27 10:35:07.591 I/chatty  ( 2007): uid=1000(system) NotifyScreenSta expire 2 lines
05-27 10:35:07.600 D/vold    (  512): begin lockScreenPrepare
05-27 10:35:07.600 D/vold    (  512): FscryptLockScreenPrepare flag is: 1 userId:0
05-27 10:35:07.770 I/chatty  ( 2007): uid=1000(system) Binder:2007_1E expire 14 lines
05-27 10:35:07.780 I/chatty  ( 2007): uid=1000(system) PhotonicModulat expire 5 lines
05-27 10:35:07.794 I/chatty  ( 3859): uid=1000(system) OllieAwareThrea expire 43 lines
05-27 10:35:07.794 I/chatty  ( 2007): uid=1000(system) HwDualSensorEve expire 7 lines
05-27 10:35:07.802 I/chatty  ( 2007): uid=1000(system) NetworkTimeUpda expire 2 lines
05-27 10:35:07.813 I/chatty  ( 2007): uid=1000(system) android.anim expire 16 lines
05-27 10:35:08.018 D/vold    (  512): begin lockScreenPrepare
05-27 10:35:08.018 D/vold    (  512): FscryptLockScreenPrepare flag is: 1 userId:0
05-27 10:35:08.078 I/ActivityThread(27313): Handle window ActivityRecord{66ade6 token=android.os.BinderProxy@2915629 {com.huatu.handheld_huatu/com.huatu.handheld_huatu.faceteach.activity.EssaySingleListActivity}} visibility: false
05-27 10:35:08.085 I/chatty  ( 2007): uid=1000(system) HwSfpService expire 6 lines
05-27 10:35:08.085 D/vold    (  512): begin getKeyDesc
05-27 10:35:08.086 D/vold    (  512): begin getKeyDesc
05-27 10:35:08.086 D/vold    (  512): begin getPrepareFlag
05-27 10:35:08.086 D/vold    (  512): FscryptGetLockScreenPrepareFlag flag is: 1 userId:0
05-27 10:35:08.090 D/vold    (  512): begin getPrepareFlag
05-27 10:35:08.090 D/vold    (  512): FscryptGetLockScreenPrepareFlag flag is: 1 userId:0
05-27 10:35:08.090 D/vold    (  512): begin getPrepareFlag
05-27 10:35:08.090 D/vold    (  512): FscryptGetLockScreenPrepareFlag flag is: 1 userId:0
05-27 10:35:08.136 I/chatty  ( 2007): uid=1000(system) StorageManagerS expire 2 lines
05-27 10:35:08.152 I/chatty  ( 2007): uid=1000(system) WifiP2pService expire 10 lines
05-27 10:35:08.193 D/HwCommandQueue( 3478): CommandQueue, set Launcher StatusBar Color
05-27 10:35:08.197 I/RtgSchedEvent( 3478): current pid:3478 AppType:255
05-27 10:35:08.355 I/chatty  ( 2007): uid=1000(system) GestureNavManag expire 4 lines
05-27 10:35:08.409 I/chatty  ( 2007): uid=1000(system) Binder:2007_C expire 24 lines
05-27 10:35:08.572 I/chatty  ( 2007): uid=1000(system) Binder:2007_1 expire 24 lines
05-27 10:35:08.587 I/chatty  ( 2007): uid=1000(system) ActivityManager expire 10 lines
05-27 10:35:08.597 D/ActivityThread( 6463): Attach thread to application
05-27 10:35:08.601 I/chatty  ( 2007): uid=1000(system) Binder:2007_B expire 12 lines
05-27 10:35:08.607 I/ActivityThread( 6463): Init compatible state: false
05-27 10:35:08.703 I/chatty  ( 2007): uid=1000(system) Binder:2007_1C expire 21 lines
05-27 10:35:08.708 I/chatty  ( 2007): uid=1000(system) android.bg expire 5 lines
05-27 10:35:08.708 I/chatty  ( 2007): uid=1000(system) pool-22-thread- expire 6 lines
05-27 10:35:08.715 I/ActivityThread( 6463): finishPreloaded preloadStatus 0
05-27 10:35:08.781 I/chatty  ( 2007): uid=1000(system) Binder:2007_7 expire 12 lines
05-27 10:35:09.181 W/PackageParser( 6463): Unknown element under <manifest>: queries at /data/user_de/0/com.huawei.android.hsf/modules/external/huawei_module_networkkit/60000300/networkkit.apk Binary XML file line #14
05-27 10:35:09.212 D/SystemConfig( 6463): Removed unavailable feature android.hardware.sensor.barometer
05-27 10:35:09.216 W/SystemConfig( 6463): No directory /product_services/etc/sysconfig, skipping
05-27 10:35:09.217 W/SystemConfig( 6463): No directory /product_services/etc/permissions, skipping
05-27 10:35:09.217 W/SystemConfig( 6463): No directory /system/emui/base/sysconfig, skipping
05-27 10:35:09.218 W/SystemConfig( 6463): No directory /system/emui/china/sysconfig, skipping
05-27 10:35:09.218 W/SystemConfig( 6463): No directory /vendor/etc/sysconfig, skipping
05-27 10:35:09.221 D/SystemConfig( 6463): Removed unavailable feature android.hardware.sensor.barometer
05-27 10:35:09.224 W/SystemConfig( 6463): No directory /odm/cust/all/cn/sysconfig, skipping
05-27 10:35:09.224 W/SystemConfig( 6463): No directory /odm/cust/all/cn/permissions, skipping
05-27 10:35:09.224 W/SystemConfig( 6463): No directory /odm/etc/sysconfig, skipping
05-27 10:35:09.226 W/SystemConfig( 6463): No directory /odm/hw_odm/ELE-AL00/sysconfig, skipping
05-27 10:35:09.226 W/SystemConfig( 6463): No directory /odm/hw_odm/ELE-AL00/permissions, skipping
05-27 10:35:09.226 W/SystemConfig( 6463): No directory /hw_product/etc/sysconfig, skipping
05-27 10:35:09.227 W/SystemConfig( 6463): No directory /hw_product/region_comm/china/sysconfig, skipping
05-27 10:35:09.228 W/SystemConfig( 6463): No directory /preas/china/sysconfig, skipping
05-27 10:35:09.231 W/SystemConfig( 6463): No directory /hw_product/hw_oem/ELE-AL00/sysconfig, skipping
05-27 10:35:09.231 W/SystemConfig( 6463): No directory /preload/ELE-AL00/all/cn/sysconfig, skipping
05-27 10:35:09.232 W/SystemConfig( 6463): No directory /cust/global/sysconfig, skipping
05-27 10:35:09.232 W/SystemConfig( 6463): No directory /cust/global/permissions, skipping
05-27 10:35:09.232 W/SystemConfig( 6463): No directory /cust/hw/cn/sysconfig, skipping
05-27 10:35:09.232 W/SystemConfig( 6463): No directory /cust/hw/cn/permissions, skipping
05-27 10:35:09.232 W/SystemConfig( 6463): No directory /version/cust/all/cn/sysconfig, skipping
05-27 10:35:09.233 W/SystemConfig( 6463): No directory /hw_product/special_cust/ELE-AL00/all/cn/sysconfig, skipping
05-27 10:35:09.233 W/SystemConfig( 6463): No directory /hw_product/special_cust/ELE-AL00/all/cn/permissions, skipping
05-27 10:35:09.233 W/SystemConfig( 6463): No directory /version/special_cust/ELE-AL00/all/cn/sysconfig, skipping
05-27 10:35:09.233 W/SystemConfig( 6463): No directory /version/special_cust/ELE-AL00/all/cn/permissions, skipping
05-27 10:35:09.233 W/SystemConfig( 6463): No directory /cust/cotalite/sysconfig, skipping
05-27 10:35:09.233 W/SystemConfig( 6463): No directory /cust/cotalite/permissions, skipping
05-27 10:35:09.233 W/SystemConfig( 6463): No directory /cust/ecota/sysconfig, skipping
05-27 10:35:09.233 W/SystemConfig( 6463): No directory /cust/ecota/permissions, skipping
05-27 10:35:09.233 I/HwCustSystemConfigImpl( 6463): start read overlay feature.
05-27 10:35:09.234 I/HwCustSystemConfigImpl( 6463): overlay feature take effect.
05-27 10:35:10.398 I/chatty  ( 2007): uid=1000(system) UEventObserver expire 12 lines
05-27 10:35:11.165 I/chatty  ( 2007): uid=1000(system) MultiTaskManage expire 15 lines
05-27 10:35:11.170 I/chatty  ( 2007): uid=1000(system) HwActivityTaskM expire 19 lines
05-27 10:35:11.187 I/chatty  ( 3859): uid=1000(system) com.huawei.systemserver expire 7 lines
05-27 10:35:13.593 I/chatty  ( 2007): uid=1000(system) MobileQosDetect expire 16 lines
05-27 10:35:18.093 D/vold    (  512): begin lockUserScreenIsec
05-27 10:35:18.093 D/vold    (  512): begin FscryptLockUserScreenIsec 0
05-27 10:35:18.096 D/vold    (  512): e4crypt lock user screen 0
05-27 10:35:18.097 D/vold    (  512): EvictEceKeyFromKeyring 0
05-27 10:35:18.097 D/vold    (  512): revoke key with serial 626151251 ref ext4:977c1bba670d4794
05-27 10:35:18.097 D/vold    (  512): revoke key with serial 1007622776 ref f2fs:977c1bba670d4794
05-27 10:35:18.098 D/vold    (  512): revoke key with serial 616156125 ref fscrypt:977c1bba670d4794
05-27 10:35:18.098 D/vold    (  512): EvictSecePriKeyFromKeyring 0
05-27 10:35:18.098 D/vold    (  512): begin InstallKeyIsec
05-27 10:35:18.098 D/vold    (  512): Added key 458469085 (ext4:07595d80a6caa1e1) to keyring 768333221 in process 512
05-27 10:35:18.098 D/vold    (  512): Added key 500027697 (f2fs:07595d80a6caa1e1) to keyring 768333221 in process 512
05-27 10:35:18.098 D/vold    (  512): Added key 151703732 (fscrypt:07595d80a6caa1e1) to keyring 768333221 in process 512
05-27 10:35:18.098 D/vold    (  512): 0 hwsdp: enter DelIsecKeyForLockScreen
05-27 10:35:18.098 D/vold    (  512): FscryptLockUserScreenIsec result:1
05-27 10:35:18.816 I/chatty  ( 2007): uid=1000(system) Binder:2007_1E expire 18 lines
05-27 10:35:19.181 I/storaged( 1055): storaged_t::event: storage_info refreshed.
05-27 10:35:20.154 I/chatty  ( 2007): uid=1000(system) PowerManagerSer expire 51 lines
05-27 10:35:20.454 I/chatty  ( 3859): uid=1000(system) OllieAwareThrea expire 13 lines
05-27 10:35:24.444 D/ActivityThread( 6677): Attach thread to application
05-27 10:35:24.463 I/ActivityThread( 6677): Init compatible state: false
05-27 10:35:25.116 D/SystemConfig( 6677): Removed unavailable feature android.hardware.sensor.barometer
05-27 10:35:25.120 W/SystemConfig( 6677): No directory /product_services/etc/sysconfig, skipping
05-27 10:35:25.120 W/SystemConfig( 6677): No directory /product_services/etc/permissions, skipping
05-27 10:35:25.121 W/SystemConfig( 6677): No directory /system/emui/base/sysconfig, skipping
05-27 10:35:25.121 W/SystemConfig( 6677): No directory /system/emui/china/sysconfig, skipping
05-27 10:35:25.121 W/SystemConfig( 6677): No directory /vendor/etc/sysconfig, skipping
05-27 10:35:25.124 D/SystemConfig( 6677): Removed unavailable feature android.hardware.sensor.barometer
05-27 10:35:25.128 W/SystemConfig( 6677): No directory /odm/cust/all/cn/sysconfig, skipping
05-27 10:35:25.128 W/SystemConfig( 6677): No directory /odm/cust/all/cn/permissions, skipping
05-27 10:35:25.128 W/SystemConfig( 6677): No directory /odm/etc/sysconfig, skipping
05-27 10:35:25.129 W/SystemConfig( 6677): No directory /odm/hw_odm/ELE-AL00/sysconfig, skipping
05-27 10:35:25.129 W/SystemConfig( 6677): No directory /odm/hw_odm/ELE-AL00/permissions, skipping
05-27 10:35:25.129 W/SystemConfig( 6677): No directory /hw_product/etc/sysconfig, skipping
05-27 10:35:25.131 W/SystemConfig( 6677): No directory /hw_product/region_comm/china/sysconfig, skipping
05-27 10:35:25.132 W/SystemConfig( 6677): No directory /preas/china/sysconfig, skipping
05-27 10:35:25.134 W/SystemConfig( 6677): No directory /hw_product/hw_oem/ELE-AL00/sysconfig, skipping
05-27 10:35:25.135 W/SystemConfig( 6677): No directory /preload/ELE-AL00/all/cn/sysconfig, skipping
05-27 10:35:25.135 W/SystemConfig( 6677): No directory /cust/global/sysconfig, skipping
05-27 10:35:25.135 W/SystemConfig( 6677): No directory /cust/global/permissions, skipping
05-27 10:35:25.135 W/SystemConfig( 6677): No directory /cust/hw/cn/sysconfig, skipping
05-27 10:35:25.135 W/SystemConfig( 6677): No directory /cust/hw/cn/permissions, skipping
05-27 10:35:25.135 W/SystemConfig( 6677): No directory /version/cust/all/cn/sysconfig, skipping
05-27 10:35:25.136 W/SystemConfig( 6677): No directory /hw_product/special_cust/ELE-AL00/all/cn/sysconfig, skipping
05-27 10:35:25.136 W/SystemConfig( 6677): No directory /hw_product/special_cust/ELE-AL00/all/cn/permissions, skipping
05-27 10:35:25.136 W/SystemConfig( 6677): No directory /version/special_cust/ELE-AL00/all/cn/sysconfig, skipping
05-27 10:35:25.136 W/SystemConfig( 6677): No directory /version/special_cust/ELE-AL00/all/cn/permissions, skipping
05-27 10:35:25.136 W/SystemConfig( 6677): No directory /cust/cotalite/sysconfig, skipping
05-27 10:35:25.136 W/SystemConfig( 6677): No directory /cust/cotalite/permissions, skipping
05-27 10:35:25.136 W/SystemConfig( 6677): No directory /cust/ecota/sysconfig, skipping
05-27 10:35:25.136 W/SystemConfig( 6677): No directory /cust/ecota/permissions, skipping
05-27 10:35:25.136 I/HwCustSystemConfigImpl( 6677): start read overlay feature.
05-27 10:35:25.137 I/HwCustSystemConfigImpl( 6677): overlay feature take effect.
05-27 10:35:25.190 I/ActivityThread( 6677): finishPreloaded preloadStatus 0
05-27 10:35:29.900 I/chatty  ( 2007): uid=1000 system_server expire 247 lines
05-27 10:35:29.908 I/chatty  ( 2007): uid=1000(system) Binder:2007_18 expire 44 lines
05-27 10:35:29.909 I/chatty  ( 2007): uid=1000(system) Binder:2007_B expire 23 lines
05-27 10:35:29.916 D/ActivityThread( 6749): Attach thread to application
05-27 10:35:29.928 I/chatty  ( 2007): uid=1000(system) Binder:2007_C expire 16 lines
05-27 10:35:29.934 I/chatty  ( 2007): uid=1000(system) ActivityManager expire 17 lines
05-27 10:35:29.937 I/ActivityThread( 6749): Init compatible state: false
05-27 10:35:30.526 D/SystemConfig( 6749): Removed unavailable feature android.hardware.sensor.barometer
05-27 10:35:30.531 W/SystemConfig( 6749): No directory /product_services/etc/sysconfig, skipping
05-27 10:35:30.531 W/SystemConfig( 6749): No directory /product_services/etc/permissions, skipping
05-27 10:35:30.531 W/SystemConfig( 6749): No directory /system/emui/base/sysconfig, skipping
05-27 10:35:30.532 W/SystemConfig( 6749): No directory /system/emui/china/sysconfig, skipping
05-27 10:35:30.532 W/SystemConfig( 6749): No directory /vendor/etc/sysconfig, skipping
05-27 10:35:30.535 D/SystemConfig( 6749): Removed unavailable feature android.hardware.sensor.barometer
05-27 10:35:30.538 W/SystemConfig( 6749): No directory /odm/cust/all/cn/sysconfig, skipping
05-27 10:35:30.538 W/SystemConfig( 6749): No directory /odm/cust/all/cn/permissions, skipping
05-27 10:35:30.538 W/SystemConfig( 6749): No directory /odm/etc/sysconfig, skipping
05-27 10:35:30.540 W/SystemConfig( 6749): No directory /odm/hw_odm/ELE-AL00/sysconfig, skipping
05-27 10:35:30.540 W/SystemConfig( 6749): No directory /odm/hw_odm/ELE-AL00/permissions, skipping
05-27 10:35:30.540 W/SystemConfig( 6749): No directory /hw_product/etc/sysconfig, skipping
05-27 10:35:30.542 W/SystemConfig( 6749): No directory /hw_product/region_comm/china/sysconfig, skipping
05-27 10:35:30.543 W/SystemConfig( 6749): No directory /preas/china/sysconfig, skipping
05-27 10:35:30.545 W/SystemConfig( 6749): No directory /hw_product/hw_oem/ELE-AL00/sysconfig, skipping
05-27 10:35:30.546 W/SystemConfig( 6749): No directory /preload/ELE-AL00/all/cn/sysconfig, skipping
05-27 10:35:30.546 W/SystemConfig( 6749): No directory /cust/global/sysconfig, skipping
05-27 10:35:30.546 W/SystemConfig( 6749): No directory /cust/global/permissions, skipping
05-27 10:35:30.546 W/SystemConfig( 6749): No directory /cust/hw/cn/sysconfig, skipping
05-27 10:35:30.546 W/SystemConfig( 6749): No directory /cust/hw/cn/permissions, skipping
05-27 10:35:30.546 W/SystemConfig( 6749): No directory /version/cust/all/cn/sysconfig, skipping
05-27 10:35:30.547 W/SystemConfig( 6749): No directory /hw_product/special_cust/ELE-AL00/all/cn/sysconfig, skipping
05-27 10:35:30.547 W/SystemConfig( 6749): No directory /hw_product/special_cust/ELE-AL00/all/cn/permissions, skipping
05-27 10:35:30.547 W/SystemConfig( 6749): No directory /version/special_cust/ELE-AL00/all/cn/sysconfig, skipping
05-27 10:35:30.547 W/SystemConfig( 6749): No directory /version/special_cust/ELE-AL00/all/cn/permissions, skipping
05-27 10:35:30.547 W/SystemConfig( 6749): No directory /cust/cotalite/sysconfig, skipping
05-27 10:35:30.547 W/SystemConfig( 6749): No directory /cust/cotalite/permissions, skipping
05-27 10:35:30.547 W/SystemConfig( 6749): No directory /cust/ecota/sysconfig, skipping
05-27 10:35:30.547 W/SystemConfig( 6749): No directory /cust/ecota/permissions, skipping
05-27 10:35:30.547 I/HwCustSystemConfigImpl( 6749): start read overlay feature.
05-27 10:35:30.548 I/HwCustSystemConfigImpl( 6749): overlay feature take effect.
05-27 10:35:30.556 I/ActivityThread( 6749): finishPreloaded preloadStatus 0
05-27 10:35:30.563 I/chatty  ( 2007): uid=1000(system) Binder:2007_17 expire 23 lines
05-27 10:35:30.993 I/chatty  ( 2007): uid=1000(system) Binder:2007_1E expire 12 lines
05-27 10:35:31.121 D/ActivityThread( 6820): Attach thread to application
05-27 10:35:31.137 I/chatty  ( 2007): uid=1000(system) PowerManagerSer expire 106 lines
05-27 10:35:31.142 I/ActivityThread( 6820): Init compatible state: true
05-27 10:35:31.451 D/HwCustConnectivityManagerImpl( 6820): isBlockNetworkRequestByNonAis, INVALID_SUBSCRIPTION_ID
05-27 10:35:31.478 W/PackageParser( 6749): Unknown element under <manifest>: queries at /data/user_de/0/com.huawei.android.hsf/modules/external/huawei_module_networkkit/60000300/networkkit.apk Binary XML file line #14
05-27 10:35:31.490 W/PackageParser( 6820): Unknown element under <manifest>: queries at /data/user_de/0/com.huawei.android.hsf/modules/external/huawei_module_networkkit/60000300/networkkit.apk Binary XML file line #14
05-27 10:35:31.525 D/SystemConfig( 6820): Removed unavailable feature android.hardware.sensor.barometer
05-27 10:35:31.527 W/SystemConfig( 6820): No directory /product_services/etc/sysconfig, skipping
05-27 10:35:31.527 W/SystemConfig( 6820): No directory /product_services/etc/permissions, skipping
05-27 10:35:31.527 W/SystemConfig( 6820): No directory /system/emui/base/sysconfig, skipping
05-27 10:35:31.528 W/SystemConfig( 6820): No directory /system/emui/china/sysconfig, skipping
05-27 10:35:31.528 W/SystemConfig( 6820): No directory /vendor/etc/sysconfig, skipping
05-27 10:35:31.531 D/SystemConfig( 6820): Removed unavailable feature android.hardware.sensor.barometer
05-27 10:35:31.534 W/SystemConfig( 6820): No directory /odm/cust/all/cn/sysconfig, skipping
05-27 10:35:31.535 W/SystemConfig( 6820): No directory /odm/cust/all/cn/permissions, skipping
05-27 10:35:31.535 W/SystemConfig( 6820): No directory /odm/etc/sysconfig, skipping
05-27 10:35:31.536 W/SystemConfig( 6820): No directory /odm/hw_odm/ELE-AL00/sysconfig, skipping
05-27 10:35:31.536 W/SystemConfig( 6820): No directory /odm/hw_odm/ELE-AL00/permissions, skipping
05-27 10:35:31.536 W/SystemConfig( 6820): No directory /hw_product/etc/sysconfig, skipping
05-27 10:35:31.537 W/SystemConfig( 6820): No directory /hw_product/region_comm/china/sysconfig, skipping
05-27 10:35:31.538 W/SystemConfig( 6820): No directory /preas/china/sysconfig, skipping
05-27 10:35:31.539 W/SystemConfig( 6820): No directory /hw_product/hw_oem/ELE-AL00/sysconfig, skipping
05-27 10:35:31.540 W/SystemConfig( 6820): No directory /preload/ELE-AL00/all/cn/sysconfig, skipping
05-27 10:35:31.540 W/SystemConfig( 6820): No directory /cust/global/sysconfig, skipping
05-27 10:35:31.540 W/SystemConfig( 6820): No directory /cust/global/permissions, skipping
05-27 10:35:31.540 W/SystemConfig( 6820): No directory /cust/hw/cn/sysconfig, skipping
05-27 10:35:31.540 W/SystemConfig( 6820): No directory /cust/hw/cn/permissions, skipping
05-27 10:35:31.540 W/SystemConfig( 6820): No directory /version/cust/all/cn/sysconfig, skipping
05-27 10:35:31.540 W/SystemConfig( 6820): No directory /hw_product/special_cust/ELE-AL00/all/cn/sysconfig, skipping
05-27 10:35:31.540 W/SystemConfig( 6820): No directory /hw_product/special_cust/ELE-AL00/all/cn/permissions, skipping
05-27 10:35:31.541 W/SystemConfig( 6820): No directory /version/special_cust/ELE-AL00/all/cn/sysconfig, skipping
05-27 10:35:31.541 D/ActivityThread( 6917): Attach thread to application
05-27 10:35:31.541 W/SystemConfig( 6820): No directory /version/special_cust/ELE-AL00/all/cn/permissions, skipping
05-27 10:35:31.541 W/SystemConfig( 6820): No directory /cust/cotalite/sysconfig, skipping
05-27 10:35:31.541 W/SystemConfig( 6820): No directory /cust/cotalite/permissions, skipping
05-27 10:35:31.541 W/SystemConfig( 6820): No directory /cust/ecota/sysconfig, skipping
05-27 10:35:31.541 W/SystemConfig( 6820): No directory /cust/ecota/permissions, skipping
05-27 10:35:31.541 I/HwCustSystemConfigImpl( 6820): start read overlay feature.
05-27 10:35:31.541 I/HwCustSystemConfigImpl( 6820): overlay feature take effect.
05-27 10:35:31.563 I/ActivityThread( 6917): Init compatible state: true
05-27 10:35:31.701 D/ActivityThread( 6988): Attach thread to application
05-27 10:35:31.709 E/ActivityThread( 6988): getApplicationInfo metadata error
05-27 10:35:31.709 I/ActivityThread( 6988): Init compatible state: false
05-27 10:35:31.717 I/ActivityThread( 6917): finishPreloaded preloadStatus 0
05-27 10:35:31.758 I/ActivityThread( 6988): finishPreloaded preloadStatus 0
05-27 10:35:31.775 D/HwCustConnectivityManagerImpl( 6917): isBlockNetworkRequestByNonAis, INVALID_SUBSCRIPTION_ID
05-27 10:35:31.790 I/ActivityThread( 6820): finishPreloaded preloadStatus 0
05-27 10:35:31.955 W/PackageParser( 6917): Unknown element under <manifest>: queries at /data/user_de/0/com.huawei.android.hsf/modules/external/huawei_module_networkkit/60000300/networkkit.apk Binary XML file line #14
05-27 10:35:32.096 D/SystemConfig( 6917): Removed unavailable feature android.hardware.sensor.barometer
05-27 10:35:32.112 W/SystemConfig( 6917): No directory /product_services/etc/sysconfig, skipping
05-27 10:35:32.112 W/SystemConfig( 6917): No directory /product_services/etc/permissions, skipping
05-27 10:35:32.113 W/SystemConfig( 6917): No directory /system/emui/base/sysconfig, skipping
05-27 10:35:32.114 W/SystemConfig( 6917): No directory /system/emui/china/sysconfig, skipping
05-27 10:35:32.114 W/SystemConfig( 6917): No directory /vendor/etc/sysconfig, skipping
05-27 10:35:32.119 D/SystemConfig( 6917): Removed unavailable feature android.hardware.sensor.barometer
05-27 10:35:32.128 W/SystemConfig( 6917): No directory /odm/cust/all/cn/sysconfig, skipping
05-27 10:35:32.128 W/SystemConfig( 6917): No directory /odm/cust/all/cn/permissions, skipping
05-27 10:35:32.128 W/SystemConfig( 6917): No directory /odm/etc/sysconfig, skipping
05-27 10:35:32.130 W/SystemConfig( 6917): No directory /odm/hw_odm/ELE-AL00/sysconfig, skipping
05-27 10:35:32.131 W/SystemConfig( 6917): No directory /odm/hw_odm/ELE-AL00/permissions, skipping
05-27 10:35:32.131 W/SystemConfig( 6917): No directory /hw_product/etc/sysconfig, skipping
05-27 10:35:32.138 W/SystemConfig( 6917): No directory /hw_product/region_comm/china/sysconfig, skipping
05-27 10:35:32.139 W/SystemConfig( 6917): No directory /preas/china/sysconfig, skipping
05-27 10:35:32.145 W/SystemConfig( 6917): No directory /hw_product/hw_oem/ELE-AL00/sysconfig, skipping
05-27 10:35:32.146 W/SystemConfig( 6917): No directory /preload/ELE-AL00/all/cn/sysconfig, skipping
05-27 10:35:32.147 W/SystemConfig( 6917): No directory /cust/global/sysconfig, skipping
05-27 10:35:32.147 W/SystemConfig( 6917): No directory /cust/global/permissions, skipping
05-27 10:35:32.147 W/SystemConfig( 6917): No directory /cust/hw/cn/sysconfig, skipping
05-27 10:35:32.147 W/SystemConfig( 6917): No directory /cust/hw/cn/permissions, skipping
05-27 10:35:32.147 W/SystemConfig( 6917): No directory /version/cust/all/cn/sysconfig, skipping
05-27 10:35:32.148 W/SystemConfig( 6917): No directory /hw_product/special_cust/ELE-AL00/all/cn/sysconfig, skipping
05-27 10:35:32.148 W/SystemConfig( 6917): No directory /hw_product/special_cust/ELE-AL00/all/cn/permissions, skipping
05-27 10:35:32.148 W/SystemConfig( 6917): No directory /version/special_cust/ELE-AL00/all/cn/sysconfig, skipping
05-27 10:35:32.148 W/SystemConfig( 6917): No directory /version/special_cust/ELE-AL00/all/cn/permissions, skipping
05-27 10:35:32.148 W/SystemConfig( 6917): No directory /cust/cotalite/sysconfig, skipping
05-27 10:35:32.149 W/SystemConfig( 6917): No directory /cust/cotalite/permissions, skipping
05-27 10:35:32.149 W/SystemConfig( 6917): No directory /cust/ecota/sysconfig, skipping
05-27 10:35:32.149 W/SystemConfig( 6917): No directory /cust/ecota/permissions, skipping
05-27 10:35:32.149 I/HwCustSystemConfigImpl( 6917): start read overlay feature.
05-27 10:35:32.158 I/HwCustSystemConfigImpl( 6917): overlay feature take effect.
05-27 10:35:32.296 W/PackageParser( 6677): Unknown element under <manifest>: queries at /data/user_de/0/com.huawei.android.hsf/modules/external/huawei_module_networkkit/60000300/networkkit.apk Binary XML file line #14
05-27 10:35:32.406 I/chatty  ( 2007): uid=1000(system) Binder:2007_5 expire 28 lines
05-27 10:35:32.450 I/chatty  ( 2007): uid=1000(system) ConnectivitySer expire 24 lines
05-27 10:35:32.530 I/chatty  ( 2007): uid=1000(system) Binder:2007_E expire 15 lines
05-27 10:35:57.035 I/chatty  ( 2007): uid=1000(system) UEventObserver expire 12 lines
05-27 10:36:19.182 I/storaged( 1055): storaged_t::event: storage_info refreshed.
05-27 10:36:20.151 I/chatty  ( 2007): uid=1000(system) PowerManagerSer expire 116 lines
05-27 10:36:20.371 I/chatty  ( 2007): uid=1000(system) Binder:2007_E expire 22 lines
05-27 10:36:22.353 I/chatty  ( 2007): uid=1000(system) Binder:2007_B expire 17 lines
05-27 10:36:41.683 I/chatty  ( 2007): uid=1000(system) MobileQosDetect expire 10 lines
05-27 10:36:43.401 I/chatty  ( 2007): uid=1000(system) Binder:2007_18 expire 27 lines
05-27 10:36:48.377 I/chatty  ( 2007): uid=1000(system) Binder:2007_5 expire 17 lines
05-27 10:36:58.475 I/chatty  ( 2007): uid=1000(system) UEventObserver expire 18 lines
05-27 10:37:01.133 I/chatty  ( 2007): uid=1000 system_server expire 14 lines
05-27 10:37:01.159 I/chatty  ( 2007): uid=1000(system) ActivityManager expire 10 lines
05-27 10:37:19.183 I/storaged( 1055): storaged_t::event: storage_info refreshed.
05-27 10:37:19.198 I/chatty  ( 2007): uid=1000(system) Binder:2007_18 expire 14 lines
05-27 10:37:20.152 I/chatty  ( 2007): uid=1000(system) PowerManagerSer expire 130 lines
05-27 10:37:22.397 I/chatty  ( 2007): uid=1000(system) Binder:2007_5 expire 27 lines
05-27 10:37:25.722 I/chatty  ( 2007): uid=1000(system) MobileQosDetect expire 13 lines
05-27 10:37:28.594 I/chatty  ( 2007): uid=1000(system) Thread-6 expire 27 lines
05-27 10:37:28.959 I/chatty  ( 2007): uid=1000 system_server expire 11 lines
05-27 10:37:30.403 I/chatty  ( 2007): uid=1000(system) Binder:2007_C expire 15 lines
05-27 10:37:46.992 I/chatty  ( 2007): uid=1000(system) AlarmManager expire 12 lines
05-27 10:37:50.398 I/chatty  ( 2007): uid=1000(system) backup-0 expire 6 lines
05-27 10:38:19.184 I/storaged( 1055): storaged_t::event: storage_info refreshed.
05-27 10:38:19.258 I/chatty  ( 2007): uid=1000(system) Binder:2007_18 expire 17 lines
05-27 10:38:21.151 I/chatty  ( 2007): uid=1000(system) PowerManagerSer expire 90 lines
05-27 10:38:21.437 I/chatty  ( 2007): uid=1000(system) Binder:2007_5 expire 31 lines
05-27 10:38:21.775 I/chatty  ( 2007): uid=1000(system) MobileQosDetect expire 14 lines
05-27 10:38:30.635 I/chatty  ( 2007): uid=1000(system) UEventObserver expire 12 lines
05-27 10:39:06.887 W/ContextImpl( 3635): Calling a method in the system process without a qualified user: android.app.ContextImpl.startService:1698 android.content.ContextWrapper.startService:669 com.huawei.securitycentersdk.update.UpdateConfigUtils.startDownloadSecConfig:8 d.d.D.w.a.a.b.a.e.vg:9 d.d.D.w.a.a.b.a.e.d:26 
05-27 10:39:07.154 I/chatty  ( 2007): uid=1000(system) PowerManagerSer expire 33 lines
05-27 10:39:07.490 I/chatty  ( 2007): uid=1000(system) Binder:2007_18 expire 21 lines
05-27 10:39:17.198 I/chatty  ( 2007): uid=1000(system) Binder:2007_5 expire 4 lines
05-27 10:39:17.378 I/chatty  ( 2007): uid=1000(system) Binder:2007_17 expire 11 lines
05-27 10:39:17.828 I/chatty  ( 2007): uid=1000(system) MobileQosDetect expire 11 lines
05-27 10:39:18.735 I/chatty  ( 2007): uid=1000(system) Binder:2007_C expire 32 lines
05-27 10:39:19.186 I/storaged( 1055): storaged_t::event: storage_info refreshed.
05-27 10:39:20.487 I/chatty  ( 2007): uid=1000(system) Binder:2007_1E expire 22 lines
05-27 10:39:21.155 I/chatty  ( 2007): uid=1000(system) PowerManagerSer expire 86 lines
05-27 10:39:26.398 I/chatty  ( 2007): uid=1000(system) UEventObserver expire 14 lines
05-27 10:39:26.443 I/chatty  ( 2007): uid=1000 system_server expire 15 lines
05-27 10:40:02.801 I/HwBatteryService( 2007): switch not open, return, mWirelessTxFlag : 0
05-27 10:40:02.801 W/HwBatteryService( 2007): need return. Invalid value: -1
05-27 10:40:02.801 D/HwBatteryService( 2007): setHwChargeTimeRemaining, time = -1 String time: -1
05-27 10:40:02.801 I/HwBatteryService( 2007): IS_WATCH : false
05-27 10:40:03.153 I/PowerManagerService( 2007): handleSandman: wakefulness: 0,startDreaming: false
05-27 10:40:05.151 I/chatty  ( 2007): uid=1000(system) PowerManagerSer identical 57 lines
05-27 10:40:05.538 I/chatty  ( 2007): uid=1000(system) Binder:2007_1E expire 3 lines
05-27 10:40:05.876 I/chatty  ( 2007): uid=1000(system) MobileQosDetect expire 11 lines
05-27 10:40:08.384 I/chatty  ( 2007): uid=1000(system) Binder:2007_C expire 32 lines
05-27 10:40:08.404 I/chatty  ( 2007): uid=1000 system_server expire 17 lines
05-27 10:40:08.411 I/chatty  ( 2007): uid=1000(system) Binder:2007_12 expire 21 lines
05-27 10:40:08.428 I/chatty  ( 2007): uid=1000(system) Binder:2007_B expire 25 lines
05-27 10:40:08.439 I/chatty  ( 2007): uid=1000(system) ActivityManager expire 23 lines
05-27 10:40:08.493 I/chatty  ( 7398): uid=1000(system) expire 5 lines
05-27 10:40:08.512 I/chatty  ( 7398): uid=1000(system) expire 1 line
05-27 10:40:08.607 I/chatty  ( 7398): uid=1000(system) expire 1 line
05-27 10:40:10.575 D/ActivityThread( 7460): Attach thread to application
05-27 10:40:10.586 I/ActivityThread( 7460): Init compatible state: false
05-27 10:40:10.592 I/LoadedApk( 7460): makePaths: outLibPaths=[/system/app/HwOUC/lib/arm64, /system/app/HwOUC/HwOUC.apk!/lib/arm64-v8a, /system/lib64:/hw_product/lib64:/system/product/lib64:/prets/lib64]
05-27 10:40:10.640 D/HwCustConnectivityManagerImpl( 7460): isBlockNetworkRequestByNonAis, INVALID_SUBSCRIPTION_ID
05-27 10:40:10.650 I/chatty  ( 2007): uid=1000(system) Binder:2007_17 expire 106 lines
05-27 10:40:10.729 I/ActivityThread( 7460): finishPreloaded preloadStatus 0
05-27 10:40:18.861 I/chatty  ( 7398): uid=1000(system) expire 1 line
05-27 10:40:19.187 I/storaged( 1055): storaged_t::event: storage_info refreshed.
05-27 10:40:19.215 I/chatty  ( 7398): uid=1000(system) expire 1 line
05-27 10:40:20.053 I/chatty  ( 7398): uid=1000(system) expire 130 lines
05-27 10:40:22.221 W/ContextImpl( 4309): Calling a method in the system process without a qualified user: android.app.ContextImpl.bindService:1777 android.content.ContextWrapper.bindService:705 com.huawei.nb.searchmanager.service.g.i:447 com.huawei.nb.searchmanager.service.g.a:1162 com.huawei.nb.searchmanager.service.g.a:954 
05-27 10:40:22.276 D/ActivityThread( 7606): Attach thread to application
05-27 10:40:22.304 I/ActivityThread( 7606): Init compatible state: false
05-27 10:40:22.314 I/LoadedApk( 7606): makePaths: outLibPaths=[/system/priv-app/HwSearchService/lib/arm64, /system/priv-app/HwSearchService/HwSearchService.apk!/lib/arm64-v8a, /system/lib64:/hw_product/lib64:/system/product/lib64:/prets/lib64]
05-27 10:40:22.331 I/chatty  ( 2007): uid=1000(system) Binder:2007_11 expire 13 lines
05-27 10:40:22.333 I/chatty  ( 2007): uid=1000(system) Binder:2007_10 expire 15 lines
05-27 10:40:22.339 I/ActivityThread( 7606): finishPreloaded preloadStatus 0
05-27 10:40:26.857 I/chatty  ( 7398): uid=1000(system) expire 1 line
05-27 10:40:27.199 I/chatty  ( 7398): uid=1000(system) expire 1 line
05-27 10:40:27.607 I/chatty  ( 7398): uid=1000(system) expire 88 lines
05-27 10:40:28.150 I/chatty  ( 2007): uid=1000(system) PowerManagerSer expire 253 lines
05-27 10:40:30.709 W/PackageParser( 7398): Unknown element under <manifest>: queries at /storage/emulated/0/Download/Browser/com.hongen.app.word_3.6.7_367.apk Binary XML file line #51
05-27 10:40:30.718 W/PackageParser( 7398): No actions in intent filter at /storage/emulated/0/Download/Browser/com.hongen.app.word_3.6.7_367.apk Binary XML file line #1133
05-27 10:40:30.792 W/PackageParser( 7398): Unknown element under <manifest>: queries at /storage/emulated/0/Download/Browser/com.hongen.app.word_3.5.9_359.apk Binary XML file line #53
05-27 10:40:30.799 W/PackageParser( 7398): No actions in intent filter at /storage/emulated/0/Download/Browser/com.hongen.app.word_3.5.9_359.apk Binary XML file line #-1
05-27 10:40:30.858 W/PackageParser( 7398): Ignoring duplicate uses-permissions/uses-permissions-sdk-m: android.permission.READ_CALENDAR in package: com.huatu.htmoa at: Binary XML file line #17
05-27 10:40:30.858 W/PackageParser( 7398): Ignoring duplicate uses-permissions/uses-permissions-sdk-m: android.permission.FLASHLIGHT in package: com.huatu.htmoa at: Binary XML file line #33
05-27 10:40:30.858 W/PackageParser( 7398): Ignoring duplicate uses-permissions/uses-permissions-sdk-m: android.permission.CALL_PHONE in package: com.huatu.htmoa at: Binary XML file line #34
05-27 10:40:30.859 W/PackageParser( 7398): Ignoring duplicate uses-permissions/uses-permissions-sdk-m: android.permission.DISABLE_KEYGUARD in package: com.huatu.htmoa at: Binary XML file line #38
05-27 10:40:30.859 W/PackageParser( 7398): Ignoring duplicate uses-permissions/uses-permissions-sdk-m: com.huatu.htmoa.permission.MIPUSH_RECEIVE in package: com.huatu.htmoa at: Binary XML file line #39
05-27 10:40:30.876 W/PackageParser( 7398): No actions in intent filter at /storage/emulated/0/Download/Browser/图钉_3.3.26.apk Binary XML file line #791
05-27 10:40:30.936 W/PackageParser( 7398): Ignoring duplicate uses-permissions/uses-permissions-sdk-m: android.permission.READ_CALENDAR in package: com.huatu.htmoa at: Binary XML file line #17
05-27 10:40:30.937 W/PackageParser( 7398): Ignoring duplicate uses-permissions/uses-permissions-sdk-m: android.permission.FLASHLIGHT in package: com.huatu.htmoa at: Binary XML file line #33
05-27 10:40:30.937 W/PackageParser( 7398): Ignoring duplicate uses-permissions/uses-permissions-sdk-m: android.permission.CALL_PHONE in package: com.huatu.htmoa at: Binary XML file line #34
05-27 10:40:30.937 W/PackageParser( 7398): Ignoring duplicate uses-permissions/uses-permissions-sdk-m: android.permission.DISABLE_KEYGUARD in package: com.huatu.htmoa at: Binary XML file line #38
05-27 10:40:30.937 W/PackageParser( 7398): Ignoring duplicate uses-permissions/uses-permissions-sdk-m: com.huatu.htmoa.permission.MIPUSH_RECEIVE in package: com.huatu.htmoa at: Binary XML file line #39
05-27 10:40:30.953 W/PackageParser( 7398): No actions in intent filter at /storage/emulated/0/Download/Browser/oa-android (1).apk Binary XML file line #790
05-27 10:40:31.031 W/PackageParser( 7398): Ignoring duplicate uses-permissions/uses-permissions-sdk-m: android.permission.FLASHLIGHT in package: com.huatu.htmoa at: Binary XML file line #42
05-27 10:40:31.031 W/PackageParser( 7398): Ignoring duplicate uses-permissions/uses-permissions-sdk-m: android.permission.CALL_PHONE in package: com.huatu.htmoa at: Binary XML file line #43
05-27 10:40:31.031 W/PackageParser( 7398): Ignoring duplicate uses-permissions/uses-permissions-sdk-m: android.permission.DISABLE_KEYGUARD in package: com.huatu.htmoa at: Binary XML file line #48
05-27 10:40:31.118 W/PackageParser( 7398): Ignoring duplicate uses-permissions/uses-permissions-sdk-m: android.permission.FLASHLIGHT in package: com.huatu.htmoa at: Binary XML file line #42
05-27 10:40:31.118 W/PackageParser( 7398): Ignoring duplicate uses-permissions/uses-permissions-sdk-m: android.permission.CALL_PHONE in package: com.huatu.htmoa at: Binary XML file line #43
05-27 10:40:31.119 W/PackageParser( 7398): Ignoring duplicate uses-permissions/uses-permissions-sdk-m: android.permission.DISABLE_KEYGUARD in package: com.huatu.htmoa at: Binary XML file line #48
05-27 10:40:31.269 W/PackageParser( 7398): Ignoring duplicate uses-permissions/uses-permissions-sdk-m: android.permission.FLASHLIGHT in package: com.huatu.htmoa at: Binary XML file line #42
05-27 10:40:31.269 W/PackageParser( 7398): Ignoring duplicate uses-permissions/uses-permissions-sdk-m: android.permission.CALL_PHONE in package: com.huatu.htmoa at: Binary XML file line #43
05-27 10:40:31.270 W/PackageParser( 7398): Ignoring duplicate uses-permissions/uses-permissions-sdk-m: android.permission.DISABLE_KEYGUARD in package: com.huatu.htmoa at: Binary XML file line #48
05-27 10:40:31.382 W/PackageParser( 7398): Ignoring duplicate uses-permissions/uses-permissions-sdk-m: android.permission.FLASHLIGHT in package: com.huatu.htmoa at: Binary XML file line #42
