05-27 14:17:47.793 I/chatty  ( 2007): uid=1000(system) Binder:2007_7 expire 71 lines
05-27 14:17:47.832 D/HwCommandQueue( 3478): CommandQueue, set Launcher StatusBar Color
05-27 14:17:47.835 I/chatty  ( 2007): uid=1000(system) Binder:2007_16 expire 15 lines
05-27 14:17:47.867 E/BoosterUtil( 3859): convertSubIdToSlotId failed, subId:6, slotId:-1
05-27 14:17:47.867 E/BoosterUtil( 3859): getDefaultDataSlotId failed, invalid slotId:-1, subId:6
05-27 14:17:47.867 D/NpdcpAliveManager( 3859): ro.odm.npdcp_alive_cfg_enable is false
05-27 14:17:47.867 E/FourNetCombinationChr( 3859): getNetworkQoeInfo failed, qoeTcpDataOpt is null
05-27 14:17:48.892 E/BoosterUtil( 3859): convertSubIdToSlotId failed, subId:6, slotId:-1
05-27 14:17:48.892 E/BoosterUtil( 3859): getDefaultDataSlotId failed, invalid slotId:-1, subId:6
05-27 14:17:48.893 D/NpdcpAliveManager( 3859): ro.odm.npdcp_alive_cfg_enable is false
05-27 14:17:48.893 E/FourNetCombinationChr( 3859): getNetworkQoeInfo failed, qoeTcpDataOpt is null
05-27 14:17:49.326 I/ViewRootImpl(12785): dispatchDetachedFromWindow in doDie
05-27 14:17:49.336 I/chatty  ( 2007): uid=1000(system) Binder:2007_15 expire 36 lines
05-27 14:17:49.342 D/HwCommandQueue( 3478): CommandQueue, set Launcher StatusBar Color
05-27 14:17:49.349 D/HwCommandQueue( 3478): CommandQueue, set Launcher StatusBar Color
05-27 14:17:49.471 D/HwCommandQueue( 3478): CommandQueue, set Launcher StatusBar Color
05-27 14:17:49.535 D/HwCommandQueue( 3478): CommandQueue, set Launcher StatusBar Color
05-27 14:17:49.548 I/ViewRootImpl(12785): dispatchDetachedFromWindow in doDie
05-27 14:17:49.561 D/HwCommandQueue( 3478): CommandQueue, set Launcher StatusBar Color
05-27 14:17:49.567 D/HwCommandQueue( 3478): CommandQueue, set Launcher StatusBar Color
05-27 14:17:49.640 I/chatty  ( 2007): uid=1000(system) HwActivityTaskM expire 11 lines
05-27 14:17:49.645 D/ActivityThread(12785): Won't deliver top position change in state=5
05-27 14:17:49.659 E/Booster_MatterAppRecommend( 3859): [isMatterPackage]invalid mMatterPackagesConfig
05-27 14:17:49.665 D/HwCommandQueue( 3478): CommandQueue, set Launcher StatusBar Color
05-27 14:17:49.703 I/chatty  ( 2007): uid=1000(system) android.display expire 48 lines
05-27 14:17:49.916 E/BoosterUtil( 3859): convertSubIdToSlotId failed, subId:6, slotId:-1
05-27 14:17:49.916 E/BoosterUtil( 3859): getDefaultDataSlotId failed, invalid slotId:-1, subId:6
05-27 14:17:49.916 D/NpdcpAliveManager( 3859): ro.odm.npdcp_alive_cfg_enable is false
05-27 14:17:49.916 E/FourNetCombinationChr( 3859): getNetworkQoeInfo failed, qoeTcpDataOpt is null
05-27 14:17:49.989 D/ActivityThread(12785): Remove activity client record, r= ActivityRecord{251d498 token=android.os.BinderProxy@470c0c4 {com.huatu.handheld_huatu/com.huatu.handheld_huatu.business.arena.activity.ArenaExamActivityPhone}} token= android.os.BinderProxy@470c0c4
05-27 14:17:49.989 I/ViewRootImpl(12785): dispatchDetachedFromWindow in doDie
05-27 14:17:50.099 I/chatty  ( 2007): uid=1000 system_server expire 33 lines
05-27 14:17:50.941 E/BoosterUtil( 3859): convertSubIdToSlotId failed, subId:6, slotId:-1
05-27 14:17:50.942 E/BoosterUtil( 3859): getDefaultDataSlotId failed, invalid slotId:-1, subId:6
05-27 14:17:50.942 D/NpdcpAliveManager( 3859): ro.odm.npdcp_alive_cfg_enable is false
05-27 14:17:50.942 E/FourNetCombinationChr( 3859): getNetworkQoeInfo failed, qoeTcpDataOpt is null
05-27 14:17:51.580 I/ViewRootImpl(12785): dispatchDetachedFromWindow in doDie
05-27 14:17:51.659 I/ActivityThread( 4431): Handle window ActivityRecord{85a40f3 token=android.os.BinderProxy@efe63e0 {com.huawei.android.launcher/com.huawei.android.launcher.unihome.UniHomeLauncher}} visibility: true
05-27 14:17:51.670 I/NetworkQoeChr( 3859): checkForegroundApp timer start
05-27 14:17:51.670 I/NetworkQoeChr( 3859): end qoe report
05-27 14:17:51.671 E/Booster_BroadcastProxy( 3859): [isDataOn]isDataOn failed, invalid slotId=-1
05-27 14:17:51.676 I/chatty  ( 2007): uid=1000(system) Binder:2007_1C expire 8 lines
05-27 14:17:51.687 I/chatty  ( 2007): uid=1000(system) android.anim expire 73 lines
05-27 14:17:51.688 I/SmartDualCardConfig( 3859): getAppType,pkgName=com.huawei.android.launcher,appType=28
05-27 14:17:51.688 E/SmartDualCardConfig( 3859): isAppInBlackList false,items==null
05-27 14:17:51.689 I/PowerMsgAdapter( 3859): UID hot switch, uid:10079, pkgName:com.huawei.android.launcher
05-27 14:17:51.690 E/Booster_MatterAppRecommend( 3859): [isMatterPackage]invalid mMatterPackagesConfig
05-27 14:17:51.700 E/BoosterUtil( 3859): convertSubIdToSlotId failed, subId:6, slotId:-1
05-27 14:17:51.700 E/BoosterUtil( 3859): getDefaultDataSlotId failed, invalid slotId:-1, subId:6
05-27 14:17:51.708 I/HwNetworkPolicyManager( 3635): getHwUidPolicy uid = 10079 policy = 0
05-27 14:17:51.716 I/RtgSchedEvent( 4431): current pid:4431 AppType:28
05-27 14:17:51.800 I/HwCommandQueue( 3478): updateBarBgColor
05-27 14:17:51.800 D/HwCommandQueue( 3478): CommandQueue, setBarBackgroundColor
05-27 14:17:51.801 I/chatty  ( 2007): uid=1000(system) android.ui expire 15 lines
05-27 14:17:51.804 D/HwCommandQueue( 3478): CommandQueue, set Launcher StatusBar Color
05-27 14:17:51.804 D/HwCommandQueue( 3478): CommandQueue, set Launcher StatusBar Color
05-27 14:17:51.970 E/BoosterUtil( 3859): convertSubIdToSlotId failed, subId:6, slotId:-1
05-27 14:17:51.970 E/BoosterUtil( 3859): getDefaultDataSlotId failed, invalid slotId:-1, subId:6
05-27 14:17:51.970 D/NpdcpAliveManager( 3859): ro.odm.npdcp_alive_cfg_enable is false
05-27 14:17:51.970 E/FourNetCombinationChr( 3859): getNetworkQoeInfo failed, qoeTcpDataOpt is null
05-27 14:17:52.126 I/HidataAppQoeP( 3859): foregroundUidRemove uid: 10515 name: com.huatu.handheld_huatu
05-27 14:17:52.126 E/Booster_NetworkQoe( 3859): [checkModemParaCollecEnable]sendModemParaCollecEnable invalid defaultDataSlotId=-1
05-27 14:17:52.131 I/SmartDualCardConfig( 3859): getAppType,pkgName=com.huatu.handheld_huatu,appType=33
05-27 14:17:52.131 E/SmartDualCardConfig( 3859): isAppInBlackList false,items==null
05-27 14:17:52.192 I/chatty  ( 2007): uid=1000(system) Binder:2007_6 expire 20 lines
05-27 14:17:52.297 I/HwNetworkPolicyManager( 6029): getHwUidPolicy uid = 10206 policy = 0
05-27 14:17:53.595 I/chatty  ( 2007): uid=1000(system) UEventObserver expire 4 lines
05-27 14:17:54.305 D/HwCommandQueue( 3478): CommandQueue, set Launcher StatusBar Color
05-27 14:17:54.311 D/ActivityThread( 8620): Won't deliver top position change in state=5
05-27 14:17:54.337 W/ContextImpl( 8620): Calling a method in the system process without a qualified user: android.app.ContextImpl.sendBroadcast:1183 android.content.ContextWrapper.sendBroadcast:453 com.android.settings.HWSettings.onResume:297 android.app.Instrumentation.callActivityOnResume:1472 android.app.Activity.performResume:8351 
05-27 14:17:54.337 I/HwNetworkPolicyManager( 3635): getHwUidPolicy uid = 1000 policy = 0
05-27 14:17:54.344 I/RtgSchedEvent( 8620): current pid:8620 AppType:255
05-27 14:17:54.346 I/chatty  ( 2007): uid=1000(system) Binder:2007_17 expire 19 lines
05-27 14:17:54.352 I/HwCommandQueue( 3478): updateBarBgColor
05-27 14:17:54.352 D/HwCommandQueue( 3478): CommandQueue, setBarBackgroundColor
05-27 14:17:54.355 E/ActivityThread( 5657): Failed to find provider info for com.android.settings.SettingsBadgeUpdateProvider
05-27 14:17:54.385 I/chatty  ( 2007): uid=1000(system) PowerManagerSer expire 38 lines
05-27 14:17:54.526 I/chatty  ( 2007): uid=1000(system) sManagerService expire 10 lines
05-27 14:17:54.542 I/SmartDualCardConfig( 3859): getAppType,pkgName=com.huawei.android.launcher,appType=28
05-27 14:17:54.542 E/SmartDualCardConfig( 3859): isAppInBlackList false,items==null
05-27 14:17:55.317 D/vold    (  512): sdlock: poll
05-27 14:17:55.319 D/vold    (  512): sdlock: poll
05-27 14:17:55.643 I/HwDeviceInfoExServiceEx( 3859): Data acquisition failed
05-27 14:17:55.650 I/HwDeviceInfoExServiceEx( 3859): Data acquisition failed
05-27 14:17:55.744 I/PositionFenceSignalCollect( 3859): wifiDatas size 88 for recognize
05-27 14:17:55.744 E/PositionFenceRecognize( 3859): RecognizeByWifi fail, highPrecisionConfirmedFence is empty
05-27 14:17:55.744 E/PositionFenceRecognize( 3859): RecognizeByCellAndServeAp fail, cellDatas is empty
05-27 14:17:55.965 I/chatty  ( 2007): uid=1000(system) Binder:2007_E expire 11 lines
05-27 14:17:59.451 I/chatty  ( 2007): uid=1000(system) Binder:2007_A expire 69 lines
05-27 14:17:59.460 I/chatty  ( 2007): uid=1000(system) Thread-6 expire 20 lines
05-27 14:17:59.462 V/ActivityThread( 8620): callActivityOnCreate
05-27 14:17:59.484 I/chatty  ( 2007): uid=1000(system) Binder:2007_15 expire 34 lines
05-27 14:17:59.529 D/ActivityThread( 8620): add activity client record, r= ActivityRecord{48ad72c token=android.os.BinderProxy@9a91af8 {com.android.settings/com.android.settings.Settings$HomeAndUnlockSettingsActivity}} token= android.os.BinderProxy@9a91af8
05-27 14:17:59.534 I/chatty  ( 2007): uid=1000(system) ActivityManager expire 10 lines
05-27 14:17:59.559 D/ActivityThread(16675): Attach thread to application
05-27 14:17:59.569 I/ActivityThread(16675): Init compatible state: false
05-27 14:17:59.571 D/HwCommandQueue( 3478): CommandQueue, set Launcher StatusBar Color
05-27 14:17:59.579 I/LoadedApk(16675): makePaths: outLibPaths=[/hw_product/app/HwAOD/lib/arm64, /hw_product/app/HwAOD/HwAOD.apk!/lib/arm64-v8a, /system/lib64:/hw_product/lib64:/system/product/lib64:/prets/lib64]
05-27 14:17:59.670 I/chatty  ( 2007): uid=1000(system) Binder:2007_1 expire 18 lines
05-27 14:17:59.689 I/ActivityThread(16675): finishPreloaded preloadStatus 0
05-27 14:18:04.993 I/chatty  ( 2007): uid=1000(system) HwActivityTaskM expire 10 lines
05-27 14:18:04.995 V/ActivityThread( 8620): callActivityOnCreate
05-27 14:18:05.028 D/ActivityThread( 8620): add activity client record, r= ActivityRecord{ebed4be token=android.os.BinderProxy@8971863 {com.android.settings/com.android.settings.LauncherModeSettingsActivity}} token= android.os.BinderProxy@8971863
05-27 14:18:05.049 W/ContextImpl( 8620): Calling a method in the system process without a qualified user: android.app.ContextImpl.sendBroadcast:1183 android.content.ContextWrapper.sendBroadcast:453 com.huawei.decision.DecisionHelper.sendDecisionEvent:53 huawei.android.widget.RollbackRuleDetector.start:172 huawei.android.widget.ScrollView.onAttachedToWindow:221 
05-27 14:18:05.064 D/HwCommandQueue( 3478): CommandQueue, set Launcher StatusBar Color
05-27 14:18:05.081 I/chatty  ( 2007): uid=1000(system) android.anim expire 76 lines
05-27 14:18:05.098 I/chatty  ( 2007): uid=1000(system) android.display expire 36 lines
05-27 14:18:05.118 I/chatty  ( 2007): uid=1000(system) PowerManagerSer expire 50 lines
05-27 14:18:05.513 I/chatty  ( 2007): uid=1000 system_server expire 28 lines
05-27 14:18:05.910 D/ActivityThread( 8620): Won't deliver top position change in state=5
05-27 14:18:05.922 I/chatty  ( 2007): uid=1000(system) Binder:2007_17 expire 28 lines
05-27 14:18:05.932 D/HwCommandQueue( 3478): CommandQueue, set Launcher StatusBar Color
05-27 14:18:06.297 D/ActivityThread( 8620): Remove activity client record, r= ActivityRecord{ebed4be token=android.os.BinderProxy@8971863 {com.android.settings/com.android.settings.LauncherModeSettingsActivity}} token= android.os.BinderProxy@8971863
05-27 14:18:06.297 I/ViewRootImpl( 8620): dispatchDetachedFromWindow in doDie
05-27 14:18:06.298 I/chatty  ( 2007): uid=1000(system) Binder:2007_6 expire 61 lines
05-27 14:18:07.982 I/chatty  ( 2007): uid=1000(system) Binder:2007_16 expire 77 lines
05-27 14:18:08.038 D/ActivityThread( 8620): Won't deliver top position change in state=5
05-27 14:18:08.055 W/ContextImpl( 8620): Calling a method in the system process without a qualified user: android.app.ContextImpl.sendBroadcast:1183 android.content.ContextWrapper.sendBroadcast:453 com.android.settings.HWSettings.onResume:297 android.app.Instrumentation.callActivityOnResume:1472 android.app.Activity.performResume:8351 
05-27 14:18:08.071 E/ActivityThread( 5657): Failed to find provider info for com.android.settings.SettingsBadgeUpdateProvider
05-27 14:18:08.073 D/HwCommandQueue( 3478): CommandQueue, set Launcher StatusBar Color
05-27 14:18:08.081 I/chatty  ( 2007): uid=1000(system) Binder:2007_4 expire 39 lines
05-27 14:18:08.403 I/chatty  ( 2007): uid=1000(system) Binder:2007_7 expire 53 lines
05-27 14:18:08.409 I/ActivityThread( 4431): Handle window ActivityRecord{85a40f3 token=android.os.BinderProxy@efe63e0 {com.huawei.android.launcher/com.huawei.android.launcher.unihome.UniHomeLauncher}} visibility: true
05-27 14:18:08.415 I/RtgSchedEvent( 4431): current pid:4431 AppType:28
05-27 14:18:08.418 I/chatty  ( 3859): uid=1000(system) OllieAwareThrea expire 11 lines
05-27 14:18:08.477 I/HwNetworkPolicyManager( 3635): getHwUidPolicy uid = 10079 policy = 0
05-27 14:18:08.493 I/chatty  ( 2007): uid=1000(system) ActivityManager expire 18 lines
05-27 14:18:08.496 D/ActivityThread( 8620): Remove activity client record, r= ActivityRecord{48ad72c token=android.os.BinderProxy@9a91af8 {com.android.settings/com.android.settings.Settings$HomeAndUnlockSettingsActivity}} token= android.os.BinderProxy@9a91af8
05-27 14:18:08.496 I/ViewRootImpl( 8620): dispatchDetachedFromWindow in doDie
05-27 14:18:08.552 I/HwCommandQueue( 3478): updateBarBgColor
05-27 14:18:08.552 D/HwCommandQueue( 3478): CommandQueue, setBarBackgroundColor
05-27 14:18:08.552 I/chatty  ( 2007): uid=1000(system) android.ui expire 20 lines
05-27 14:18:08.553 D/HwCommandQueue( 3478): CommandQueue, set Launcher StatusBar Color
05-27 14:18:08.553 D/HwCommandQueue( 3478): CommandQueue, set Launcher StatusBar Color
05-27 14:18:09.144 D/vold    (  512): sdlock: poll
05-27 14:18:09.146 D/vold    (  512): sdlock: poll
05-27 14:18:09.477 D/HwCommandQueue( 3478): CommandQueue, set Launcher StatusBar Color
05-27 14:18:09.482 I/RtgSchedEvent( 3478): current pid:3478 AppType:255
05-27 14:18:09.566 D/HwCommandQueue( 3478): CommandQueue, set Launcher StatusBar Color
05-27 14:18:09.592 D/ActivityThread(16753): Attach thread to application
05-27 14:18:09.597 D/ActivityThread(16771): Attach thread to application
05-27 14:18:09.619 I/chatty  ( 2007): uid=1000(system) Binder:2007_5 expire 10 lines
05-27 14:18:09.624 I/ActivityThread(16753): Init compatible state: false
05-27 14:18:09.625 I/ActivityThread(16771): Init compatible state: false
05-27 14:18:09.633 I/LoadedApk(16771): makePaths: outLibPaths=[/system/priv-app/HwControlCenter/lib/arm64, /system/lib64:/hw_product/lib64:/system/product/lib64:/prets/lib64]
05-27 14:18:09.660 I/ActivityThread(16771): finishPreloaded preloadStatus 0
05-27 14:18:09.680 I/chatty  ( 2007): uid=1000(system) Binder:2007_E expire 16 lines
05-27 14:18:09.730 D/ActivityThread(16821): Attach thread to application
05-27 14:18:09.739 I/ActivityThread(16821): Init compatible state: false
05-27 14:18:09.785 I/ActivityThread(16753): finishPreloaded preloadStatus 0
05-27 14:18:10.025 W/ContextImpl(16821): Calling a method in the system process without a qualified user: android.app.ContextImpl.bindService:1777 android.content.ContextWrapper.bindService:705 ohos.ohos.ohos.ohos.ohos.n.p:3 ohos.ohos.ohos.ohos.ohos.n.C:2 ohos.ohos.ohos.ohos.ohos.n.o:2 
05-27 14:18:10.031 I/chatty  ( 3859): uid=1000(system) Binder:3859_1 expire 2 lines
05-27 14:18:10.033 W/ContextImpl(16821): Calling a method in the system process without a qualified user: android.app.ContextImpl.bindService:1777 android.content.ContextWrapper.bindService:705 com.huawei.iconnect.wearable.c.g:12 com.huawei.productconnect.e.b.r:5 com.huawei.audioaccessorymanager.MyApplication.d:1 
05-27 14:18:10.071 I/ActivityThread(16821): finishPreloaded preloadStatus 0
05-27 14:18:10.092 W/ContextImpl(16821): [48ec81a0a215919, 0, 0] Calling a method in the system process without a qualified user: android.app.ContextImpl.bindService:1777 android.content.ContextWrapper.bindService:705 ohos.app.ContextDeal.O000000:3131 ohos.app.ContextDeal.O000000:3080 ohos.app.ContextDeal.connectAbility:1469 
05-27 14:18:10.158 W/ContextImpl(16821): Calling a method in the system process without a qualified user: android.app.ContextImpl.sendBroadcast:1183 android.content.ContextWrapper.sendBroadcast:453 android.service.quicksettings.TileService.requestListeningState:479 com.huawei.audioaccessorymanager.notificationbroadcast.b.s.m:5 com.huawei.audioaccessorymanager.notificationbroadcast.b.s.j:11 
05-27 14:18:10.178 W/ContextImpl(16821): Calling a method in the system process without a qualified user: android.app.ContextImpl.sendBroadcast:1183 android.content.ContextWrapper.sendBroadcast:453 android.service.quicksettings.TileService.requestListeningState:479 com.huawei.audioaccessorymanager.notificationbroadcast.b.s.m:5 com.huawei.audioaccessorymanager.notificationbroadcast.b.t.b:1 
05-27 14:18:10.200 W/ContextImpl(16821): Calling a method in the system process without a qualified user: android.app.ContextImpl.sendBroadcast:1183 android.content.ContextWrapper.sendBroadcast:453 android.service.quicksettings.TileService.requestListeningState:479 com.huawei.audioaccessorymanager.notificationbroadcast.b.s.m:5 com.huawei.audioaccessorymanager.notificationbroadcast.b.r.r:4 
05-27 14:18:10.213 W/ContextImpl(16821): Calling a method in the system process without a qualified user: android.app.ContextImpl.sendBroadcast:1183 android.content.ContextWrapper.sendBroadcast:453 android.service.quicksettings.TileService.requestListeningState:479 com.huawei.audioaccessorymanager.notificationbroadcast.b.s.m:5 com.huawei.audioaccessorymanager.notificationbroadcast.b.t.b:1 
05-27 14:18:10.215 W/ContextImpl(16821): Calling a method in the system process without a qualified user: android.app.ContextImpl.bindService:1777 android.content.ContextWrapper.bindService:705 ohos.ohos.ohos.ohos.ohos.n.p:3 ohos.ohos.ohos.ohos.ohos.n.C:2 ohos.ohos.ohos.ohos.ohos.n.o:2 
05-27 14:18:10.219 W/ContextImpl(16821): Calling a method in the system process without a qualified user: android.app.ContextImpl.bindService:1777 android.content.ContextWrapper.bindService:705 ohos.ohos.ohos.ohos.ohos.n.p:3 ohos.ohos.ohos.ohos.ohos.n.C:2 ohos.ohos.ohos.ohos.ohos.n.o:2 
05-27 14:18:10.428 W/ContextImpl( 4363): Calling a method in the system process without a qualified user: android.app.ContextImpl.bindService:1777 android.content.ContextWrapper.bindService:705 ohos.abilityshell.support.O00000O.O000000:709 ohos.abilityshell.support.O00000O.O000000:624 ohos.abilityshell.support.O00000O.O000000:56 
05-27 14:18:10.487 D/ActivityThread(16971): Attach thread to application
05-27 14:18:10.507 I/ActivityThread(16971): Init compatible state: false
05-27 14:18:10.511 I/LoadedApk(16971): makePaths: outLibPaths=[/system/app/HwTrustCircle/lib/arm64, /system/app/HwTrustCircle/HwTrustCircle.apk!/lib/arm64-v8a, /system/app/HwTrustCircle/HwSecureTrustedDeviceManager.apk!/lib/arm64-v8a, /system/app/HwJetPack/HwJetPack.apk!/lib/arm64-v8a, /system/lib64:/hw_product/lib64:/system/product/lib64:/prets/lib64]
05-27 14:18:10.542 W/PackageParser(16753): Unknown element under <manifest>: queries at /data/user_de/0/com.huawei.android.hsf/modules/external/huawei_module_networkkit/60000300/networkkit.apk Binary XML file line #14
05-27 14:18:10.564 I/ActivityThread(16971): finishPreloaded preloadStatus 0
05-27 14:18:10.566 D/SystemConfig(16753): Removed unavailable feature android.hardware.sensor.barometer
05-27 14:18:10.569 W/SystemConfig(16753): No directory /product_services/etc/sysconfig, skipping
05-27 14:18:10.569 W/SystemConfig(16753): No directory /product_services/etc/permissions, skipping
05-27 14:18:10.569 W/SystemConfig(16753): No directory /system/emui/base/sysconfig, skipping
05-27 14:18:10.570 W/SystemConfig(16753): No directory /system/emui/china/sysconfig, skipping
05-27 14:18:10.570 W/SystemConfig(16753): No directory /vendor/etc/sysconfig, skipping
05-27 14:18:10.572 D/SystemConfig(16753): Removed unavailable feature android.hardware.sensor.barometer
05-27 14:18:10.574 W/SystemConfig(16753): No directory /odm/cust/all/cn/sysconfig, skipping
05-27 14:18:10.574 W/SystemConfig(16753): No directory /odm/cust/all/cn/permissions, skipping
05-27 14:18:10.574 W/SystemConfig(16753): No directory /odm/etc/sysconfig, skipping
05-27 14:18:10.575 W/SystemConfig(16753): No directory /odm/hw_odm/ELE-AL00/sysconfig, skipping
05-27 14:18:10.575 W/SystemConfig(16753): No directory /odm/hw_odm/ELE-AL00/permissions, skipping
05-27 14:18:10.575 W/SystemConfig(16753): No directory /hw_product/etc/sysconfig, skipping
05-27 14:18:10.577 W/SystemConfig(16753): No directory /hw_product/region_comm/china/sysconfig, skipping
05-27 14:18:10.577 W/SystemConfig(16753): No directory /preas/china/sysconfig, skipping
05-27 14:18:10.579 W/SystemConfig(16753): No directory /hw_product/hw_oem/ELE-AL00/sysconfig, skipping
05-27 14:18:10.579 W/SystemConfig(16753): No directory /preload/ELE-AL00/all/cn/sysconfig, skipping
05-27 14:18:10.580 W/SystemConfig(16753): No directory /cust/global/sysconfig, skipping
05-27 14:18:10.580 W/SystemConfig(16753): No directory /cust/global/permissions, skipping
05-27 14:18:10.580 W/SystemConfig(16753): No directory /cust/hw/cn/sysconfig, skipping
05-27 14:18:10.580 W/SystemConfig(16753): No directory /cust/hw/cn/permissions, skipping
05-27 14:18:10.580 W/SystemConfig(16753): No directory /version/cust/all/cn/sysconfig, skipping
05-27 14:18:10.580 W/SystemConfig(16753): No directory /hw_product/special_cust/ELE-AL00/all/cn/sysconfig, skipping
05-27 14:18:10.580 W/SystemConfig(16753): No directory /hw_product/special_cust/ELE-AL00/all/cn/permissions, skipping
05-27 14:18:10.580 W/SystemConfig(16753): No directory /version/special_cust/ELE-AL00/all/cn/sysconfig, skipping
05-27 14:18:10.580 W/SystemConfig(16753): No directory /version/special_cust/ELE-AL00/all/cn/permissions, skipping
05-27 14:18:10.580 W/SystemConfig(16753): No directory /cust/cotalite/sysconfig, skipping
05-27 14:18:10.580 W/SystemConfig(16753): No directory /cust/cotalite/permissions, skipping
05-27 14:18:10.581 W/SystemConfig(16753): No directory /cust/ecota/sysconfig, skipping
05-27 14:18:10.581 W/SystemConfig(16753): No directory /cust/ecota/permissions, skipping
05-27 14:18:10.581 I/HwCustSystemConfigImpl(16753): start read overlay feature.
05-27 14:18:10.581 I/HwCustSystemConfigImpl(16753): overlay feature take effect.
05-27 14:18:10.618 W/ContextImpl(16821): Calling a method in the system process without a qualified user: android.app.ContextImpl.sendBroadcast:1183 android.content.ContextWrapper.sendBroadcast:453 android.service.quicksettings.TileService.requestListeningState:479 com.huawei.audioaccessorymanager.notificationbroadcast.b.s.m:5 com.huawei.audioaccessorymanager.notificationbroadcast.b.t.b:1 
05-27 14:18:13.339 D/HwCommandQueue( 3478): CommandQueue, set Launcher StatusBar Color
05-27 14:18:13.598 D/HwCommandQueue( 3478): CommandQueue, set Launcher StatusBar Color
05-27 14:18:13.602 I/RtgSchedEvent( 4431): current pid:4431 AppType:28
05-27 14:18:14.456 D/HwCommandQueue( 3478): CommandQueue, set Launcher StatusBar Color
05-27 14:18:14.473 I/RtgSchedEvent( 3478): current pid:3478 AppType:255
05-27 14:18:14.502 D/HwCommandQueue( 3478): CommandQueue, set Launcher StatusBar Color
05-27 14:18:14.525 I/chatty  ( 2007): uid=1000(system) Binder:2007_1 expire 62 lines
05-27 14:18:15.619 I/chatty  ( 2007): uid=1000(system) android.io expire 4 lines
05-27 14:18:15.682 W/ContextImpl( 4363): Calling a method in the system process without a qualified user: android.app.ContextImpl.bindService:1777 android.content.ContextWrapper.bindService:705 ohos.abilityshell.support.O00000O.O000000:709 ohos.abilityshell.support.O00000O.O000000:624 ohos.abilityshell.support.O00000O.O000000:56 
05-27 14:18:15.691 W/ContextImpl( 4363): Calling a method in the system process without a qualified user: android.app.ContextImpl.bindService:1777 android.content.ContextWrapper.bindService:705 ohos.abilityshell.support.O00000O.O000000:709 ohos.abilityshell.support.O00000O.O000000:624 ohos.abilityshell.support.O00000O.O000000:56 
05-27 14:18:15.693 I/chatty  ( 2007): uid=1000(system) InputDispatcher expire 13 lines
05-27 14:18:15.695 I/chatty  ( 2007): uid=1000(system) Binder:2007_20 expire 12 lines
05-27 14:18:15.711 I/chatty  ( 2007): uid=1000(system) Thread-6 expire 15 lines
05-27 14:18:15.723 W/ContextImpl(16821): Calling a method in the system process without a qualified user: android.app.ContextImpl.sendBroadcast:1183 android.content.ContextWrapper.sendBroadcast:453 android.service.quicksettings.TileService.requestListeningState:479 com.huawei.audioaccessorymanager.notificationbroadcast.b.s.m:5 com.huawei.audioaccessorymanager.notificationbroadcast.b.s.j:11 
05-27 14:18:15.784 I/chatty  ( 2007): uid=1000(system) Binder:2007_19 expire 48 lines
05-27 14:18:15.815 W/ContextImpl( 4363): Calling a method in the system process without a qualified user: android.app.ContextImpl.bindService:1777 android.content.ContextWrapper.bindService:705 ohos.abilityshell.support.O00000O.O000000:709 ohos.abilityshell.support.O00000O.connectAbility:579 ohos.abilityshell.support.O00000o.O000000:153 
05-27 14:18:15.845 I/chatty  ( 2007): uid=1000(system) Binder:2007_A expire 13 lines
05-27 14:18:15.920 D/ActivityThread(17081): Attach thread to application
05-27 14:18:15.951 I/ActivityThread(17081): Init compatible state: false
05-27 14:18:15.964 I/LoadedApk( 4431): makePaths: outLibPaths=[/data/app/com.huawei.android.totemweather-LNJ3ibLbUn07lYfHfLKKEQ==/lib/arm64, /data/app/com.huawei.android.totemweather-LNJ3ibLbUn07lYfHfLKKEQ==/base.apk!/lib/arm64-v8a, /data/app/com.huawei.android.totemweather-LNJ3ibLbUn07lYfHfLKKEQ==/split_facard.apk!/lib/arm64-v8a, /system/lib64:/hw_product/lib64:/system/product/lib64:/prets/lib64]
05-27 14:18:16.066 I/ActivityThread(17081): finishPreloaded preloadStatus 0
05-27 14:18:16.371 D/ActivityThread(17132): Attach thread to application
05-27 14:18:16.411 I/ActivityThread(17132): Init compatible state: false
05-27 14:18:16.755 I/chatty  ( 2007): uid=1000(system) Binder:2007_1D expire 13 lines
05-27 14:18:16.766 I/chatty  ( 2007): uid=1000(system) Binder:2007_14 expire 29 lines
05-27 14:18:16.840 D/HwCustConnectivityManagerImpl(17132): isBlockNetworkRequestByNonAis, INVALID_SUBSCRIPTION_ID
05-27 14:18:16.842 I/chatty  ( 2007): uid=1000(system) ConnectivitySer expire 10 lines
05-27 14:18:16.843 W/PackageParser(17132): Unknown element under <manifest>: queries at /data/user_de/0/com.huawei.android.hsf/modules/external/huawei_module_networkkit/60000300/networkkit.apk Binary XML file line #14
05-27 14:18:16.845 D/HwCustConnectivityManagerImpl(17132): isBlockNetworkRequestByNonAis, INVALID_SUBSCRIPTION_ID
05-27 14:18:16.847 I/chatty  ( 2007): uid=1000(system) Binder:2007_6 expire 29 lines
05-27 14:18:16.876 D/SystemConfig(17132): Removed unavailable feature android.hardware.sensor.barometer
05-27 14:18:16.877 I/chatty  ( 2007): uid=1000(system) PowerManagerSer expire 60 lines
05-27 14:18:16.880 I/chatty  ( 2007): uid=1000 system_server expire 24 lines
05-27 14:18:16.881 W/SystemConfig(17132): No directory /product_services/etc/sysconfig, skipping
05-27 14:18:16.881 W/SystemConfig(17132): No directory /product_services/etc/permissions, skipping
05-27 14:18:16.881 W/SystemConfig(17132): No directory /system/emui/base/sysconfig, skipping
05-27 14:18:16.882 W/SystemConfig(17132): No directory /system/emui/china/sysconfig, skipping
05-27 14:18:16.882 W/SystemConfig(17132): No directory /vendor/etc/sysconfig, skipping
05-27 14:18:16.884 D/SystemConfig(17132): Removed unavailable feature android.hardware.sensor.barometer
05-27 14:18:16.890 W/SystemConfig(17132): No directory /odm/cust/all/cn/sysconfig, skipping
05-27 14:18:16.891 W/SystemConfig(17132): No directory /odm/cust/all/cn/permissions, skipping
05-27 14:18:16.891 W/SystemConfig(17132): No directory /odm/etc/sysconfig, skipping
05-27 14:18:16.896 W/SystemConfig(17132): No directory /odm/hw_odm/ELE-AL00/sysconfig, skipping
05-27 14:18:16.896 W/SystemConfig(17132): No directory /odm/hw_odm/ELE-AL00/permissions, skipping
05-27 14:18:16.897 W/SystemConfig(17132): No directory /hw_product/etc/sysconfig, skipping
05-27 14:18:16.900 W/SystemConfig(17132): No directory /hw_product/region_comm/china/sysconfig, skipping
05-27 14:18:16.902 W/SystemConfig(17132): No directory /preas/china/sysconfig, skipping
05-27 14:18:16.906 W/SystemConfig(17132): No directory /hw_product/hw_oem/ELE-AL00/sysconfig, skipping
05-27 14:18:16.906 W/SystemConfig(17132): No directory /preload/ELE-AL00/all/cn/sysconfig, skipping
05-27 14:18:16.907 W/SystemConfig(17132): No directory /cust/global/sysconfig, skipping
05-27 14:18:16.907 W/SystemConfig(17132): No directory /cust/global/permissions, skipping
05-27 14:18:16.907 W/SystemConfig(17132): No directory /cust/hw/cn/sysconfig, skipping
05-27 14:18:16.907 W/SystemConfig(17132): No directory /cust/hw/cn/permissions, skipping
05-27 14:18:16.907 W/SystemConfig(17132): No directory /version/cust/all/cn/sysconfig, skipping
05-27 14:18:16.908 W/SystemConfig(17132): No directory /hw_product/special_cust/ELE-AL00/all/cn/sysconfig, skipping
05-27 14:18:16.908 W/SystemConfig(17132): No directory /hw_product/special_cust/ELE-AL00/all/cn/permissions, skipping
05-27 14:18:16.908 W/SystemConfig(17132): No directory /version/special_cust/ELE-AL00/all/cn/sysconfig, skipping
05-27 14:18:16.908 W/SystemConfig(17132): No directory /version/special_cust/ELE-AL00/all/cn/permissions, skipping
05-27 14:18:16.908 W/SystemConfig(17132): No directory /cust/cotalite/sysconfig, skipping
05-27 14:18:16.909 W/SystemConfig(17132): No directory /cust/cotalite/permissions, skipping
05-27 14:18:16.909 W/SystemConfig(17132): No directory /cust/ecota/sysconfig, skipping
05-27 14:18:16.909 W/SystemConfig(17132): No directory /cust/ecota/permissions, skipping
05-27 14:18:16.909 I/HwCustSystemConfigImpl(17132): start read overlay feature.
05-27 14:18:16.910 I/HwCustSystemConfigImpl(17132): overlay feature take effect.
05-27 14:18:17.013 I/ActivityThread(17132): finishPreloaded preloadStatus 0
05-27 14:18:17.322 I/chatty  ( 2007): uid=1000(system) Binder:2007_17 expire 38 lines
05-27 14:18:17.375 I/chatty  ( 2007): uid=1000(system) android.anim expire 63 lines
05-27 14:18:17.495 I/LoadedApk( 8620): makePaths: outLibPaths=[/data/app/com.huawei.hiai-j8gTmi8oZT7y4v1Zyi6w4A==/lib/arm64, /data/app/com.huawei.hiai-j8gTmi8oZT7y4v1Zyi6w4A==/base.apk!/lib/arm64-v8a, /system/lib64:/hw_product/lib64:/system/product/lib64:/prets/lib64]
05-27 14:18:17.525 D/ActivityThread(17409): Attach thread to application
05-27 14:18:17.537 I/ActivityThread(17409): Init compatible state: false
05-27 14:18:17.540 I/LoadedApk(17409): makePaths: outLibPaths=[/system/app/HwParentControl/lib/arm64, /system/lib64:/hw_product/lib64:/system/product/lib64:/prets/lib64]
05-27 14:18:17.600 I/ActivityThread(17409): finishPreloaded preloadStatus 0
05-27 14:18:18.038 D/ActivityThread(17527): Attach thread to application
05-27 14:18:18.080 I/ActivityThread(17527): Init compatible state: false
05-27 14:18:18.229 W/PackageParser(17527): Unknown element under <manifest>: queries at /data/user_de/0/com.huawei.android.hsf/modules/external/huawei_module_networkkit/60000300/networkkit.apk Binary XML file line #14
05-27 14:18:18.253 D/SystemConfig(17527): Removed unavailable feature android.hardware.sensor.barometer
05-27 14:18:18.256 W/SystemConfig(17527): No directory /product_services/etc/sysconfig, skipping
05-27 14:18:18.256 W/SystemConfig(17527): No directory /product_services/etc/permissions, skipping
05-27 14:18:18.256 W/SystemConfig(17527): No directory /system/emui/base/sysconfig, skipping
05-27 14:18:18.257 W/SystemConfig(17527): No directory /system/emui/china/sysconfig, skipping
05-27 14:18:18.257 W/SystemConfig(17527): No directory /vendor/etc/sysconfig, skipping
05-27 14:18:18.259 D/SystemConfig(17527): Removed unavailable feature android.hardware.sensor.barometer
05-27 14:18:18.261 W/SystemConfig(17527): No directory /odm/cust/all/cn/sysconfig, skipping
05-27 14:18:18.261 W/SystemConfig(17527): No directory /odm/cust/all/cn/permissions, skipping
05-27 14:18:18.261 W/SystemConfig(17527): No directory /odm/etc/sysconfig, skipping
05-27 14:18:18.262 W/SystemConfig(17527): No directory /odm/hw_odm/ELE-AL00/sysconfig, skipping
05-27 14:18:18.262 W/SystemConfig(17527): No directory /odm/hw_odm/ELE-AL00/permissions, skipping
05-27 14:18:18.262 W/SystemConfig(17527): No directory /hw_product/etc/sysconfig, skipping
05-27 14:18:18.263 W/SystemConfig(17527): No directory /hw_product/region_comm/china/sysconfig, skipping
05-27 14:18:18.264 W/SystemConfig(17527): No directory /preas/china/sysconfig, skipping
05-27 14:18:18.265 W/SystemConfig(17527): No directory /hw_product/hw_oem/ELE-AL00/sysconfig, skipping
05-27 14:18:18.266 W/SystemConfig(17527): No directory /preload/ELE-AL00/all/cn/sysconfig, skipping
05-27 14:18:18.266 W/SystemConfig(17527): No directory /cust/global/sysconfig, skipping
05-27 14:18:18.266 W/SystemConfig(17527): No directory /cust/global/permissions, skipping
05-27 14:18:18.266 W/SystemConfig(17527): No directory /cust/hw/cn/sysconfig, skipping
05-27 14:18:18.266 W/SystemConfig(17527): No directory /cust/hw/cn/permissions, skipping
05-27 14:18:18.266 W/SystemConfig(17527): No directory /version/cust/all/cn/sysconfig, skipping
05-27 14:18:18.266 W/SystemConfig(17527): No directory /hw_product/special_cust/ELE-AL00/all/cn/sysconfig, skipping
05-27 14:18:18.266 W/SystemConfig(17527): No directory /hw_product/special_cust/ELE-AL00/all/cn/permissions, skipping
05-27 14:18:18.266 W/SystemConfig(17527): No directory /version/special_cust/ELE-AL00/all/cn/sysconfig, skipping
05-27 14:18:18.266 W/SystemConfig(17527): No directory /version/special_cust/ELE-AL00/all/cn/permissions, skipping
05-27 14:18:18.267 W/SystemConfig(17527): No directory /cust/cotalite/sysconfig, skipping
05-27 14:18:18.267 W/SystemConfig(17527): No directory /cust/cotalite/permissions, skipping
05-27 14:18:18.267 W/SystemConfig(17527): No directory /cust/ecota/sysconfig, skipping
05-27 14:18:18.267 W/SystemConfig(17527): No directory /cust/ecota/permissions, skipping
05-27 14:18:18.267 I/HwCustSystemConfigImpl(17527): start read overlay feature.
05-27 14:18:18.267 I/HwCustSystemConfigImpl(17527): overlay feature take effect.
05-27 14:18:18.381 D/HwCustConnectivityManagerImpl(17527): isBlockNetworkRequestByNonAis, INVALID_SUBSCRIPTION_ID
05-27 14:18:18.384 D/HwCustConnectivityManagerImpl(17527): isBlockNetworkRequestByNonAis, INVALID_SUBSCRIPTION_ID
05-27 14:18:18.584 I/ActivityThread(17527): finishPreloaded preloadStatus 0
05-27 14:18:18.787 I/LoadedApk( 8620): makePaths: outLibPaths=[/data/app/com.huawei.hiai-j8gTmi8oZT7y4v1Zyi6w4A==/lib/arm64, /data/app/com.huawei.hiai-j8gTmi8oZT7y4v1Zyi6w4A==/base.apk!/lib/arm64-v8a, /system/lib64:/hw_product/lib64:/system/product/lib64:/prets/lib64]
05-27 14:18:19.260 D/ActivityThread(17759): Attach thread to application
05-27 14:18:19.271 I/ActivityThread(17759): Init compatible state: false
05-27 14:18:19.277 I/LoadedApk(17759): makePaths: outLibPaths=[/system/priv-app/HwControlCenter/lib/arm64, /system/lib64:/hw_product/lib64:/system/product/lib64:/prets/lib64]
05-27 14:18:19.336 I/ActivityThread(17759): finishPreloaded preloadStatus 0
05-27 14:18:19.343 I/chatty  ( 2007): uid=1000(system) Binder:2007_1B expire 60 lines
05-27 14:18:19.783 I/chatty  ( 2007): uid=1000(system) android.ui expire 40 lines
05-27 14:18:19.962 D/HwCommandQueue( 3478): CommandQueue, set Launcher StatusBar Color
05-27 14:18:20.212 D/HwCommandQueue( 3478): CommandQueue, set Launcher StatusBar Color
05-27 14:18:20.215 I/chatty  ( 2007): uid=1000(system) sManagerService expire 11 lines
05-27 14:18:20.219 I/RtgSchedEvent( 4431): current pid:4431 AppType:28
05-27 14:18:20.822 D/HwCommandQueue( 3478): CommandQueue, set Launcher StatusBar Color
05-27 14:18:20.827 I/RtgSchedEvent( 3478): current pid:3478 AppType:255
05-27 14:18:20.913 D/HwCommandQueue( 3478): CommandQueue, set Launcher StatusBar Color
05-27 14:18:22.263 D/HwCommandQueue( 3478): CommandQueue, set Launcher StatusBar Color
05-27 14:18:22.370 I/storaged( 1055): storaged_t::event: storage_info refreshed.
05-27 14:18:22.534 D/HwCommandQueue( 3478): CommandQueue, set Launcher StatusBar Color
05-27 14:18:22.537 I/RtgSchedEvent( 4431): current pid:4431 AppType:28
05-27 14:18:23.444 I/chatty  ( 2007): uid=1000(system) GestureNavManag expire 17 lines
05-27 14:18:23.693 I/chatty  ( 2007): uid=1000(system) HwActivityTaskM expire 34 lines
05-27 14:18:24.700 I/chatty  ( 2007): uid=1000(system) LocationHander expire 20 lines
05-27 14:18:24.703 I/chatty  ( 2007): uid=1000(system) android.display expire 57 lines
05-27 14:18:24.716 I/RtgSchedEvent(12785): current pid:12785 AppType:33
05-27 14:18:24.716 D/ActivityThread(12785): Won't deliver top position change in state=5
05-27 14:18:24.720 I/chatty  ( 2007): uid=1000(system) Binder:2007_7 expire 7 lines
05-27 14:18:24.721 I/HwNetworkPolicyManager( 3635): getHwUidPolicy uid = 10515 policy = 0
05-27 14:18:24.758 I/HwCommandQueue( 3478): updateBarBgColor
05-27 14:18:24.759 I/chatty  ( 3859): uid=1000(system) OllieAwareThrea expire 59 lines
05-27 14:18:24.759 D/HwCommandQueue( 3478): CommandQueue, setBarBackgroundColor
05-27 14:18:24.761 D/HwCommandQueue( 3478): CommandQueue, set Launcher StatusBar Color
05-27 14:18:24.772 I/chatty  ( 2007): uid=1000(system) ActivityManager expire 15 lines
05-27 14:18:24.787 D/HwCommandQueue( 3478): CommandQueue, set Launcher StatusBar Color
05-27 14:18:25.778 D/ActivityThread(12785): Won't deliver top position change in state=5
05-27 14:18:25.789 D/ActivityThread(12785): Remove activity client record, r= ActivityRecord{7b7b77c token=android.os.BinderProxy@7b1d4a {com.huatu.handheld_huatu/com.huatu.handheld_huatu.business.main.MainTabActivity}} token= android.os.BinderProxy@7b1d4a
05-27 14:18:25.789 I/ViewRootImpl(12785): dispatchDetachedFromWindow in doDie
05-27 14:18:25.800 V/ActivityThread(12785): callActivityOnCreate
05-27 14:18:25.843 I/chatty  ( 2007): uid=1000(system) Binder:2007_19 expire 26 lines
05-27 14:18:25.843 I/chatty  ( 2007): uid=1000(system) Binder:2007_8 expire 107 lines
05-27 14:18:25.845 I/chatty  ( 2007): uid=1000(system) Binder:2007_1 expire 18 lines
05-27 14:18:25.847 D/ActivityThread(12785): add activity client record, r= ActivityRecord{7b7b77c token=android.os.BinderProxy@7b1d4a {com.huatu.handheld_huatu/com.huatu.handheld_huatu.business.main.MainTabActivity}} token= android.os.BinderProxy@7b1d4a
05-27 14:18:25.852 D/ActivityThread(12785): Won't deliver top position change in state=1
05-27 14:18:25.853 I/chatty  ( 2007): uid=1000(system) Thread-6 expire 29 lines
05-27 14:18:25.863 V/ActivityThread(12785): callActivityOnCreate
05-27 14:18:25.866 I/chatty  ( 2007): uid=1000(system) Binder:2007_16 expire 18 lines
05-27 14:18:25.871 I/chatty  ( 2007): uid=1000 system_server expire 2 lines
05-27 14:18:25.902 D/HwCommandQueue( 3478): CommandQueue, set Launcher StatusBar Color
05-27 14:18:25.905 D/ActivityThread(12785): add activity client record, r= ActivityRecord{58ed357 token=android.os.BinderProxy@df82595 {com.huatu.handheld_huatu/com.huatu.handheld_huatu.business.guide.SplashActivity}} token= android.os.BinderProxy@df82595
05-27 14:18:25.923 I/HwCommandQueue( 3478): updateBarBgColor
05-27 14:18:25.923 D/HwCommandQueue( 3478): CommandQueue, setBarBackgroundColor
05-27 14:18:25.923 D/HwCommandQueue( 3478): CommandQueue, set Launcher StatusBar Color
05-27 14:18:25.960 D/ActivityThread(12785): Remove activity client record, r= ActivityRecord{7b7b77c token=android.os.BinderProxy@7b1d4a {com.huatu.handheld_huatu/com.huatu.handheld_huatu.business.main.MainTabActivity}} token= android.os.BinderProxy@7b1d4a
05-27 14:18:26.441 D/ActivityThread(12785): Remove activity client record, r= ActivityRecord{9b4a386 token=android.os.BinderProxy@5bfe667 {com.huatu.handheld_huatu/com.huatu.handheld_huatu.faceteach.activity.FaceCourseDetailActivity}} token= android.os.BinderProxy@5bfe667
05-27 14:18:26.441 I/ViewRootImpl(12785): dispatchDetachedFromWindow in doDie
05-27 14:18:27.320 V/ActivityThread(12785): callActivityOnCreate
05-27 14:18:27.340 D/ActivityThread(12785): add activity client record, r= ActivityRecord{dd77d16 token=android.os.BinderProxy@44571f4 {com.huatu.handheld_huatu/com.huatu.handheld_huatu.business.main.MainTabActivity}} token= android.os.BinderProxy@44571f4
05-27 14:18:27.430 I/HwCommandQueue( 3478): updateBarBgColor
05-27 14:18:27.430 D/HwCommandQueue( 3478): CommandQueue, setBarBackgroundColor
05-27 14:18:27.433 D/HwCommandQueue( 3478): CommandQueue, set Launcher StatusBar Color
05-27 14:18:27.453 I/chatty  ( 2007): uid=1000(system) android.anim expire 207 lines
05-27 14:18:27.463 D/HwCommandQueue( 3478): CommandQueue, set Launcher StatusBar Color
05-27 14:18:27.484 I/chatty  ( 2007): uid=1000(system) PowerManagerSer expire 27 lines
05-27 14:18:28.027 D/ActivityThread(12785): Remove activity client record, r= ActivityRecord{58ed357 token=android.os.BinderProxy@df82595 {com.huatu.handheld_huatu/com.huatu.handheld_huatu.business.guide.SplashActivity}} token= android.os.BinderProxy@df82595
05-27 14:18:28.027 I/ViewRootImpl(12785): dispatchDetachedFromWindow in doDie
05-27 14:18:28.135 I/chatty  ( 2007): uid=1000 system_server expire 37 lines
05-27 14:18:28.982 W/ContextImpl(16821): Calling a method in the system process without a qualified user: android.app.ContextImpl.bindService:1777 android.content.ContextWrapper.bindService:705 com.huawei.hihealth.n.c:35 com.huawei.hihealth.n.n:0 com.huawei.hihealth.n.w:0 
05-27 14:18:29.025 I/ActivityThread(16771): Removing dead content provider:android.content.ContentProviderProxy@c6bdefa
05-27 14:18:29.213 V/ActivityThread(12785): callActivityOnCreate
05-27 14:18:29.233 D/ActivityThread(12785): add activity client record, r= ActivityRecord{82c9adf token=android.os.BinderProxy@3c041c3 {com.huatu.handheld_huatu/com.huatu.handheld_huatu.business.matches.activity.MatchMainActivity}} token= android.os.BinderProxy@3c041c3
05-27 14:18:29.254 I/chatty  ( 2007): uid=1000(system) Binder:2007_6 expire 11 lines
05-27 14:18:29.255 I/chatty  ( 2007): uid=1000(system) Binder:2007_1D expire 97 lines
05-27 14:18:29.258 D/HwCommandQueue( 3478): CommandQueue, set Launcher StatusBar Color
05-27 14:18:29.383 D/HwCommandQueue( 3478): CommandQueue, set Launcher StatusBar Color
05-27 14:18:29.527 D/HwCommandQueue( 3478): CommandQueue, set Launcher StatusBar Color
05-27 14:18:29.928 I/ViewRootImpl(12785): dispatchDetachedFromWindow in doDie
05-27 14:18:29.944 D/HwCommandQueue( 3478): CommandQueue, set Launcher StatusBar Color
05-27 14:18:29.951 D/HwCommandQueue( 3478): CommandQueue, set Launcher StatusBar Color
05-27 14:18:29.958 I/chatty  ( 2007): uid=1000(system) Binder:2007_13 expire 100 lines
05-27 14:18:30.476 I/chatty  ( 2007): uid=1000(system) Binder:2007_1B expire 15 lines
05-27 14:18:30.489 V/ActivityThread(12785): callActivityOnCreate
05-27 14:18:30.498 D/ActivityThread(12785): add activity client record, r= ActivityRecord{540dce2 token=android.os.BinderProxy@f613401 {com.huatu.handheld_huatu/com.huatu.handheld_huatu.base.BaseFrgContainerActivity}} token= android.os.BinderProxy@f613401
05-27 14:18:30.532 I/chatty  ( 2007): uid=1000(system) Binder:2007_F expire 58 lines
05-27 14:18:30.535 I/chatty  ( 2007): uid=1000(system) android.ui expire 99 lines
05-27 14:18:30.535 D/HwCommandQueue( 3478): CommandQueue, set Launcher StatusBar Color
05-27 14:18:30.636 D/HwCommandQueue( 3478): CommandQueue, set Launcher StatusBar Color
05-27 14:18:30.706 D/HwCommandQueue( 3478): CommandQueue, set Launcher StatusBar Color
05-27 14:18:30.875 I/ViewRootImpl(12785): dispatchDetachedFromWindow in doDie
05-27 14:18:30.887 D/HwCommandQueue( 3478): CommandQueue, set Launcher StatusBar Color
05-27 14:18:30.890 D/HwCommandQueue( 3478): CommandQueue, set Launcher StatusBar Color
05-27 14:18:31.641 D/HwCommandQueue( 3478): CommandQueue, set Launcher StatusBar Color
05-27 14:18:31.684 D/HwCommandQueue( 3478): CommandQueue, set Launcher StatusBar Color
05-27 14:18:33.029 I/ViewRootImpl(12785): dispatchDetachedFromWindow in doDie
05-27 14:18:33.040 D/HwCommandQueue( 3478): CommandQueue, set Launcher StatusBar Color
05-27 14:18:33.044 D/HwCommandQueue( 3478): CommandQueue, set Launcher StatusBar Color
05-27 14:18:33.089 V/ActivityThread(12785): callActivityOnCreate
05-27 14:18:33.207 D/ActivityThread(12785): add activity client record, r= ActivityRecord{7b93291 token=android.os.BinderProxy@4e45677 {com.huatu.handheld_huatu/com.huatu.handheld_huatu.business.arena.activity.ArenaExamActivityPhone}} token= android.os.BinderProxy@4e45677
05-27 14:18:33.245 I/chatty  ( 2007): uid=1000(system) Binder:2007_1E expire 104 lines
05-27 14:18:33.248 D/HwCommandQueue( 3478): CommandQueue, set Launcher StatusBar Color
05-27 14:18:34.299 V/ActivityThread(12785): callActivityOnCreate
05-27 14:18:34.315 D/ActivityThread(12785): add activity client record, r= ActivityRecord{c9eb789 token=android.os.BinderProxy@d47c30 {com.huatu.handheld_huatu/com.huatu.handheld_huatu.business.arena.activity.ArenaExamAnswerCardActivity}} token= android.os.BinderProxy@d47c30
05-27 14:18:34.487 D/HwCommandQueue( 3478): CommandQueue, set Launcher StatusBar Color
05-27 14:18:34.527 D/HwCommandQueue( 3478): CommandQueue, set Launcher StatusBar Color
05-27 14:18:35.272 D/HwCommandQueue( 3478): CommandQueue, set Launcher StatusBar Color
05-27 14:18:35.833 I/ViewRootImpl(12785): dispatchDetachedFromWindow in doDie
05-27 14:18:35.846 D/HwCommandQueue( 3478): CommandQueue, set Launcher StatusBar Color
05-27 14:18:35.972 D/HwCommandQueue( 3478): CommandQueue, set Launcher StatusBar Color
05-27 14:18:36.027 I/chatty  ( 3859): uid=1000(system) OllieAwareThrea expire 66 lines
05-27 14:18:36.189 I/ViewRootImpl(12785): dispatchDetachedFromWindow in doDie
05-27 14:18:36.201 D/HwCommandQueue( 3478): CommandQueue, set Launcher StatusBar Color
05-27 14:18:36.235 D/HwCommandQueue( 3478): CommandQueue, set Launcher StatusBar Color
05-27 14:18:36.241 I/chatty  ( 2007): uid=1000(system) android.display expire 58 lines
05-27 14:18:36.242 I/chatty  ( 2007): uid=1000(system) Thread-6 expire 24 lines
05-27 14:18:36.245 V/ActivityThread(12785): callActivityOnCreate
05-27 14:18:36.282 D/ActivityThread(12785): add activity client record, r= ActivityRecord{ec1f657 token=android.os.BinderProxy@c728a4a {com.huatu.handheld_huatu/com.huatu.handheld_huatu.business.arena.activity.ArenaExamReportActivity}} token= android.os.BinderProxy@c728a4a
05-27 14:18:36.292 I/chatty  ( 2007): uid=1000(system) Binder:2007_8 expire 45 lines
05-27 14:18:36.316 D/HwCommandQueue( 3478): CommandQueue, set Launcher StatusBar Color
05-27 14:18:36.343 D/HwCommandQueue( 3478): CommandQueue, set Launcher StatusBar Color
05-27 14:18:36.408 D/HwCommandQueue( 3478): CommandQueue, set Launcher StatusBar Color
05-27 14:18:36.434 D/HwCommandQueue( 3478): CommandQueue, set Launcher StatusBar Color
05-27 14:18:36.636 D/ActivityThread(12785): Remove activity client record, r= ActivityRecord{7b93291 token=android.os.BinderProxy@4e45677 {com.huatu.handheld_huatu/com.huatu.handheld_huatu.business.arena.activity.ArenaExamActivityPhone}} token= android.os.BinderProxy@4e45677
05-27 14:18:36.636 I/ViewRootImpl(12785): dispatchDetachedFromWindow in doDie
05-27 14:18:36.648 D/ActivityThread(12785): Remove activity client record, r= ActivityRecord{c9eb789 token=android.os.BinderProxy@d47c30 {com.huatu.handheld_huatu/com.huatu.handheld_huatu.business.arena.activity.ArenaExamAnswerCardActivity}} token= android.os.BinderProxy@d47c30
05-27 14:18:36.648 I/ViewRootImpl(12785): dispatchDetachedFromWindow in doDie
05-27 14:18:36.656 I/ViewRootImpl(12785): dispatchDetachedFromWindow in doDie
05-27 14:18:37.232 I/ViewRootImpl(12785): dispatchDetachedFromWindow in doDie
05-27 14:18:37.248 D/HwCommandQueue( 3478): CommandQueue, set Launcher StatusBar Color
05-27 14:18:37.252 D/HwCommandQueue( 3478): CommandQueue, set Launcher StatusBar Color
05-27 14:18:37.959 D/ActivityThread(12785): Won't deliver top position change in state=5
05-27 14:18:37.980 D/HwCommandQueue( 3478): CommandQueue, set Launcher StatusBar Color
05-27 14:18:38.006 I/chatty  ( 2007): uid=1000(system) android.anim expire 120 lines
05-27 14:18:38.021 I/chatty  ( 2007): uid=1000(system) PowerManagerSer expire 49 lines
05-27 14:18:38.298 D/ActivityThread(12785): Remove activity client record, r= ActivityRecord{ec1f657 token=android.os.BinderProxy@c728a4a {com.huatu.handheld_huatu/com.huatu.handheld_huatu.business.arena.activity.ArenaExamReportActivity}} token= android.os.BinderProxy@c728a4a
05-27 14:18:38.298 I/ViewRootImpl(12785): dispatchDetachedFromWindow in doDie
05-27 14:18:38.409 I/chatty  ( 2007): uid=1000 system_server expire 38 lines
05-27 14:18:39.850 D/ActivityThread(12785): Won't deliver top position change in state=5
05-27 14:18:39.852 I/chatty  ( 2007): uid=1000(system) HwActivityTaskM expire 15 lines
05-27 14:18:39.866 I/chatty  ( 2007): uid=1000(system) Binder:2007_1D expire 73 lines
05-27 14:18:39.870 D/HwCommandQueue( 3478): CommandQueue, set Launcher StatusBar Color
05-27 14:18:40.168 D/ActivityThread(12785): Remove activity client record, r= ActivityRecord{540dce2 token=android.os.BinderProxy@f613401 {com.huatu.handheld_huatu/com.huatu.handheld_huatu.base.BaseFrgContainerActivity}} token= android.os.BinderProxy@f613401
05-27 14:18:40.168 I/ViewRootImpl(12785): dispatchDetachedFromWindow in doDie
05-27 14:18:41.797 I/chatty  ( 2007): uid=1000(system) Binder:2007_19 expire 25 lines
05-27 14:18:41.825 I/chatty  ( 2007): uid=1000(system) Binder:2007_13 expire 12 lines
05-27 14:18:41.826 I/ActivityThread( 4431): Handle window ActivityRecord{85a40f3 token=android.os.BinderProxy@efe63e0 {com.huawei.android.launcher/com.huawei.android.launcher.unihome.UniHomeLauncher}} visibility: true
05-27 14:18:41.829 I/chatty  ( 2007): uid=1000(system) Binder:2007_1B expire 11 lines
