05-27 14:22:16.112 D/HwCommandQueue( 3478): CommandQueue, set Launcher StatusBar Color
05-27 14:22:16.114 D/HwCommandQueue( 3478): CommandQueue, set Launcher StatusBar Color
05-27 14:22:17.372 V/ActivityThread(18625): callActivityOnCreate
05-27 14:22:17.428 D/ActivityThread(18625): add activity client record, r= ActivityRecord{9091805 token=android.os.BinderProxy@c99d0fd {com.huatu.handheld_huatu/com.huatu.handheld_huatu.business.play.fragment.BaseIntroActivity}} token= android.os.BinderProxy@c99d0fd
05-27 14:22:17.495 D/HwCustConnectivityManagerImpl(18625): isBlockNetworkRequestByNonAis, INVALID_SUBSCRIPTION_ID
05-27 14:22:17.497 D/HwCustConnectivityManagerImpl(18625): isBlockNetworkRequestByNonAis, INVALID_SUBSCRIPTION_ID
05-27 14:22:17.552 D/ActivityThread(19184): Attach thread to application
05-27 14:22:17.559 D/HwCommandQueue( 3478): CommandQueue, set Launcher StatusBar Color
05-27 14:22:17.566 E/ActivityThread(19184): getApplicationInfo metadata error
05-27 14:22:17.566 I/ActivityThread(19184): Init compatible state: false
05-27 14:22:17.571 I/LoadedApk(19184): makePaths: outLibPaths=[/hw_product/region_comm/china/app/HwWebview/lib/arm, /hw_product/region_comm/china/app/HwWebview/HwWebview.apk!/lib/armeabi-v7a, /hw_product/region_comm/china/app/HwTriWebviewLib/HwTriWebviewLib.apk!/lib/armeabi-v7a, /system/lib:/hw_product/lib]
05-27 14:22:17.580 I/ActivityThread(19184): finishPreloaded preloadStatus 0
05-27 14:22:17.601 D/HwCommandQueue( 3478): CommandQueue, set Launcher StatusBar Color
05-27 14:22:17.638 D/HwCommandQueue( 3478): CommandQueue, set Launcher StatusBar Color
05-27 14:22:17.860 D/HwCommandQueue( 3478): CommandQueue, set Launcher StatusBar Color
05-27 14:22:17.889 I/ViewRootImpl(18625): dispatchDetachedFromWindow in doDie
05-27 14:22:17.895 D/HwCommandQueue( 3478): CommandQueue, set Launcher StatusBar Color
05-27 14:22:17.898 D/HwCommandQueue( 3478): CommandQueue, set Launcher StatusBar Color
05-27 14:22:17.939 I/chatty  ( 2007): uid=1000 system_server expire 1 line
05-27 14:22:17.939 E/AndroidRuntime(18625): FATAL EXCEPTION: main
05-27 14:22:17.939 E/AndroidRuntime(18625): Process: com.huatu.handheld_huatu, PID: 18625
05-27 14:22:17.939 E/AndroidRuntime(18625): java.lang.IllegalStateException: Fragment already added: CourseTeacherFragment{f85c695} (dc6f5340-8b03-4e22-937f-7809ad3f7c4d id=0x7f090ac6 tag=android:switcher:2131299014:2)
05-27 14:22:17.939 E/AndroidRuntime(18625): 	at androidx.fragment.app.FragmentStore.addFragment(FragmentStore.java:91)
05-27 14:22:17.939 E/AndroidRuntime(18625): 	at androidx.fragment.app.FragmentManager.addFragment(FragmentManager.java:1713)
05-27 14:22:17.939 E/AndroidRuntime(18625): 	at androidx.fragment.app.BackStackRecord.executeOps(BackStackRecord.java:415)
05-27 14:22:17.939 E/AndroidRuntime(18625): 	at androidx.fragment.app.FragmentManager.executeOps(FragmentManager.java:2404)
05-27 14:22:17.939 E/AndroidRuntime(18625): 	at androidx.fragment.app.FragmentManager.executeOpsTogether(FragmentManager.java:2162)
05-27 14:22:17.939 E/AndroidRuntime(18625): 	at androidx.fragment.app.FragmentManager.removeRedundantOperationsAndExecute(FragmentManager.java:2100)
05-27 14:22:17.939 E/AndroidRuntime(18625): 	at androidx.fragment.app.FragmentManager.execSingleAction(FragmentManager.java:1971)
05-27 14:22:17.939 E/AndroidRuntime(18625): 	at androidx.fragment.app.BackStackRecord.commitNowAllowingStateLoss(BackStackRecord.java:311)
05-27 14:22:17.939 E/AndroidRuntime(18625): 	at androidx.fragment.app.FragmentPagerAdapter.finishUpdate(FragmentPagerAdapter.java:249)
05-27 14:22:17.939 E/AndroidRuntime(18625): 	at androidx.viewpager.widget.ViewPager.populate(ViewPager.java:1244)
05-27 14:22:17.939 E/AndroidRuntime(18625): 	at androidx.viewpager.widget.ViewPager.populate(ViewPager.java:1092)
05-27 14:22:17.939 E/AndroidRuntime(18625): 	at androidx.viewpager.widget.ViewPager.onMeasure(ViewPager.java:1622)
05-27 14:22:17.939 E/AndroidRuntime(18625): 	at android.view.View.measure(View.java:25166)
05-27 14:22:17.939 E/AndroidRuntime(18625): 	at android.view.ViewGroup.measureChildWithMargins(ViewGroup.java:7109)
05-27 14:22:17.939 E/AndroidRuntime(18625): 	at androidx.coordinatorlayout.widget.CoordinatorLayout.onMeasureChild(CoordinatorLayout.java:760)
05-27 14:22:17.939 E/AndroidRuntime(18625): 	at com.google.android.material.appbar.HeaderScrollingViewBehavior.onMeasureChild(HeaderScrollingViewBehavior.java:99)
05-27 14:22:17.939 E/AndroidRuntime(18625): 	at com.google.android.material.appbar.AppBarLayout$ScrollingViewBehavior.onMeasureChild(AppBarLayout.java:2003)
05-27 14:22:17.939 E/AndroidRuntime(18625): 	at androidx.coordinatorlayout.widget.CoordinatorLayout.onMeasure(CoordinatorLayout.java:831)
05-27 14:22:17.939 E/AndroidRuntime(18625): 	at android.view.View.measure(View.java:25166)
05-27 14:22:17.939 E/AndroidRuntime(18625): 	at android.widget.RelativeLayout.measureChildHorizontal(RelativeLayout.java:735)
05-27 14:22:17.939 E/AndroidRuntime(18625): 	at android.widget.RelativeLayout.onMeasure(RelativeLayout.java:481)
05-27 14:22:17.939 E/AndroidRuntime(18625): 	at android.view.View.measure(View.java:25166)
05-27 14:22:17.939 E/AndroidRuntime(18625): 	at android.view.ViewGroup.measureChildWithMargins(ViewGroup.java:7109)
05-27 14:22:17.939 E/AndroidRuntime(18625): 	at android.widget.FrameLayout.onMeasure(FrameLayout.java:194)
05-27 14:22:17.939 E/AndroidRuntime(18625): 	at androidx.appcompat.widget.ContentFrameLayout.onMeasure(ContentFrameLayout.java:145)
05-27 14:22:17.939 E/AndroidRuntime(18625): 	at android.view.View.measure(View.java:25166)
05-27 14:22:17.939 E/AndroidRuntime(18625): 	at android.view.ViewGroup.measureChildWithMargins(ViewGroup.java:7109)
05-27 14:22:17.939 E/AndroidRuntime(18625): 	at android.widget.LinearLayout.measureChildBeforeLayout(LinearLayout.java:1580)
05-27 14:22:17.939 E/AndroidRuntime(18625): 	at android.widget.LinearLayout.measureVertical(LinearLayout.java:849)
05-27 14:22:17.939 E/AndroidRuntime(18625): 	at android.widget.LinearLayout.onMeasure(LinearLayout.java:728)
05-27 14:22:17.939 E/AndroidRuntime(18625): 	at android.view.View.measure(View.java:25166)
05-27 14:22:17.939 E/AndroidRuntime(18625): 	at android.view.ViewGroup.measureChildWithMargins(ViewGroup.java:7109)
05-27 14:22:17.939 E/AndroidRuntime(18625): 	at android.widget.FrameLayout.onMeasure(FrameLayout.java:194)
05-27 14:22:17.939 E/AndroidRuntime(18625): 	at android.view.View.measure(View.java:25166)
05-27 14:22:17.939 E/AndroidRuntime(18625): 	at android.view.ViewGroup.measureChildWithMargins(ViewGroup.java:7109)
05-27 14:22:17.939 E/AndroidRuntime(18625): 	at android.widget.LinearLayout.measureChildBeforeLayout(LinearLayout.java:1580)
05-27 14:22:17.939 E/AndroidRuntime(18625): 	at android.widget.LinearLayout.measureVertical(LinearLayout.java:849)
05-27 14:22:17.939 E/AndroidRuntime(18625): 	at android.widget.LinearLayout.onMeasure(LinearLayout.java:728)
05-27 14:22:17.939 E/AndroidRuntime(18625): 	at android.view.View.measure(View.java:25166)
05-27 14:22:17.939 E/AndroidRuntime(18625): 	at android.view.ViewGroup.measureChildWithMargins(ViewGroup.java:7109)
05-27 14:22:17.939 E/AndroidRuntime(18625): 	at android.widget.FrameLayout.onMeasure(FrameLayout.java:194)
05-27 14:22:17.939 E/AndroidRuntime(18625): 	at com.android.internal.policy.DecorView.onMeasure(DecorView.java:1139)
05-27 14:22:17.939 E/AndroidRuntime(18625): 	at android.view.View.measure(View.java:25166)
05-27 14:22:17.939 E/AndroidRuntime(18625): 	at android.view.ViewRootImpl.performMeasure(ViewRootImpl.java:3738)
05-27 14:22:17.939 E/AndroidRuntime(18625): 	at android.view.ViewRootImpl.measureHierarchy(ViewRootImpl.java:2363)
05-27 14:22:17.939 E/AndroidRuntime(18625): 	at android.view.ViewRootImpl.performTraversals(ViewRootImpl.java:2760)
05-27 14:22:17.939 E/AndroidRuntime(18625): 	at android.view.ViewRootImpl.doTraversal(ViewRootImpl.java:2235)
05-27 14:22:17.939 E/AndroidRuntime(18625): 	at android.view.ViewRootImpl$TraversalRunnable.run(ViewRootImpl.java:9043)
05-27 14:22:17.939 E/AndroidRuntime(18625): 	at android.view.Choreographer$CallbackRecord.run(Choreographer.java:1280)
05-27 14:22:17.939 E/AndroidRuntime(18625): 	at android.view.Choreographer.doCallbacks(Choreographer.java:1019)
05-27 14:22:17.939 E/AndroidRuntime(18625): 	at android.view.Choreographer.doFrame(Choreographer.java:911)
05-27 14:22:17.939 E/AndroidRuntime(18625): 	at android.view.Choreographer$FrameDisplayEventReceiver.run(Choreographer.java:1248)
05-27 14:22:17.939 E/AndroidRuntime(18625): 	at android.os.Handler.handleCallback(Handler.java:900)
05-27 14:22:17.939 E/AndroidRuntime(18625): 	at android.os.Handler.dispatchMessage(Handler.java:103)
05-27 14:22:17.939 E/AndroidRuntime(18625): 	at android.os.Looper.loop(Looper.java:219)
05-27 14:22:17.939 E/AndroidRuntime(18625): 	at android.app.ActivityThread.main(ActivityThread.java:8673)
05-27 14:22:17.939 E/AndroidRuntime(18625): 	at java.lang.reflect.Method.invoke(Native Method)
05-27 14:22:17.939 E/AndroidRuntime(18625): 	at com.android.internal.os.RuntimeInit$MethodAndArgsCaller.run(RuntimeInit.java:513)
05-27 14:22:17.939 E/AndroidRuntime(18625): 	at com.android.internal.os.ZygoteInit.main(ZygoteInit.java:1109)
05-27 14:22:19.381 I/chatty  ( 2007): uid=1000(system) UEventObserver expire 12 lines
05-27 14:22:20.542 I/chatty  ( 2007): uid=1000(system) InputDispatcher expire 20 lines
05-27 14:22:20.567 I/chatty  ( 2007): uid=1000(system) Binder:2007_9 expire 47 lines
05-27 14:22:20.574 I/chatty  ( 2007): uid=1000(system) Binder:2007_18 expire 36 lines
05-27 14:22:20.575 I/chatty  ( 2007): uid=1000(system) ConnectivitySer expire 16 lines
05-27 14:22:20.604 I/chatty  ( 2007): uid=1000(system) HwActivityTaskM expire 13 lines
05-27 14:22:20.644 I/chatty  ( 2007): uid=1000 system_server expire 2 lines
05-27 14:22:20.725 D/ActivityThread(19237): Attach thread to application
05-27 14:22:20.740 I/ActivityThread(19237): Init compatible state: true
05-27 14:22:20.741 D/HwCommandQueue( 3478): CommandQueue, set Launcher StatusBar Color
05-27 14:22:20.772 I/HwNetworkPolicyManager( 3635): getHwUidPolicy uid = 10515 policy = 0
05-27 14:22:21.424 D/HwCustConnectivityManagerImpl(19237): isBlockNetworkRequestByNonAis, INVALID_SUBSCRIPTION_ID
05-27 14:22:21.464 I/ActivityThread(19237): finishPreloaded preloadStatus 0
05-27 14:22:21.465 I/RtgSchedEvent(19237): current pid:19237 AppType:33
05-27 14:22:21.538 V/ActivityThread(19237): callActivityOnCreate
05-27 14:22:21.554 D/HwCustConnectivityManagerImpl(19237): isBlockNetworkRequestByNonAis, INVALID_SUBSCRIPTION_ID
05-27 14:22:21.866 I/chatty  ( 2007): uid=1000(system) Binder:2007_12 expire 6 lines
05-27 14:22:21.882 I/chatty  ( 2007): uid=1000 system_server expire 2 lines
05-27 14:22:21.910 D/ActivityThread(19237): add activity client record, r= ActivityRecord{e224b2f token=android.os.BinderProxy@1041447 {com.huatu.handheld_huatu/com.huatu.handheld_huatu.business.main.MainTabActivity}} token= android.os.BinderProxy@1041447
05-27 14:22:21.912 D/ActivityThread(19237): Won't deliver top position change in state=1
05-27 14:22:21.947 D/ActivityThread(19237): Won't deliver top position change in state=1
05-27 14:22:21.963 D/HwCommandQueue( 3478): CommandQueue, set Launcher StatusBar Color
05-27 14:22:21.983 V/ActivityThread(19237): callActivityOnCreate
05-27 14:22:22.038 D/ActivityThread(19237): add activity client record, r= ActivityRecord{a29a3a9 token=android.os.BinderProxy@95a3622 {com.huatu.handheld_huatu/com.huatu.handheld_huatu.business.guide.SplashActivity}} token= android.os.BinderProxy@95a3622
05-27 14:22:22.076 I/RtgSchedEvent(19237): current pid:19237 AppType:33
05-27 14:22:22.086 I/HwCommandQueue( 3478): updateBarBgColor
05-27 14:22:22.086 D/HwCommandQueue( 3478): CommandQueue, setBarBackgroundColor
05-27 14:22:22.087 D/HwCommandQueue( 3478): CommandQueue, set Launcher StatusBar Color
05-27 14:22:22.375 I/storaged( 1055): storaged_t::event: storage_info refreshed.
05-27 14:22:22.491 D/ActivityThread(19237): Remove activity client record, r= ActivityRecord{e224b2f token=android.os.BinderProxy@1041447 {com.huatu.handheld_huatu/com.huatu.handheld_huatu.business.main.MainTabActivity}} token= android.os.BinderProxy@1041447
05-27 14:22:25.302 V/ActivityThread(19237): callActivityOnCreate
05-27 14:22:25.356 D/ActivityThread(19237): add activity client record, r= ActivityRecord{509cfe2 token=android.os.BinderProxy@5b44021 {com.huatu.handheld_huatu/com.huatu.handheld_huatu.business.main.MainTabActivity}} token= android.os.BinderProxy@5b44021
05-27 14:22:25.382 I/chatty  ( 3859): uid=1000(system) OllieAwareThrea expire 50 lines
05-27 14:22:25.393 I/chatty  ( 2007): uid=1000(system) Binder:2007_2 expire 23 lines
05-27 14:22:25.704 I/HwCommandQueue( 3478): updateBarBgColor
05-27 14:22:25.704 D/HwCommandQueue( 3478): CommandQueue, setBarBackgroundColor
05-27 14:22:25.704 D/HwCommandQueue( 3478): CommandQueue, set Launcher StatusBar Color
05-27 14:22:25.764 D/HwCommandQueue( 3478): CommandQueue, set Launcher StatusBar Color
05-27 14:22:26.368 D/ActivityThread(19237): Remove activity client record, r= ActivityRecord{a29a3a9 token=android.os.BinderProxy@95a3622 {com.huatu.handheld_huatu/com.huatu.handheld_huatu.business.guide.SplashActivity}} token= android.os.BinderProxy@95a3622
05-27 14:22:26.369 I/ViewRootImpl(19237): dispatchDetachedFromWindow in doDie
05-27 14:22:26.547 I/chatty  ( 2007): uid=1000(system) android.ui expire 49 lines
05-27 14:22:26.548 D/HwCommandQueue( 3478): CommandQueue, set Launcher StatusBar Color
05-27 14:22:26.570 I/RtgSchedEvent( 3478): current pid:3478 AppType:255
05-27 14:22:26.601 I/chatty  ( 2007): uid=1000(system) Binder:2007_19 expire 18 lines
05-27 14:22:26.611 D/HwCommandQueue( 3478): CommandQueue, set Launcher StatusBar Color
05-27 14:22:26.625 I/chatty  ( 2007): uid=1000(system) Binder:2007_D expire 64 lines
05-27 14:22:26.662 D/ActivityThread(19478): Attach thread to application
05-27 14:22:26.672 I/ActivityThread(19478): Init compatible state: false
05-27 14:22:26.675 I/LoadedApk(19478): makePaths: outLibPaths=[/system/priv-app/HwControlCenter/lib/arm64, /system/lib64:/hw_product/lib64:/system/product/lib64:/prets/lib64]
05-27 14:22:26.684 I/chatty  ( 2007): uid=1000(system) PowerManagerSer expire 26 lines
05-27 14:22:26.713 I/ActivityThread(19478): finishPreloaded preloadStatus 0
05-27 14:22:26.814 D/ActivityThread(19545): Attach thread to application
05-27 14:22:26.823 I/ActivityThread(19545): Init compatible state: false
05-27 14:22:26.997 W/ContextImpl(19545): Calling a method in the system process without a qualified user: android.app.ContextImpl.bindService:1777 android.content.ContextWrapper.bindService:705 ohos.ohos.ohos.ohos.ohos.n.p:3 ohos.ohos.ohos.ohos.ohos.n.C:2 ohos.ohos.ohos.ohos.ohos.n.o:2 
05-27 14:22:27.003 W/ContextImpl(19545): Calling a method in the system process without a qualified user: android.app.ContextImpl.bindService:1777 android.content.ContextWrapper.bindService:705 com.huawei.iconnect.wearable.c.g:12 com.huawei.productconnect.e.b.r:5 com.huawei.audioaccessorymanager.MyApplication.d:1 
05-27 14:22:27.032 I/ActivityThread(19545): finishPreloaded preloadStatus 0
05-27 14:22:27.052 W/ContextImpl(19545): [76fec1a1a30b843, 0, 0] Calling a method in the system process without a qualified user: android.app.ContextImpl.bindService:1777 android.content.ContextWrapper.bindService:705 ohos.app.ContextDeal.O000000:3131 ohos.app.ContextDeal.O000000:3080 ohos.app.ContextDeal.connectAbility:1469 
05-27 14:22:27.100 W/ContextImpl(19545): Calling a method in the system process without a qualified user: android.app.ContextImpl.sendBroadcast:1183 android.content.ContextWrapper.sendBroadcast:453 android.service.quicksettings.TileService.requestListeningState:479 com.huawei.audioaccessorymanager.notificationbroadcast.b.s.m:5 com.huawei.audioaccessorymanager.notificationbroadcast.b.s.j:11 
05-27 14:22:27.122 I/chatty  ( 2007): uid=1000 system_server expire 56 lines
05-27 14:22:27.122 W/ContextImpl(19545): Calling a method in the system process without a qualified user: android.app.ContextImpl.sendBroadcast:1183 android.content.ContextWrapper.sendBroadcast:453 android.service.quicksettings.TileService.requestListeningState:479 com.huawei.audioaccessorymanager.notificationbroadcast.b.s.m:5 com.huawei.audioaccessorymanager.notificationbroadcast.b.t.b:1 
05-27 14:22:27.146 W/ContextImpl(19545): Calling a method in the system process without a qualified user: android.app.ContextImpl.sendBroadcast:1183 android.content.ContextWrapper.sendBroadcast:453 android.service.quicksettings.TileService.requestListeningState:479 com.huawei.audioaccessorymanager.notificationbroadcast.b.s.m:5 com.huawei.audioaccessorymanager.notificationbroadcast.b.r.r:4 
05-27 14:22:27.161 W/ContextImpl(19545): Calling a method in the system process without a qualified user: android.app.ContextImpl.bindService:1777 android.content.ContextWrapper.bindService:705 ohos.ohos.ohos.ohos.ohos.n.p:3 ohos.ohos.ohos.ohos.ohos.n.C:2 ohos.ohos.ohos.ohos.ohos.n.o:2 
05-27 14:22:27.163 W/ContextImpl(19545): Calling a method in the system process without a qualified user: android.app.ContextImpl.sendBroadcast:1183 android.content.ContextWrapper.sendBroadcast:453 android.service.quicksettings.TileService.requestListeningState:479 com.huawei.audioaccessorymanager.notificationbroadcast.b.s.m:5 com.huawei.audioaccessorymanager.notificationbroadcast.b.t.b:1 
05-27 14:22:27.165 W/ContextImpl(19545): Calling a method in the system process without a qualified user: android.app.ContextImpl.bindService:1777 android.content.ContextWrapper.bindService:705 ohos.ohos.ohos.ohos.ohos.n.p:3 ohos.ohos.ohos.ohos.ohos.n.C:2 ohos.ohos.ohos.ohos.ohos.n.o:2 
05-27 14:22:27.563 W/ContextImpl(19545): Calling a method in the system process without a qualified user: android.app.ContextImpl.sendBroadcast:1183 android.content.ContextWrapper.sendBroadcast:453 android.service.quicksettings.TileService.requestListeningState:479 com.huawei.audioaccessorymanager.notificationbroadcast.b.s.m:5 com.huawei.audioaccessorymanager.notificationbroadcast.b.t.b:1 
05-27 14:22:27.998 I/chatty  ( 2007): uid=1000(system) android.display expire 58 lines
05-27 14:22:28.036 D/ActivityThread(19237): Remove activity client record, r= ActivityRecord{509cfe2 token=android.os.BinderProxy@5b44021 {com.huatu.handheld_huatu/com.huatu.handheld_huatu.business.main.MainTabActivity}} token= android.os.BinderProxy@5b44021
05-27 14:22:28.036 I/chatty  ( 2007): uid=1000(system) Binder:2007_20 expire 99 lines
05-27 14:22:28.037 I/ViewRootImpl(19237): dispatchDetachedFromWindow in doDie
05-27 14:22:28.042 W/ContextImpl(19545): Calling a method in the system process without a qualified user: android.app.ContextImpl.sendBroadcast:1183 android.content.ContextWrapper.sendBroadcast:453 android.service.quicksettings.TileService.requestListeningState:479 com.huawei.audioaccessorymanager.notificationbroadcast.b.s.m:5 com.huawei.audioaccessorymanager.notificationbroadcast.b.s.j:11 
05-27 14:22:28.048 D/HwCommandQueue( 3478): CommandQueue, set Launcher StatusBar Color
05-27 14:22:28.051 I/chatty  ( 2007): uid=1000(system) Binder:2007_1E expire 73 lines
05-27 14:22:28.097 V/ActivityThread(19237): callActivityOnCreate
05-27 14:22:28.210 D/ActivityThread(19237): add activity client record, r= ActivityRecord{509cfe2 token=android.os.BinderProxy@5b44021 {com.huatu.handheld_huatu/com.huatu.handheld_huatu.business.main.MainTabActivity}} token= android.os.BinderProxy@5b44021
05-27 14:22:28.213 I/chatty  ( 2007): uid=1000(system) Thread-6 expire 27 lines
05-27 14:22:28.223 D/ActivityThread(19237): Won't deliver top position change in state=1
05-27 14:22:28.223 I/chatty  ( 2007): uid=1000(system) android.anim expire 122 lines
05-27 14:22:28.256 V/ActivityThread(19237): callActivityOnCreate
05-27 14:22:28.291 D/ActivityThread(19237): add activity client record, r= ActivityRecord{60bce7c token=android.os.BinderProxy@6d5bfa {com.huatu.handheld_huatu/com.huatu.handheld_huatu.business.guide.SplashActivity}} token= android.os.BinderProxy@6d5bfa
05-27 14:22:28.388 D/HwCommandQueue( 3478): CommandQueue, set Launcher StatusBar Color
05-27 14:22:28.414 D/ActivityThread(19237): Remove activity client record, r= ActivityRecord{509cfe2 token=android.os.BinderProxy@5b44021 {com.huatu.handheld_huatu/com.huatu.handheld_huatu.business.main.MainTabActivity}} token= android.os.BinderProxy@5b44021
05-27 14:22:28.698 D/ActivityThread(19647): Attach thread to application
05-27 14:22:28.979 I/ActivityThread(19647): Init compatible state: false
05-27 14:22:29.469 I/chatty  ( 2007): uid=1000(system) ActivityManager expire 2 lines
05-27 14:22:29.512 I/chatty  ( 2007): uid=1000(system) Binder:2007_10 expire 34 lines
05-27 14:22:29.595 D/HwCustConnectivityManagerImpl(19647): isBlockNetworkRequestByNonAis, INVALID_SUBSCRIPTION_ID
05-27 14:22:29.597 I/chatty  ( 2007): uid=1000(system) Binder:2007_11 expire 23 lines
05-27 14:22:29.598 D/HwCustConnectivityManagerImpl(19647): isBlockNetworkRequestByNonAis, INVALID_SUBSCRIPTION_ID
05-27 14:22:29.601 I/chatty  ( 2007): uid=1000(system) Binder:2007_17 expire 8 lines
05-27 14:22:29.605 W/PackageParser(19647): Unknown element under <manifest>: queries at /data/user_de/0/com.huawei.android.hsf/modules/external/huawei_module_networkkit/60000300/networkkit.apk Binary XML file line #14
05-27 14:22:29.661 D/SystemConfig(19647): Removed unavailable feature android.hardware.sensor.barometer
05-27 14:22:29.671 W/SystemConfig(19647): No directory /product_services/etc/sysconfig, skipping
05-27 14:22:29.671 W/SystemConfig(19647): No directory /product_services/etc/permissions, skipping
05-27 14:22:29.672 W/SystemConfig(19647): No directory /system/emui/base/sysconfig, skipping
05-27 14:22:29.673 W/SystemConfig(19647): No directory /system/emui/china/sysconfig, skipping
05-27 14:22:29.674 W/SystemConfig(19647): No directory /vendor/etc/sysconfig, skipping
05-27 14:22:29.678 D/SystemConfig(19647): Removed unavailable feature android.hardware.sensor.barometer
05-27 14:22:29.684 W/SystemConfig(19647): No directory /odm/cust/all/cn/sysconfig, skipping
05-27 14:22:29.684 W/SystemConfig(19647): No directory /odm/cust/all/cn/permissions, skipping
05-27 14:22:29.684 W/SystemConfig(19647): No directory /odm/etc/sysconfig, skipping
05-27 14:22:29.687 W/SystemConfig(19647): No directory /odm/hw_odm/ELE-AL00/sysconfig, skipping
05-27 14:22:29.687 W/SystemConfig(19647): No directory /odm/hw_odm/ELE-AL00/permissions, skipping
05-27 14:22:29.687 W/SystemConfig(19647): No directory /hw_product/etc/sysconfig, skipping
05-27 14:22:29.690 W/SystemConfig(19647): No directory /hw_product/region_comm/china/sysconfig, skipping
05-27 14:22:29.691 W/SystemConfig(19647): No directory /preas/china/sysconfig, skipping
05-27 14:22:29.697 W/SystemConfig(19647): No directory /hw_product/hw_oem/ELE-AL00/sysconfig, skipping
05-27 14:22:29.698 W/SystemConfig(19647): No directory /preload/ELE-AL00/all/cn/sysconfig, skipping
05-27 14:22:29.698 W/SystemConfig(19647): No directory /cust/global/sysconfig, skipping
05-27 14:22:29.698 W/SystemConfig(19647): No directory /cust/global/permissions, skipping
05-27 14:22:29.699 W/SystemConfig(19647): No directory /cust/hw/cn/sysconfig, skipping
05-27 14:22:29.699 W/SystemConfig(19647): No directory /cust/hw/cn/permissions, skipping
05-27 14:22:29.699 W/SystemConfig(19647): No directory /version/cust/all/cn/sysconfig, skipping
05-27 14:22:29.699 W/SystemConfig(19647): No directory /hw_product/special_cust/ELE-AL00/all/cn/sysconfig, skipping
05-27 14:22:29.700 W/SystemConfig(19647): No directory /hw_product/special_cust/ELE-AL00/all/cn/permissions, skipping
05-27 14:22:29.700 W/SystemConfig(19647): No directory /version/special_cust/ELE-AL00/all/cn/sysconfig, skipping
05-27 14:22:29.700 W/SystemConfig(19647): No directory /version/special_cust/ELE-AL00/all/cn/permissions, skipping
05-27 14:22:29.700 W/SystemConfig(19647): No directory /cust/cotalite/sysconfig, skipping
05-27 14:22:29.700 W/SystemConfig(19647): No directory /cust/cotalite/permissions, skipping
05-27 14:22:29.708 W/SystemConfig(19647): No directory /cust/ecota/sysconfig, skipping
05-27 14:22:29.708 W/SystemConfig(19647): No directory /cust/ecota/permissions, skipping
05-27 14:22:29.708 I/HwCustSystemConfigImpl(19647): start read overlay feature.
05-27 14:22:29.710 I/HwCustSystemConfigImpl(19647): overlay feature take effect.
--------- beginning of main
05-27 14:22:29.909 I/NetworkSdk_CountryCodeBean(23955): [I/HMSCore/NetworkSdk_CountryCodeBean 23955:1718 SourceFile:1] Binder:23955_4|null|com.huawei.hms.framework.network.grs.local.model.CountryCodeBean|getVendorCountryCode|39|countryCode by ro.hw.country is: cn
05-27 14:22:29.910 I/NetworkSdk_CountryCodeBean(23955): [I/HMSCore/NetworkSdk_CountryCodeBean 23955:1718 SourceFile:1] Binder:23955_4|null|com.huawei.hms.framework.network.grs.local.model.CountryCodeBean|init|18|get issue_country code from VENDOR_COUNTRY
05-27 14:22:29.910 I/network-rc( 5657): country not change
05-27 14:22:29.910 I/network-rc( 5657): remote site 1
05-27 14:22:29.910 D/AGC_SecretKey( 5657): start generated key
05-27 14:22:29.919 I/SecurityComp10200300: SecureSSLSocketFactory(19647): createSocket s host port autoClose
05-27 14:22:29.921 I/NetworkKit_d(19647): NetworkKit_AIModel_Train_0|null|com.huawei.hms.network.ai.d|query|4|query
05-27 14:22:29.924 I/aptouch_daemon(  932): check_idle_status, idle out.
05-27 14:22:29.929 I/NetworkKit_b(19647): NetworkKit_AIModel_Train_0|null|com.huawei.hms.network.ai.domainrelation.b|getModuleTrainData|77|size 0
05-27 14:22:29.934 I/aptouch_daemon(  932): print_log, touch:1, down:1 (+0)
05-27 14:22:29.936 D/AGC_SecretKey( 5657): end generated key
05-27 14:22:29.937 I/NetworkKit_InitModel(19647): NetworkKit_AIModel_Execute_0|null|com.huawei.hms.network.ai.initrelation.a|b|4|InitModule start execute
05-27 14:22:29.937 I/NetworkKit_d(19647): NetworkKit_AIModel_Execute_0|null|com.huawei.hms.network.ai.d|query|4|query
05-27 14:22:29.937 I/[AGC_LOG]AGConnectConfig( 5657): config use cache
05-27 14:22:29.938 I/network-rc( 5657): fetch remote config success!
05-27 14:22:29.940 V/AudioManager( 3478): querySoundEffectsEnabled...
05-27 14:22:29.943 I/SecurityComp10200300: SecureSSLSocketFactory(19647): set default protocols
05-27 14:22:29.943 I/SecurityComp10200300: SecureSSLSocketFactory(19647): set default cipher suites
05-27 14:22:29.948 I/NetworkKit_b(19647): NetworkKit_AIModel_Execute_0|null|com.huawei.hms.network.ai.initrelation.b|getModuleExecuteData|77|size 1
05-27 14:22:29.951 I/NetworkKit_NetworkServiceManager(19647): main -->NetworkKit_NetworkKit_0|null|com.huawei.hms.network.inner.b|init|118|networkServices map is: {netdiag=com.huawei.hms.network.netdiag.NetDiagnosisService@cdb7ef9, ai=com.huawei.hms.network.ai.AIPolicyService@7bb1e3e, dns=com.huawei.hms.network.dns.DNSService@fd6f49f, config=com.huawei.hms.network.conf.api.ConfigService@f08c9ec}
05-27 14:22:29.954 I/NetworkKit_NetworkServiceManager(19647): main -->NetworkKit_NetworkKit_0|null|com.huawei.hms.network.inner.b|serviceConfigOptions|50|aiService,setOptions:
05-27 14:22:29.955 I/NetworkKit_NetworkServiceManager(19647): main -->NetworkKit_NetworkKit_0|null|com.huawei.hms.network.inner.b|serviceConfigOptions|50|dnsService,setOptions:
05-27 14:22:29.955 I/NetworkKit_NetworkServiceManager(19647): main -->NetworkKit_NetworkKit_0|null|com.huawei.hms.network.inner.b|serviceConfigOptions|50|netdiagService,setOptions:
05-27 14:22:29.956 I/NetworkKit_NetworkKit(19647): main -->NetworkKit_NetworkKit_0|null|com.huawei.hms.network.NetworkKit$a|run|7|init success
05-27 14:22:29.956 I/HiBoardHttp(19647): init result is: true
05-27 14:22:29.956 I/NetworkKit_NetworkServiceManager(19647): main -->NetworkKit_NetworkKit_0|null|com.huawei.hms.network.inner.b|serviceConfigOptions|50|aiService,setOptions:
05-27 14:22:29.957 I/NetworkKit_NetworkServiceManager(19647): main -->NetworkKit_NetworkKit_0|null|com.huawei.hms.network.inner.b|serviceConfigOptions|50|dnsService,setOptions:
05-27 14:22:29.957 I/NetworkKit_NetworkServiceManager(19647): main -->NetworkKit_NetworkKit_0|null|com.huawei.hms.network.inner.b|serviceConfigOptions|50|netdiagService,setOptions:
05-27 14:22:29.963 I/SecurityComp10105308: o2(19647): loadBksCA
05-27 14:22:29.966 I/FormalHASDK(19647): HiAnalyticsDataManager==> HiAnalyticsDataManager.getInitFlag(String tag) is execute.TAG: _default_config_tag
05-27 14:22:29.967 I/HiBoard_13.0.1.318_NewsGrsClient(19647): return grs url from sharepreference
05-27 14:22:29.967 I/SecurityComp10200300: SecureX509TrustManager(19647): loadBksCA
05-27 14:22:29.967 I/SecurityComp10200300: BksUtil(19647): getFilesBksIS 
05-27 14:22:29.967 I/SecurityComp10200300: SecureX509TrustManager(19647): get bks not from assets
05-27 14:22:29.974 I/SecurityComp10105308: BksUtil(19647): getFilesBksIS 
05-27 14:22:29.974 I/SecurityComp10105308: o2(19647): get bks not from assets
05-27 14:22:29.985 I/network-rc( 5657): network prefix config time: 86400
05-27 14:22:29.994 I/SecurityComp10200300: SecureX509TrustManager(19647): checkServerTrusted begin ,server ca chain size is : 2 ,auth type is : ECDHE_RSA
05-27 14:22:29.994 I/NetworkKit_TaskManager(19647): NetworkKit_NetworkKit_0 -->NetworkKit_DNS_DNManager_0|null|com.huawei.hms.network.dns.dnstask.a|<init>|28|DNS ThreadPool init!
05-27 14:22:29.994 I/NetworkKit_DNResolverManager(19647): NetworkKit_NetworkKit_0 -->NetworkKit_DNS_DNManager_0|null|com.huawei.hms.network.dns.dnresolver.c|dnsLazyUpdate|45|enter Dns lazy update flow, domain: hiboard-drcn.ai.dbankcloud.cn, trigger type: dns_init, source: LocalDns
05-27 14:22:29.994 I/SecurityComp10200300: SecureX509TrustManager(19647): check server i : 0
05-27 14:22:29.995 I/aptouch_daemon(  932): print_log, touch:0, down:0 
05-27 14:22:30.001 I/chatty  ( 2007): uid=1000(system) Binder:2007_10 expire 13 lines
05-27 14:22:30.003 I/HwCtrlCtr:ControlCenterMain( 3478): keycode back, close control panel or qs
05-27 14:22:30.003 I/HwCtrlCtr: ControlCenterImpl( 3478): close panel
05-27 14:22:30.003 I/HwCtrlCtr: ControlCenterImpl( 3478): dismiss control center container
05-27 14:22:30.004 I/HwCtrlCtr: ControlCenterImpl( 3478): mode:CLOSING
05-27 14:22:30.004 I/HwPanelWakeUpControl( 3478): onControlCenterStateChanged: true, origin: true
05-27 14:22:30.004 I/HwCtrlCtr:SlipSplashController( 3478): mode:CLOSING
05-27 14:22:30.004 I/HPC_PrivacyIndicatorPlugin( 3478): notifyPanelState: panelState: CLOSING
05-27 14:22:30.004 I/HPC_PrivacyIndicatorController( 3478): notifyPanelClosing
05-27 14:22:30.004 I/chatty  ( 2007): uid=1000(system) PermissionRemin expire 1 line
05-27 14:22:30.004 I/HwCtrlCtr:ControlCenterContainer( 3478): notify plugin panel state: CLOSING
05-27 14:22:30.005 I/HwCtrlCtr( 3478): DevPlugin:=>notifyPanelState CLOSING
05-27 14:22:30.005 I/HwCtrlCtr:ControlCenterMain( 3478): set root view to dismiss, animate: true
05-27 14:22:30.005 I/HwCtrlCtr:ControlCenterPanel( 3478): animate to dismiss
05-27 14:22:30.005 I/HwCtrlCtr:ControlCenterPanel( 3478): get visible children, add header view
05-27 14:22:30.005 I/HwCtrlCtr:ControlPanelAnimator( 3478): clear back spring animations
05-27 14:22:30.006 I/HwCtrlCtr:ControlCenterPanel( 3478): start dismiss animation
05-27 14:22:30.006 I/HwCtrlCtr:ViewUtils( 3478): isAnimDurQuick -> context is null or full product
05-27 14:22:30.006 I/HwCtrlCtr:ControlCenterPanel( 3478): last child, add update listener
05-27 14:22:30.006 I/AnimatedImageView( 3478): onVisibilityChanged state:0
05-27 14:22:30.006 I/AnimatedImageView( 3478): onVisibilityChanged state:0
05-27 14:22:30.006 I/HwCtrlCtr: QsCtrlCentUtils( 3478): getSuperTerminalCardStatus#Device + status，displayStatus = 1, openStatus = 0
05-27 14:22:30.009 I/SecurityComp10200300: SecureX509TrustManager(19647): client root ca size is : 31
05-27 14:22:30.009 W//system/bin/netd(  670): A binder object at 0x7f35b3db80 is being transacted on, however, this object is in the same process as its proxy. Transacting with this binder is expensive compared to just calling the corresponding functionality in the same process.
05-27 14:22:30.009 I/PreDnsController(  670): CanPreDnsQuery,persist.sys.predns is false!
05-27 14:22:30.014 D/HwCommandQueue( 3478): CommandQueue, set Launcher StatusBar Color
05-27 14:22:30.020 I/ExpandableNotifRow( 3478): setHideSensitive mPublicLayout.getChildCount() == 0, notification key: 0|com.android.settings|1000002|null|1000
05-27 14:22:30.020 I/ExpandableNotifRow( 3478): setHideSensitive mPublicLayout.getChildCount() == 0, notification key: -1|android|26|null|1000
05-27 14:22:30.022 I/StatusBarLayout( 3478): refreshTint: tint: e5ffffff
05-27 14:22:30.023 I/HwCtrlCtr: MC: QsMediaCenterBackground( 3478): mIsBlurFeatureEnabled is true
05-27 14:22:30.035 I/HiSuggestion_13.0.1.318_SystemLogPropertiesUtil(19647): debugOnFlag is: 0
05-27 14:22:30.036 I/NetworkKit_NetworkKit(19647): initIntelligentConfig -->NetworkKit_NetworkKit_0|null|com.huawei.hms.network.NetworkKit$b|run|15|only call once, init success
05-27 14:22:30.036 I/NetworkKit_NetworkKit(19647): NetworkKit_AIModel_Execute_0 -->NetworkKit_NetworkKit_0|null|com.huawei.hms.network.NetworkKit$b|run|15|only call once, init success
05-27 14:22:30.036 I/NetworkKit_NetworkKit(19647): NetworkKit_NetworkKit_0 -->NetworkKit_NetworkKit_0|null|com.huawei.hms.network.NetworkKit$b|run|15|only call once, init success
05-27 14:22:30.039 I/HwCtrlCtr: MC: QsMediaCenterBackground( 3478): mIsBlurFeatureEnabled is true
05-27 14:22:30.041 I/SecurityComp10105308: BksUtil(19647): getFilesBksIS 
05-27 14:22:30.041 I/SecurityComp10105308: SecureX509SingleInstance(19647): get files bks
05-27 14:22:30.054 I/SecurityComp10200300: SecureX509TrustManager(19647): checkServerTrusted succeed ,root ca issuer is : CN=GlobalSign, O=GlobalSign, OU=GlobalSign Root CA - R3
05-27 14:22:30.055 I/HwCtrlCtr:ControlCenterPanel( 3478): start translate animate
05-27 14:22:30.055 I/HwPanelWakeUpControl( 3478): crossWakeUp: false, updateWakeUpProgress: 1.0, isNeedUpdateBg: true
05-27 14:22:30.055 I/HwPanelWakeUpControl( 3478): updatePanelExpandState isExpand: true, mIsPanelExpand: true, mIsControlCenterShow: true
05-27 14:22:30.056 I/HwCtrlCtr: MC: QsMediaCenterBackground( 3478): mIsBlurFeatureEnabled is true
05-27 14:22:30.072 I/SecurityComp10105308: BksUtil(19647): get bks from tss begin
05-27 14:22:30.072 I/HwPanelWakeUpControl( 3478): crossWakeUp: false, updateWakeUpProgress: 1.0, isNeedUpdateBg: true
05-27 14:22:30.072 I/HwPanelWakeUpControl( 3478): updatePanelExpandState isExpand: true, mIsPanelExpand: true, mIsControlCenterShow: true
05-27 14:22:30.072 I/HwCtrlCtr: MC: QsMediaCenterBackground( 3478): mIsBlurFeatureEnabled is true
05-27 14:22:30.074 I/SecurityComp10105308: BksUtil(19647): hms version code is : 6.10.4.302
05-27 14:22:30.087 I/FormalHASDK(19647): SendTask==> storageHandler deleteEvents,TAG : maint_tag,TYPE: maint 
05-27 14:22:30.088 I/HwPanelWakeUpControl( 3478): crossWakeUp: false, updateWakeUpProgress: 0.88666666, isNeedUpdateBg: true
05-27 14:22:30.089 I/HwPanelWakeUpControl( 3478): updatePanelExpandState isExpand: true, mIsPanelExpand: true, mIsControlCenterShow: true
05-27 14:22:30.089 I/HwCtrlCtr: MC: QsMediaCenterBackground( 3478): mIsBlurFeatureEnabled is true
05-27 14:22:30.094 I/fwkit_AbsContentProvider(23955): [I/fwkit/fwkit_AbsContentProvider 23955:1718 AbsContentProvider.java:166] SharedFileContentProvider; callerPackage: com.huawei.intelligent; method: openFile; uri: content://com.huawei.hwid/files/hmsrootcas.bks
05-27 14:22:30.094 I/DF_FeatureInstallManagerFactory(23955): create remoteMode false
05-27 14:22:30.095 I/DF_LocalApk-q(23955): Not in the same classloader, no need to query for market name.
05-27 14:22:30.095 I/DF_LocalApk-q(23955): Not in the same classloader, no need to query for market name.
05-27 14:22:30.095 I/DF_FeatureInstallManagerFactory(23955): The channel strategy is:kitStore
05-27 14:22:30.095 I/DF_FeatureInstallManagerFactory(23955): Not default strategy, no need to check remote mode.
05-27 14:22:30.095 I/DF_FeatureInstallManagerFactory(23955): use channel: kitStore
05-27 14:22:30.095 I/PackageFeatureManager(23955): [I/hmstss/PackageFeatureManager 23955:1718 PackageFeatureManager.java:2] Tss config contentProvider check have safetyDetect feature.
05-27 14:22:30.096 D/SharFileContentProvider(23955): SharedFile ContentProvider start openFile.
05-27 14:22:30.096 I/LocalUpdateDataInfo(23955): [I/hmstss/LocalUpdateDataInfo 23955:1718 LocalUpdateDataInfo.java:4] lastQueryTime is 1685009646102
05-27 14:22:30.096 D/SharFileContentProvider(23955): context parent Path = /data/user_de/0/com.huawei.hwid
05-27 14:22:30.104 I/FormalHASDK(19647): SendTask==> events PostRequest sendevent TYPE : maint, TAG : maint_tag, resultCode: 200 ,reqID:b6f8e12de670622a86d9f3809724dd49
05-27 14:22:30.105 I/HwPanelWakeUpControl( 3478): crossWakeUp: false, updateWakeUpProgress: 0.78, isNeedUpdateBg: true
05-27 14:22:30.105 I/HwPanelWakeUpControl( 3478): updatePanelExpandState isExpand: true, mIsPanelExpand: true, mIsControlCenterShow: true
05-27 14:22:30.106 I/HwCtrlCtr: MC: QsMediaCenterBackground( 3478): mIsBlurFeatureEnabled is true
05-27 14:22:30.121 I/HwPanelWakeUpControl( 3478): crossWakeUp: false, updateWakeUpProgress: 0.6666666, isNeedUpdateBg: true
05-27 14:22:30.122 I/HwPanelWakeUpControl( 3478): updatePanelExpandState isExpand: true, mIsPanelExpand: true, mIsControlCenterShow: true
05-27 14:22:30.133 I/SecurityComp10105308: BksUtil(19647): bks not update
05-27 14:22:30.134 I/SecurityComp10105308: BksUtil(19647): getFilesBksIS 
05-27 14:22:30.138 I/HwPanelWakeUpControl( 3478): crossWakeUp: false, updateWakeUpProgress: 0.55333334, isNeedUpdateBg: true
05-27 14:22:30.138 I/HwPanelWakeUpControl( 3478): updatePanelExpandState isExpand: true, mIsPanelExpand: true, mIsControlCenterShow: true
05-27 14:22:30.154 I/HwPanelWakeUpControl( 3478): crossWakeUp: false, updateWakeUpProgress: 0.44666666, isNeedUpdateBg: true
05-27 14:22:30.155 I/HwPanelWakeUpControl( 3478): updatePanelExpandState isExpand: true, mIsPanelExpand: true, mIsControlCenterShow: true
05-27 14:22:30.162 I/GroupIdUtils(19647): init
05-27 14:22:30.171 I/HwPanelWakeUpControl( 3478): crossWakeUp: false, updateWakeUpProgress: 0.3333333, isNeedUpdateBg: true
05-27 14:22:30.171 I/HwPanelWakeUpControl( 3478): updatePanelExpandState isExpand: true, mIsPanelExpand: true, mIsControlCenterShow: true
05-27 14:22:30.177 I/HiAdKit.OpenBrainProvider(24056):  callerPkg: com.huawei.intelligent
05-27 14:22:30.177 I/HiAdKit.OpenBrainProvider(24056):  query code: 1
05-27 14:22:30.179 I/HiAdKit.AuthChecker(24056):  auth check with GroupIdWhiteListChecker
05-27 14:22:30.179 I/HiAdKit.AuthChecker(24056):  auth result:true
05-27 14:22:30.181 I/HiAdKit.SystemUtil(24056):  parent control child: false, child account: false
05-27 14:22:30.182 I/HiAdKit.OpenBrainProvider(24056):  grpIdStatusCode: 2
05-27 14:22:30.187 I/HwPanelWakeUpControl( 3478): crossWakeUp: false, updateWakeUpProgress: 0.22666669, isNeedUpdateBg: true
05-27 14:22:30.188 I/HwPanelWakeUpControl( 3478): updatePanelExpandState isExpand: true, mIsPanelExpand: true, mIsControlCenterShow: true
05-27 14:22:30.195 I/hwid.container( 5657): Background young concurrent copying GC freed 26006(2026KB) AllocSpace objects, 2(40KB) LOS objects, 12% free, 7237KB/8262KB, paused 233us total 306.798ms
05-27 14:22:30.196 I/NetworkKit_RequestThreadPoolMgr(19647): NetworkKit_AIModel_Execute_0|null|com.huawei.hms.network.httpclient.k|<init>|10|ThreadPool init!
05-27 14:22:30.198 I/chatty  ( 2007): uid=1000(system) ClientModeImpl expire 15 lines
05-27 14:22:30.204 I/HwPanelWakeUpControl( 3478): crossWakeUp: false, updateWakeUpProgress: 0.113333344, isNeedUpdateBg: true
05-27 14:22:30.204 I/HwPanelWakeUpControl( 3478): updatePanelExpandState isExpand: true, mIsPanelExpand: true, mIsControlCenterShow: true
05-27 14:22:30.210 I/NetworkKit_OkRequestTask(19647): HttpsBizThreadPool-0|null|com.huawei.hms.network.httpclient.okhttp.g|execute|4|the request has used the okhttp!
05-27 14:22:30.221 I/HwPanelWakeUpControl( 3478): crossWakeUp: false, updateWakeUpProgress: 0.0066666603, isNeedUpdateBg: true
05-27 14:22:30.221 I/HwPanelWakeUpControl( 3478): updatePanelExpandState isExpand: true, mIsPanelExpand: true, mIsControlCenterShow: true
05-27 14:22:30.229 I/NetworkKit_DNManager(19647): HttpsBizThreadPool-0|null|com.huawei.hms.network.dns.b|getIPListByHost|53|10.1.112.79 dns resolve source is LocalDns first
05-27 14:22:30.229 I/NetworkKit_DNManager(19647): HttpsBizThreadPool-0|null|com.huawei.hms.network.dns.b|getIPListByHost|114|10.1.112.79 from cache result is: DomainResult{type='A', addressList is not Empty, createTime=1685168297143, source=LocalDns, cache=1}
05-27 14:22:30.237 I/HwPanelWakeUpControl( 3478): crossWakeUp: false, updateWakeUpProgress: 0.0, isNeedUpdateBg: true
05-27 14:22:30.238 I/HwPanelWakeUpControl( 3478): updatePanelExpandState isExpand: true, mIsPanelExpand: true, mIsControlCenterShow: true
05-27 14:22:30.238 I/HwCtrlCtr:ControlCenterPanel( 3478): animator end, set panel close
05-27 14:22:30.238 I/HwCtrlCtr:ControlCenterPanel( 3478): animation end, set panel closed
05-27 14:22:30.238 I/HwCtrlCtr:ControlCenterMain( 3478): onVisibilityChanged: 8
05-27 14:22:30.238 I/HwCtrlCtr: ControlCenterImpl( 3478): mode:CLOSED
05-27 14:22:30.238 I/HwPanelWakeUpControl( 3478): onControlCenterStateChanged: false, origin: true
05-27 14:22:30.238 I/HwPanelWakeUpControl( 3478): finish hide panel, notification show: false, control center show: false
05-27 14:22:30.238 I/HwPanelWakeUpControl( 3478): updateDisplayState => mLastDisplayState: 0, mCurrentDisplayState: 0, isShow: false
05-27 14:22:30.238 I/HwPanelWakeUpControl( 3478): updatePanelExpandState isExpand: false, mIsPanelExpand: true, mIsControlCenterShow: false
05-27 14:22:30.239 I/NotificationPanelView( 3478): KGSvcCall setAlpha with value : 1.0
05-27 14:22:30.239 I/HwPanelWakeUpControl( 3478): clearSubPanelStatus: No need to clear sub panel status.
05-27 14:22:30.239 I/HwPanelWakeUpControl( 3478): clear ui mode animation state
05-27 14:22:30.240 I/HwCtrlCtr:SlipSplashController( 3478): onPanelOpenChange
05-27 14:22:30.240 I/HwCtrlCtr:SlipSplashController( 3478): hideSlipSplashView start
05-27 14:22:30.243 I/HwCtrlCtr: ControlCenterImpl( 3478): release control blur image!
05-27 14:22:30.243 I/HwPanelWakeUpControl( 3478): window blur feature is not enabled!
05-27 14:22:30.243 I/HwCtrlCtr:SlipSplashController( 3478): mode:CLOSED
05-27 14:22:30.243 I/HPC_PrivacyIndicatorPlugin( 3478): notifyPanelState: panelState: CLOSED
05-27 14:22:30.243 I/HwCtrlCtr:ControlCenterContainer( 3478): notify plugin panel state: CLOSED
05-27 14:22:30.243 I/HwCtrlCtr( 3478): DevPlugin:=>notifyPanelState CLOSED
05-27 14:22:30.244 I/HwCtrlCtr( 3478): DevPlugin:=>close destroy background image
05-27 14:22:30.244 I/HwCtrlCtr:ControlCenterPanel( 3478): close control panel, trim memory
05-27 14:22:30.246 I/AnimatedImageView( 3478): onVisibilityChanged state:0
05-27 14:22:30.246 I/AnimatedImageView( 3478): onVisibilityChanged state:0
05-27 14:22:30.247 I/HwCtrlCtr:ControlCenterPanel( 3478): recover child position and alpha
05-27 14:22:30.247 I/HwCtrlCtr: MC: View( 3478): unregisterAll start
05-27 14:22:30.247 I/EmcomManagerEx( 3478): unRegisterDeviceStateSubscriberCb
05-27 14:22:30.249 I/HwCtrlCtr: MC: DeviceStateManager( 3478): unregisterDeviceStateListener result 0
05-27 14:22:30.249 D/HwCtrlCtr: MC: ControllerUtil( 3478): unregisterEventObserver
05-27 14:22:30.250 I/HwCtrlCtr: MC: BluetoothProfileManager( 3478): unregisterReceiverBluetooth
05-27 14:22:30.250 W/HwCtrlCtr: MC: BluetoothProfileManager( 3478): unregisterReceiverBluetooth failed
05-27 14:22:30.251 I/HwCtrlCtr(19478): ControlProvider:=> called, method: hideGalaxy
05-27 14:22:30.251 D/BluetoothA2dp( 3478): Unbinding service...
05-27 14:22:30.252 I/HwCtrlCtr(19478): SuperTerminalViewManager:=>unRegisterReceivers
05-27 14:22:30.252 I/HwCtrlCtr(19478): SuperTerminalViewManager:=>startExitWithoutAnimation start.
05-27 14:22:30.252 W/HwCtrlCtr(19478): SuperTerminalViewManager:=>mMainView is null.
05-27 14:22:30.252 W/HwCtrlCtr(19478): SuperTerminalViewManager:=> unRegister sHomeReceiver failed. java.lang.IllegalArgumentException: Receiver not registered: null
05-27 14:22:30.252 I/HwCtrlCtr(19478): SuperTerminalViewManager:=>unRegisterReceivers finish.
05-27 14:22:30.252 I/HwCtrlCtr(19478): MultiBusinessUtils:=>executeCallBack receiver action = com.huawei.controlcenter.action.UNBIND_MULTI_BUSINESS_SERVICE_ACTION
05-27 14:22:30.252 W/ScenarioService( 3780): number format exception! str: 
05-27 14:22:30.253 I/HiSuggestion_13.0.1.318_GlideUtils(19647): getGlideConnectionPool
05-27 14:22:30.256 I/chatty  ( 2007): uid=1000(system) android.ui expire 10 lines
05-27 14:22:30.257 I/HwCommandQueue( 3478): updateBarBgColor
05-27 14:22:30.257 D/HwCommandQueue( 3478): CommandQueue, setBarBackgroundColor
05-27 14:22:30.259 D/HwCommandQueue( 3478): CommandQueue, set Launcher StatusBar Color
05-27 14:22:30.261 I/RtgSchedEvent(19237): current pid:19237 AppType:33
05-27 14:22:30.266 W/BufferQueueProducer(  751): [StatusBar#0]:1390: disconnect: not connected (req=1)
05-27 14:22:30.266 W/libEGL  ( 3478): EGLNativeWindowType 0x71073bf2d0 disconnect failed
05-27 14:22:30.267 D/mali_winsys( 3478): EGLint new_window_surface(egl_winsys_display *, void *, EGLSurface, EGLConfig, egl_winsys_surface **, EGLBoolean) returns 0x3000
05-27 14:22:30.270 I/ExpandableNotifRow( 3478): setHideSensitive mPublicLayout.getChildCount() == 0, notification key: 0|com.android.settings|1000002|null|1000
05-27 14:22:30.270 I/ExpandableNotifRow( 3478): setHideSensitive mPublicLayout.getChildCount() == 0, notification key: -1|android|26|null|1000
05-27 14:22:30.277 D/AudioPolicyService(  747): getUidState(10174) cacheIter->second.first, return cacheIter->second.second(7)
05-27 14:22:30.277 D/AudioPolicyService(  747): getUidState(10056) cacheIter->second.first, return cacheIter->second.second(1)
05-27 14:22:30.279 I/ring_expand(11208): floatImeState : false
05-27 14:22:30.279 I/ring_expand(11208): isLeftrightSplit : false
05-27 14:22:30.279 I/ring_expand(11208): is_compress : false
05-27 14:22:30.279 I/ring_expand(11208): final Global.screenW = 1080
05-27 14:22:30.280 I/HuaweiIME(11208): SysInfo.getSysParam: orientation=1||config d=3.0,w=1080,h=2139||metrics d=3.0,w=1080,h=2139||sdk=29,bar_h=75||appScale=3.3,sysScale=3.0||isMultiWin=false,isPadMode=false, boardw=1080, boardH=705, candH=130, boardL=0, boardR=1080, ver=8.2.39.938, realW=1080, realH=2340, isInLargeWinMode=false, displayId=0, cuid=8470EE-65D772-731B22-91BGG3-F3FGF0-26
05-27 14:22:30.280 I/HwTypeface(19647): updateFont: scale=1.0
05-27 14:22:30.280 I/HuaweiIME(11208): isPortrait-adjustOffset-r: 5
05-27 14:22:30.280 I/HuaweiIME(11208):  isNight : false
05-27 14:22:30.281 D/SystemFonts(19647): areFontsVariable: script=Hans
05-27 14:22:30.282 I/ActivityThread(19647): finishPreloaded preloadStatus 0
05-27 14:22:30.284 I/HiSuggestion_13.0.1.318_IntelligentServiceManager(19647): onServiceConnected
05-27 14:22:30.285 I/HwCtrlCtr: MC: ControllerUtil( 3478): registerDeviceObserver start
05-27 14:22:30.286 I/StatusBarLayout( 3478): refreshTint: tint: e5ffffff
05-27 14:22:30.287 I/HwCtrlCtr: MC: ControllerUtil( 3478): registerDeviceObserver end
05-27 14:22:30.287 I/HwCtrlCtr: MC: View( 3478): unregisterAll end
05-27 14:22:30.287 I/PanelView1( 3478): notifyBarPanelExpansionChanged isPanelVisibleBecauseOfHeadsUp=false,mInstantExpanding=false,mTracking=false
05-27 14:22:30.287 I/PanelView2( 3478): notifyBarPanelExpansionChanged mPeekAnimator is non null?false,mHeightAnimator is non null?false
05-27 14:22:30.288 I/HwCtrlCtr: ControlCenterImpl( 3478): release control blur image!
05-27 14:22:30.289 I/HiSuggestion_13.0.1.318_HiBoardNotifyMsgDataManager(19647): handleUri path: /data_migrated_finish
05-27 14:22:30.289 I/PanelView1( 3478): notifyBarPanelExpansionChanged isPanelVisibleBecauseOfHeadsUp=false,mInstantExpanding=false,mTracking=false
05-27 14:22:30.289 I/PanelView2( 3478): notifyBarPanelExpansionChanged mPeekAnimator is non null?false,mHeightAnimator is non null?false
05-27 14:22:30.289 I/HiSuggestion_13.0.1.318_HiBoardNotifyMsgDataManager(19647): handleUri startTime: 1685168550289
05-27 14:22:30.289 I/HwCtrlCtr: ControlCenterImpl( 3478): release control blur image!
05-27 14:22:30.292 I/HiBoard_13.0.1.318_Persistence(19647): checkFileHmac
05-27 14:22:30.296 I/SecurityComp10105308: m2(19647): createSocket s host port autoClose
05-27 14:22:30.296 I/SecurityComp10105308: m2(19647): set default protocols
05-27 14:22:30.296 I/SecurityComp10105308: m2(19647): set default cipher suites
05-27 14:22:30.298 I/CAWARENESS_CLIENT: AwarenessManager(19647): service connect
05-27 14:22:30.298 I/HiSuggestion_13.0.1.318_AwarenessController(19647): mAwarenessServiceConnection onServiceConnected() Awareness service connected
05-27 14:22:30.299 I/HiBoard_13.0.1.318_PreferenceStorageUtil(19647): storePrefBooleanValue,prefKey = AwarenessSupport, value = true
05-27 14:22:30.300 I/HiSuggestion_13.0.1.318_IntelligentProvider( 6155): Provider.call: storePrefBoolean
05-27 14:22:30.300 I/HiSuggestion_13.0.1.318_IntelligentSettingsPrefManager( 6155): setPrefValue AwarenessSupport true isSuccess: true
05-27 14:22:30.301 I/HiSuggestion_13.0.1.318_PreferenceStorageUtil(19647): storePrefBooleanValue result:true
05-27 14:22:30.301 I/HiSuggestion_13.0.1.318_IntelligentProvider( 6155): Provider.call: getPrefBoolean
05-27 14:22:30.302 I/SecurityComp10200300: d(19647): onPostExecute: upate done
05-27 14:22:30.303 I/HiSuggestion_13.0.1.318_IntelligentProvider( 6155): Provider.call: getPrefBoolean
05-27 14:22:30.307 I/HiSuggestion_13.0.1.318_AwarenessResultUtil(19647): isSupport CA and UserProfile: true
05-27 14:22:30.308 I/HiSuggestion_13.0.1.318_IntelligentProvider( 6155): Provider.call: getIntelligentSwitch
