05-27 10:55:39.871 I/chatty  ( 2007): uid=1000(system) Binder:2007_19 expire 5 lines
05-27 10:55:40.611 E/BoosterUtil( 3859): convertSubIdToSlotId failed, subId:6, slotId:-1
05-27 10:55:40.611 E/BoosterUtil( 3859): getDefaultDataSlotId failed, invalid slotId:-1, subId:6
05-27 10:55:40.612 D/NpdcpAliveManager( 3859): ro.odm.npdcp_alive_cfg_enable is false
05-27 10:55:40.612 E/FourNetCombinationChr( 3859): getNetworkQoeInfo failed, qoeTcpDataOpt is null
05-27 10:55:41.631 E/BoosterUtil( 3859): convertSubIdToSlotId failed, subId:6, slotId:-1
05-27 10:55:41.631 E/BoosterUtil( 3859): getDefaultDataSlotId failed, invalid slotId:-1, subId:6
05-27 10:55:41.631 D/NpdcpAliveManager( 3859): ro.odm.npdcp_alive_cfg_enable is false
05-27 10:55:41.632 E/FourNetCombinationChr( 3859): getNetworkQoeInfo failed, qoeTcpDataOpt is null
05-27 10:55:42.659 E/BoosterUtil( 3859): convertSubIdToSlotId failed, subId:6, slotId:-1
05-27 10:55:42.659 E/BoosterUtil( 3859): getDefaultDataSlotId failed, invalid slotId:-1, subId:6
05-27 10:55:42.659 D/NpdcpAliveManager( 3859): ro.odm.npdcp_alive_cfg_enable is false
05-27 10:55:42.659 E/FourNetCombinationChr( 3859): getNetworkQoeInfo failed, qoeTcpDataOpt is null
05-27 10:55:43.678 E/BoosterUtil( 3859): convertSubIdToSlotId failed, subId:6, slotId:-1
05-27 10:55:43.678 E/BoosterUtil( 3859): getDefaultDataSlotId failed, invalid slotId:-1, subId:6
05-27 10:55:43.679 D/NpdcpAliveManager( 3859): ro.odm.npdcp_alive_cfg_enable is false
05-27 10:55:43.679 E/FourNetCombinationChr( 3859): getNetworkQoeInfo failed, qoeTcpDataOpt is null
05-27 10:55:44.707 E/BoosterUtil( 3859): convertSubIdToSlotId failed, subId:6, slotId:-1
05-27 10:55:44.707 E/BoosterUtil( 3859): getDefaultDataSlotId failed, invalid slotId:-1, subId:6
05-27 10:55:44.708 D/NpdcpAliveManager( 3859): ro.odm.npdcp_alive_cfg_enable is false
05-27 10:55:44.708 E/FourNetCombinationChr( 3859): getNetworkQoeInfo failed, qoeTcpDataOpt is null
05-27 10:55:45.724 E/BoosterUtil( 3859): convertSubIdToSlotId failed, subId:6, slotId:-1
05-27 10:55:45.724 E/BoosterUtil( 3859): getDefaultDataSlotId failed, invalid slotId:-1, subId:6
05-27 10:55:45.724 D/NpdcpAliveManager( 3859): ro.odm.npdcp_alive_cfg_enable is false
05-27 10:55:45.724 E/FourNetCombinationChr( 3859): getNetworkQoeInfo failed, qoeTcpDataOpt is null
05-27 10:55:46.755 E/BoosterUtil( 3859): convertSubIdToSlotId failed, subId:6, slotId:-1
05-27 10:55:46.755 E/BoosterUtil( 3859): getDefaultDataSlotId failed, invalid slotId:-1, subId:6
05-27 10:55:46.756 D/NpdcpAliveManager( 3859): ro.odm.npdcp_alive_cfg_enable is false
05-27 10:55:46.756 E/FourNetCombinationChr( 3859): getNetworkQoeInfo failed, qoeTcpDataOpt is null
05-27 10:55:47.775 E/BoosterUtil( 3859): convertSubIdToSlotId failed, subId:6, slotId:-1
05-27 10:55:47.775 E/BoosterUtil( 3859): getDefaultDataSlotId failed, invalid slotId:-1, subId:6
05-27 10:55:47.776 D/NpdcpAliveManager( 3859): ro.odm.npdcp_alive_cfg_enable is false
05-27 10:55:47.776 E/FourNetCombinationChr( 3859): getNetworkQoeInfo failed, qoeTcpDataOpt is null
05-27 10:55:48.153 I/chatty  ( 2007): uid=1000(system) PowerManagerSer expire 27 lines
05-27 10:55:48.803 E/BoosterUtil( 3859): convertSubIdToSlotId failed, subId:6, slotId:-1
05-27 10:55:48.803 E/BoosterUtil( 3859): getDefaultDataSlotId failed, invalid slotId:-1, subId:6
05-27 10:55:48.803 D/NpdcpAliveManager( 3859): ro.odm.npdcp_alive_cfg_enable is false
05-27 10:55:48.803 E/FourNetCombinationChr( 3859): getNetworkQoeInfo failed, qoeTcpDataOpt is null
05-27 10:55:49.819 E/BoosterUtil( 3859): convertSubIdToSlotId failed, subId:6, slotId:-1
05-27 10:55:49.819 E/BoosterUtil( 3859): getDefaultDataSlotId failed, invalid slotId:-1, subId:6
05-27 10:55:49.819 D/NpdcpAliveManager( 3859): ro.odm.npdcp_alive_cfg_enable is false
05-27 10:55:49.819 E/FourNetCombinationChr( 3859): getNetworkQoeInfo failed, qoeTcpDataOpt is null
05-27 10:55:50.851 E/BoosterUtil( 3859): convertSubIdToSlotId failed, subId:6, slotId:-1
05-27 10:55:50.851 E/BoosterUtil( 3859): getDefaultDataSlotId failed, invalid slotId:-1, subId:6
05-27 10:55:50.852 D/NpdcpAliveManager( 3859): ro.odm.npdcp_alive_cfg_enable is false
05-27 10:55:50.852 E/FourNetCombinationChr( 3859): getNetworkQoeInfo failed, qoeTcpDataOpt is null
05-27 10:55:51.871 E/BoosterUtil( 3859): convertSubIdToSlotId failed, subId:6, slotId:-1
05-27 10:55:51.871 E/BoosterUtil( 3859): getDefaultDataSlotId failed, invalid slotId:-1, subId:6
05-27 10:55:51.872 D/NpdcpAliveManager( 3859): ro.odm.npdcp_alive_cfg_enable is false
05-27 10:55:51.872 E/FourNetCombinationChr( 3859): getNetworkQoeInfo failed, qoeTcpDataOpt is null
05-27 10:55:52.903 E/BoosterUtil( 3859): convertSubIdToSlotId failed, subId:6, slotId:-1
05-27 10:55:52.903 E/BoosterUtil( 3859): getDefaultDataSlotId failed, invalid slotId:-1, subId:6
05-27 10:55:52.903 D/NpdcpAliveManager( 3859): ro.odm.npdcp_alive_cfg_enable is false
05-27 10:55:52.904 E/FourNetCombinationChr( 3859): getNetworkQoeInfo failed, qoeTcpDataOpt is null
05-27 10:55:53.920 E/BoosterUtil( 3859): convertSubIdToSlotId failed, subId:6, slotId:-1
05-27 10:55:53.920 E/BoosterUtil( 3859): getDefaultDataSlotId failed, invalid slotId:-1, subId:6
05-27 10:55:53.920 D/NpdcpAliveManager( 3859): ro.odm.npdcp_alive_cfg_enable is false
05-27 10:55:53.920 E/FourNetCombinationChr( 3859): getNetworkQoeInfo failed, qoeTcpDataOpt is null
05-27 10:55:54.797 I/chatty  ( 2007): uid=1000(system) MobileQosDetect expire 1 line
05-27 10:55:54.947 E/BoosterUtil( 3859): convertSubIdToSlotId failed, subId:6, slotId:-1
05-27 10:55:54.947 E/BoosterUtil( 3859): getDefaultDataSlotId failed, invalid slotId:-1, subId:6
05-27 10:55:54.948 D/NpdcpAliveManager( 3859): ro.odm.npdcp_alive_cfg_enable is false
05-27 10:55:54.948 E/FourNetCombinationChr( 3859): getNetworkQoeInfo failed, qoeTcpDataOpt is null
05-27 10:55:55.199 I/chatty  ( 2007): uid=1000(system) ActivityManager expire 1 line
05-27 10:55:55.963 E/BoosterUtil( 3859): convertSubIdToSlotId failed, subId:6, slotId:-1
05-27 10:55:55.963 E/BoosterUtil( 3859): getDefaultDataSlotId failed, invalid slotId:-1, subId:6
05-27 10:55:55.963 D/NpdcpAliveManager( 3859): ro.odm.npdcp_alive_cfg_enable is false
05-27 10:55:55.963 E/FourNetCombinationChr( 3859): getNetworkQoeInfo failed, qoeTcpDataOpt is null
05-27 10:55:56.995 E/BoosterUtil( 3859): convertSubIdToSlotId failed, subId:6, slotId:-1
05-27 10:55:56.995 E/BoosterUtil( 3859): getDefaultDataSlotId failed, invalid slotId:-1, subId:6
05-27 10:55:56.996 D/NpdcpAliveManager( 3859): ro.odm.npdcp_alive_cfg_enable is false
05-27 10:55:56.996 E/FourNetCombinationChr( 3859): getNetworkQoeInfo failed, qoeTcpDataOpt is null
05-27 10:55:58.015 E/BoosterUtil( 3859): convertSubIdToSlotId failed, subId:6, slotId:-1
05-27 10:55:58.015 E/BoosterUtil( 3859): getDefaultDataSlotId failed, invalid slotId:-1, subId:6
05-27 10:55:58.016 D/NpdcpAliveManager( 3859): ro.odm.npdcp_alive_cfg_enable is false
05-27 10:55:58.016 E/FourNetCombinationChr( 3859): getNetworkQoeInfo failed, qoeTcpDataOpt is null
05-27 10:55:58.761 I/chatty  ( 2007): uid=1000(system) Binder:2007_C expire 12 lines
05-27 10:55:58.762 I/chatty  ( 2007): uid=1000(system) PowerManagerSer expire 41 lines
05-27 10:55:58.765 I/chatty  ( 2007): uid=1000(system) Binder:2007_19 expire 11 lines
05-27 10:55:58.803 I/chatty  ( 2007): uid=1000(system) MobileQosDetect expire 2 lines
05-27 10:55:58.853 I/chatty  ( 2007): uid=1000(system) Binder:2007_16 expire 10 lines
05-27 10:55:58.893 I/chatty  ( 2007): uid=1000(system) Binder:2007_6 expire 2 lines
05-27 10:55:59.036 E/BoosterUtil( 3859): convertSubIdToSlotId failed, subId:6, slotId:-1
05-27 10:55:59.036 E/BoosterUtil( 3859): getDefaultDataSlotId failed, invalid slotId:-1, subId:6
05-27 10:55:59.036 D/NpdcpAliveManager( 3859): ro.odm.npdcp_alive_cfg_enable is false
05-27 10:55:59.036 E/FourNetCombinationChr( 3859): getNetworkQoeInfo failed, qoeTcpDataOpt is null
05-27 10:56:00.060 E/BoosterUtil( 3859): convertSubIdToSlotId failed, subId:6, slotId:-1
05-27 10:56:00.060 E/BoosterUtil( 3859): getDefaultDataSlotId failed, invalid slotId:-1, subId:6
05-27 10:56:00.061 D/NpdcpAliveManager( 3859): ro.odm.npdcp_alive_cfg_enable is false
05-27 10:56:00.061 E/FourNetCombinationChr( 3859): getNetworkQoeInfo failed, qoeTcpDataOpt is null
05-27 10:56:01.091 E/BoosterUtil( 3859): convertSubIdToSlotId failed, subId:6, slotId:-1
05-27 10:56:01.091 E/BoosterUtil( 3859): getDefaultDataSlotId failed, invalid slotId:-1, subId:6
05-27 10:56:01.091 D/NpdcpAliveManager( 3859): ro.odm.npdcp_alive_cfg_enable is false
05-27 10:56:01.092 E/FourNetCombinationChr( 3859): getNetworkQoeInfo failed, qoeTcpDataOpt is null
05-27 10:56:02.107 E/BoosterUtil( 3859): convertSubIdToSlotId failed, subId:6, slotId:-1
05-27 10:56:02.107 E/BoosterUtil( 3859): getDefaultDataSlotId failed, invalid slotId:-1, subId:6
05-27 10:56:02.107 D/NpdcpAliveManager( 3859): ro.odm.npdcp_alive_cfg_enable is false
05-27 10:56:02.108 E/FourNetCombinationChr( 3859): getNetworkQoeInfo failed, qoeTcpDataOpt is null
05-27 10:56:02.898 I/chatty  ( 2007): uid=1000(system) Binder:2007_A expire 1 line
05-27 10:56:03.140 E/BoosterUtil( 3859): convertSubIdToSlotId failed, subId:6, slotId:-1
05-27 10:56:03.140 E/BoosterUtil( 3859): getDefaultDataSlotId failed, invalid slotId:-1, subId:6
05-27 10:56:03.141 D/NpdcpAliveManager( 3859): ro.odm.npdcp_alive_cfg_enable is false
05-27 10:56:03.141 E/FourNetCombinationChr( 3859): getNetworkQoeInfo failed, qoeTcpDataOpt is null
05-27 10:56:04.160 E/BoosterUtil( 3859): convertSubIdToSlotId failed, subId:6, slotId:-1
05-27 10:56:04.160 E/BoosterUtil( 3859): getDefaultDataSlotId failed, invalid slotId:-1, subId:6
05-27 10:56:04.161 D/NpdcpAliveManager( 3859): ro.odm.npdcp_alive_cfg_enable is false
05-27 10:56:04.161 E/FourNetCombinationChr( 3859): getNetworkQoeInfo failed, qoeTcpDataOpt is null
05-27 10:56:04.913 I/chatty  ( 2007): uid=1000(system) Binder:2007_8 expire 20 lines
05-27 10:56:05.187 E/BoosterUtil( 3859): convertSubIdToSlotId failed, subId:6, slotId:-1
05-27 10:56:05.187 E/BoosterUtil( 3859): getDefaultDataSlotId failed, invalid slotId:-1, subId:6
05-27 10:56:05.188 D/NpdcpAliveManager( 3859): ro.odm.npdcp_alive_cfg_enable is false
05-27 10:56:05.188 E/FourNetCombinationChr( 3859): getNetworkQoeInfo failed, qoeTcpDataOpt is null
05-27 10:56:06.207 E/BoosterUtil( 3859): convertSubIdToSlotId failed, subId:6, slotId:-1
05-27 10:56:06.207 E/BoosterUtil( 3859): getDefaultDataSlotId failed, invalid slotId:-1, subId:6
05-27 10:56:06.207 D/NpdcpAliveManager( 3859): ro.odm.npdcp_alive_cfg_enable is false
05-27 10:56:06.207 E/FourNetCombinationChr( 3859): getNetworkQoeInfo failed, qoeTcpDataOpt is null
05-27 10:56:07.235 E/BoosterUtil( 3859): convertSubIdToSlotId failed, subId:6, slotId:-1
05-27 10:56:07.235 E/BoosterUtil( 3859): getDefaultDataSlotId failed, invalid slotId:-1, subId:6
05-27 10:56:07.236 D/NpdcpAliveManager( 3859): ro.odm.npdcp_alive_cfg_enable is false
05-27 10:56:07.236 E/FourNetCombinationChr( 3859): getNetworkQoeInfo failed, qoeTcpDataOpt is null
05-27 10:56:07.388 D/ActivityThread(27313): Won't deliver top position change in state=5
05-27 10:56:07.389 I/chatty  ( 2007): uid=1000(system) HwActivityTaskM expire 2 lines
05-27 10:56:07.389 I/chatty  ( 2007): uid=1000(system) Thread-6 expire 4 lines
05-27 10:56:07.399 E/Booster_MatterAppRecommend( 3859): [isMatterPackage]invalid mMatterPackagesConfig
05-27 10:56:07.408 I/chatty  ( 2007): uid=1000(system) android.ui expire 2 lines
05-27 10:56:07.408 D/HwCommandQueue( 3478): CommandQueue, set Launcher StatusBar Color
05-27 10:56:07.422 I/chatty  ( 2007): uid=1000(system) android.anim expire 27 lines
05-27 10:56:07.441 I/chatty  ( 2007): uid=1000(system) android.display expire 6 lines
05-27 10:56:07.725 D/ActivityThread(27313): Remove activity client record, r= ActivityRecord{9ebd6d3 token=android.os.BinderProxy@ca29aba {com.huatu.handheld_huatu/com.huatu.handheld_huatu.business.essay.EssayExamActivity}} token= android.os.BinderProxy@ca29aba
05-27 10:56:07.725 I/ViewRootImpl(27313): dispatchDetachedFromWindow in doDie
05-27 10:56:07.836 I/chatty  ( 2007): uid=1000 system_server expire 6 lines
05-27 10:56:08.251 E/BoosterUtil( 3859): convertSubIdToSlotId failed, subId:6, slotId:-1
05-27 10:56:08.251 E/BoosterUtil( 3859): getDefaultDataSlotId failed, invalid slotId:-1, subId:6
05-27 10:56:08.252 D/NpdcpAliveManager( 3859): ro.odm.npdcp_alive_cfg_enable is false
05-27 10:56:08.252 E/FourNetCombinationChr( 3859): getNetworkQoeInfo failed, qoeTcpDataOpt is null
05-27 10:56:09.284 E/BoosterUtil( 3859): convertSubIdToSlotId failed, subId:6, slotId:-1
05-27 10:56:09.284 E/BoosterUtil( 3859): getDefaultDataSlotId failed, invalid slotId:-1, subId:6
05-27 10:56:09.284 D/NpdcpAliveManager( 3859): ro.odm.npdcp_alive_cfg_enable is false
05-27 10:56:09.284 E/FourNetCombinationChr( 3859): getNetworkQoeInfo failed, qoeTcpDataOpt is null
05-27 10:56:10.013 I/chatty  ( 2007): uid=1000(system) PowerManagerSer expire 4 lines
05-27 10:56:10.235 I/chatty  ( 2007): uid=1000(system) Binder:2007_16 expire 4 lines
05-27 10:56:10.238 I/chatty  ( 2007): uid=1000(system) android.ui expire 2 lines
05-27 10:56:10.239 I/chatty  ( 2007): uid=1000(system) Binder:2007_16 expire 3 lines
05-27 10:56:10.241 D/HwCommandQueue( 3478): CommandQueue, set Launcher StatusBar Color
05-27 10:56:10.266 I/chatty  ( 2007): uid=1000(system) android.anim expire 1 line
05-27 10:56:10.273 I/chatty  ( 2007): uid=1000(system) Binder:2007_8 expire 7 lines
05-27 10:56:10.277 I/chatty  ( 2007): uid=1000(system) android.ui expire 2 lines
05-27 10:56:10.278 D/HwCommandQueue( 3478): CommandQueue, set Launcher StatusBar Color
05-27 10:56:10.281 I/chatty  ( 2007): uid=1000(system) Binder:2007_8 expire 21 lines
05-27 10:56:10.290 I/ViewRootImpl(27313): dispatchDetachedFromWindow in doDie
05-27 10:56:10.298 E/BoosterUtil( 3859): convertSubIdToSlotId failed, subId:6, slotId:-1
05-27 10:56:10.298 E/BoosterUtil( 3859): getDefaultDataSlotId failed, invalid slotId:-1, subId:6
05-27 10:56:10.298 D/NpdcpAliveManager( 3859): ro.odm.npdcp_alive_cfg_enable is false
05-27 10:56:10.298 E/FourNetCombinationChr( 3859): getNetworkQoeInfo failed, qoeTcpDataOpt is null
05-27 10:56:10.299 I/chatty  ( 2007): uid=1000(system) android.ui expire 6 lines
05-27 10:56:10.299 D/HwCommandQueue( 3478): CommandQueue, set Launcher StatusBar Color
05-27 10:56:10.302 D/HwCommandQueue( 3478): CommandQueue, set Launcher StatusBar Color
05-27 10:56:10.312 I/chatty  ( 2007): uid=1000(system) PowerManagerSer expire 2 lines
05-27 10:56:10.318 I/chatty  ( 2007): uid=1000(system) Binder:2007_16 expire 8 lines
05-27 10:56:10.323 I/chatty  ( 2007): uid=1000(system) Binder:2007_19 expire 8 lines
05-27 10:56:10.332 I/chatty  ( 2007): uid=1000(system) HwActivityTaskM expire 2 lines
05-27 10:56:10.333 I/chatty  ( 2007): uid=1000(system) Thread-6 expire 4 lines
05-27 10:56:10.334 I/chatty  ( 2007): uid=1000(system) android.display expire 8 lines
05-27 10:56:10.339 V/ActivityThread(27313): callActivityOnCreate
05-27 10:56:10.347 D/ActivityThread(27313): add activity client record, r= ActivityRecord{6be94d3 token=android.os.BinderProxy@1c750ba {com.huatu.handheld_huatu/com.huatu.handheld_huatu.business.essay.EssayExamActivity}} token= android.os.BinderProxy@1c750ba
05-27 10:56:10.380 E/Booster_MatterAppRecommend( 3859): [isMatterPackage]invalid mMatterPackagesConfig
05-27 10:56:10.391 I/chatty  ( 2007): uid=1000(system) Binder:2007_A expire 15 lines
05-27 10:56:10.399 D/HwCommandQueue( 3478): CommandQueue, set Launcher StatusBar Color
05-27 10:56:10.412 I/chatty  ( 2007): uid=1000(system) android.anim expire 32 lines
05-27 10:56:10.709 I/chatty  ( 2007): uid=1000(system) Binder:2007_19 expire 2 lines
05-27 10:56:10.773 I/chatty  ( 2007): uid=1000 system_server expire 6 lines
05-27 10:56:10.813 I/chatty  ( 2007): uid=1000(system) MobileQosDetect expire 1 line
05-27 10:56:10.907 I/chatty  ( 2007): uid=1000(system) Binder:2007_A expire 1 line
05-27 10:56:11.155 I/chatty  ( 2007): uid=1000(system) PowerManagerSer expire 5 lines
05-27 10:56:11.333 E/BoosterUtil( 3859): convertSubIdToSlotId failed, subId:6, slotId:-1
05-27 10:56:11.333 E/BoosterUtil( 3859): getDefaultDataSlotId failed, invalid slotId:-1, subId:6
05-27 10:56:11.334 D/NpdcpAliveManager( 3859): ro.odm.npdcp_alive_cfg_enable is false
05-27 10:56:11.334 E/FourNetCombinationChr( 3859): getNetworkQoeInfo failed, qoeTcpDataOpt is null
05-27 10:56:12.347 E/BoosterUtil( 3859): convertSubIdToSlotId failed, subId:6, slotId:-1
05-27 10:56:12.347 E/BoosterUtil( 3859): getDefaultDataSlotId failed, invalid slotId:-1, subId:6
05-27 10:56:12.347 D/NpdcpAliveManager( 3859): ro.odm.npdcp_alive_cfg_enable is false
05-27 10:56:12.347 E/FourNetCombinationChr( 3859): getNetworkQoeInfo failed, qoeTcpDataOpt is null
05-27 10:56:12.907 I/chatty  ( 2007): uid=1000(system) Binder:2007_19 expire 4 lines
05-27 10:56:13.151 I/chatty  ( 2007): uid=1000(system) PowerManagerSer expire 2 lines
05-27 10:56:13.172 I/chatty  ( 2007): uid=1000(system) android.anim expire 3 lines
05-27 10:56:13.307 I/chatty  ( 2007): uid=1000(system) PowerManagerSer expire 1 line
05-27 10:56:13.379 E/BoosterUtil( 3859): convertSubIdToSlotId failed, subId:6, slotId:-1
05-27 10:56:13.379 E/BoosterUtil( 3859): getDefaultDataSlotId failed, invalid slotId:-1, subId:6
05-27 10:56:13.379 D/NpdcpAliveManager( 3859): ro.odm.npdcp_alive_cfg_enable is false
05-27 10:56:13.379 E/FourNetCombinationChr( 3859): getNetworkQoeInfo failed, qoeTcpDataOpt is null
05-27 10:56:13.540 I/chatty  ( 2007): uid=1000(system) Binder:2007_19 expire 1 line
05-27 10:56:13.596 I/chatty  ( 2007): uid=1000(system) Binder:2007_A expire 1 line
05-27 10:56:13.617 I/chatty  ( 2007): uid=1000(system) ActivityManager expire 1 line
05-27 10:56:13.814 I/chatty  ( 2007): uid=1000(system) AlarmManager expire 2 lines
05-27 10:56:13.817 I/chatty  ( 2007): uid=1000(system) PowerManagerSer expire 1 line
05-27 10:56:13.819 I/chatty  ( 2007): uid=1000(system) Binder:2007_16 expire 1 line
05-27 10:56:13.822 I/chatty  ( 2007): uid=1000(system) PowerManagerSer expire 3 lines
05-27 10:56:14.399 E/BoosterUtil( 3859): convertSubIdToSlotId failed, subId:6, slotId:-1
05-27 10:56:14.399 E/BoosterUtil( 3859): getDefaultDataSlotId failed, invalid slotId:-1, subId:6
05-27 10:56:14.399 D/NpdcpAliveManager( 3859): ro.odm.npdcp_alive_cfg_enable is false
05-27 10:56:14.399 E/FourNetCombinationChr( 3859): getNetworkQoeInfo failed, qoeTcpDataOpt is null
05-27 10:56:14.818 I/chatty  ( 2007): uid=1000(system) MobileQosDetect expire 1 line
05-27 10:56:14.912 I/chatty  ( 2007): uid=1000(system) Binder:2007_19 expire 1 line
05-27 10:56:15.155 I/chatty  ( 2007): uid=1000(system) PowerManagerSer expire 2 lines
05-27 10:56:15.427 E/BoosterUtil( 3859): convertSubIdToSlotId failed, subId:6, slotId:-1
05-27 10:56:15.427 E/BoosterUtil( 3859): getDefaultDataSlotId failed, invalid slotId:-1, subId:6
05-27 10:56:15.427 D/NpdcpAliveManager( 3859): ro.odm.npdcp_alive_cfg_enable is false
05-27 10:56:15.428 E/FourNetCombinationChr( 3859): getNetworkQoeInfo failed, qoeTcpDataOpt is null
05-27 10:56:16.443 E/BoosterUtil( 3859): convertSubIdToSlotId failed, subId:6, slotId:-1
05-27 10:56:16.443 E/BoosterUtil( 3859): getDefaultDataSlotId failed, invalid slotId:-1, subId:6
05-27 10:56:16.443 D/NpdcpAliveManager( 3859): ro.odm.npdcp_alive_cfg_enable is false
05-27 10:56:16.444 E/FourNetCombinationChr( 3859): getNetworkQoeInfo failed, qoeTcpDataOpt is null
05-27 10:56:16.637 I/chatty  ( 2007): uid=1000 system_server expire 1 line
05-27 10:56:16.638 I/ViewRootImpl(27313): dispatchDetachedFromWindow in doDie
05-27 10:56:16.653 I/chatty  ( 2007): uid=1000(system) Binder:2007_A expire 2 lines
05-27 10:56:16.664 I/chatty  ( 2007): uid=1000(system) android.display expire 2 lines
05-27 10:56:16.666 I/chatty  ( 2007): uid=1000(system) PowerManagerSer expire 36 lines
05-27 10:56:16.675 I/chatty  ( 2007): uid=1000(system) Binder:2007_A expire 24 lines
05-27 10:56:16.754 I/chatty  ( 2007): uid=1000(system) android.anim expire 15 lines
05-27 10:56:17.139 I/chatty  ( 2007): uid=1000(system) android.ui expire 18 lines
05-27 10:56:17.139 D/HwCommandQueue( 3478): CommandQueue, set Launcher StatusBar Color
05-27 10:56:17.177 I/chatty  ( 2007): uid=1000(system) Binder:2007_C expire 11 lines
05-27 10:56:17.185 D/HwCommandQueue( 3478): CommandQueue, set Launcher StatusBar Color
05-27 10:56:17.476 E/BoosterUtil( 3859): convertSubIdToSlotId failed, subId:6, slotId:-1
05-27 10:56:17.476 E/BoosterUtil( 3859): getDefaultDataSlotId failed, invalid slotId:-1, subId:6
05-27 10:56:17.476 D/NpdcpAliveManager( 3859): ro.odm.npdcp_alive_cfg_enable is false
05-27 10:56:17.476 E/FourNetCombinationChr( 3859): getNetworkQoeInfo failed, qoeTcpDataOpt is null
05-27 10:56:18.495 E/BoosterUtil( 3859): convertSubIdToSlotId failed, subId:6, slotId:-1
05-27 10:56:18.495 E/BoosterUtil( 3859): getDefaultDataSlotId failed, invalid slotId:-1, subId:6
05-27 10:56:18.495 D/NpdcpAliveManager( 3859): ro.odm.npdcp_alive_cfg_enable is false
05-27 10:56:18.496 E/FourNetCombinationChr( 3859): getNetworkQoeInfo failed, qoeTcpDataOpt is null
05-27 10:56:18.744 I/chatty  ( 2007): uid=1000(system) Binder:2007_8 expire 52 lines
05-27 10:56:18.914 I/chatty  ( 2007): uid=1000(system) Binder:2007_19 expire 19 lines
05-27 10:56:19.205 I/storaged( 1055): storaged_t::event: storage_info refreshed.
05-27 10:56:19.528 E/BoosterUtil( 3859): convertSubIdToSlotId failed, subId:6, slotId:-1
05-27 10:56:19.528 E/BoosterUtil( 3859): getDefaultDataSlotId failed, invalid slotId:-1, subId:6
05-27 10:56:19.528 D/NpdcpAliveManager( 3859): ro.odm.npdcp_alive_cfg_enable is false
05-27 10:56:19.528 E/FourNetCombinationChr( 3859): getNetworkQoeInfo failed, qoeTcpDataOpt is null
05-27 10:56:19.742 I/ViewRootImpl(27313): dispatchDetachedFromWindow in doDie
05-27 10:56:19.757 D/HwCommandQueue( 3478): CommandQueue, set Launcher StatusBar Color
05-27 10:56:19.762 D/HwCommandQueue( 3478): CommandQueue, set Launcher StatusBar Color
05-27 10:56:19.910 D/HwCommandQueue( 3478): CommandQueue, set Launcher StatusBar Color
05-27 10:56:19.939 I/ViewRootImpl(27313): dispatchDetachedFromWindow in doDie
05-27 10:56:19.943 D/HwCommandQueue( 3478): CommandQueue, set Launcher StatusBar Color
05-27 10:56:19.947 D/HwCommandQueue( 3478): CommandQueue, set Launcher StatusBar Color
05-27 10:56:19.996 D/HwCommandQueue( 3478): CommandQueue, set Launcher StatusBar Color
05-27 10:56:20.542 E/BoosterUtil( 3859): convertSubIdToSlotId failed, subId:6, slotId:-1
05-27 10:56:20.542 E/BoosterUtil( 3859): getDefaultDataSlotId failed, invalid slotId:-1, subId:6
05-27 10:56:20.542 D/NpdcpAliveManager( 3859): ro.odm.npdcp_alive_cfg_enable is false
05-27 10:56:20.542 E/FourNetCombinationChr( 3859): getNetworkQoeInfo failed, qoeTcpDataOpt is null
05-27 10:56:21.575 E/BoosterUtil( 3859): convertSubIdToSlotId failed, subId:6, slotId:-1
05-27 10:56:21.575 E/BoosterUtil( 3859): getDefaultDataSlotId failed, invalid slotId:-1, subId:6
05-27 10:56:21.575 D/NpdcpAliveManager( 3859): ro.odm.npdcp_alive_cfg_enable is false
05-27 10:56:21.575 E/FourNetCombinationChr( 3859): getNetworkQoeInfo failed, qoeTcpDataOpt is null
05-27 10:56:21.595 I/chatty  ( 2007): uid=1000(system) sManagerService expire 2 lines
05-27 10:56:21.641 D/HwCommandQueue( 3478): CommandQueue, set Launcher StatusBar Color
05-27 10:56:22.586 E/BoosterUtil( 3859): convertSubIdToSlotId failed, subId:6, slotId:-1
05-27 10:56:22.586 E/BoosterUtil( 3859): getDefaultDataSlotId failed, invalid slotId:-1, subId:6
05-27 10:56:22.586 D/NpdcpAliveManager( 3859): ro.odm.npdcp_alive_cfg_enable is false
05-27 10:56:22.586 E/FourNetCombinationChr( 3859): getNetworkQoeInfo failed, qoeTcpDataOpt is null
05-27 10:56:22.827 I/chatty  ( 2007): uid=1000(system) MobileQosDetect expire 2 lines
05-27 10:56:23.621 E/BoosterUtil( 3859): convertSubIdToSlotId failed, subId:6, slotId:-1
05-27 10:56:23.622 E/BoosterUtil( 3859): getDefaultDataSlotId failed, invalid slotId:-1, subId:6
05-27 10:56:23.622 D/NpdcpAliveManager( 3859): ro.odm.npdcp_alive_cfg_enable is false
05-27 10:56:23.622 E/FourNetCombinationChr( 3859): getNetworkQoeInfo failed, qoeTcpDataOpt is null
05-27 10:56:24.638 E/BoosterUtil( 3859): convertSubIdToSlotId failed, subId:6, slotId:-1
05-27 10:56:24.638 E/BoosterUtil( 3859): getDefaultDataSlotId failed, invalid slotId:-1, subId:6
05-27 10:56:24.639 D/NpdcpAliveManager( 3859): ro.odm.npdcp_alive_cfg_enable is false
05-27 10:56:24.639 E/FourNetCombinationChr( 3859): getNetworkQoeInfo failed, qoeTcpDataOpt is null
05-27 10:56:25.667 E/BoosterUtil( 3859): convertSubIdToSlotId failed, subId:6, slotId:-1
05-27 10:56:25.667 E/BoosterUtil( 3859): getDefaultDataSlotId failed, invalid slotId:-1, subId:6
05-27 10:56:25.667 D/NpdcpAliveManager( 3859): ro.odm.npdcp_alive_cfg_enable is false
05-27 10:56:25.667 E/FourNetCombinationChr( 3859): getNetworkQoeInfo failed, qoeTcpDataOpt is null
05-27 10:56:25.833 I/chatty  ( 2007): uid=1000(system) UEventObserver expire 6 lines
05-27 10:56:26.686 E/BoosterUtil( 3859): convertSubIdToSlotId failed, subId:6, slotId:-1
05-27 10:56:26.686 E/BoosterUtil( 3859): getDefaultDataSlotId failed, invalid slotId:-1, subId:6
05-27 10:56:26.686 D/NpdcpAliveManager( 3859): ro.odm.npdcp_alive_cfg_enable is false
05-27 10:56:26.686 E/FourNetCombinationChr( 3859): getNetworkQoeInfo failed, qoeTcpDataOpt is null
05-27 10:56:27.154 I/chatty  ( 2007): uid=1000(system) PowerManagerSer expire 4 lines
05-27 10:56:27.653 I/chatty  ( 2007): uid=1000 system_server expire 2 lines
05-27 10:56:27.715 E/BoosterUtil( 3859): convertSubIdToSlotId failed, subId:6, slotId:-1
05-27 10:56:27.715 E/BoosterUtil( 3859): getDefaultDataSlotId failed, invalid slotId:-1, subId:6
05-27 10:56:27.716 D/NpdcpAliveManager( 3859): ro.odm.npdcp_alive_cfg_enable is false
05-27 10:56:27.716 E/FourNetCombinationChr( 3859): getNetworkQoeInfo failed, qoeTcpDataOpt is null
05-27 10:56:27.913 I/chatty  ( 2007): uid=1000(system) Binder:2007_6 expire 5 lines
05-27 10:56:27.918 I/chatty  ( 2007): uid=1000(system) android.ui expire 2 lines
05-27 10:56:27.918 D/HwCommandQueue( 3478): CommandQueue, set Launcher StatusBar Color
05-27 10:56:27.925 I/chatty  ( 2007): uid=1000(system) Binder:2007_6 expire 1 line
05-27 10:56:27.928 I/chatty  ( 2007): uid=1000(system) Binder:2007_19 expire 2 lines
05-27 10:56:27.952 I/chatty  ( 2007): uid=1000(system) android.anim expire 1 line
05-27 10:56:27.970 I/chatty  ( 2007): uid=1000(system) android.ui expire 2 lines
05-27 10:56:27.970 D/HwCommandQueue( 3478): CommandQueue, set Launcher StatusBar Color
05-27 10:56:27.972 I/chatty  ( 2007): uid=1000(system) Binder:2007_6 expire 8 lines
05-27 10:56:27.981 I/ViewRootImpl(27313): dispatchDetachedFromWindow in doDie
05-27 10:56:27.984 I/chatty  ( 2007): uid=1000(system) Binder:2007_19 expire 2 lines
05-27 10:56:28.016 I/chatty  ( 2007): uid=1000(system) Binder:2007_16 expire 18 lines
05-27 10:56:28.138 I/chatty  ( 2007): uid=1000(system) android.anim expire 29 lines
05-27 10:56:28.156 I/chatty  ( 2007): uid=1000(system) PowerManagerSer expire 6 lines
05-27 10:56:28.731 E/BoosterUtil( 3859): convertSubIdToSlotId failed, subId:6, slotId:-1
05-27 10:56:28.731 E/BoosterUtil( 3859): getDefaultDataSlotId failed, invalid slotId:-1, subId:6
05-27 10:56:28.732 D/NpdcpAliveManager( 3859): ro.odm.npdcp_alive_cfg_enable is false
05-27 10:56:28.732 E/FourNetCombinationChr( 3859): getNetworkQoeInfo failed, qoeTcpDataOpt is null
05-27 10:56:29.190 I/ViewRootImpl(27313): dispatchDetachedFromWindow in doDie
05-27 10:56:29.198 I/chatty  ( 2007): uid=1000(system) Binder:2007_19 expire 24 lines
05-27 10:56:29.201 I/chatty  ( 2007): uid=1000(system) android.ui expire 6 lines
05-27 10:56:29.201 D/HwCommandQueue( 3478): CommandQueue, set Launcher StatusBar Color
05-27 10:56:29.205 D/HwCommandQueue( 3478): CommandQueue, set Launcher StatusBar Color
05-27 10:56:29.234 I/chatty  ( 2007): uid=1000(system) android.display expire 7 lines
05-27 10:56:29.238 I/chatty  ( 2007): uid=1000(system) HwActivityTaskM expire 2 lines
05-27 10:56:29.238 I/chatty  ( 2007): uid=1000(system) Thread-6 expire 4 lines
05-27 10:56:29.247 I/chatty  ( 2007): uid=1000(system) ActivityManager expire 1 line
05-27 10:56:29.257 D/ActivityThread( 9214): Attach thread to application
05-27 10:56:29.265 I/chatty  ( 2007): uid=1000(system) HwGameAssistant expire 1 line
05-27 10:56:29.270 I/ActivityThread( 9214): Init compatible state: false
05-27 10:56:29.278 I/chatty  ( 2007): uid=1000(system) sManagerService expire 3 lines
05-27 10:56:29.286 I/chatty  ( 2007): uid=1000(system) Binder:2007_8 expire 3 lines
05-27 10:56:29.286 I/HwNetworkPolicyManager( 3635): getHwUidPolicy uid = 10048 policy = 0
05-27 10:56:29.305 I/ActivityThread( 9214): finishPreloaded preloadStatus 0
05-27 10:56:29.305 I/RtgSchedEvent( 9214): current pid:9214 AppType:15
05-27 10:56:29.314 I/chatty  ( 2007): uid=1000(system) Binder:2007_6 expire 3 lines
05-27 10:56:29.317 V/ActivityThread( 9214): callActivityOnCreate
05-27 10:56:29.367 D/SystemConfig( 9214): Removed unavailable feature android.hardware.sensor.barometer
05-27 10:56:29.369 W/SystemConfig( 9214): No directory /product_services/etc/sysconfig, skipping
05-27 10:56:29.369 W/SystemConfig( 9214): No directory /product_services/etc/permissions, skipping
05-27 10:56:29.370 W/SystemConfig( 9214): No directory /system/emui/base/sysconfig, skipping
05-27 10:56:29.370 W/SystemConfig( 9214): No directory /system/emui/china/sysconfig, skipping
05-27 10:56:29.370 W/SystemConfig( 9214): No directory /vendor/etc/sysconfig, skipping
05-27 10:56:29.372 D/SystemConfig( 9214): Removed unavailable feature android.hardware.sensor.barometer
05-27 10:56:29.374 W/SystemConfig( 9214): No directory /odm/cust/all/cn/sysconfig, skipping
05-27 10:56:29.374 W/SystemConfig( 9214): No directory /odm/cust/all/cn/permissions, skipping
05-27 10:56:29.374 W/SystemConfig( 9214): No directory /odm/etc/sysconfig, skipping
05-27 10:56:29.374 W/SystemConfig( 9214): No directory /odm/hw_odm/ELE-AL00/sysconfig, skipping
05-27 10:56:29.374 W/SystemConfig( 9214): No directory /odm/hw_odm/ELE-AL00/permissions, skipping
05-27 10:56:29.374 W/SystemConfig( 9214): No directory /hw_product/etc/sysconfig, skipping
05-27 10:56:29.375 W/SystemConfig( 9214): No directory /hw_product/region_comm/china/sysconfig, skipping
05-27 10:56:29.376 W/SystemConfig( 9214): No directory /preas/china/sysconfig, skipping
05-27 10:56:29.377 W/SystemConfig( 9214): No directory /hw_product/hw_oem/ELE-AL00/sysconfig, skipping
05-27 10:56:29.377 W/SystemConfig( 9214): No directory /preload/ELE-AL00/all/cn/sysconfig, skipping
05-27 10:56:29.378 W/SystemConfig( 9214): No directory /cust/global/sysconfig, skipping
05-27 10:56:29.378 W/SystemConfig( 9214): No directory /cust/global/permissions, skipping
05-27 10:56:29.378 W/SystemConfig( 9214): No directory /cust/hw/cn/sysconfig, skipping
05-27 10:56:29.378 W/SystemConfig( 9214): No directory /cust/hw/cn/permissions, skipping
05-27 10:56:29.378 W/SystemConfig( 9214): No directory /version/cust/all/cn/sysconfig, skipping
05-27 10:56:29.378 W/SystemConfig( 9214): No directory /hw_product/special_cust/ELE-AL00/all/cn/sysconfig, skipping
05-27 10:56:29.378 W/SystemConfig( 9214): No directory /hw_product/special_cust/ELE-AL00/all/cn/permissions, skipping
05-27 10:56:29.378 W/SystemConfig( 9214): No directory /version/special_cust/ELE-AL00/all/cn/sysconfig, skipping
05-27 10:56:29.378 W/SystemConfig( 9214): No directory /version/special_cust/ELE-AL00/all/cn/permissions, skipping
05-27 10:56:29.378 W/SystemConfig( 9214): No directory /cust/cotalite/sysconfig, skipping
05-27 10:56:29.378 W/SystemConfig( 9214): No directory /cust/cotalite/permissions, skipping
05-27 10:56:29.378 W/SystemConfig( 9214): No directory /cust/ecota/sysconfig, skipping
05-27 10:56:29.378 W/SystemConfig( 9214): No directory /cust/ecota/permissions, skipping
05-27 10:56:29.379 I/HwCustSystemConfigImpl( 9214): start read overlay feature.
05-27 10:56:29.379 I/HwCustSystemConfigImpl( 9214): overlay feature take effect.
05-27 10:56:29.413 D/ActivityThread( 9214): add activity client record, r= ActivityRecord{166c7e1 token=android.os.BinderProxy@b5d1845 {com.android.permissioncontroller/com.android.packageinstaller.permission.ui.GrantPermissionsActivity}} token= android.os.BinderProxy@b5d1845
05-27 10:56:29.429 I/RtgSchedEvent( 9214): current pid:9214 AppType:15
05-27 10:56:29.430 E/Booster_MatterAppRecommend( 3859): [isMatterPackage]invalid mMatterPackagesConfig
05-27 10:56:29.433 I/chatty  ( 2007): uid=1000(system) ActivityManager expire 1 line
05-27 10:56:29.441 D/HwCommandQueue( 3478): CommandQueue, set Launcher StatusBar Color
05-27 10:56:29.508 I/chatty  ( 2007): uid=1000(system) Binder:2007_6 expire 7 lines
05-27 10:56:29.511 I/chatty  ( 2007): uid=1000(system) android.ui expire 2 lines
05-27 10:56:29.511 D/HwCommandQueue( 3478): CommandQueue, set Launcher StatusBar Color
05-27 10:56:29.514 I/chatty  ( 2007): uid=1000(system) Binder:2007_6 expire 1 line
05-27 10:56:29.520 I/chatty  ( 2007): uid=1000(system) Binder:2007_19 expire 1 line
05-27 10:56:29.521 I/chatty  ( 2007): uid=1000(system) PowerManagerSer expire 1 line
05-27 10:56:29.604 I/chatty  ( 2007): uid=1000 system_server expire 7 lines
05-27 10:56:29.758 E/BoosterUtil( 3859): convertSubIdToSlotId failed, subId:6, slotId:-1
05-27 10:56:29.758 E/BoosterUtil( 3859): getDefaultDataSlotId failed, invalid slotId:-1, subId:6
05-27 10:56:29.758 D/NpdcpAliveManager( 3859): ro.odm.npdcp_alive_cfg_enable is false
05-27 10:56:29.759 E/FourNetCombinationChr( 3859): getNetworkQoeInfo failed, qoeTcpDataOpt is null
05-27 10:56:29.927 I/chatty  ( 2007): uid=1000(system) Binder:2007_16 expire 2 lines
05-27 10:56:29.946 I/chatty  ( 2007): uid=1000 system_server expire 1 line
05-27 10:56:30.149 I/chatty  ( 2007): uid=1000(system) PowerManagerSer expire 3 lines
05-27 10:56:30.739 W/HwApsManager( 9214): HwApsManagerService, registerCallback, start !
05-27 10:56:30.740 I/chatty  ( 2007): uid=1000(system) Binder:2007_16 expire 2 lines
05-27 10:56:30.765 I/chatty  ( 2007): uid=1000(system) PowerManagerSer expire 3 lines
05-27 10:56:30.778 E/BoosterUtil( 3859): convertSubIdToSlotId failed, subId:6, slotId:-1
05-27 10:56:30.778 E/BoosterUtil( 3859): getDefaultDataSlotId failed, invalid slotId:-1, subId:6
05-27 10:56:30.779 D/NpdcpAliveManager( 3859): ro.odm.npdcp_alive_cfg_enable is false
05-27 10:56:30.779 E/FourNetCombinationChr( 3859): getNetworkQoeInfo failed, qoeTcpDataOpt is null
05-27 10:56:30.783 I/chatty  ( 2007): uid=1000(system) Binder:2007_19 expire 6 lines
05-27 10:56:30.785 D/ActivityThread(27313): Won't deliver top position change in state=4
05-27 10:56:30.786 I/chatty  ( 2007): uid=1000(system) HwGameAssistant expire 1 line
05-27 10:56:30.787 I/HwCommandQueue( 3478): updateBarBgColor
05-27 10:56:30.787 D/HwCommandQueue( 3478): CommandQueue, setBarBackgroundColor
05-27 10:56:30.787 I/chatty  ( 2007): uid=1000(system) android.ui expire 1 line
05-27 10:56:30.787 I/chatty  ( 2007): uid=1000(system) Binder:2007_19 expire 18 lines
05-27 10:56:30.787 I/chatty  ( 2007): uid=1000(system) android.ui expire 3 lines
05-27 10:56:30.787 D/HwCommandQueue( 3478): CommandQueue, set Launcher StatusBar Color
05-27 10:56:30.789 I/chatty  ( 2007): uid=1000(system) sManagerService expire 2 lines
05-27 10:56:30.797 D/HwCommandQueue( 3478): CommandQueue, set Launcher StatusBar Color
05-27 10:56:30.801 I/chatty  ( 2007): uid=1000(system) HwActivityTaskM expire 2 lines
05-27 10:56:30.801 I/chatty  ( 2007): uid=1000(system) Thread-6 expire 10 lines
05-27 10:56:30.805 I/chatty  ( 2007): uid=1000(system) Binder:2007_A expire 10 lines
05-27 10:56:30.809 I/chatty  ( 2007): uid=1000(system) android.display expire 6 lines
05-27 10:56:30.816 I/RtgSchedEvent(27313): current pid:27313 AppType:33
05-27 10:56:30.819 E/Booster_MatterAppRecommend( 3859): [isMatterPackage]invalid mMatterPackagesConfig
05-27 10:56:30.823 I/chatty  ( 2007): uid=1000(system) Binder:2007_11 expire 12 lines
05-27 10:56:30.828 I/chatty  ( 2007): uid=1000(system) Binder:2007_1A expire 14 lines
05-27 10:56:30.829 I/chatty  ( 2007): uid=1000(system) PowerManagerSer expire 26 lines
05-27 10:56:30.834 I/chatty  ( 2007): uid=1000(system) MobileQosDetect expire 6 lines
05-27 10:56:30.853 D/ActivityThread( 9214): Remove activity client record, r= ActivityRecord{166c7e1 token=android.os.BinderProxy@b5d1845 {com.android.permissioncontroller/com.android.packageinstaller.permission.ui.GrantPermissionsActivity}} token= android.os.BinderProxy@b5d1845
05-27 10:56:30.853 I/ViewRootImpl( 9214): dispatchDetachedFromWindow in doDie
05-27 10:56:30.895 I/chatty  ( 2007): uid=1000 system_server expire 12 lines
05-27 10:56:31.034 I/chatty  ( 2007): uid=1000(system) android.anim expire 9 lines
05-27 10:56:31.812 E/BoosterUtil( 3859): convertSubIdToSlotId failed, subId:6, slotId:-1
05-27 10:56:31.812 E/BoosterUtil( 3859): getDefaultDataSlotId failed, invalid slotId:-1, subId:6
05-27 10:56:31.812 D/NpdcpAliveManager( 3859): ro.odm.npdcp_alive_cfg_enable is false
05-27 10:56:31.812 E/FourNetCombinationChr( 3859): getNetworkQoeInfo failed, qoeTcpDataOpt is null
05-27 10:56:32.234 I/HwDeviceMangerFactory(27313): Create actual factory for mdm part.
05-27 10:56:32.827 E/BoosterUtil( 3859): convertSubIdToSlotId failed, subId:6, slotId:-1
05-27 10:56:32.827 E/BoosterUtil( 3859): getDefaultDataSlotId failed, invalid slotId:-1, subId:6
05-27 10:56:32.827 D/NpdcpAliveManager( 3859): ro.odm.npdcp_alive_cfg_enable is false
05-27 10:56:32.828 E/FourNetCombinationChr( 3859): getNetworkQoeInfo failed, qoeTcpDataOpt is null
05-27 10:56:33.852 E/BoosterUtil( 3859): convertSubIdToSlotId failed, subId:6, slotId:-1
05-27 10:56:33.852 E/BoosterUtil( 3859): getDefaultDataSlotId failed, invalid slotId:-1, subId:6
05-27 10:56:33.853 D/NpdcpAliveManager( 3859): ro.odm.npdcp_alive_cfg_enable is false
05-27 10:56:33.853 E/FourNetCombinationChr( 3859): getNetworkQoeInfo failed, qoeTcpDataOpt is null
05-27 10:56:34.875 E/BoosterUtil( 3859): convertSubIdToSlotId failed, subId:6, slotId:-1
05-27 10:56:34.875 E/BoosterUtil( 3859): getDefaultDataSlotId failed, invalid slotId:-1, subId:6
05-27 10:56:34.876 D/NpdcpAliveManager( 3859): ro.odm.npdcp_alive_cfg_enable is false
05-27 10:56:34.876 E/FourNetCombinationChr( 3859): getNetworkQoeInfo failed, qoeTcpDataOpt is null
05-27 10:56:35.904 E/BoosterUtil( 3859): convertSubIdToSlotId failed, subId:6, slotId:-1
05-27 10:56:35.904 E/BoosterUtil( 3859): getDefaultDataSlotId failed, invalid slotId:-1, subId:6
05-27 10:56:35.905 D/NpdcpAliveManager( 3859): ro.odm.npdcp_alive_cfg_enable is false
05-27 10:56:35.905 E/FourNetCombinationChr( 3859): getNetworkQoeInfo failed, qoeTcpDataOpt is null
05-27 10:56:36.924 E/BoosterUtil( 3859): convertSubIdToSlotId failed, subId:6, slotId:-1
05-27 10:56:36.924 E/BoosterUtil( 3859): getDefaultDataSlotId failed, invalid slotId:-1, subId:6
05-27 10:56:36.925 D/NpdcpAliveManager( 3859): ro.odm.npdcp_alive_cfg_enable is false
05-27 10:56:36.926 E/FourNetCombinationChr( 3859): getNetworkQoeInfo failed, qoeTcpDataOpt is null
05-27 10:56:37.950 E/BoosterUtil( 3859): convertSubIdToSlotId failed, subId:6, slotId:-1
05-27 10:56:37.950 E/BoosterUtil( 3859): getDefaultDataSlotId failed, invalid slotId:-1, subId:6
05-27 10:56:37.950 D/NpdcpAliveManager( 3859): ro.odm.npdcp_alive_cfg_enable is false
05-27 10:56:37.950 E/FourNetCombinationChr( 3859): getNetworkQoeInfo failed, qoeTcpDataOpt is null
05-27 10:56:38.959 I/chatty  ( 2007): uid=1000(system) Binder:2007_16 expire 3 lines
05-27 10:56:38.971 E/BoosterUtil( 3859): convertSubIdToSlotId failed, subId:6, slotId:-1
05-27 10:56:38.971 E/BoosterUtil( 3859): getDefaultDataSlotId failed, invalid slotId:-1, subId:6
05-27 10:56:38.971 D/NpdcpAliveManager( 3859): ro.odm.npdcp_alive_cfg_enable is false
05-27 10:56:38.972 E/FourNetCombinationChr( 3859): getNetworkQoeInfo failed, qoeTcpDataOpt is null
05-27 10:56:39.996 E/BoosterUtil( 3859): convertSubIdToSlotId failed, subId:6, slotId:-1
05-27 10:56:39.996 E/BoosterUtil( 3859): getDefaultDataSlotId failed, invalid slotId:-1, subId:6
05-27 10:56:39.997 D/NpdcpAliveManager( 3859): ro.odm.npdcp_alive_cfg_enable is false
05-27 10:56:39.997 E/FourNetCombinationChr( 3859): getNetworkQoeInfo failed, qoeTcpDataOpt is null
05-27 10:56:41.023 E/BoosterUtil( 3859): convertSubIdToSlotId failed, subId:6, slotId:-1
05-27 10:56:41.023 E/BoosterUtil( 3859): getDefaultDataSlotId failed, invalid slotId:-1, subId:6
05-27 10:56:41.024 D/NpdcpAliveManager( 3859): ro.odm.npdcp_alive_cfg_enable is false
05-27 10:56:41.024 E/FourNetCombinationChr( 3859): getNetworkQoeInfo failed, qoeTcpDataOpt is null
05-27 10:56:41.153 I/chatty  ( 2007): uid=1000(system) PowerManagerSer expire 28 lines
05-27 10:56:42.047 E/BoosterUtil( 3859): convertSubIdToSlotId failed, subId:6, slotId:-1
05-27 10:56:42.047 E/BoosterUtil( 3859): getDefaultDataSlotId failed, invalid slotId:-1, subId:6
05-27 10:56:42.047 D/NpdcpAliveManager( 3859): ro.odm.npdcp_alive_cfg_enable is false
05-27 10:56:42.047 E/FourNetCombinationChr( 3859): getNetworkQoeInfo failed, qoeTcpDataOpt is null
05-27 10:56:42.255 I/chatty  ( 2007): uid=1000(system) Binder:2007_6 expire 5 lines
05-27 10:56:42.271 I/chatty  ( 2007): uid=1000(system) AudioService expire 1 line
05-27 10:56:43.067 E/BoosterUtil( 3859): convertSubIdToSlotId failed, subId:6, slotId:-1
05-27 10:56:43.067 E/BoosterUtil( 3859): getDefaultDataSlotId failed, invalid slotId:-1, subId:6
05-27 10:56:43.068 D/NpdcpAliveManager( 3859): ro.odm.npdcp_alive_cfg_enable is false
05-27 10:56:43.068 E/FourNetCombinationChr( 3859): getNetworkQoeInfo failed, qoeTcpDataOpt is null
05-27 10:56:44.099 E/BoosterUtil( 3859): convertSubIdToSlotId failed, subId:6, slotId:-1
05-27 10:56:44.099 E/BoosterUtil( 3859): getDefaultDataSlotId failed, invalid slotId:-1, subId:6
05-27 10:56:44.099 D/NpdcpAliveManager( 3859): ro.odm.npdcp_alive_cfg_enable is false
05-27 10:56:44.100 E/FourNetCombinationChr( 3859): getNetworkQoeInfo failed, qoeTcpDataOpt is null
05-27 10:56:45.115 E/BoosterUtil( 3859): convertSubIdToSlotId failed, subId:6, slotId:-1
05-27 10:56:45.115 E/BoosterUtil( 3859): getDefaultDataSlotId failed, invalid slotId:-1, subId:6
05-27 10:56:45.116 D/NpdcpAliveManager( 3859): ro.odm.npdcp_alive_cfg_enable is false
05-27 10:56:45.116 E/FourNetCombinationChr( 3859): getNetworkQoeInfo failed, qoeTcpDataOpt is null
05-27 10:56:46.150 E/BoosterUtil( 3859): convertSubIdToSlotId failed, subId:6, slotId:-1
05-27 10:56:46.150 E/BoosterUtil( 3859): getDefaultDataSlotId failed, invalid slotId:-1, subId:6
05-27 10:56:46.150 D/NpdcpAliveManager( 3859): ro.odm.npdcp_alive_cfg_enable is false
05-27 10:56:46.151 E/FourNetCombinationChr( 3859): getNetworkQoeInfo failed, qoeTcpDataOpt is null
05-27 10:56:46.323 I/chatty  ( 2007): uid=1000(system) Binder:2007_A expire 1 line
05-27 10:56:46.386 I/chatty  ( 2007): uid=1000(system) Binder:2007_1A expire 6 lines
05-27 10:56:46.387 I/chatty  ( 2007): uid=1000(system) Thread-6 expire 6 lines
05-27 10:56:47.165 E/BoosterUtil( 3859): convertSubIdToSlotId failed, subId:6, slotId:-1
05-27 10:56:47.165 E/BoosterUtil( 3859): getDefaultDataSlotId failed, invalid slotId:-1, subId:6
05-27 10:56:47.165 D/NpdcpAliveManager( 3859): ro.odm.npdcp_alive_cfg_enable is false
05-27 10:56:47.166 E/FourNetCombinationChr( 3859): getNetworkQoeInfo failed, qoeTcpDataOpt is null
05-27 10:56:48.188 E/BoosterUtil( 3859): convertSubIdToSlotId failed, subId:6, slotId:-1
05-27 10:56:48.188 E/BoosterUtil( 3859): getDefaultDataSlotId failed, invalid slotId:-1, subId:6
05-27 10:56:48.189 D/NpdcpAliveManager( 3859): ro.odm.npdcp_alive_cfg_enable is false
05-27 10:56:48.189 E/FourNetCombinationChr( 3859): getNetworkQoeInfo failed, qoeTcpDataOpt is null
05-27 10:56:49.212 E/BoosterUtil( 3859): convertSubIdToSlotId failed, subId:6, slotId:-1
05-27 10:56:49.212 E/BoosterUtil( 3859): getDefaultDataSlotId failed, invalid slotId:-1, subId:6
05-27 10:56:49.212 D/NpdcpAliveManager( 3859): ro.odm.npdcp_alive_cfg_enable is false
05-27 10:56:49.212 E/FourNetCombinationChr( 3859): getNetworkQoeInfo failed, qoeTcpDataOpt is null
05-27 10:56:50.236 E/BoosterUtil( 3859): convertSubIdToSlotId failed, subId:6, slotId:-1
05-27 10:56:50.236 E/BoosterUtil( 3859): getDefaultDataSlotId failed, invalid slotId:-1, subId:6
05-27 10:56:50.236 D/NpdcpAliveManager( 3859): ro.odm.npdcp_alive_cfg_enable is false
05-27 10:56:50.237 E/FourNetCombinationChr( 3859): getNetworkQoeInfo failed, qoeTcpDataOpt is null
05-27 10:56:51.261 E/BoosterUtil( 3859): convertSubIdToSlotId failed, subId:6, slotId:-1
05-27 10:56:51.261 E/BoosterUtil( 3859): getDefaultDataSlotId failed, invalid slotId:-1, subId:6
05-27 10:56:51.262 D/NpdcpAliveManager( 3859): ro.odm.npdcp_alive_cfg_enable is false
05-27 10:56:51.262 E/FourNetCombinationChr( 3859): getNetworkQoeInfo failed, qoeTcpDataOpt is null
05-27 10:56:52.158 I/chatty  ( 2007): uid=1000(system) PowerManagerSer expire 10 lines
05-27 10:56:52.286 E/BoosterUtil( 3859): convertSubIdToSlotId failed, subId:6, slotId:-1
05-27 10:56:52.286 E/BoosterUtil( 3859): getDefaultDataSlotId failed, invalid slotId:-1, subId:6
05-27 10:56:52.286 D/NpdcpAliveManager( 3859): ro.odm.npdcp_alive_cfg_enable is false
05-27 10:56:52.287 E/FourNetCombinationChr( 3859): getNetworkQoeInfo failed, qoeTcpDataOpt is null
05-27 10:56:53.308 E/BoosterUtil( 3859): convertSubIdToSlotId failed, subId:6, slotId:-1
05-27 10:56:53.308 E/BoosterUtil( 3859): getDefaultDataSlotId failed, invalid slotId:-1, subId:6
05-27 10:56:53.308 D/NpdcpAliveManager( 3859): ro.odm.npdcp_alive_cfg_enable is false
05-27 10:56:53.309 E/FourNetCombinationChr( 3859): getNetworkQoeInfo failed, qoeTcpDataOpt is null
05-27 10:56:54.332 E/BoosterUtil( 3859): convertSubIdToSlotId failed, subId:6, slotId:-1
05-27 10:56:54.332 E/BoosterUtil( 3859): getDefaultDataSlotId failed, invalid slotId:-1, subId:6
05-27 10:56:54.332 D/NpdcpAliveManager( 3859): ro.odm.npdcp_alive_cfg_enable is false
05-27 10:56:54.333 E/FourNetCombinationChr( 3859): getNetworkQoeInfo failed, qoeTcpDataOpt is null
05-27 10:56:55.242 I/chatty  ( 2007): uid=1000(system) Binder:2007_19 expire 20 lines
05-27 10:56:55.286 I/chatty  ( 2007): uid=1000(system) android.display expire 1 line
05-27 10:56:55.288 I/chatty  ( 2007): uid=1000(system) HwActivityTaskM expire 1 line
05-27 10:56:55.289 I/chatty  ( 2007): uid=1000(system) Thread-6 expire 2 lines
05-27 10:56:55.298 V/ActivityThread(27313): callActivityOnCreate
05-27 10:56:55.299 I/chatty  ( 2007): uid=1000(system) Binder:2007_1A expire 2 lines
05-27 10:56:55.321 D/ActivityThread(27313): add activity client record, r= ActivityRecord{976a5e2 token=android.os.BinderProxy@6be2cc {com.huatu.handheld_huatu/com.huatu.handheld_huatu.business.essay.camera.TakePhotoActivity}} token= android.os.BinderProxy@6be2cc
05-27 10:56:55.330 I/chatty  ( 2007): uid=1000(system) Binder:2007_19 expire 2 lines
05-27 10:56:55.336 I/chatty  ( 2007): uid=1000(system) HwActivityTaskM expire 1 line
05-27 10:56:55.336 I/chatty  ( 2007): uid=1000(system) Thread-6 expire 2 lines
05-27 10:56:55.336 E/Booster_MatterAppRecommend( 3859): [isMatterPackage]invalid mMatterPackagesConfig
05-27 10:56:55.338 I/chatty  ( 2007): uid=1000(system) Binder:2007_11 expire 2 lines
05-27 10:56:55.338 I/chatty  ( 2007): uid=1000(system) Binder:2007_1A expire 24 lines
05-27 10:56:55.342 I/HwCommandQueue( 3478): updateBarBgColor
05-27 10:56:55.342 D/HwCommandQueue( 3478): CommandQueue, setBarBackgroundColor
05-27 10:56:55.342 I/chatty  ( 2007): uid=1000(system) android.ui expire 8 lines
05-27 10:56:55.343 D/HwCommandQueue( 3478): CommandQueue, set Launcher StatusBar Color
05-27 10:56:55.352 I/chatty  ( 2007): uid=1000(system) PowerManagerSer expire 25 lines
05-27 10:56:55.354 E/BoosterUtil( 3859): convertSubIdToSlotId failed, subId:6, slotId:-1
05-27 10:56:55.354 E/BoosterUtil( 3859): getDefaultDataSlotId failed, invalid slotId:-1, subId:6
05-27 10:56:55.354 D/NpdcpAliveManager( 3859): ro.odm.npdcp_alive_cfg_enable is false
05-27 10:56:55.354 E/FourNetCombinationChr( 3859): getNetworkQoeInfo failed, qoeTcpDataOpt is null
05-27 10:56:55.358 I/chatty  ( 2007): uid=1000(system) Binder:2007_19 expire 3 lines
05-27 10:56:55.362 I/chatty  ( 2007): uid=1000(system) Binder:2007_6 expire 11 lines
05-27 10:56:55.364 I/chatty  ( 2007): uid=1000(system) AudioService expire 1 line
05-27 10:56:55.367 W/ContextImpl( 3859): Calling a method in the system process without a qualified user: android.app.ContextImpl.sendBroadcast:1183 android.content.ContextWrapper.sendBroadcast:453 com.huawei.systemserver.mediaassist.HwMediaAssistantService.sendCameraChangeBroadcast:518 com.huawei.systemserver.mediaassist.HwMediaAssistantService.notifyCameraStateChange:246 com.huawei.systemserver.mediaassist.IMediaAssist$Stub.onTransact:67 
05-27 10:56:55.369 I/chatty  ( 2007): uid=1000 system_server expire 14 lines
05-27 10:56:55.820 I/chatty  ( 2007): uid=1000(system) android.anim expire 45 lines
05-27 10:56:55.827 D/HwCommandQueue( 3478): CommandQueue, set Launcher StatusBar Color
05-27 10:56:55.836 I/chatty  ( 2007): uid=1000(system) android.display expire 14 lines
05-27 10:56:55.988 W/ContextImpl( 3859): Calling a method in the system process without a qualified user: android.app.ContextImpl.sendBroadcast:1183 android.content.ContextWrapper.sendBroadcast:453 com.huawei.systemserver.mediaassist.HwMediaAssistantService.sendCameraChangeBroadcast:518 com.huawei.systemserver.mediaassist.HwMediaAssistantService.notifyCameraStateChange:246 com.huawei.systemserver.mediaassist.IMediaAssist$Stub.onTransact:67 
05-27 10:56:56.387 E/BoosterUtil( 3859): convertSubIdToSlotId failed, subId:6, slotId:-1
05-27 10:56:56.387 E/BoosterUtil( 3859): getDefaultDataSlotId failed, invalid slotId:-1, subId:6
05-27 10:56:56.387 D/NpdcpAliveManager( 3859): ro.odm.npdcp_alive_cfg_enable is false
05-27 10:56:56.387 E/FourNetCombinationChr( 3859): getNetworkQoeInfo failed, qoeTcpDataOpt is null
