05-27 11:04:11.605 I/chatty  ( 2007): uid=1000(system) Binder:2007_12 expire 4 lines
05-27 11:04:11.607 I/chatty  ( 2007): uid=1000(system) android.ui expire 4 lines
05-27 11:04:11.607 I/chatty  ( 2007): uid=1000(system) Binder:2007_12 expire 13 lines
05-27 11:04:11.608 I/chatty  ( 2007): uid=1000(system) Binder:2007_12 expire 1 line
05-27 11:04:11.608 D/HwCommandQueue( 3478): CommandQueue, set Launcher StatusBar Color
05-27 11:04:11.608 I/StatusBarLayout( 3478): refreshTint: tint: 99000000
05-27 11:04:11.610 D/HwCommandQueue( 3478): CommandQueue, set Launcher StatusBar Color
05-27 11:04:11.611 I/chatty  ( 2007): uid=1000(system) android.ui expire 2 lines
05-27 11:04:11.611 D/HwCommandQueue( 3478): CommandQueue, set Launcher StatusBar Color
05-27 11:04:11.614 I/StatusBarLayout( 3478): refreshTint: tint: e5ffffff
05-27 11:04:11.616 I/StatusBarLayout( 3478): refreshTint: tint: e5ffffff
05-27 11:04:11.617 I/StatusBarLayout( 3478): refreshTint: tint: 99000000
05-27 11:04:11.624 I/chatty  ( 2007): uid=1000(system) Binder:2007_1A expire 12 lines
05-27 11:04:11.629 I/ring_expand(11208): floatImeState : false
05-27 11:04:11.630 I/ring_expand(11208): isLeftrightSplit : false
05-27 11:04:11.630 I/ring_expand(11208): is_compress : false
05-27 11:04:11.630 I/ring_expand(11208): final Global.screenW = 1080
05-27 11:04:11.630 I/HuaweiIME(11208): SysInfo.getSysParam: orientation=1||config d=3.0,w=1080,h=2139||metrics d=3.0,w=1080,h=2139||sdk=29,bar_h=75||appScale=3.3,sysScale=3.0||isMultiWin=false,isPadMode=false, boardw=1080, boardH=705, candH=130, boardL=0, boardR=1080, ver=8.2.39.938, realW=1080, realH=2340, isInLargeWinMode=false, displayId=0, cuid=8470EE-65D772-731B22-91BGG3-F3FGF0-26
05-27 11:04:11.630 I/HuaweiIME(11208): isPortrait-adjustOffset-r: 5
05-27 11:04:11.630 I/HuaweiIME(11208):  isNight : false
05-27 11:04:11.729 I/chatty  ( 2007): uid=1000(system) android.anim expire 61 lines
05-27 11:04:11.737 I/chatty  ( 2007): uid=1000(system) android.display expire 14 lines
05-27 11:04:11.746 I/netd    (  670): trafficSwapActiveStatsMap() <25.28ms>
05-27 11:04:11.748 W/BufferQueueProducer(  751): [com.huatu.handheld_huatu/com.huatu.handheld_huatu.faceteach.activity.EssaySingleListActivity#0]:1390: disconnect: not connected (req=1)
05-27 11:04:11.766 I/chatty  ( 2007): uid=1000(system) Binder:2007_12 expire 51 lines
05-27 11:04:11.805 E/BoosterUtil( 3859): convertSubIdToSlotId failed, subId:6, slotId:-1
05-27 11:04:11.805 E/BoosterUtil( 3859): getDefaultDataSlotId failed, invalid slotId:-1, subId:6
05-27 11:04:11.805 D/NpdcpAliveManager( 3859): ro.odm.npdcp_alive_cfg_enable is false
05-27 11:04:11.806 E/FourNetCombinationChr( 3859): getNetworkQoeInfo failed, qoeTcpDataOpt is null
05-27 11:04:11.830 I/chatty  ( 2007): uid=1000 system_server expire 18 lines
05-27 11:04:11.878 I/CAWARENESS_31424_AbilityContext(20835): [1685156651879] subscribe list is empty
05-27 11:04:11.897 W/migration/7(   53): type=1400 audit(0.0:76799): avc: granted { setsched } for pid=53 scontext=u:r:kernel:s0 tcontext=u:r:kernel:s0 tclass=process
05-27 11:04:11.897 W/migration/6(   47): type=1400 audit(0.0:76800): avc: granted { setsched } for pid=47 scontext=u:r:kernel:s0 tcontext=u:r:kernel:s0 tclass=process
05-27 11:04:12.017 I/SmartChgBase/Arb_HidlParam( 3635): Apply.[moduleName:BASP, param:dc_vterm_dec, detailsWithValue:source=trigger;event=heartbeat;chargestatus=start;value=40;]
05-27 11:04:12.017 I/SmartChgBase/Arb_HidlParam( 3635): CalcVtermRoundDec [ret:32, ndcVstep:16, target:40, step:40]
05-27 11:04:12.019 I/power_hidl(  744): ExeSetState type=vterm_dec, value=lvc 32
05-27 11:04:12.020 I/power_hidl(  744): start write compatible, scene: vterm_dec, value: lvc 32
05-27 11:04:12.021 I/power_hidl(  744): ExeSetState success, type=vterm_dec, index=47
05-27 11:04:12.021 I/SmartChgBase/Arb_HidlParam( 3635): SetHidlValue Success:[module:BASP, scene:vterm_dec, value:lvc 32]
05-27 11:04:12.023 I/power_hidl(  744): ExeSetState type=vterm_dec, value=sc 32
05-27 11:04:12.023 I/power_hidl(  744): start write compatible, scene: vterm_dec, value: sc 32
05-27 11:04:12.023 I/power_hidl(  744): ExeSetState success, type=vterm_dec, index=47
05-27 11:04:12.024 I/SmartChgBase/Arb_HidlParam( 3635): SetHidlValue Success:[module:BASP, scene:vterm_dec, value:sc 32]
05-27 11:04:12.026 I/power_hidl(  744): ExeSetState type=vterm_dec, value=wl_sc 32
05-27 11:04:12.026 I/power_hidl(  744): start write compatible, scene: vterm_dec, value: wl_sc 32
05-27 11:04:12.026 I/power_hidl(  744): ExeSetState success, type=vterm_dec, index=47
05-27 11:04:12.027 I/SmartChgBase/Arb_HidlParam( 3635): SetHidlValue Success:[module:BASP, scene:vterm_dec, value:wl_sc 32]
05-27 11:04:12.028 I/power_hidl(  744): ExeSetState type=vterm_dec, value=4sc 32
05-27 11:04:12.028 I/power_hidl(  744): start write compatible, scene: vterm_dec, value: 4sc 32
05-27 11:04:12.029 E/power_hidl(  744): file /sys/devices/virtual/hw_power/interface/vterm_dec write failed
05-27 11:04:12.029 E/power_hidl(  744): write 4sc 32 to /sys/class/hw_power/interface/vterm_dec fail
05-27 11:04:12.029 I/power_hidl(  744): ExeSetState success, type=vterm_dec, index=47
05-27 11:04:12.029 E/SmartChgBase/Arb_HidlParam( 3635): SetHidlValue Fail: Hidl Set Fail [ret:1, module:BASP, scene:vterm_dec, value:4sc 32]
05-27 11:04:12.030 I/SmartChgBase/Arb_HidlParam( 3635): Apply.[moduleName:BASP, param:ichg_ratio, detailsWithValue:source=trigger;event=heartbeat;chargestatus=start;value=90;]
05-27 11:04:12.032 I/power_hidl(  744): ExeSetState type=ichg_ratio, value=all 90
05-27 11:04:12.032 I/power_hidl(  744): start write compatible, scene: ichg_ratio, value: all 90
05-27 11:04:12.032 I/power_hidl(  744): ExeSetState success, type=ichg_ratio, index=48
05-27 11:04:12.033 I/SmartChgBase/Arb_HidlParam( 3635): SetHidlValue Success:[module:BASP, scene:ichg_ratio, value:all 90]
05-27 11:04:12.033 I/SmartChgBase/Arb_HidlParam( 3635): Apply.[moduleName:BASP, param:nondc_vterm_dec, detailsWithValue:source=trigger;event=heartbeat;chargestatus=start;value=40;]
05-27 11:04:12.033 I/SmartChgBase/Arb_HidlParam( 3635): CalcVtermRoundDec [ret:32, ndcVstep:16, target:40, step:40]
05-27 11:04:12.035 I/power_hidl(  744): ExeSetState type=vterm_dec, value=dcp 32
05-27 11:04:12.035 I/power_hidl(  744): start write compatible, scene: vterm_dec, value: dcp 32
05-27 11:04:12.035 I/power_hidl(  744): ExeSetState success, type=vterm_dec, index=47
05-27 11:04:12.036 I/SmartChgBase/Arb_HidlParam( 3635): SetHidlValue Success:[module:BASP, scene:vterm_dec, value:dcp 32]
05-27 11:04:12.037 I/power_hidl(  744): ExeSetState type=vterm_dec, value=fcp 32
05-27 11:04:12.037 I/power_hidl(  744): start write compatible, scene: vterm_dec, value: fcp 32
05-27 11:04:12.038 E/power_hidl(  744): file /sys/devices/virtual/hw_power/interface/vterm_dec write failed
05-27 11:04:12.038 E/power_hidl(  744): write fcp 32 to /sys/class/hw_power/interface/vterm_dec fail
05-27 11:04:12.038 I/power_hidl(  744): ExeSetState success, type=vterm_dec, index=47
05-27 11:04:12.038 E/SmartChgBase/Arb_HidlParam( 3635): SetHidlValue Fail: Hidl Set Fail [ret:1, module:BASP, scene:vterm_dec, value:fcp 32]
05-27 11:04:12.040 I/power_hidl(  744): ExeSetState type=vterm_dec, value=pd 32
05-27 11:04:12.040 I/power_hidl(  744): start write compatible, scene: vterm_dec, value: pd 32
05-27 11:04:12.040 I/power_hidl(  744): ExeSetState success, type=vterm_dec, index=47
05-27 11:04:12.041 I/SmartChgBase/Arb_HidlParam( 3635): SetHidlValue Success:[module:BASP, scene:vterm_dec, value:pd 32]
05-27 11:04:12.043 I/power_hidl(  744): ExeSetState type=vterm_dec, value=wl 32
05-27 11:04:12.043 I/power_hidl(  744): start write compatible, scene: vterm_dec, value: wl 32
05-27 11:04:12.043 I/power_hidl(  744): ExeSetState success, type=vterm_dec, index=47
05-27 11:04:12.044 I/SmartChgBase/Arb_HidlParam( 3635): SetHidlValue Success:[module:BASP, scene:vterm_dec, value:wl 32]
05-27 11:04:12.045 I/power_hidl(  744): ExeSetState type=basp_coul_vdec, value=32
05-27 11:04:12.045 I/power_hidl(  744): start hvdp mmi test, type=basp_coul_vdec, value=32
05-27 11:04:12.046 I/power_hidl(  744): ExeSetState success, type=basp_coul_vdec, index=54
05-27 11:04:12.046 I/SmartChgBase/Arb_HidlParam( 3635): SetHidlValue Success:[module:BASP, scene:basp_coul_vdec, value:32]
05-27 11:04:12.047 I/SmartChgBase/Arb_HidlParam( 3635): Apply Skipped: IsApplyExcept return true. [moduleName:ASW, param:soc_control, detailsWithValue:source=trigger;event=heartbeat;chargestatus=start;value=1 95 100 1 1;]
05-27 11:04:12.047 E/SmartChgBase/File( 3635): file /data/user_de/0/com.huawei.systemmanager/files/smart_charge/base/mock/enable is invalid in IsFileExist
05-27 11:04:12.047 E/SmartChgBase/File( 3635): file /data/user_de/0/com.huawei.systemmanager/files/smart_charge/base/mock/enable is invalid in IsFileExist
05-27 11:04:12.147 W/HIGNSS  ( 2210): LS:[LSQ_SOLUTION] satellite num: 0 < 4
05-27 11:04:12.148 W/HIGNSS  ( 2210): CHR:[TCXO-BIAS-CHANGE] time: 3310, cnt: 60, valid: 0, freq_bias:-1022.000000, tempr:38.150002, sats_num: 0, qop: 0
05-27 11:04:12.150 W/HIGNSS  ( 2210): FUS:fusion results invalid, flag = 0!
05-27 11:04:12.150 W/HIGNSS  ( 2210): PE_CDPP:[NORMAL]location check failed, cdpp can not be done!
05-27 11:04:12.150 W/HIGNSS  ( 2210): PE_MSA:[MSA_SELECT]the num of sat can be reported is less than 4, report all valid data!
05-27 11:04:12.151 W/HIGNSS  ( 2210): PE_MSA:[MSA-DOPPLER]No location and no acq data, not do doppler consistence!
05-27 11:04:12.151 W/HIGNSS  ( 2210): PE_MSA:[MSA-REPORT] no gnss msr data to be report!
05-27 11:04:12.151 W/HIGNSS  ( 2210): CTL:can't find dst, 0x11110021
05-27 11:04:12.152 W/HIGNSS  ( 2210): RIL:cannot get rat
05-27 11:04:12.152 W/HIGNSS  ( 2210): RIL:cannot get modem id
05-27 11:04:12.152 W/HIGNSS  ( 2210): PE_MGR:[RC]: unhandled message: 0x00000529 in state: 0
05-27 11:04:12.156 I/chatty  ( 2007): uid=1000(system) PowerManagerSer expire 22 lines
05-27 11:04:12.168 D/DeviceMonitorPowerKit( 4108): run, sCountNum is 1
05-27 11:04:12.168 D/DeviceMonitorPowerKit( 4108): interval is 279996, ElapsedRealtime is 806492270, isNeedRepeat: false
05-27 11:04:12.168 E/DeviceMonitorPowerKit( 4108): not Satify ApplyResource
05-27 11:04:12.444 W/ContentSensor_13.10.10.204_ContentSensorService(10575): mEventListener is null 
05-27 11:04:12.450 I/CAWARENESS_31424_AbilityContext(20835): [1685156659902] deliver {dataId=1001000011, mode=0} to 1 receivers
05-27 11:04:12.834 E/BoosterUtil( 3859): convertSubIdToSlotId failed, subId:6, slotId:-1
05-27 11:04:12.834 E/BoosterUtil( 3859): getDefaultDataSlotId failed, invalid slotId:-1, subId:6
05-27 11:04:12.835 D/NpdcpAliveManager( 3859): ro.odm.npdcp_alive_cfg_enable is false
05-27 11:04:12.835 E/FourNetCombinationChr( 3859): getNetworkQoeInfo failed, qoeTcpDataOpt is null
05-27 11:04:12.889 I/Pged-IPgedBinderService( 1067): ****action is 2, pid num is 9***
05-27 11:04:12.889 I/Pged-Freezer( 1067): thawPids
05-27 11:04:12.892 D/PgedBinderAdapter( 3780): unF_Z ok, pid: [29859, 29550, 3201, 29792, 14585, 15714, 17461, 6463]
05-27 11:04:12.989 I/aptouch_daemon(  932): check_idle_status, idle in. 100
05-27 11:04:13.147 W/HIGNSS  ( 2210): LS:[LSQ_SOLUTION] satellite num: 0 < 4
05-27 11:04:13.147 W/HIGNSS  ( 2210): CHR:[TCXO-BIAS-CHANGE] time: 3311, cnt: 60, valid: 0, freq_bias:-1022.000000, tempr:38.150002, sats_num: 0, qop: 0
05-27 11:04:13.149 W/HIGNSS  ( 2210): FUS:fusion results invalid, flag = 0!
05-27 11:04:13.149 W/HIGNSS  ( 2210): PE_CDPP:[NORMAL]location check failed, cdpp can not be done!
05-27 11:04:13.150 W/HIGNSS  ( 2210): PE_MSA:[MSA_SELECT]the num of sat can be reported is less than 4, report all valid data!
05-27 11:04:13.150 W/HIGNSS  ( 2210): PE_MSA:[MSA-DOPPLER]No location and no acq data, not do doppler consistence!
05-27 11:04:13.150 W/HIGNSS  ( 2210): PE_MSA:[MSA-REPORT] no gnss msr data to be report!
05-27 11:04:13.150 W/HIGNSS  ( 2210): CTL:can't find dst, 0x11110021
05-27 11:04:13.152 D/GnssHAL_GnssInterface(  720): gnssSvStatusCb_2_0:gnssSvStatusCb_2_0 called
05-27 11:04:13.155 I/HIGNSS_ADAPTER(  720): ReportHignssSvStatus success!
05-27 11:04:13.155 D/HIGNSS_ADAPTER(  720): ProcessHignssMsg called, msg id: 00000007 PE_RPT_GNSS_MEAS
05-27 11:04:13.155 D/HIGNSS_ADAPTER(  720): ReportHignssMeasurement called.
05-27 11:04:13.155 W/HIGNSS_ADAPTER(  720): measurement callback is not inited!
05-27 11:04:13.172 I/aptouch_daemon(  932): check_idle_status, idle out.
05-27 11:04:13.174 I/aptouch_daemon(  932): print_log, touch:1, down:1 (+0)
05-27 11:04:13.279 I/aptouch_daemon(  932): print_log, touch:0, down:0 
05-27 11:04:13.301 D/AwareLog( 1067): iawared: WorkingsetProcessCommand subCmd = 350, userId=10512, pid=9700, com.huatu.handheld_huatu/.business.essay.activity.EssayExamDetailActivity
05-27 11:04:13.302 D/AwareLog( 1067): iawared: WorkingsetSendPrereadMsg com.huatu.handheld_huatu/.business.essay.activity.EssayExamDetailActivity
05-27 11:04:13.302 D/AwareLog( 1067): iawared: WorkingsetStart com.huatu.handheld_huatu/.business.essay.activity.EssayExamDetailActivity in monitor0
05-27 11:04:13.305 W/migration/6(   47): type=1400 audit(0.0:76801): avc: granted { setsched } for pid=47 scontext=u:r:kernel:s0 tcontext=u:r:kernel:s0 tclass=process
05-27 11:04:13.313 W/migration/7(   53): type=1400 audit(0.0:76802): avc: granted { setsched } for pid=53 scontext=u:r:kernel:s0 tcontext=u:r:kernel:s0 tclass=process
05-27 11:04:13.319 W/ContentSensor_13.10.10.204_ContentSensorService(10575): mEventListener is null 
05-27 11:04:13.319 I/chatty  ( 2007): uid=1000(system) HwActivityTaskM expire 5 lines
05-27 11:04:13.320 I/chatty  ( 2007): uid=1000(system) Thread-6 expire 10 lines
05-27 11:04:13.326 V/ActivityThread( 9700): callActivityOnCreate
05-27 11:04:13.341 D/ActivityThread( 9700): add activity client record, r= ActivityRecord{d1cd796 token=android.os.BinderProxy@4b51ea4 {com.huatu.handheld_huatu/com.huatu.handheld_huatu.business.essay.activity.EssayExamDetailActivity}} token= android.os.BinderProxy@4b51ea4
05-27 11:04:13.345 I/chatty  ( 9700): uid=10512(com.huatu.handheld_huatu) expire 14 lines
05-27 11:04:13.355 I/CAWARENESS_31424_AppUsageManager(20835): onEvent, packageName=com.huatu.handheld_huatu, activityName=com.huatu.handheld_huatu.business.essay.activity.EssayExamDetailActivity, moduleName=, uid=10512
05-27 11:04:13.358 I/CAWARENESS_31424_AbilityContext(20835): [1685156655759] deliver {dataId=100000007, mode=0} to 1 receivers
05-27 11:04:13.358 E/Booster_MatterAppRecommend( 3859): [isMatterPackage]invalid mMatterPackagesConfig
05-27 11:04:13.359 I/CAWARENESS_31424_CaptureAppUsageHelper(20835): 1913 is ignore data false isAppType false
05-27 11:04:13.361 D/ActivityThread( 9700): Remove activity client record, r= ActivityRecord{d1cd796 token=android.os.BinderProxy@4b51ea4 {com.huatu.handheld_huatu/com.huatu.handheld_huatu.business.essay.activity.EssayExamDetailActivity}} token= android.os.BinderProxy@4b51ea4
05-27 11:04:13.361 I/ViewRootImpl( 9700): dispatchDetachedFromWindow in doDie
05-27 11:04:13.370 V/ActivityThread( 9700): callActivityOnCreate
05-27 11:04:13.385 D/ActivityThread( 9700): add activity client record, r= ActivityRecord{d1cd796 token=android.os.BinderProxy@4b51ea4 {com.huatu.handheld_huatu/com.huatu.handheld_huatu.business.essay.activity.EssayExamDetailActivity}} token= android.os.BinderProxy@4b51ea4
05-27 11:04:13.399 I/CAWARENESS_31424_AppUsageManager(20835): Repeat info, don't need publish
05-27 11:04:13.400 E/Booster_MatterAppRecommend( 3859): [isMatterPackage]invalid mMatterPackagesConfig
05-27 11:04:13.402 I/chatty  ( 2007): uid=1000(system) Binder:2007_1D expire 8 lines
05-27 11:04:13.403 I/chatty  ( 9700): uid=10512(com.huatu.handheld_huatu) expire 1 line
05-27 11:04:13.408 I/chatty  ( 9700): uid=10512(com.huatu.handheld_huatu) expire 62 lines
05-27 11:04:13.423 I/chatty  ( 2007): uid=1000(system) android.ui expire 5 lines
05-27 11:04:13.423 D/HwCommandQueue( 3478): CommandQueue, set Launcher StatusBar Color
05-27 11:04:13.424 I/StatusBarLayout( 3478): refreshTint: tint: 99000000
05-27 11:04:13.425 I/chatty  ( 9700): uid=10512(com.huatu.handheld_huatu) expire 4 lines
05-27 11:04:13.437 I/chatty  ( 2007): uid=1000(system) android.anim expire 15 lines
05-27 11:04:13.455 I/ring_expand(11208): floatImeState : false
05-27 11:04:13.455 I/ring_expand(11208): isLeftrightSplit : false
05-27 11:04:13.455 I/ring_expand(11208): is_compress : false
05-27 11:04:13.455 I/ring_expand(11208): final Global.screenW = 1080
05-27 11:04:13.455 I/HuaweiIME(11208): SysInfo.getSysParam: orientation=1||config d=3.0,w=1080,h=2139||metrics d=3.0,w=1080,h=2139||sdk=29,bar_h=75||appScale=3.3,sysScale=3.0||isMultiWin=false,isPadMode=false, boardw=1080, boardH=705, candH=130, boardL=0, boardR=1080, ver=8.2.39.938, realW=1080, realH=2340, isInLargeWinMode=false, displayId=0, cuid=8470EE-65D772-731B22-91BGG3-F3FGF0-26
05-27 11:04:13.456 I/HuaweiIME(11208): isPortrait-adjustOffset-r: 5
05-27 11:04:13.456 I/HuaweiIME(11208):  isNight : false
05-27 11:04:13.717 W/BufferQueueProducer(  751): [com.huatu.handheld_huatu/com.huatu.handheld_huatu.faceteach.activity.AnswerRecordActivity#0]:1390: disconnect: not connected (req=1)
05-27 11:04:13.804 I/CAWARENESS_31424_AbilityContext(20835): [1685156653805] subscribe list is empty
05-27 11:04:13.817 W/migration/7(   53): type=1400 audit(0.0:76803): avc: granted { setsched } for pid=53 scontext=u:r:kernel:s0 tcontext=u:r:kernel:s0 tclass=process
05-27 11:04:13.817 W/migration/6(   47): type=1400 audit(0.0:76804): avc: granted { setsched } for pid=47 scontext=u:r:kernel:s0 tcontext=u:r:kernel:s0 tclass=process
05-27 11:04:13.846 I/chatty  ( 2007): uid=1000(system) AlarmManager expire 2 lines
05-27 11:04:13.851 I/ChannelQualityMonitor( 4108): eventReceiver AlarmMeasureEvent
05-27 11:04:13.855 E/BoosterUtil( 3859): convertSubIdToSlotId failed, subId:6, slotId:-1
05-27 11:04:13.855 E/BoosterUtil( 3859): getDefaultDataSlotId failed, invalid slotId:-1, subId:6
05-27 11:04:13.855 D/NpdcpAliveManager( 3859): ro.odm.npdcp_alive_cfg_enable is false
05-27 11:04:13.856 E/FourNetCombinationChr( 3859): getNetworkQoeInfo failed, qoeTcpDataOpt is null
05-27 11:04:13.864 I/ChannelQualityMonitor( 4108): startCheckDeviceState entry!!
05-27 11:04:13.864 I/PGServer( 3780): getTopFrontApp. calling pkg: com.huawei.nearby
05-27 11:04:13.865 I/PGServer( 3780): checkPkgType. calling pkg: com.huawei.nearby
05-27 11:04:13.865 I/ChannelQualityMonitor( 4108): the curr device mIsP2pConnected = false, isPlayGame = false, exit measure!
05-27 11:04:13.941 D/AwareLog( 1067): iawared: WorkingsetProcessCommand subCmd = 351, userId=10512, pid=9700, com.huatu.handheld_huatu/.business.essay.activity.EssayExamDetailActivity
05-27 11:04:13.941 D/AwareLog( 1067): iawared: WorkingsetPause com.huatu.handheld_huatu/.business.essay.activity.EssayExamDetailActivity
05-27 11:04:14.147 W/HIGNSS  ( 2210): LS:[LSQ_SOLUTION] satellite num: 0 < 4
05-27 11:04:14.148 W/HIGNSS  ( 2210): CHR:[TCXO-BIAS-CHANGE] time: 3312, cnt: 60, valid: 0, freq_bias:-1022.000000, tempr:38.150002, sats_num: 0, qop: 0
05-27 11:04:14.149 W/HIGNSS  ( 2210): FUS:fusion results invalid, flag = 0!
05-27 11:04:14.149 W/HIGNSS  ( 2210): PE_CDPP:[NORMAL]location check failed, cdpp can not be done!
05-27 11:04:14.150 W/HIGNSS  ( 2210): PE_MSA:[MSA_SELECT]the num of sat can be reported is less than 4, report all valid data!
05-27 11:04:14.150 W/HIGNSS  ( 2210): PE_MSA:[MSA-DOPPLER]No location and no acq data, not do doppler consistence!
05-27 11:04:14.150 W/HIGNSS  ( 2210): PE_MSA:[MSA-REPORT] no gnss msr data to be report!
05-27 11:04:14.150 W/HIGNSS  ( 2210): CTL:can't find dst, 0x11110021
05-27 11:04:14.151 D/HIGNSS_ADAPTER(  720): ProcessHignssMsg called, msg id: 00000006 PE_RPT_NMEA
05-27 11:04:14.151 D/HIGNSS_ADAPTER(  720): ReportHignssNmea called.
05-27 11:04:14.152 I/HIGNSS_ADAPTER(  720): ReportHignssNmea success, count: 3, length: 180
05-27 11:04:14.152 D/HIGNSS_ADAPTER(  720): ProcessHignssMsg called, msg id: 00000005 PE_RPT_POSITION
05-27 11:04:14.152 D/HIGNSS_ADAPTER(  720): hisi_callback_report_sv_status, cbv: 2, count: 32
05-27 11:04:14.152 D/GnssHAL_GnssInterface(  720): gnssSvStatusCb_2_0:gnssSvStatusCb_2_0 called
05-27 11:04:14.155 I/HIGNSS_ADAPTER(  720): ReportHignssSvStatus success!
05-27 11:04:14.155 D/HIGNSS_ADAPTER(  720): ProcessHignssMsg called, msg id: 00000007 PE_RPT_GNSS_MEAS
05-27 11:04:14.156 D/HIGNSS_ADAPTER(  720): ReportHignssMeasurement called.
05-27 11:04:14.156 W/HIGNSS_ADAPTER(  720): measurement callback is not inited!
05-27 11:04:14.362 I/CAWARENESS_31424_AbilityContext(20835): [1685156661817] deliver {dataId=1001000011, mode=0} to 1 receivers
05-27 11:04:14.364 I/aptouch_daemon(  932): print_log, touch:1, down:1 (+0)
05-27 11:04:14.399 W/ContentSensor_13.10.10.204_ContentSensorService(10575): mEventListener is null 
05-27 11:04:14.461 I/aptouch_daemon(  932): print_log, touch:0, down:0 
05-27 11:04:14.469 W/migration/6(   47): type=1400 audit(0.0:76805): avc: granted { setsched } for pid=47 scontext=u:r:kernel:s0 tcontext=u:r:kernel:s0 tclass=process
05-27 11:04:14.485 W/migration/7(   53): type=1400 audit(0.0:76806): avc: granted { setsched } for pid=53 scontext=u:r:kernel:s0 tcontext=u:r:kernel:s0 tclass=process
05-27 11:04:14.489 D/ActivityThread( 9700): Won't deliver top position change in state=5
05-27 11:04:14.491 W/ContentSensor_13.10.10.204_ContentSensorService(10575): mEventListener is null 
05-27 11:04:14.498 I/CAWARENESS_31424_AppUsageManager(20835): onEvent, packageName=com.huatu.handheld_huatu, activityName=com.huatu.handheld_huatu.faceteach.activity.AnswerRecordActivity, moduleName=, uid=10512
05-27 11:04:14.499 I/CAWARENESS_31424_AbilityContext(20835): [1685156656900] deliver {dataId=100000007, mode=0} to 1 receivers
05-27 11:04:14.501 I/CAWARENESS_31424_CaptureAppUsageHelper(20835): 1141 is ignore data false isAppType false
05-27 11:04:14.501 E/Booster_MatterAppRecommend( 3859): [isMatterPackage]invalid mMatterPackagesConfig
05-27 11:04:14.510 I/chatty  ( 2007): uid=1000(system) Binder:2007_8 expire 6 lines
05-27 11:04:14.514 D/HwCommandQueue( 3478): CommandQueue, set Launcher StatusBar Color
05-27 11:04:14.514 I/StatusBarLayout( 3478): refreshTint: tint: 99000000
05-27 11:04:14.533 I/chatty  ( 2007): uid=1000 system_server expire 1 line
05-27 11:04:14.533 E/AndroidRuntime( 9700): FATAL EXCEPTION: main
05-27 11:04:14.533 E/AndroidRuntime( 9700): Process: com.huatu.handheld_huatu, PID: 9700
05-27 11:04:14.533 E/AndroidRuntime( 9700): java.lang.RuntimeException: Unable to destroy activity {com.huatu.handheld_huatu/com.huatu.handheld_huatu.faceteach.activity.AnswerRecordActivity}: java.lang.NullPointerException: Attempt to invoke virtual method 'void com.huatu.subscriptions.CompositeSubscription.unsubscribe()' on a null object reference
05-27 11:04:14.533 E/AndroidRuntime( 9700): 	at android.app.ActivityThread.performDestroyActivity(ActivityThread.java:5883)
05-27 11:04:14.533 E/AndroidRuntime( 9700): 	at android.app.ActivityThread.handleDestroyActivity(ActivityThread.java:5913)
05-27 11:04:14.533 E/AndroidRuntime( 9700): 	at android.app.ActivityThread.handleRelaunchActivityInner(ActivityThread.java:6234)
05-27 11:04:14.533 E/AndroidRuntime( 9700): 	at android.app.ActivityThread.handleRelaunchActivity(ActivityThread.java:6149)
05-27 11:04:14.533 E/AndroidRuntime( 9700): 	at android.app.servertransaction.ActivityRelaunchItem.execute(ActivityRelaunchItem.java:69)
05-27 11:04:14.533 E/AndroidRuntime( 9700): 	at android.app.servertransaction.TransactionExecutor.executeCallbacks(TransactionExecutor.java:149)
05-27 11:04:14.533 E/AndroidRuntime( 9700): 	at android.app.servertransaction.TransactionExecutor.execute(TransactionExecutor.java:103)
05-27 11:04:14.533 E/AndroidRuntime( 9700): 	at android.app.ClientTransactionHandler.executeTransaction(ClientTransactionHandler.java:57)
05-27 11:04:14.533 E/AndroidRuntime( 9700): 	at android.app.ActivityThread.handleRelaunchActivityLocally(ActivityThread.java:6217)
05-27 11:04:14.533 E/AndroidRuntime( 9700): 	at android.app.ActivityThread.access$4900(ActivityThread.java:259)
05-27 11:04:14.533 E/AndroidRuntime( 9700): 	at android.app.ActivityThread$H.handleMessage(ActivityThread.java:2629)
05-27 11:04:14.533 E/AndroidRuntime( 9700): 	at android.os.Handler.dispatchMessage(Handler.java:110)
05-27 11:04:14.533 E/AndroidRuntime( 9700): 	at android.os.Looper.loop(Looper.java:219)
05-27 11:04:14.533 E/AndroidRuntime( 9700): 	at android.app.ActivityThread.main(ActivityThread.java:8673)
05-27 11:04:14.533 E/AndroidRuntime( 9700): 	at java.lang.reflect.Method.invoke(Native Method)
05-27 11:04:14.533 E/AndroidRuntime( 9700): 	at com.android.internal.os.RuntimeInit$MethodAndArgsCaller.run(RuntimeInit.java:513)
05-27 11:04:14.533 E/AndroidRuntime( 9700): 	at com.android.internal.os.ZygoteInit.main(ZygoteInit.java:1109)
05-27 11:04:14.533 E/AndroidRuntime( 9700): Caused by: java.lang.NullPointerException: Attempt to invoke virtual method 'void com.huatu.subscriptions.CompositeSubscription.unsubscribe()' on a null object reference
05-27 11:04:14.533 E/AndroidRuntime( 9700): 	at com.huatu.handheld_huatu.faceteach.activity.AnswerRecordActivity.onDestroy(AnswerRecordActivity.java:395)
05-27 11:04:14.533 E/AndroidRuntime( 9700): 	at android.app.Activity.performDestroy(Activity.java:8478)
05-27 11:04:14.533 E/AndroidRuntime( 9700): 	at android.app.Instrumentation.callActivityOnDestroy(Instrumentation.java:1355)
05-27 11:04:14.533 E/AndroidRuntime( 9700): 	at android.app.ActivityThread.performDestroyActivity(ActivityThread.java:5868)
05-27 11:04:14.533 E/AndroidRuntime( 9700): 	... 16 more
05-27 11:04:14.533 I/chatty  ( 2007): uid=1000 system_server expire 1 line
05-27 11:04:14.575 E/Parcel  ( 1075): Reading a NULL string not supported here.
05-27 11:04:14.620 I/chatty  ( 9700): uid=10512(com.huatu.handheld_huatu) expire 3 lines
05-27 11:04:14.631 I/HiView  ( 1075): Begin report 901001004
05-27 11:04:14.631 I/HiEvent ( 1075): Flatten done: 901001004
05-27 11:04:14.757 W/migration/7(   53): type=1400 audit(0.0:76807): avc: granted { setsched } for pid=53 scontext=u:r:kernel:s0 tcontext=u:r:kernel:s0 tclass=process
05-27 11:04:14.757 W/migration/6(   47): type=1400 audit(0.0:76808): avc: granted { setsched } for pid=47 scontext=u:r:kernel:s0 tcontext=u:r:kernel:s0 tclass=process
05-27 11:04:14.793 W/migration/6(   47): type=1400 audit(0.0:76809): avc: granted { setsched } for pid=47 scontext=u:r:kernel:s0 tcontext=u:r:kernel:s0 tclass=process
05-27 11:04:14.817 W/migration/7(   53): type=1400 audit(0.0:76810): avc: granted { setsched } for pid=53 scontext=u:r:kernel:s0 tcontext=u:r:kernel:s0 tclass=process
05-27 11:04:14.884 E/BoosterUtil( 3859): convertSubIdToSlotId failed, subId:6, slotId:-1
05-27 11:04:14.884 E/BoosterUtil( 3859): getDefaultDataSlotId failed, invalid slotId:-1, subId:6
05-27 11:04:14.884 D/NpdcpAliveManager( 3859): ro.odm.npdcp_alive_cfg_enable is false
05-27 11:04:14.884 E/FourNetCombinationChr( 3859): getNetworkQoeInfo failed, qoeTcpDataOpt is null
05-27 11:04:14.917 W/migration/7(   53): type=1400 audit(0.0:76811): avc: granted { setsched } for pid=53 scontext=u:r:kernel:s0 tcontext=u:r:kernel:s0 tclass=process
05-27 11:04:14.974 I/CAWARENESS_31424_AbilityContext(20835): [1685156654974] subscribe list is empty
05-27 11:04:15.147 W/HIGNSS  ( 2210): LS:[LSQ_SOLUTION] satellite num: 0 < 4
05-27 11:04:15.147 W/HIGNSS  ( 2210): CHR:[TCXO-BIAS-CHANGE] time: 3313, cnt: 60, valid: 0, freq_bias:-1022.000000, tempr:38.150002, sats_num: 0, qop: 0
05-27 11:04:15.148 W/HIGNSS  ( 2210): FUS:fusion results invalid, flag = 0!
05-27 11:04:15.149 W/HIGNSS  ( 2210): PE_CDPP:[NORMAL]location check failed, cdpp can not be done!
05-27 11:04:15.149 W/HIGNSS  ( 2210): PE_MSA:[MSA_SELECT]the num of sat can be reported is less than 4, report all valid data!
05-27 11:04:15.149 W/HIGNSS  ( 2210): PE_MSA:[MSA-DOPPLER]No location and no acq data, not do doppler consistence!
05-27 11:04:15.149 W/HIGNSS  ( 2210): PE_MSA:[MSA-REPORT] no gnss msr data to be report!
05-27 11:04:15.150 W/HIGNSS  ( 2210): CTL:can't find dst, 0x11110021
05-27 11:04:15.150 D/HIGNSS_ADAPTER(  720): ProcessHignssMsg called, msg id: 00000006 PE_RPT_NMEA
05-27 11:04:15.150 D/HIGNSS_ADAPTER(  720): ReportHignssNmea called.
05-27 11:04:15.151 I/HIGNSS_ADAPTER(  720): ReportHignssNmea success, count: 3, length: 180
05-27 11:04:15.152 D/HIGNSS_ADAPTER(  720): ProcessHignssMsg called, msg id: 00000005 PE_RPT_POSITION
05-27 11:04:15.152 D/HIGNSS_ADAPTER(  720): hisi_callback_report_sv_status, cbv: 2, count: 32
05-27 11:04:15.152 D/GnssHAL_GnssInterface(  720): gnssSvStatusCb_2_0:gnssSvStatusCb_2_0 called
05-27 11:04:15.155 I/HIGNSS_ADAPTER(  720): ReportHignssSvStatus success!
05-27 11:04:15.156 D/HIGNSS_ADAPTER(  720): ProcessHignssMsg called, msg id: 00000007 PE_RPT_GNSS_MEAS
05-27 11:04:15.156 D/HIGNSS_ADAPTER(  720): ReportHignssMeasurement called.
05-27 11:04:15.156 W/HIGNSS_ADAPTER(  720): measurement callback is not inited!
05-27 11:04:15.294 I/chatty  ( 2007): uid=1000(system) MobileQosDetect expire 1 line
05-27 11:04:15.296 I/chatty  ( 2007): uid=1000(system) MobileQosDetect expire 5 lines
05-27 11:04:15.407 I/FWK-PeriodicTimerQueueImpl(24752): 0 tasks to be executed.
05-27 11:04:15.500 W/ContentSensor_13.10.10.204_ContentSensorService(10575): mEventListener is null 
05-27 11:04:15.503 I/aptouch_daemon(  932): print_log, touch:1, down:1 (+0)
05-27 11:04:15.504 I/CAWARENESS_31424_AbilityContext(20835): [1685156662962] deliver {dataId=1001000011, mode=0} to 1 receivers
05-27 11:04:15.582 I/aptouch_daemon(  932): print_log, touch:0, down:0 
05-27 11:04:15.885 E/bms_file( 4601): file /sys/class/hw_power/charger/direct_charger_sc/direct_charge_succ is invalid
05-27 11:04:15.895 E/bms_file( 4601): file /sys/class/hw_power/charger/direct_charger_sc/direct_charge_succ is invalid
05-27 11:04:15.900 E/BoosterUtil( 3859): convertSubIdToSlotId failed, subId:6, slotId:-1
05-27 11:04:15.900 E/BoosterUtil( 3859): getDefaultDataSlotId failed, invalid slotId:-1, subId:6
05-27 11:04:15.900 D/NpdcpAliveManager( 3859): ro.odm.npdcp_alive_cfg_enable is false
05-27 11:04:15.900 E/FourNetCombinationChr( 3859): getNetworkQoeInfo failed, qoeTcpDataOpt is null
05-27 11:04:15.906 E/bms_file( 4601): file /sys/class/hw_power/charger/direct_charger_sc/direct_charge_succ is invalid
05-27 11:04:15.921 E/bms_file( 4601): file /sys/class/hw_power/charger/direct_charger_sc/direct_charge_succ is invalid
05-27 11:04:15.922 I/bms_behavior( 4601): monitor interval count 568
05-27 11:04:16.026 I/FWK-BackOffDelayTimerTask(24752): Run task returns: true, with delay: 60
05-27 11:04:16.146 W/HIGNSS  ( 2210): LS:[LSQ_SOLUTION] satellite num: 0 < 4
05-27 11:04:16.147 W/HIGNSS  ( 2210): CHR:[TCXO-BIAS-CHANGE] time: 3314, cnt: 60, valid: 0, freq_bias:-1022.000000, tempr:38.150002, sats_num: 0, qop: 0
05-27 11:04:16.148 W/HIGNSS  ( 2210): FUS:fusion results invalid, flag = 0!
05-27 11:04:16.148 W/HIGNSS  ( 2210): PE_CDPP:[NORMAL]location check failed, cdpp can not be done!
05-27 11:04:16.149 W/HIGNSS  ( 2210): PE_MSA:[MSA_SELECT]the num of sat can be reported is less than 4, report all valid data!
05-27 11:04:16.149 W/HIGNSS  ( 2210): PE_MSA:[MSA-DOPPLER]No location and no acq data, not do doppler consistence!
05-27 11:04:16.149 W/HIGNSS  ( 2210): PE_MSA:[MSA-REPORT] no gnss msr data to be report!
05-27 11:04:16.150 W/HIGNSS  ( 2210): CTL:can't find dst, 0x11110021
05-27 11:04:16.151 D/HIGNSS_ADAPTER(  720): ProcessHignssMsg called, msg id: 00000006 PE_RPT_NMEA
05-27 11:04:16.151 D/HIGNSS_ADAPTER(  720): ReportHignssNmea called.
05-27 11:04:16.152 I/HIGNSS_ADAPTER(  720): ReportHignssNmea success, count: 3, length: 180
05-27 11:04:16.152 D/HIGNSS_ADAPTER(  720): ProcessHignssMsg called, msg id: 00000005 PE_RPT_POSITION
05-27 11:04:16.152 D/HIGNSS_ADAPTER(  720): hisi_callback_report_sv_status, cbv: 2, count: 32
05-27 11:04:16.152 D/GnssHAL_GnssInterface(  720): gnssSvStatusCb_2_0:gnssSvStatusCb_2_0 called
05-27 11:04:16.155 I/HIGNSS_ADAPTER(  720): ReportHignssSvStatus success!
05-27 11:04:16.155 D/HIGNSS_ADAPTER(  720): ProcessHignssMsg called, msg id: 00000007 PE_RPT_GNSS_MEAS
05-27 11:04:16.156 D/HIGNSS_ADAPTER(  720): ReportHignssMeasurement called.
05-27 11:04:16.156 W/HIGNSS_ADAPTER(  720): measurement callback is not inited!
05-27 11:04:16.395 I/aptouch_daemon(  932): print_log, touch:1, down:1 (+0)
05-27 11:04:16.465 I/aptouch_daemon(  932): print_log, touch:0, down:0 
05-27 11:04:16.491 I/        (  670): ApiCount[0, 0, 0, 206, 0, 0, 0, 4, 0, 0, 810, 354, 0, 88, 39, 0, 99, 0, 1215, 9179]
05-27 11:04:16.501 I/netd    (  670): trafficSwapActiveStatsMap() <15.14ms>
05-27 11:04:16.598 I/chatty  ( 9700): uid=10512(com.huatu.handheld_huatu) expire 5 lines
05-27 11:04:16.769 I/netd    (  670): trafficSwapActiveStatsMap() <15.46ms>
05-27 11:04:16.924 E/BoosterUtil( 3859): convertSubIdToSlotId failed, subId:6, slotId:-1
05-27 11:04:16.924 E/BoosterUtil( 3859): getDefaultDataSlotId failed, invalid slotId:-1, subId:6
05-27 11:04:16.925 D/NpdcpAliveManager( 3859): ro.odm.npdcp_alive_cfg_enable is false
05-27 11:04:16.925 E/FourNetCombinationChr( 3859): getNetworkQoeInfo failed, qoeTcpDataOpt is null
05-27 11:04:17.059 I/chatty  ( 2007): uid=1000 system_server expire 1 line
05-27 11:04:17.064 E/libc    (22040): Access denied finding property "net.dns1"
05-27 11:04:17.065 E/libc    (22040): Access denied finding property "net.dns2"
05-27 11:04:17.065 I/chatty  ( 9700): uid=10512(com.huatu.handheld_huatu) expire 1 line
05-27 11:04:17.066 I/AppManager( 3780): removeProcessDependency pid:9700
05-27 11:04:17.069 W//system/bin/netd(  670): A binder object at 0x7f35b3db80 is being transacted on, however, this object is in the same process as its proxy. Transacting with this binder is expensive compared to just calling the corresponding functionality in the same process.
05-27 11:04:17.069 I/PreDnsController(  670): CanPreDnsQuery,persist.sys.predns is false!
05-27 11:04:17.077 W/migration/6(   47): type=1400 audit(0.0:76813): avc: granted { setsched } for pid=47 scontext=u:r:kernel:s0 tcontext=u:r:kernel:s0 tclass=process
05-27 11:04:17.077 W/migration/7(   53): type=1400 audit(0.0:76814): avc: granted { setsched } for pid=53 scontext=u:r:kernel:s0 tcontext=u:r:kernel:s0 tclass=process
05-27 11:04:17.132 I/aptouch_daemon(  932): print_log, touch:1, down:1 (+0)
05-27 11:04:17.141 I/aptouch_daemon(  932): print_log, touch:2, down:1 (+1)(0)
05-27 11:04:17.147 I/chatty  ( 2007): uid=1000(system) InputDispatcher expire 6 lines
05-27 11:04:17.147 W/HIGNSS  ( 2210): LS:[LSQ_SOLUTION] satellite num: 0 < 4
05-27 11:04:17.148 W/HIGNSS  ( 2210): CHR:[TCXO-BIAS-CHANGE] time: 3315, cnt: 60, valid: 0, freq_bias:-1022.000000, tempr:38.150002, sats_num: 0, qop: 0
05-27 11:04:17.150 W/HIGNSS  ( 2210): FUS:fusion results invalid, flag = 0!
05-27 11:04:17.150 W/HIGNSS  ( 2210): PE_CDPP:[NORMAL]location check failed, cdpp can not be done!
05-27 11:04:17.151 W/HIGNSS  ( 2210): PE_MSA:[MSA_SELECT]the num of sat can be reported is less than 4, report all valid data!
05-27 11:04:17.151 W/HIGNSS  ( 2210): PE_MSA:[MSA-DOPPLER]No location and no acq data, not do doppler consistence!
05-27 11:04:17.151 W/HIGNSS  ( 2210): PE_MSA:[MSA-REPORT] no gnss msr data to be report!
05-27 11:04:17.152 W/HIGNSS  ( 2210): CTL:can't find dst, 0x11110021
05-27 11:04:17.152 D/HIGNSS_ADAPTER(  720): ProcessHignssMsg called, msg id: 00000006 PE_RPT_NMEA
05-27 11:04:17.152 D/HIGNSS_ADAPTER(  720): ReportHignssNmea called.
05-27 11:04:17.154 I/HIGNSS_ADAPTER(  720): ReportHignssNmea success, count: 3, length: 180
05-27 11:04:17.154 D/HIGNSS_ADAPTER(  720): ProcessHignssMsg called, msg id: 00000005 PE_RPT_POSITION
05-27 11:04:17.154 D/HIGNSS_ADAPTER(  720): hisi_callback_report_sv_status, cbv: 2, count: 32
05-27 11:04:17.154 D/GnssHAL_GnssInterface(  720): gnssSvStatusCb_2_0:gnssSvStatusCb_2_0 called
05-27 11:04:17.161 I/HIGNSS_ADAPTER(  720): ReportHignssSvStatus success!
05-27 11:04:17.161 D/HIGNSS_ADAPTER(  720): ProcessHignssMsg called, msg id: 00000007 PE_RPT_GNSS_MEAS
05-27 11:04:17.161 D/HIGNSS_ADAPTER(  720): ReportHignssMeasurement called.
05-27 11:04:17.161 W/HIGNSS_ADAPTER(  720): measurement callback is not inited!
05-27 11:04:17.163 I/chatty  ( 2007): uid=1000(system) Binder:2007_20 expire 6 lines
05-27 11:04:17.163 I/Zygote  (  671): Process 9700 exited due to signal 9 (Killed)
05-27 11:04:17.163 I/chatty  ( 2007): uid=1000(system) Binder:2007_18 expire 1 line
05-27 11:04:17.163 I/chatty  ( 2007): uid=1000(system) Binder:2007_8 expire 1 line
05-27 11:04:17.164 I/chatty  ( 2007): uid=1000(system) Binder:2007_9 expire 1 line
05-27 11:04:17.164 I/chatty  ( 2007): uid=1000(system) Binder:2007_18 expire 1 line
05-27 11:04:17.164 I/chatty  ( 2007): uid=1000(system) Binder:2007_9 expire 1 line
05-27 11:04:17.164 I/chatty  ( 2007): uid=1000(system) ConnectivitySer expire 10 lines
05-27 11:04:17.164 I/chatty  ( 2007): uid=1000(system) Binder:2007_17 expire 24 lines
05-27 11:04:17.165 I/HwIME_Pro(11208): ImeService>>>setCandidatesViewShown:false
05-27 11:04:17.165 I/HwIME_Pro(11208): java.lang.Throwable
05-27 11:04:17.165 I/HwIME_Pro(11208): 	at com.baidu.input_huawei.ImeService.setCandidatesViewShown(Proguard:6689)
05-27 11:04:17.165 I/HwIME_Pro(11208): 	at com.baidu.input_huawei.ImeService.hideSoft(Proguard:5561)
05-27 11:04:17.165 I/HwIME_Pro(11208): 	at com.baidu.input_huawei.ImeService.hideSoft(Proguard:5545)
05-27 11:04:17.165 I/HwIME_Pro(11208): 	at com.baidu.input_huawei.ImeService.onUnbindInput(Proguard:4250)
05-27 11:04:17.165 I/HwIME_Pro(11208): 	at android.inputmethodservice.InputMethodService$InputMethodImpl.unbindInput(InputMethodService.java:685)
05-27 11:04:17.165 I/HwIME_Pro(11208): 	at android.inputmethodservice.IInputMethodWrapper.executeMessage(IInputMethodWrapper.java:180)
05-27 11:04:17.165 I/HwIME_Pro(11208): 	at com.android.internal.os.HandlerCaller$MyHandler.handleMessage(HandlerCaller.java:44)
05-27 11:04:17.165 I/HwIME_Pro(11208): 	at android.os.Handler.dispatchMessage(Handler.java:110)
05-27 11:04:17.165 I/HwIME_Pro(11208): 	at android.os.Looper.loop(Looper.java:219)
05-27 11:04:17.165 I/HwIME_Pro(11208): 	at android.app.ActivityThread.main(ActivityThread.java:8673)
05-27 11:04:17.165 I/HwIME_Pro(11208): 	at java.lang.reflect.Method.invoke(Native Method)
05-27 11:04:17.165 I/HwIME_Pro(11208): 	at com.android.internal.os.RuntimeInit$MethodAndArgsCaller.run(RuntimeInit.java:513)
05-27 11:04:17.165 I/HwIME_Pro(11208): 	at com.android.internal.os.ZygoteInit.main(ZygoteInit.java:1109)
05-27 11:04:17.165 I/chatty  ( 2007): uid=1000(system) ActivityManager expire 1 line
05-27 11:04:17.165 I/chatty  ( 2007): uid=1000(system) Thread-6 expire 5 lines
05-27 11:04:17.165 I/chatty  ( 2007): uid=1000(system) InputDispatcher expire 13 lines
05-27 11:04:17.167 I/chatty  ( 2007): uid=1000(system) PowerManagerSer expire 8 lines
05-27 11:04:17.167 I/chatty  ( 2007): uid=1000(system) HwActivityTaskM expire 4 lines
05-27 11:04:17.169 D/DeviceMonitor( 3780): GPS request stop:com.huatu.handheld_huatu pid:9700 interval(s): -1 reqId:221b2c9
05-27 11:04:17.169 I/chatty  ( 2007): uid=1000(system) Binder:2007_9 expire 3 lines
05-27 11:04:17.171 I/chatty  ( 2007): uid=1000(system) Binder:2007_1 expire 6 lines
05-27 11:04:17.184 I/chatty  ( 2007): uid=1000(system) Binder:2007_1D expire 2 lines
05-27 11:04:17.185 I/chatty  ( 2007): uid=1000(system) Binder:2007_D expire 6 lines
05-27 11:04:17.185 I/chatty  ( 2007): uid=1000(system) Binder:2007_D expire 1 line
05-27 11:04:17.194 W/System  (22040): A resource failed to call close. 
05-27 11:04:17.195 I/chatty  (22040): uid=10165(com.tencent.mm) FinalizerDaemon identical 5 lines
05-27 11:04:17.195 W/System  (22040): A resource failed to call close. 
05-27 11:04:17.202 I/aptouch_daemon(  932): print_log, touch:0, down:0 
05-27 11:04:17.221 W/ContentSensor_13.10.10.204_FrameworkRegistry(10575): Unknown state is : showStartingWindow
05-27 11:04:17.234 I/chatty  ( 2007): uid=1000(system) android.display expire 10 lines
05-27 11:04:17.236 I/chatty  ( 2007): uid=1000(system) sManagerService expire 4 lines
05-27 11:04:17.237 I/chatty  ( 3859): uid=1000(system) Binder:3859_5 expire 4 lines
05-27 11:04:17.238 D/AwareLog( 1067): iawared: WorkingsetProcessCommand subCmd = 352, userId=10512, pid=9700, com.huatu.handheld_huatu/.business.essay.activity.EssayExamDetailActivity
05-27 11:04:17.238 D/AwareLog( 1067): iawared: WorkingsetStop com.huatu.handheld_huatu/.business.essay.activity.EssayExamDetailActivity
05-27 11:04:17.238 D/AwareLog( 1067): iawared: WorkingsetProcessCommand subCmd = 354, userId=10512, pid=0, com.huatu.handheld_huatu
05-27 11:04:17.238 D/AwareLog( 1067): iawared: WorkingsetSendPrereadMsg com.huatu.handheld_huatu
05-27 11:04:17.238 D/AwareLog( 1067): iawared: WorkingsetStart com.huatu.handheld_huatu in monitor0
05-27 11:04:17.239 I/chatty  ( 2007): uid=1000(system) Binder:2007_1B expire 29 lines
05-27 11:04:17.241 D/AudioPolicyService(  747): getUidState(10512) cacheIter->second.first, return cacheIter->second.second(2)
05-27 11:04:17.241 I/chatty  ( 2007): uid=1000(system) MonitorLooper expire 8 lines
05-27 11:04:17.241 D/AudioPolicyService(  747): getUidState(10073) cacheIter->second.first, return cacheIter->second.second(4)
05-27 11:04:17.242 I/chatty  ( 2007): uid=1000(system) PermissionRemin expire 6 lines
05-27 11:04:17.242 I/HidataAppQoeP( 3859): foregroundUidRemove uid: 10512 name: com.huatu.handheld_huatu
05-27 11:04:17.242 I/chatty  ( 2007): uid=1000(system) android.anim expire 20 lines
05-27 11:04:17.243 E/Booster_NetworkQoe( 3859): [checkModemParaCollecEnable]sendModemParaCollecEnable invalid defaultDataSlotId=-1
05-27 11:04:17.245 D/DeviceMonitor( 3780): GPS request stop:com.huatu.handheld_huatu pid:9700 interval(s): -1 reqId:2715921
05-27 11:04:17.248 I/chatty  ( 2007): uid=1000(system) tworkPolicy.uid expire 2 lines
05-27 11:04:17.249 I/chatty  ( 2007): uid=1000 system_server expire 17 lines
05-27 11:04:17.251 I/HwCommandQueue( 3478): CommandQueue, setStatusBarShowIcon type3isShow:false
05-27 11:04:17.252 I/KStateManager( 3780): send binder call message, called pid:3478, calling pid:[2007]
05-27 11:04:17.252 I/SmartDualCardConfig( 3859): getAppType,pkgName=com.huatu.handheld_huatu,appType=33
05-27 11:04:17.252 E/SmartDualCardConfig( 3859): isAppInBlackList false,items==null
05-27 11:04:17.253 I/HIGNSS_ADAPTER(  720): HisiStop interface called.
05-27 11:04:17.253 I/HIGNSS_ADAPTER(  720): HisiStop success!
05-27 11:04:17.253 D/HIGNSS_ADAPTER(  720): ProcessAdapterCmd called, cmd id: 00000003 CMD_STOP
05-27 11:04:17.254 I/FusionD ( 1081): (FdAddEvent:302):before mutex:1.
05-27 11:04:17.254 I/FusionD ( 1081): (sendLocationSourceStatus:1294):send cmd ret[0] type [0] status [0].
05-27 11:04:17.255 I/FusionD ( 1081): (FdEventProcThread:1585):handle event 1.
05-27 11:04:17.255 I/FusionD ( 1081): (FdStopGnss:1340):gnss stop.
05-27 11:04:17.255 I/DeviceMonitor( 3780): GPS_END type:1 uid:10512
05-27 11:04:17.255 W/HIGNSS  ( 2210): PE_MGR:Received AF_IMMEDIATE_STOP
05-27 11:04:17.255 I/DeviceMonitor( 3780): GPS_END type:1 uid:10512 time:89606 total:8363314 currentScrnOff : null
05-27 11:04:17.255 I/PGServer( 3780): report state:3 event type:2 pid:0 uid:10512 pkg:null to pid: 2007
05-27 11:04:17.256 D/HIGNSS_ADAPTER(  720): ProcessHignssMsg called, msg id: 00000003 PE_STOP_OK
05-27 11:04:17.256 D/HIGNSS_ADAPTER(  720): gnss engine state:2
05-27 11:04:17.256 D/GnssHAL_GnssInterface(  720): GNSS statusCb:2
05-27 11:04:17.256 I/PGServer( 3780): report state:3 event type:2 pid:0 uid:10512 pkg:null to pid: 3859
05-27 11:04:17.257 E/Sensors@1.2-impl( 1069): Sensors::batch: sensorHandle: 0, samplingPeriodNs: 20000000, maxReportLatencyNs: 0
05-27 11:04:17.257 I/Sensors@1.2-impl( 1069): IsConfigParamNeedUpdate: service: 2007, sensor: 0, first set config, create it
05-27 11:04:17.257 I/Sensors@1.2-impl( 1069): GetSensorConfig: sensor: 0, Can't get param
05-27 11:04:17.257 I/Sensors@1.2-impl( 1069): GetSensorConfig: sensor: 0, Can't get param
05-27 11:04:17.257 I/Sensors@1.2-impl( 1069): JudgeOptimizeConfig: sensor: 0, oldPeriod: 20000000, initPeroid: 20000000
05-27 11:04:17.258 I/FusionD ( 1081): (FlpDisableAr:658):stop AR.
05-27 11:04:17.258 E/HwGnssMatchReport( 4388): GPS bigger than matchEventTriggerFreq , isMatch = false
05-27 11:04:17.258 I/chatty  ( 2007): uid=1000 system_server expire 2 lines
05-27 11:04:17.259 I/HwLBSService HigeoLocationManager(20097): receive onHigeoEventCallback type = 1
05-27 11:04:17.259 I/HwLBSService HigeoLocationManager(20097): sendHigeoCallbackEvent, type: 1
05-27 11:04:17.259 I/ArHal   (  700): (ArDataNetlinkCb:942):cmd[2].length[240]
05-27 11:04:17.259 I/FusionD ( 1081): (SendGnssStatus:476):SendGnssStatus:0.
05-27 11:04:17.259 I/FusionD ( 1081): (FdStopGnss:1373):gnss stop done.
05-27 11:04:17.259 I/AR_impl (  700): ActChangedCb start count[10]
05-27 11:04:17.260 D/GnssHAL_GnssInterface(  720): statusCb: Gnss statusCb unlock
05-27 11:04:17.261 D/DeviceMonitor( 3780): GPS request stop:com.huawei.lbs pid:20097 interval(s): -1 reqId:1eca8d9
05-27 11:04:17.262 I/AR_impl (  700): able to onActivityChangedV1_1
05-27 11:04:17.262 I/AR_impl (  700): ActChangedCb end, pid[700]
05-27 11:04:17.262 I/L_HwNLPService(23955): [I/LocKit/L_HwNLPService 23955:2128 LogLocation.java:1] registerGPSTime in
05-27 11:04:17.262 I/chatty  ( 2007): uid=1000 system_server expire 1 line
05-27 11:04:17.264 D/Zygote  (  671): Forked child process 10704
05-27 11:04:17.266 E/HiGeoSessionEvent( 4388):  higeo event error : 8
05-27 11:04:17.266 I/chatty  ( 2007): uid=1000(system) ActivityManager expire 1 line
05-27 11:04:17.267 E/HiGeoSessionEvent( 4388):  higeo event error : 9
05-27 11:04:17.268 D/AwareLog( 1067): iawared: WorkingsetProcessCommand subCmd = 350, userId=10512, pid=10704, com.huatu.handheld_huatu
05-27 11:04:17.269 D/AwareLog( 1067): iawared: WorkingsetStart com.huatu.handheld_huatu in monitor0
05-27 11:04:17.272 I/AnimatedImageView( 3478): onVisibilityChanged state:0
05-27 11:04:17.274 I/AnimatedImageView( 3478): onVisibilityChanged state:0
05-27 11:04:17.274 I/chatty  (10704): uid=10512(com.huatu.handheld_huatu) expire 404 lines
05-27 11:04:17.274 I/AnimatedImageView( 3478): onVisibilityChanged state:0
05-27 11:04:17.275 D/DeviceMonitor( 3780): GPS request stop:com.huawei.hwid pid:23955 interval(s): -1 reqId:2524441
05-27 11:04:17.294 I/ExpandableNotifRow( 3478): setHideSensitive mPublicLayout.getChildCount() == 0, notification key: 0|com.android.settings|1000002|null|1000
05-27 11:04:17.294 I/ExpandableNotifRow( 3478): setHideSensitive mPublicLayout.getChildCount() == 0, notification key: -1|android|26|null|1000
05-27 11:04:17.294 I/ExpandableNotifRow( 3478): setHideSensitive mPublicLayout.getChildCount() == 0, notification key: 0|com.tencent.mm|2147483647|ranker_group|10165|ranker_group
05-27 11:04:17.294 I/ExpandableNotifRow( 3478): setHideSensitive mPublicLayout.getChildCount() == 0, notification key: 0|com.tencent.mm|-656511598|null|10165
05-27 11:04:17.294 I/ExpandableNotifRow( 3478): setHideSensitive mPublicLayout.getChildCount() == 0, notification key: 0|com.tencent.mm|1087156377|null|10165
05-27 11:04:17.295 I/ExpandableNotifRow( 3478): setHideSensitive mPublicLayout.getChildCount() == 0, notification key: 0|com.huawei.android.hwouc|2131231192|null|10081
05-27 11:04:17.324 D/ActivityThread(10704): Attach thread to application
05-27 11:04:17.328 I/chatty  ( 2007): uid=1000(system) Binder:2007_20 expire 4 lines
05-27 11:04:17.338 I/ActivityThread(10704): Init compatible state: true
05-27 11:04:17.339 I/chatty  (10704): uid=10512(com.huatu.handheld_huatu) expire 9 lines
05-27 11:04:17.355 I/chatty  ( 2007): uid=1000(system) ActivityManager expire 3 lines
05-27 11:04:17.359 I/chatty  ( 2007): uid=1000(system) sManagerService expire 2 lines
05-27 11:04:17.359 I/chatty  ( 2007): uid=1000(system) ActivityManager expire 4 lines
05-27 11:04:17.360 I/KStateManager( 3780): send binder call message, called pid:746, calling pid:[2007]
05-27 11:04:17.368 I/OemNetd (  670): setChrAppUid(10, 10512)
05-27 11:04:17.368 I/chatty  ( 3859): uid=1000(system) EmcomThread expire 17 lines
05-27 11:04:17.371 D/ITouchService( 1036): itouch stylusCurrentPkgName = com.huatu.handheld_huatu lastOneFramePkgName = 
05-27 11:04:17.371 D/ITouchService( 1036): itouch currentPackageName = com.huatu.handheld_huatu
05-27 11:04:17.371 D/ITouchService( 1036): itouch appType=33 appState=1 gameMode=2
05-27 11:04:17.371 D/ITouchService( 1036): itouchReaderMonitor empty
05-27 11:04:17.371 D/ITouchService( 1036): g_itouch_reader_monitor Monitor::IsReaderMonitorEnable()=0
05-27 11:04:17.371 D/ITouchService( 1036): itouch getCurrentParmID tempPkg=com.huatu.xxx
05-27 11:04:17.371 D/ITouchService( 1036): itouch:app com.huatu.handheld_huatu is  not game app
05-27 11:04:17.371 D/ITouchService( 1036): itouch:app com.huatu.handheld_huatu is  not in StylusPenList
05-27 11:04:17.371 D/ITouchService( 1036): itouch:styluspen_switch is disable
05-27 11:04:17.371 D/ITouchService( 1036): itouch:currentAppTypeName =||
05-27 11:04:17.372 I/hwPS_RestrictionAdapter( 3635): getMaliciousAppInfo: packageName:com.huatu.handheld_huatu flags:1
05-27 11:04:17.374 I/chatty  ( 2007): uid=1000(system) android.ui expire 6 lines
05-27 11:04:17.375 D/HwCommandQueue( 3478): CommandQueue, set Launcher StatusBar Color
05-27 11:04:17.376 D/AudioPolicyService(  747): getUidState(10512) cacheIter->second.first, return cacheIter->second.second(11)
05-27 11:04:17.376 I/StatusBarLayout( 3478): refreshTint: tint: 99000000
05-27 11:04:17.376 I/chatty  ( 2007): uid=1000(system) Binder:2007_1B expire 27 lines
05-27 11:04:17.376 I/HwNetworkPolicyManager( 3635): getHwUidPolicy uid = 10512 policy = 0
05-27 11:04:17.376 I/StatusBarLayout( 3478): refreshTint: tint: e5ffffff
05-27 11:04:17.667 I/AudioModuleManager(  717): [AudioModuleGetParameters:71]: list size: 13
