05-27 11:03:57.471 E/BoosterUtil( 3859): getDefaultDataSlotId failed, invalid slotId:-1, subId:6
05-27 11:03:57.472 D/NpdcpAliveManager( 3859): ro.odm.npdcp_alive_cfg_enable is false
05-27 11:03:57.472 E/FourNetCombinationChr( 3859): getNetworkQoeInfo failed, qoeTcpDataOpt is null
05-27 11:03:57.482 I/aptouch_daemon(  932): print_log, touch:0, down:0 
05-27 11:03:57.505 I/chatty  ( 2007): uid=1000(system) Binder:2007_F expire 1 line
05-27 11:03:57.506 I/chatty  ( 2007): uid=1000(system) Binder:2007_F expire 4 lines
05-27 11:03:57.513 D/ActivityThread( 9700): Won't deliver top position change in state=5
05-27 11:03:57.513 I/chatty  ( 3859): uid=1000(system) Binder:3859_E expire 7 lines
05-27 11:03:57.514 I/chatty  ( 2007): uid=1000(system) HwActivityTaskM expire 2 lines
05-27 11:03:57.514 I/chatty  ( 2007): uid=1000(system) Thread-6 expire 4 lines
05-27 11:03:57.515 W/ContentSensor_13.10.10.204_ContentSensorService(10575): mEventListener is null 
05-27 11:03:57.520 I/chatty  ( 9700): uid=10512(com.huatu.handheld_huatu) expire 12 lines
05-27 11:03:57.521 I/chatty  ( 4309): uid=1000(system) Binder:4309_E expire 10 lines
05-27 11:03:57.523 I/CAWARENESS_31424_AppUsageManager(20835): onEvent, packageName=com.huatu.handheld_huatu, activityName=com.huatu.handheld_huatu.faceteach.activity.EssaySingleListActivity, moduleName=, uid=10512
05-27 11:03:57.523 I/chatty  ( 4309): uid=1000(system) OdmfCtrlThread expire 54 lines
05-27 11:03:57.525 E/Booster_MatterAppRecommend( 3859): [isMatterPackage]invalid mMatterPackagesConfig
05-27 11:03:57.526 I/CAWARENESS_31424_AbilityContext(20835): [1685156639927] deliver {dataId=100000007, mode=0} to 1 receivers
05-27 11:03:57.527 I/CAWARENESS_31424_CaptureAppUsageHelper(20835): 19422 is ignore data false isAppType false
05-27 11:03:57.530 I/chatty  ( 2007): uid=1000(system) Binder:2007_18 expire 5 lines
05-27 11:03:57.533 W/migration/6(   47): type=1400 audit(0.0:76773): avc: granted { setsched } for pid=47 scontext=u:r:kernel:s0 tcontext=u:r:kernel:s0 tclass=process
05-27 11:03:57.533 W/migration/7(   53): type=1400 audit(0.0:76774): avc: granted { setsched } for pid=53 scontext=u:r:kernel:s0 tcontext=u:r:kernel:s0 tclass=process
05-27 11:03:57.534 I/chatty  ( 2007): uid=1000(system) android.ui expire 2 lines
05-27 11:03:57.534 D/HwCommandQueue( 3478): CommandQueue, set Launcher StatusBar Color
05-27 11:03:57.535 I/StatusBarLayout( 3478): refreshTint: tint: 99000000
05-27 11:03:57.548 I/chatty  ( 2007): uid=1000(system) android.anim expire 59 lines
05-27 11:03:57.557 I/chatty  ( 2007): uid=1000(system) android.display expire 12 lines
05-27 11:03:57.563 D/ActivityThread( 9700): Remove activity client record, r= ActivityRecord{2741a30 token=android.os.BinderProxy@52e2a2a {com.huatu.handheld_huatu/com.huatu.handheld_huatu.faceteach.activity.EssaySingleListActivity}} token= android.os.BinderProxy@52e2a2a
05-27 11:03:57.564 I/ViewRootImpl( 9700): dispatchDetachedFromWindow in doDie
05-27 11:03:57.566 W/BufferQueueProducer(  751): [com.huatu.handheld_huatu/com.huatu.handheld_huatu.faceteach.activity.EssaySingleListActivity#0]:1390: disconnect: not connected (req=1)
05-27 11:03:57.567 I/chatty  ( 2007): uid=1000(system) Binder:2007_18 expire 5 lines
05-27 11:03:57.582 V/ActivityThread( 9700): callActivityOnCreate
05-27 11:03:57.605 D/ActivityThread( 9700): add activity client record, r= ActivityRecord{2741a30 token=android.os.BinderProxy@52e2a2a {com.huatu.handheld_huatu/com.huatu.handheld_huatu.faceteach.activity.EssaySingleListActivity}} token= android.os.BinderProxy@52e2a2a
05-27 11:03:57.611 I/chatty  ( 9700): uid=10512(com.huatu.handheld_huatu) expire 60 lines
05-27 11:03:57.615 I/chatty  ( 2007): uid=1000(system) Binder:2007_8 expire 18 lines
05-27 11:03:57.621 I/chatty  ( 2007): uid=1000(system) Binder:2007_8 expire 21 lines
05-27 11:03:57.628 I/CAWARENESS_31424_AppUsageManager(20835): Repeat info, don't need publish
05-27 11:03:57.628 I/chatty  ( 2007): uid=1000(system) HwActivityTaskM expire 3 lines
05-27 11:03:57.628 I/chatty  ( 3859): uid=1000(system) Binder:3859_10 expire 10 lines
05-27 11:03:57.628 I/chatty  ( 2007): uid=1000(system) Thread-6 expire 6 lines
05-27 11:03:57.629 I/chatty  ( 2007): uid=1000(system) Binder:2007_F expire 4 lines
05-27 11:03:57.631 E/Booster_MatterAppRecommend( 3859): [isMatterPackage]invalid mMatterPackagesConfig
05-27 11:03:57.632 I/chatty  ( 9700): uid=10512(com.huatu.handheld_huatu) expire 1 line
05-27 11:03:57.634 I/chatty  ( 2007): uid=1000(system) Binder:2007_15 expire 34 lines
05-27 11:03:57.637 I/chatty  ( 9700): uid=10512(com.huatu.handheld_huatu) expire 14 lines
05-27 11:03:57.665 I/ring_expand(11208): floatImeState : false
05-27 11:03:57.665 I/ring_expand(11208): isLeftrightSplit : false
05-27 11:03:57.666 I/ring_expand(11208): is_compress : false
05-27 11:03:57.666 I/ring_expand(11208): final Global.screenW = 1080
05-27 11:03:57.666 I/HuaweiIME(11208): SysInfo.getSysParam: orientation=1||config d=3.0,w=1080,h=2139||metrics d=3.0,w=1080,h=2139||sdk=29,bar_h=75||appScale=3.3,sysScale=3.0||isMultiWin=false,isPadMode=false, boardw=1080, boardH=705, candH=130, boardL=0, boardR=1080, ver=8.2.39.938, realW=1080, realH=2340, isInLargeWinMode=false, displayId=0, cuid=8470EE-65D772-731B22-91BGG3-F3FGF0-26
05-27 11:03:57.666 I/HuaweiIME(11208): isPortrait-adjustOffset-r: 5
05-27 11:03:57.666 I/HuaweiIME(11208):  isNight : false
05-27 11:03:57.702 I/chatty  ( 2007): uid=1000(system) PowerManagerSer expire 30 lines
05-27 11:03:57.829 W/BufferQueueProducer(  751): [com.huatu.handheld_huatu/com.huatu.handheld_huatu.business.essay.activity.EssayExamDetailActivity#0]:1390: disconnect: not connected (req=1)
05-27 11:03:57.842 D/ActivityThread( 9700): Remove activity client record, r= ActivityRecord{afcc550 token=android.os.BinderProxy@2c6ac69 {com.huatu.handheld_huatu/com.huatu.handheld_huatu.business.essay.activity.EssayExamDetailActivity}} token= android.os.BinderProxy@2c6ac69
05-27 11:03:57.842 I/ViewRootImpl( 9700): dispatchDetachedFromWindow in doDie
05-27 11:03:57.949 I/chatty  ( 2007): uid=1000 system_server expire 12 lines
05-27 11:03:57.977 W/migration/7(   53): type=1400 audit(0.0:76775): avc: granted { setsched } for pid=53 scontext=u:r:kernel:s0 tcontext=u:r:kernel:s0 tclass=process
05-27 11:03:57.977 W/migration/6(   47): type=1400 audit(0.0:76776): avc: granted { setsched } for pid=47 scontext=u:r:kernel:s0 tcontext=u:r:kernel:s0 tclass=process
05-27 11:03:57.995 I/CAWARENESS_31424_AbilityContext(20835): [1685156637996] subscribe list is empty
05-27 11:03:58.134 I/HotspotComponent( 4388): handleEvent
05-27 11:03:58.134 I/HotspotComponent( 4388): handleEvent not handle the event:1121
05-27 11:03:58.134 I/WifiProComponent( 4388): default event
05-27 11:03:58.134 D/HwCHRWifiRSSIGroupSummery( 4388): updatArpSummery rssi:-1 HwCHRWifiRSSIGroup [mRssiIndex=4, mRttTcpPackets=0, mRttTcpDuration=0, mRttLanDuration=7894, mRttLanFailures=4, mRttLanSucc=373, mRttLanMax=832, mRttLanMin=3,mSameFrequency=0,mAdjacentFrequency=43]
05-27 11:03:58.134 I/HotspotComponent( 4388): handleEvent
05-27 11:03:58.134 I/HotspotComponent( 4388): handleEvent not handle the event:1128
05-27 11:03:58.147 W/HIGNSS  ( 2210): LS:[LSQ_SOLUTION] satellite num: 0 < 4
05-27 11:03:58.147 W/HIGNSS  ( 2210): CHR:[TCXO-BIAS-CHANGE] time: 3296, cnt: 60, valid: 0, freq_bias:-1022.000000, tempr:38.150002, sats_num: 0, qop: 0
05-27 11:03:58.149 W/HIGNSS  ( 2210): FUS:fusion results invalid, flag = 0!
05-27 11:03:58.149 W/HIGNSS  ( 2210): PE_CDPP:[NORMAL]location check failed, cdpp can not be done!
05-27 11:03:58.150 W/HIGNSS  ( 2210): PE_MSA:[MSA_SELECT]the num of sat can be reported is less than 4, report all valid data!
05-27 11:03:58.150 W/HIGNSS  ( 2210): PE_MSA:[MSA-DOPPLER]No location and no acq data, not do doppler consistence!
05-27 11:03:58.150 W/HIGNSS  ( 2210): PE_MSA:[MSA-REPORT] no gnss msr data to be report!
05-27 11:03:58.150 W/HIGNSS  ( 2210): CTL:can't find dst, 0x11110021
05-27 11:03:58.452 I/ArHal   (  700): (ArDataGetState:1471):id[2]
05-27 11:03:58.454 W/ArHal   (  700): (ArDataGetActivityIndex:248):invalid activity[31]
05-27 11:03:58.454 W/ArHal   (  700): (ArDataGetState:1502):unknown activity[31], discard
05-27 11:03:58.454 W/ArHal   (  700): (ArDataGetActivityIndex:248):invalid activity[25]
05-27 11:03:58.454 W/ArHal   (  700): (ArDataGetState:1502):unknown activity[25], discard
05-27 11:03:58.493 E/BoosterUtil( 3859): convertSubIdToSlotId failed, subId:6, slotId:-1
05-27 11:03:58.493 E/BoosterUtil( 3859): getDefaultDataSlotId failed, invalid slotId:-1, subId:6
05-27 11:03:58.493 D/NpdcpAliveManager( 3859): ro.odm.npdcp_alive_cfg_enable is false
05-27 11:03:58.494 E/FourNetCombinationChr( 3859): getNetworkQoeInfo failed, qoeTcpDataOpt is null
05-27 11:03:58.531 I/CAWARENESS_31424_AbilityContext(20835): [1685156645967] deliver {dataId=1001000011, mode=0} to 1 receivers
05-27 11:03:58.632 W/ContentSensor_13.10.10.204_ContentSensorService(10575): mEventListener is null 
05-27 11:03:59.096 I/aptouch_daemon(  932): check_idle_status, idle in. 100
05-27 11:03:59.146 W/HIGNSS  ( 2210): LS:[LSQ_SOLUTION] satellite num: 0 < 4
05-27 11:03:59.147 W/HIGNSS  ( 2210): CHR:[TCXO-BIAS-CHANGE] time: 3297, cnt: 60, valid: 0, freq_bias:-1022.000000, tempr:38.150002, sats_num: 0, qop: 0
05-27 11:03:59.148 W/HIGNSS  ( 2210): FUS:fusion results invalid, flag = 0!
05-27 11:03:59.149 W/HIGNSS  ( 2210): PE_CDPP:[NORMAL]location check failed, cdpp can not be done!
05-27 11:03:59.149 W/HIGNSS  ( 2210): PE_MSA:[MSA_SELECT]the num of sat can be reported is less than 4, report all valid data!
05-27 11:03:59.149 W/HIGNSS  ( 2210): PE_MSA:[MSA-DOPPLER]No location and no acq data, not do doppler consistence!
05-27 11:03:59.149 W/HIGNSS  ( 2210): PE_MSA:[MSA-REPORT] no gnss msr data to be report!
05-27 11:03:59.150 W/HIGNSS  ( 2210): CTL:can't find dst, 0x11110021
05-27 11:03:59.278 I/chatty  ( 2007): uid=1000(system) MobileQosDetect expire 2 lines
05-27 11:03:59.418 I/FusionD ( 1081): (FdOnArData:493):ar count 1
05-27 11:03:59.418 I/AR_FusionD( 1081): (SendMessage:432):socket 14 send 32 data: 
05-27 11:03:59.419 I/HwLBSService HigeoLocationManager(20097): receive onHigeoEventCallback type = 2
05-27 11:03:59.419 I/HwLBSService HigeoLocationManager(20097): sendHigeoCallbackEvent, type: 2
05-27 11:03:59.420 I/FusionD ( 1081): (SetArStatus:547):setArStatus done.
05-27 11:03:59.516 E/BoosterUtil( 3859): convertSubIdToSlotId failed, subId:6, slotId:-1
05-27 11:03:59.516 E/BoosterUtil( 3859): getDefaultDataSlotId failed, invalid slotId:-1, subId:6
05-27 11:03:59.516 D/NpdcpAliveManager( 3859): ro.odm.npdcp_alive_cfg_enable is false
05-27 11:03:59.516 E/FourNetCombinationChr( 3859): getNetworkQoeInfo failed, qoeTcpDataOpt is null
05-27 11:04:00.005 E/ndroid.systemu( 3478): No package ID ff found for ID 0xffffffff.
05-27 11:04:00.006 E/ndroid.systemu( 3478): No package ID ff found for ID 0xffffffff.
05-27 11:04:00.008 E/DateView( 3478): DateView,mCurrentTime: 1685156640008
05-27 11:04:00.018 I/ExpandableNotifRow( 3478): setHideSensitive mPublicLayout.getChildCount() == 0, notification key: 0|com.android.settings|1000002|null|1000
05-27 11:04:00.018 I/ExpandableNotifRow( 3478): setHideSensitive mPublicLayout.getChildCount() == 0, notification key: -1|android|26|null|1000
05-27 11:04:00.018 I/ExpandableNotifRow( 3478): setHideSensitive mPublicLayout.getChildCount() == 0, notification key: 0|com.tencent.mm|2147483647|ranker_group|10165|ranker_group
05-27 11:04:00.018 I/ExpandableNotifRow( 3478): setHideSensitive mPublicLayout.getChildCount() == 0, notification key: 0|com.tencent.mm|-656511598|null|10165
05-27 11:04:00.018 I/ExpandableNotifRow( 3478): setHideSensitive mPublicLayout.getChildCount() == 0, notification key: 0|com.tencent.mm|1087156377|null|10165
05-27 11:04:00.018 I/ExpandableNotifRow( 3478): setHideSensitive mPublicLayout.getChildCount() == 0, notification key: 0|com.huawei.android.hwouc|2131231192|null|10081
05-27 11:04:00.146 W/HIGNSS  ( 2210): LS:[LSQ_SOLUTION] satellite num: 0 < 4
05-27 11:04:00.147 W/HIGNSS  ( 2210): CHR:[TCXO-BIAS-CHANGE] time: 3298, cnt: 60, valid: 0, freq_bias:-1022.000000, tempr:38.150002, sats_num: 0, qop: 0
05-27 11:04:00.148 W/HIGNSS  ( 2210): FUS:fusion results invalid, flag = 0!
05-27 11:04:00.149 W/HIGNSS  ( 2210): PE_CDPP:[NORMAL]location check failed, cdpp can not be done!
05-27 11:04:00.149 W/HIGNSS  ( 2210): PE_MSA:[MSA_SELECT]the num of sat can be reported is less than 4, report all valid data!
05-27 11:04:00.149 W/HIGNSS  ( 2210): PE_MSA:[MSA-DOPPLER]No location and no acq data, not do doppler consistence!
05-27 11:04:00.149 W/HIGNSS  ( 2210): PE_MSA:[MSA-REPORT] no gnss msr data to be report!
05-27 11:04:00.150 W/HIGNSS  ( 2210): CTL:can't find dst, 0x11110021
05-27 11:04:00.282 I/aptouch_daemon(  932): check_idle_status, idle out.
05-27 11:04:00.301 I/aptouch_daemon(  932): print_log, touch:1, down:1 (+0)
05-27 11:04:00.301 I/chatty  ( 2007): uid=1000(system) InputReader expire 12 lines
05-27 11:04:00.306 I/chatty  ( 2007): uid=1000(system) InputDispatcher expire 24 lines
05-27 11:04:00.397 I/aptouch_daemon(  932): print_log, touch:0, down:0 
05-27 11:04:00.405 W/migration/6(   47): type=1400 audit(0.0:76777): avc: granted { setsched } for pid=47 scontext=u:r:kernel:s0 tcontext=u:r:kernel:s0 tclass=process
05-27 11:04:00.417 W/migration/7(   53): type=1400 audit(0.0:76778): avc: granted { setsched } for pid=53 scontext=u:r:kernel:s0 tcontext=u:r:kernel:s0 tclass=process
05-27 11:04:00.424 D/ActivityThread( 9700): Won't deliver top position change in state=5
05-27 11:04:00.426 W/ContentSensor_13.10.10.204_ContentSensorService(10575): mEventListener is null 
05-27 11:04:00.435 I/CAWARENESS_31424_AppUsageManager(20835): onEvent, packageName=com.huatu.handheld_huatu, activityName=com.huatu.handheld_huatu.faceteach.activity.FaceCourseDetailActivity, moduleName=, uid=10512
05-27 11:04:00.437 E/Booster_MatterAppRecommend( 3859): [isMatterPackage]invalid mMatterPackagesConfig
05-27 11:04:00.437 I/CAWARENESS_31424_AbilityContext(20835): [1685156642838] deliver {dataId=100000007, mode=0} to 1 receivers
05-27 11:04:00.438 I/CAWARENESS_31424_CaptureAppUsageHelper(20835): 2912 is ignore data false isAppType false
05-27 11:04:00.444 I/chatty  ( 2007): uid=1000(system) android.ui expire 2 lines
05-27 11:04:00.444 D/HwCommandQueue( 3478): CommandQueue, set Launcher StatusBar Color
05-27 11:04:00.446 I/StatusBarLayout( 3478): refreshTint: tint: 99000000
05-27 11:04:00.482 I/ring_expand(11208): floatImeState : false
05-27 11:04:00.482 I/ring_expand(11208): isLeftrightSplit : false
05-27 11:04:00.482 I/ring_expand(11208): is_compress : false
05-27 11:04:00.483 I/ring_expand(11208): final Global.screenW = 1080
05-27 11:04:00.483 I/HuaweiIME(11208): SysInfo.getSysParam: orientation=1||config d=3.0,w=1080,h=2139||metrics d=3.0,w=1080,h=2139||sdk=29,bar_h=75||appScale=3.3,sysScale=3.0||isMultiWin=false,isPadMode=false, boardw=1080, boardH=705, candH=130, boardL=0, boardR=1080, ver=8.2.39.938, realW=1080, realH=2340, isInLargeWinMode=false, displayId=0, cuid=8470EE-65D772-731B22-91BGG3-F3FGF0-26
05-27 11:04:00.483 I/HuaweiIME(11208): isPortrait-adjustOffset-r: 5
05-27 11:04:00.483 I/HuaweiIME(11208):  isNight : false
05-27 11:04:00.548 E/BoosterUtil( 3859): convertSubIdToSlotId failed, subId:6, slotId:-1
05-27 11:04:00.548 E/BoosterUtil( 3859): getDefaultDataSlotId failed, invalid slotId:-1, subId:6
05-27 11:04:00.548 D/NpdcpAliveManager( 3859): ro.odm.npdcp_alive_cfg_enable is false
05-27 11:04:00.548 E/FourNetCombinationChr( 3859): getNetworkQoeInfo failed, qoeTcpDataOpt is null
05-27 11:04:00.741 W/BufferQueueProducer(  751): [com.huatu.handheld_huatu/com.huatu.handheld_huatu.faceteach.activity.EssaySingleListActivity#1]:1390: disconnect: not connected (req=1)
05-27 11:04:00.744 E/bms_file( 4601): file /sys/class/hw_power/charger/direct_charger_sc/direct_charge_succ is invalid
05-27 11:04:00.749 D/ActivityThread( 9700): Remove activity client record, r= ActivityRecord{2741a30 token=android.os.BinderProxy@52e2a2a {com.huatu.handheld_huatu/com.huatu.handheld_huatu.faceteach.activity.EssaySingleListActivity}} token= android.os.BinderProxy@52e2a2a
05-27 11:04:00.749 I/ViewRootImpl( 9700): dispatchDetachedFromWindow in doDie
05-27 11:04:00.755 E/bms_file( 4601): file /sys/class/hw_power/charger/direct_charger_sc/direct_charge_succ is invalid
05-27 11:04:00.783 E/bms_file( 4601): file /sys/class/hw_power/charger/direct_charger_sc/direct_charge_succ is invalid
05-27 11:04:00.784 I/bms_behavior( 4601): monitor interval count 565
05-27 11:04:00.909 I/CAWARENESS_31424_AbilityContext(20835): [1685156640910] subscribe list is empty
05-27 11:04:00.917 W/migration/7(   53): type=1400 audit(0.0:76779): avc: granted { setsched } for pid=53 scontext=u:r:kernel:s0 tcontext=u:r:kernel:s0 tclass=process
05-27 11:04:00.917 W/migration/6(   47): type=1400 audit(0.0:76780): avc: granted { setsched } for pid=47 scontext=u:r:kernel:s0 tcontext=u:r:kernel:s0 tclass=process
05-27 11:04:01.147 W/HIGNSS  ( 2210): LS:[LSQ_SOLUTION] satellite num: 0 < 4
05-27 11:04:01.148 W/HIGNSS  ( 2210): CHR:[TCXO-BIAS-CHANGE] time: 3299, cnt: 60, valid: 0, freq_bias:-1022.000000, tempr:38.150002, sats_num: 0, qop: 0
05-27 11:04:01.149 W/HIGNSS  ( 2210): FUS:fusion results invalid, flag = 0!
05-27 11:04:01.149 W/HIGNSS  ( 2210): PE_CDPP:[NORMAL]location check failed, cdpp can not be done!
05-27 11:04:01.150 W/HIGNSS  ( 2210): PE_MSA:[MSA_SELECT]the num of sat can be reported is less than 4, report all valid data!
05-27 11:04:01.150 W/HIGNSS  ( 2210): PE_MSA:[MSA-DOPPLER]No location and no acq data, not do doppler consistence!
05-27 11:04:01.150 W/HIGNSS  ( 2210): PE_MSA:[MSA-REPORT] no gnss msr data to be report!
05-27 11:04:01.151 W/HIGNSS  ( 2210): CTL:can't find dst, 0x11110021
05-27 11:04:01.437 W/ContentSensor_13.10.10.204_ContentSensorService(10575): mEventListener is null 
05-27 11:04:01.440 I/CAWARENESS_31424_AbilityContext(20835): [1685156648880] deliver {dataId=1001000011, mode=0} to 1 receivers
05-27 11:04:01.564 E/BoosterUtil( 3859): convertSubIdToSlotId failed, subId:6, slotId:-1
05-27 11:04:01.564 E/BoosterUtil( 3859): getDefaultDataSlotId failed, invalid slotId:-1, subId:6
05-27 11:04:01.564 D/NpdcpAliveManager( 3859): ro.odm.npdcp_alive_cfg_enable is false
05-27 11:04:01.565 E/FourNetCombinationChr( 3859): getNetworkQoeInfo failed, qoeTcpDataOpt is null
05-27 11:04:01.681 I/netd    (  670): trafficSwapActiveStatsMap() <13.79ms>
05-27 11:04:02.053 I/aptouch_daemon(  932): check_idle_status, idle in. 100
05-27 11:04:02.147 W/HIGNSS  ( 2210): LS:[LSQ_SOLUTION] satellite num: 0 < 4
05-27 11:04:02.148 W/HIGNSS  ( 2210): CHR:[TCXO-BIAS-CHANGE] time: 3300, cnt: 60, valid: 0, freq_bias:-1022.000000, tempr:38.150002, sats_num: 0, qop: 0
05-27 11:04:02.149 W/HIGNSS  ( 2210): FUS:fusion results invalid, flag = 0!
05-27 11:04:02.150 W/HIGNSS  ( 2210): PE_CDPP:[NORMAL]location check failed, cdpp can not be done!
05-27 11:04:02.150 W/HIGNSS  ( 2210): PE_MSA:[MSA_SELECT]the num of sat can be reported is less than 4, report all valid data!
05-27 11:04:02.150 W/HIGNSS  ( 2210): PE_MSA:[MSA-DOPPLER]No location and no acq data, not do doppler consistence!
05-27 11:04:02.150 W/HIGNSS  ( 2210): PE_MSA:[MSA-REPORT] no gnss msr data to be report!
05-27 11:04:02.151 W/HIGNSS  ( 2210): CTL:can't find dst, 0x11110021
05-27 11:04:02.595 E/BoosterUtil( 3859): convertSubIdToSlotId failed, subId:6, slotId:-1
05-27 11:04:02.595 E/BoosterUtil( 3859): getDefaultDataSlotId failed, invalid slotId:-1, subId:6
05-27 11:04:02.596 D/NpdcpAliveManager( 3859): ro.odm.npdcp_alive_cfg_enable is false
05-27 11:04:02.596 E/FourNetCombinationChr( 3859): getNetworkQoeInfo failed, qoeTcpDataOpt is null
05-27 11:04:02.829 E/Thermal-daemon:hw_thermal( 1056): [charger_ic] tempNew :35  tempOld :34
05-27 11:04:02.830 E/Thermal-daemon:hw_thermal( 1056): Report temperature: [charger_ic] temp :35  reportThreshold:1
05-27 11:04:02.831 E/Thermal-daemon:hw_thermal( 1056): [ap] tempNew :36  tempOld :35
05-27 11:04:02.832 E/Thermal-daemon:hw_thermal( 1056): Report temperature: [ap] temp :36  reportThreshold:1
05-27 11:04:03.147 W/HIGNSS  ( 2210): LS:[LSQ_SOLUTION] satellite num: 0 < 4
05-27 11:04:03.147 W/HIGNSS  ( 2210): CHR:[TCXO-BIAS-CHANGE] time: 3301, cnt: 60, valid: 0, freq_bias:-1022.000000, tempr:38.150002, sats_num: 0, qop: 0
05-27 11:04:03.148 I/aptouch_daemon(  932): check_idle_status, idle out.
05-27 11:04:03.149 W/HIGNSS  ( 2210): FUS:fusion results invalid, flag = 0!
05-27 11:04:03.149 W/HIGNSS  ( 2210): PE_CDPP:[NORMAL]location check failed, cdpp can not be done!
05-27 11:04:03.149 I/aptouch_daemon(  932): print_log, touch:1, down:1 (+0)
05-27 11:04:03.150 W/HIGNSS  ( 2210): PE_MSA:[MSA_SELECT]the num of sat can be reported is less than 4, report all valid data!
05-27 11:04:03.150 W/HIGNSS  ( 2210): PE_MSA:[MSA-DOPPLER]No location and no acq data, not do doppler consistence!
05-27 11:04:03.150 W/HIGNSS  ( 2210): PE_MSA:[MSA-REPORT] no gnss msr data to be report!
05-27 11:04:03.150 W/HIGNSS  ( 2210): CTL:can't find dst, 0x11110021
05-27 11:04:03.297 W/migration/6(   47): type=1400 audit(0.0:76781): avc: granted { setsched } for pid=47 scontext=u:r:kernel:s0 tcontext=u:r:kernel:s0 tclass=process
05-27 11:04:03.397 W/migration/6(   47): type=1400 audit(0.0:76782): avc: granted { setsched } for pid=47 scontext=u:r:kernel:s0 tcontext=u:r:kernel:s0 tclass=process
05-27 11:04:03.615 E/BoosterUtil( 3859): convertSubIdToSlotId failed, subId:6, slotId:-1
05-27 11:04:03.615 E/BoosterUtil( 3859): getDefaultDataSlotId failed, invalid slotId:-1, subId:6
05-27 11:04:03.615 D/NpdcpAliveManager( 3859): ro.odm.npdcp_alive_cfg_enable is false
05-27 11:04:03.615 E/FourNetCombinationChr( 3859): getNetworkQoeInfo failed, qoeTcpDataOpt is null
05-27 11:04:03.730 W/System  (22555): A resource failed to call close. 
05-27 11:04:03.738 I/chatty  (22555): uid=10165(com.tencent.mm) FinalizerDaemon identical 2 lines
05-27 11:04:03.740 W/System  (22555): A resource failed to call close. 
05-27 11:04:03.779 I/aptouch_daemon(  932): print_log, touch:0, down:0 
05-27 11:04:03.987 I/chatty  ( 9700): uid=10512(com.huatu.handheld_huatu) expire 92 lines
05-27 11:04:04.147 W/HIGNSS  ( 2210): LS:[LSQ_SOLUTION] satellite num: 0 < 4
05-27 11:04:04.148 W/HIGNSS  ( 2210): CHR:[TCXO-BIAS-CHANGE] time: 3302, cnt: 60, valid: 0, freq_bias:-1022.000000, tempr:38.150002, sats_num: 0, qop: 0
05-27 11:04:04.149 W/HIGNSS  ( 2210): FUS:fusion results invalid, flag = 0!
05-27 11:04:04.150 W/HIGNSS  ( 2210): PE_CDPP:[NORMAL]location check failed, cdpp can not be done!
05-27 11:04:04.150 W/HIGNSS  ( 2210): PE_MSA:[MSA_SELECT]the num of sat can be reported is less than 4, report all valid data!
05-27 11:04:04.150 W/HIGNSS  ( 2210): PE_MSA:[MSA-DOPPLER]No location and no acq data, not do doppler consistence!
05-27 11:04:04.150 W/HIGNSS  ( 2210): PE_MSA:[MSA-REPORT] no gnss msr data to be report!
05-27 11:04:04.151 W/HIGNSS  ( 2210): CTL:can't find dst, 0x11110021
05-27 11:04:04.155 I/HWBR-O-0203|SplashAdPreloadManager(24752): preloadWithLimit in scheduleTask
05-27 11:04:04.155 I/HWBR-O-0203|SplashAdPreloadManager(24752): preloadWithLimit
05-27 11:04:04.156 I/HWBR-O-0203|SplashAdPreloadManager(24752): isRunningBackground is true
05-27 11:04:04.237 W/migration/6(   47): type=1400 audit(0.0:76783): avc: granted { setsched } for pid=47 scontext=u:r:kernel:s0 tcontext=u:r:kernel:s0 tclass=process
05-27 11:04:04.237 W/migration/7(   53): type=1400 audit(0.0:76784): avc: granted { setsched } for pid=53 scontext=u:r:kernel:s0 tcontext=u:r:kernel:s0 tclass=process
05-27 11:04:04.357 W/migration/7(   53): type=1400 audit(0.0:76785): avc: granted { setsched } for pid=53 scontext=u:r:kernel:s0 tcontext=u:r:kernel:s0 tclass=process
05-27 11:04:04.377 W/migration/7(   53): type=1400 audit(0.0:76786): avc: granted { setsched } for pid=53 scontext=u:r:kernel:s0 tcontext=u:r:kernel:s0 tclass=process
05-27 11:04:04.429 D/SensorHub( 1069): huawei Hal get step event
05-27 11:04:04.477 W/migration/7(   53): type=1400 audit(0.0:76787): avc: granted { setsched } for pid=53 scontext=u:r:kernel:s0 tcontext=u:r:kernel:s0 tclass=process
05-27 11:04:04.477 W/migration/6(   47): type=1400 audit(0.0:76788): avc: granted { setsched } for pid=47 scontext=u:r:kernel:s0 tcontext=u:r:kernel:s0 tclass=process
05-27 11:04:04.643 E/BoosterUtil( 3859): convertSubIdToSlotId failed, subId:6, slotId:-1
05-27 11:04:04.643 E/BoosterUtil( 3859): getDefaultDataSlotId failed, invalid slotId:-1, subId:6
05-27 11:04:04.644 D/NpdcpAliveManager( 3859): ro.odm.npdcp_alive_cfg_enable is false
05-27 11:04:04.644 E/FourNetCombinationChr( 3859): getNetworkQoeInfo failed, qoeTcpDataOpt is null
05-27 11:04:05.146 W/HIGNSS  ( 2210): LS:[LSQ_SOLUTION] satellite num: 0 < 4
05-27 11:04:05.147 W/HIGNSS  ( 2210): CHR:[TCXO-BIAS-CHANGE] time: 3303, cnt: 60, valid: 0, freq_bias:-1022.000000, tempr:38.150002, sats_num: 0, qop: 0
05-27 11:04:05.148 W/HIGNSS  ( 2210): FUS:fusion results invalid, flag = 0!
05-27 11:04:05.149 W/HIGNSS  ( 2210): PE_CDPP:[NORMAL]location check failed, cdpp can not be done!
05-27 11:04:05.149 W/HIGNSS  ( 2210): PE_MSA:[MSA_SELECT]the num of sat can be reported is less than 4, report all valid data!
05-27 11:04:05.149 W/HIGNSS  ( 2210): PE_MSA:[MSA-DOPPLER]No location and no acq data, not do doppler consistence!
05-27 11:04:05.149 W/HIGNSS  ( 2210): PE_MSA:[MSA-REPORT] no gnss msr data to be report!
05-27 11:04:05.150 W/HIGNSS  ( 2210): CTL:can't find dst, 0x11110021
05-27 11:04:05.401 I/aptouch_daemon(  932): check_idle_status, idle in. 100
05-27 11:04:05.418 I/ArHal   (  700): (ArDataNetlinkCb:942):cmd[2].length[24]
05-27 11:04:05.418 I/FusionD ( 1081): (FdOnArData:493):ar count 1
05-27 11:04:05.418 I/AR_impl (  700): ActChangedCb start count[1]
05-27 11:04:05.418 I/AR_FusionD( 1081): (SendMessage:432):socket 14 send 32 data: 
05-27 11:04:05.420 I/HwLBSService HigeoLocationManager(20097): receive onHigeoEventCallback type = 2
05-27 11:04:05.420 I/FusionD ( 1081): (SetArStatus:547):setArStatus done.
05-27 11:04:05.420 I/HwLBSService HigeoLocationManager(20097): sendHigeoCallbackEvent, type: 2
05-27 11:04:05.422 I/AR_impl (  700): able to onActivityChangedV1_1
05-27 11:04:05.422 I/AR_impl (  700): ActChangedCb end, pid[700]
05-27 11:04:05.423 I/CAWARENESS_31424_MsdpMotionParser(20835): parseMsdpEvent count: 1 state: MsdpMotionTransportState{abilityType=still, eventType=exit, timestampNs=806764527549831, confidence=0, extra=}
05-27 11:04:05.423 I/CAWARENESS_31424_MsdpMotionReportInfoMap(20835): update still exit result is true
05-27 11:04:05.424 I/CAWARENESS_31424_AbilityContext(20835): [1685156652601] deliver {dataId=100000073, mode=0} to 4 receivers
05-27 11:04:05.425 I/CAWARENESS_31424_AbilityContext(20835): [1685156652602] subscribe list is empty
05-27 11:04:05.426 I/CAWARENESS_31424_MotionCompatibleFence(20835): triggerForOldInterface this: 57354430
05-27 11:04:05.426 I/CAWARENESS_31424_CompatibleFenceTrigger(20835): fenceName AwarenessFence{1, 4, 1023}pkgName : com.huawei.systemserver
05-27 11:04:05.428 I/CAWARENESS_31424_CompatibleFenceTrigger(20835): triggerForMotion with PendingIntent
05-27 11:04:05.429 I/chatty  ( 2007): uid=1000(system) Binder:2007_1D expire 29 lines
05-27 11:04:05.481 I/chatty  ( 2007): uid=1000(system) android.bg expire 1 line
05-27 11:04:05.663 E/BoosterUtil( 3859): convertSubIdToSlotId failed, subId:6, slotId:-1
05-27 11:04:05.663 E/BoosterUtil( 3859): getDefaultDataSlotId failed, invalid slotId:-1, subId:6
05-27 11:04:05.663 D/NpdcpAliveManager( 3859): ro.odm.npdcp_alive_cfg_enable is false
05-27 11:04:05.663 E/FourNetCombinationChr( 3859): getNetworkQoeInfo failed, qoeTcpDataOpt is null
05-27 11:04:05.787 E/bms_file( 4601): file /sys/class/hw_power/charger/direct_charger_sc/direct_charge_succ is invalid
05-27 11:04:05.836 E/bms_file( 4601): file /sys/class/hw_power/charger/direct_charger_sc/direct_charge_succ is invalid
05-27 11:04:05.837 I/bms_behavior( 4601): monitor interval count 566
05-27 11:04:06.146 W/HIGNSS  ( 2210): LS:[LSQ_SOLUTION] satellite num: 0 < 4
05-27 11:04:06.147 W/HIGNSS  ( 2210): CHR:[TCXO-BIAS-CHANGE] time: 3304, cnt: 60, valid: 0, freq_bias:-1022.000000, tempr:38.150002, sats_num: 0, qop: 0
05-27 11:04:06.148 W/HIGNSS  ( 2210): FUS:fusion results invalid, flag = 0!
05-27 11:04:06.149 W/HIGNSS  ( 2210): PE_CDPP:[NORMAL]location check failed, cdpp can not be done!
05-27 11:04:06.149 W/HIGNSS  ( 2210): PE_MSA:[MSA_SELECT]the num of sat can be reported is less than 4, report all valid data!
05-27 11:04:06.150 W/HIGNSS  ( 2210): PE_MSA:[MSA-DOPPLER]No location and no acq data, not do doppler consistence!
05-27 11:04:06.150 W/HIGNSS  ( 2210): PE_MSA:[MSA-REPORT] no gnss msr data to be report!
05-27 11:04:06.150 W/HIGNSS  ( 2210): CTL:can't find dst, 0x11110021
05-27 11:04:06.257 I/aptouch_daemon(  932): check_idle_status, idle out.
05-27 11:04:06.259 I/aptouch_daemon(  932): print_log, touch:1, down:1 (+0)
05-27 11:04:06.319 I/aptouch_daemon(  932): print_log, touch:0, down:0 
05-27 11:04:06.322 I/chatty  ( 9700): uid=10512(com.huatu.handheld_huatu) expire 299 lines
05-27 11:04:06.325 W/migration/6(   47): type=1400 audit(0.0:76789): avc: granted { setsched } for pid=47 scontext=u:r:kernel:s0 tcontext=u:r:kernel:s0 tclass=process
05-27 11:04:06.328 I/chatty  ( 2007): uid=1000(system) ACTIVITY_EVENT_ expire 6 lines
05-27 11:04:06.335 I/chatty  ( 2007): uid=1000(system) PowerManagerSer expire 27 lines
05-27 11:04:06.337 W/migration/7(   53): type=1400 audit(0.0:76790): avc: granted { setsched } for pid=53 scontext=u:r:kernel:s0 tcontext=u:r:kernel:s0 tclass=process
05-27 11:04:06.342 D/AwareLog( 1067): iawared: WorkingsetProcessCommand subCmd = 350, userId=10512, pid=9700, com.huatu.handheld_huatu/.faceteach.activity.EssaySingleListActivity
05-27 11:04:06.343 D/AwareLog( 1067): iawared: WorkingsetSendPrereadMsg com.huatu.handheld_huatu/.faceteach.activity.EssaySingleListActivity
05-27 11:04:06.343 D/AwareLog( 1067): iawared: WorkingsetStart com.huatu.handheld_huatu/.faceteach.activity.EssaySingleListActivity in monitor0
05-27 11:04:06.347 I/PGServer( 3780): android calls fast HApps
05-27 11:04:06.347 I/AppFastHibernation( 3780): fast H duration: 1500 reason: start activity
05-27 11:04:06.347 I/Pged-IPgedBinderService( 1067): ****action is 1, pid num is 9***
05-27 11:04:06.347 I/Pged-Freezer( 1067): freezePids
05-27 11:04:06.347 I/Pged-Freezer( 1067): Freeze process: 29859
05-27 11:04:06.348 I/Pged-Freezer( 1067): Freeze process: 29550
05-27 11:04:06.348 I/Pged-Freezer( 1067): Freeze process: 3201
05-27 11:04:06.348 I/Pged-Freezer( 1067): Freeze process: 29792
05-27 11:04:06.349 I/Pged-Freezer( 1067): Freeze process: 14585
05-27 11:04:06.350 I/Pged-Freezer( 1067): Freeze process: 15714
05-27 11:04:06.351 I/Pged-Freezer( 1067): Freeze process: 17461
05-27 11:04:06.351 I/Pged-Freezer( 1067): Freeze process: 6463
05-27 11:04:06.353 D/PgedBinderAdapter( 3780): F_Z ok, pid: [29859, 29550, 3201, 29792, 14585, 15714, 17461, 6463]
05-27 11:04:06.354 I/chatty  ( 2007): uid=1000(system) android.display expire 15 lines
05-27 11:04:06.354 I/chatty  ( 2007): uid=1000(system) HwActivityTaskM expire 4 lines
05-27 11:04:06.354 I/chatty  ( 2007): uid=1000(system) Thread-6 expire 8 lines
05-27 11:04:06.355 W/ContentSensor_13.10.10.204_ContentSensorService(10575): mEventListener is null 
05-27 11:04:06.363 V/ActivityThread( 9700): callActivityOnCreate
05-27 11:04:06.383 D/ActivityThread( 9700): add activity client record, r= ActivityRecord{93ad360 token=android.os.BinderProxy@ebdd301 {com.huatu.handheld_huatu/com.huatu.handheld_huatu.faceteach.activity.EssaySingleListActivity}} token= android.os.BinderProxy@ebdd301
05-27 11:04:06.394 I/chatty  ( 2007): uid=1000(system) Binder:2007_8 expire 20 lines
05-27 11:04:06.409 I/CAWARENESS_31424_AppUsageManager(20835): onEvent, packageName=com.huatu.handheld_huatu, activityName=com.huatu.handheld_huatu.faceteach.activity.EssaySingleListActivity, moduleName=, uid=10512
05-27 11:04:06.410 I/CAWARENESS_31424_AbilityContext(20835): [1685156648811] deliver {dataId=100000007, mode=0} to 1 receivers
05-27 11:04:06.411 I/CAWARENESS_31424_CaptureAppUsageHelper(20835): 5973 is ignore data false isAppType false
05-27 11:04:06.414 E/Booster_MatterAppRecommend( 3859): [isMatterPackage]invalid mMatterPackagesConfig
05-27 11:04:06.415 I/chatty  ( 9700): uid=10512(com.huatu.handheld_huatu) expire 1 line
05-27 11:04:06.416 I/chatty  ( 2007): uid=1000(system) android.ui expire 6 lines
05-27 11:04:06.417 D/HwCommandQueue( 3478): CommandQueue, set Launcher StatusBar Color
05-27 11:04:06.418 I/StatusBarLayout( 3478): refreshTint: tint: 99000000
05-27 11:04:06.427 I/chatty  ( 2007): uid=1000(system) android.anim expire 55 lines
05-27 11:04:06.444 I/ring_expand(11208): floatImeState : false
05-27 11:04:06.444 I/ring_expand(11208): isLeftrightSplit : false
05-27 11:04:06.444 I/ring_expand(11208): is_compress : false
05-27 11:04:06.444 I/ring_expand(11208): final Global.screenW = 1080
05-27 11:04:06.444 I/HuaweiIME(11208): SysInfo.getSysParam: orientation=1||config d=3.0,w=1080,h=2139||metrics d=3.0,w=1080,h=2139||sdk=29,bar_h=75||appScale=3.3,sysScale=3.0||isMultiWin=false,isPadMode=false, boardw=1080, boardH=705, candH=130, boardL=0, boardR=1080, ver=8.2.39.938, realW=1080, realH=2340, isInLargeWinMode=false, displayId=0, cuid=8470EE-65D772-731B22-91BGG3-F3FGF0-26
05-27 11:04:06.445 I/HuaweiIME(11208): isPortrait-adjustOffset-r: 5
05-27 11:04:06.445 I/HuaweiIME(11208):  isNight : false
05-27 11:04:06.477 I/netd    (  670): trafficSwapActiveStatsMap() <19.85ms>
05-27 11:04:06.617 W/migration/7(   53): type=1400 audit(0.0:76791): avc: granted { setsched } for pid=53 scontext=u:r:kernel:s0 tcontext=u:r:kernel:s0 tclass=process
05-27 11:04:06.617 W/migration/6(   47): type=1400 audit(0.0:76792): avc: granted { setsched } for pid=47 scontext=u:r:kernel:s0 tcontext=u:r:kernel:s0 tclass=process
05-27 11:04:06.637 I/chatty  ( 2007): uid=1000(system) UEventObserver expire 6 lines
05-27 11:04:06.653 W/health@2.0-serv(  706): type=1400 audit(0.0:76793): avc: denied { read } for pid=706 name="u:object_r:system_prop:s0" dev="tmpfs" ino=17746 scontext=u:r:hal_health_default:s0 tcontext=u:object_r:system_prop:s0 tclass=file permissive=0
05-27 11:04:06.653 W/health@2.0-serv(  706): type=1400 audit(0.0:76794): avc: denied { write } for pid=706 name="property_service" dev="tmpfs" ino=17796 scontext=u:r:hal_health_default:s0 tcontext=u:object_r:property_socket:s0 tclass=sock_file permissive=0
05-27 11:04:06.659 E/libc    (  706): Access denied finding property "sys.check.usbupdate"
05-27 11:04:06.660 W/libc    (  706): Unable to set property "sys.check.usbupdate" to "start": connection failed; errno=13 (Permission denied)
05-27 11:04:06.689 E/BoosterUtil( 3859): convertSubIdToSlotId failed, subId:6, slotId:-1
05-27 11:04:06.689 E/BoosterUtil( 3859): getDefaultDataSlotId failed, invalid slotId:-1, subId:6
05-27 11:04:06.689 D/NpdcpAliveManager( 3859): ro.odm.npdcp_alive_cfg_enable is false
05-27 11:04:06.689 E/FourNetCombinationChr( 3859): getNetworkQoeInfo failed, qoeTcpDataOpt is null
05-27 11:04:06.713 I/netd    (  670): trafficSwapActiveStatsMap() <15.26ms>
05-27 11:04:06.715 W/BufferQueueProducer(  751): [com.huatu.handheld_huatu/com.huatu.handheld_huatu.faceteach.activity.FaceCourseDetailActivity#0]:1390: disconnect: not connected (req=1)
05-27 11:04:06.796 I/chatty  ( 2007): uid=1000 system_server expire 6 lines
05-27 11:04:06.840 I/CAWARENESS_31424_AbilityContext(20835): [1685156646841] subscribe list is empty
05-27 11:04:06.933 D/AwareLog( 1067): iawared: WorkingsetProcessCommand subCmd = 351, userId=10512, pid=9700, com.huatu.handheld_huatu/.faceteach.activity.EssaySingleListActivity
05-27 11:04:06.933 D/AwareLog( 1067): iawared: WorkingsetPause com.huatu.handheld_huatu/.faceteach.activity.EssaySingleListActivity
05-27 11:04:07.147 W/HIGNSS  ( 2210): LS:[LSQ_SOLUTION] satellite num: 0 < 4
05-27 11:04:07.148 W/HIGNSS  ( 2210): CHR:[TCXO-BIAS-CHANGE] time: 3305, cnt: 60, valid: 0, freq_bias:-1022.000000, tempr:38.150002, sats_num: 0, qop: 0
05-27 11:04:07.149 W/HIGNSS  ( 2210): FUS:fusion results invalid, flag = 0!
05-27 11:04:07.149 W/HIGNSS  ( 2210): PE_CDPP:[NORMAL]location check failed, cdpp can not be done!
05-27 11:04:07.150 W/HIGNSS  ( 2210): PE_MSA:[MSA_SELECT]the num of sat can be reported is less than 4, report all valid data!
05-27 11:04:07.150 W/HIGNSS  ( 2210): PE_MSA:[MSA-DOPPLER]No location and no acq data, not do doppler consistence!
05-27 11:04:07.150 W/HIGNSS  ( 2210): PE_MSA:[MSA-REPORT] no gnss msr data to be report!
05-27 11:04:07.151 W/HIGNSS  ( 2210): CTL:can't find dst, 0x11110021
05-27 11:04:07.151 I/chatty  (  720): uid=1000(system) hisignss expire 65 lines
05-27 11:04:07.156 W/HIGNSS  ( 2210): RIL:cannot get rat
05-27 11:04:07.156 W/HIGNSS  ( 2210): RIL:cannot get modem id
05-27 11:04:07.284 I/chatty  ( 2007): uid=1000(system) HuaweiWifiWatch expire 16 lines
05-27 11:04:07.285 I/chatty  ( 2007): uid=1000(system) HwDualBandState expire 5 lines
05-27 11:04:07.286 I/chatty  ( 2007): uid=1000(system) MobileQosDetect expire 2 lines
05-27 11:04:07.406 W/ContentSensor_13.10.10.204_ContentSensorService(10575): mEventListener is null 
05-27 11:04:07.413 I/CAWARENESS_31424_AbilityContext(20835): [1685156654862] deliver {dataId=1001000011, mode=0} to 1 receivers
05-27 11:04:07.460 I/aptouch_daemon(  932): print_log, touch:1, down:1 (+0)
05-27 11:04:07.712 E/BoosterUtil( 3859): convertSubIdToSlotId failed, subId:6, slotId:-1
05-27 11:04:07.712 E/BoosterUtil( 3859): getDefaultDataSlotId failed, invalid slotId:-1, subId:6
05-27 11:04:07.712 D/NpdcpAliveManager( 3859): ro.odm.npdcp_alive_cfg_enable is false
05-27 11:04:07.712 E/FourNetCombinationChr( 3859): getNetworkQoeInfo failed, qoeTcpDataOpt is null
05-27 11:04:07.855 I/Pged-IPgedBinderService( 1067): ****action is 2, pid num is 9***
05-27 11:04:07.855 I/Pged-Freezer( 1067): thawPids
05-27 11:04:07.859 D/PgedBinderAdapter( 3780): unF_Z ok, pid: [29859, 29550, 3201, 29792, 14585, 15714, 17461, 6463]
05-27 11:04:08.147 W/HIGNSS  ( 2210): LS:[LSQ_SOLUTION] satellite num: 0 < 4
05-27 11:04:08.148 W/HIGNSS  ( 2210): CHR:[TCXO-BIAS-CHANGE] time: 3306, cnt: 60, valid: 0, freq_bias:-1022.000000, tempr:38.150002, sats_num: 0, qop: 0
05-27 11:04:08.149 W/HIGNSS  ( 2210): FUS:fusion results invalid, flag = 0!
05-27 11:04:08.149 W/HIGNSS  ( 2210): PE_CDPP:[NORMAL]location check failed, cdpp can not be done!
05-27 11:04:08.150 W/HIGNSS  ( 2210): PE_MSA:[MSA_SELECT]the num of sat can be reported is less than 4, report all valid data!
05-27 11:04:08.150 W/HIGNSS  ( 2210): PE_MSA:[MSA-DOPPLER]No location and no acq data, not do doppler consistence!
05-27 11:04:08.150 W/HIGNSS  ( 2210): PE_MSA:[MSA-REPORT] no gnss msr data to be report!
05-27 11:04:08.150 W/HIGNSS  ( 2210): CTL:can't find dst, 0x11110021
05-27 11:04:08.153 W/HIGNSS  ( 2210): RIL:cannot get rat
05-27 11:04:08.153 W/HIGNSS  ( 2210): RIL:cannot get modem id
05-27 11:04:08.169 I/aptouch_daemon(  932): print_log, touch:0, down:0 
05-27 11:04:08.327 I/chatty  ( 2007): uid=1000(system) ClientModeImpl expire 13 lines
05-27 11:04:08.740 E/BoosterUtil( 3859): convertSubIdToSlotId failed, subId:6, slotId:-1
05-27 11:04:08.740 E/BoosterUtil( 3859): getDefaultDataSlotId failed, invalid slotId:-1, subId:6
05-27 11:04:08.740 D/NpdcpAliveManager( 3859): ro.odm.npdcp_alive_cfg_enable is false
05-27 11:04:08.740 E/FourNetCombinationChr( 3859): getNetworkQoeInfo failed, qoeTcpDataOpt is null
05-27 11:04:08.742 I/chatty  ( 2007): uid=1000(system) wifipro_feature expire 54 lines
05-27 11:04:09.004 I/chatty  ( 2007): uid=1000(system) WifiService expire 51 lines
05-27 11:04:09.147 W/HIGNSS  ( 2210): LS:[LSQ_SOLUTION] satellite num: 0 < 4
05-27 11:04:09.147 W/HIGNSS  ( 2210): CHR:[TCXO-BIAS-CHANGE] time: 3307, cnt: 60, valid: 0, freq_bias:-1022.000000, tempr:38.150002, sats_num: 0, qop: 0
05-27 11:04:09.149 W/HIGNSS  ( 2210): FUS:fusion results invalid, flag = 0!
05-27 11:04:09.149 W/HIGNSS  ( 2210): PE_CDPP:[NORMAL]location check failed, cdpp can not be done!
05-27 11:04:09.150 W/HIGNSS  ( 2210): PE_MSA:[MSA_SELECT]the num of sat can be reported is less than 4, report all valid data!
05-27 11:04:09.150 W/HIGNSS  ( 2210): PE_MSA:[MSA-DOPPLER]No location and no acq data, not do doppler consistence!
05-27 11:04:09.150 W/HIGNSS  ( 2210): PE_MSA:[MSA-REPORT] no gnss msr data to be report!
05-27 11:04:09.150 W/HIGNSS  ( 2210): CTL:can't find dst, 0x11110021
05-27 11:04:09.151 W/HIGNSS  ( 2210): RIL:cannot get rat
05-27 11:04:09.151 W/HIGNSS  ( 2210): RIL:cannot get modem id
05-27 11:04:09.152 I/chatty  ( 2007): uid=1000(system) HwBinder:2007_1 expire 38 lines
05-27 11:04:09.156 I/chatty  ( 2007): uid=1000(system) LocationHander expire 28 lines
05-27 11:04:09.460 I/chatty  ( 2007): uid=1000(system) Binder:2007_15 expire 1 line
05-27 11:04:09.759 I/aptouch_daemon(  932): check_idle_status, idle in. 100
05-27 11:04:09.760 E/BoosterUtil( 3859): convertSubIdToSlotId failed, subId:6, slotId:-1
05-27 11:04:09.760 E/BoosterUtil( 3859): getDefaultDataSlotId failed, invalid slotId:-1, subId:6
05-27 11:04:09.760 D/NpdcpAliveManager( 3859): ro.odm.npdcp_alive_cfg_enable is false
05-27 11:04:09.760 E/FourNetCombinationChr( 3859): getNetworkQoeInfo failed, qoeTcpDataOpt is null
05-27 11:04:09.812 I/aptouch_daemon(  932): check_idle_status, idle out.
05-27 11:04:09.813 I/aptouch_daemon(  932): print_log, touch:1, down:1 (+0)
05-27 11:04:10.034 I/aptouch_daemon(  932): print_log, touch:0, down:0 
05-27 11:04:10.146 W/HIGNSS  ( 2210): LS:[LSQ_SOLUTION] satellite num: 0 < 4
05-27 11:04:10.147 W/HIGNSS  ( 2210): CHR:[TCXO-BIAS-CHANGE] time: 3308, cnt: 60, valid: 0, freq_bias:-1022.000000, tempr:38.150002, sats_num: 0, qop: 0
05-27 11:04:10.148 W/HIGNSS  ( 2210): FUS:fusion results invalid, flag = 0!
05-27 11:04:10.148 W/HIGNSS  ( 2210): PE_CDPP:[NORMAL]location check failed, cdpp can not be done!
05-27 11:04:10.149 W/HIGNSS  ( 2210): PE_MSA:[MSA_SELECT]the num of sat can be reported is less than 4, report all valid data!
05-27 11:04:10.149 W/HIGNSS  ( 2210): PE_MSA:[MSA-DOPPLER]No location and no acq data, not do doppler consistence!
05-27 11:04:10.149 W/HIGNSS  ( 2210): PE_MSA:[MSA-REPORT] no gnss msr data to be report!
05-27 11:04:10.150 W/HIGNSS  ( 2210): CTL:can't find dst, 0x11110021
05-27 11:04:10.151 W/HIGNSS  ( 2210): RIL:cannot get rat
05-27 11:04:10.151 W/HIGNSS  ( 2210): RIL:cannot get modem id
05-27 11:04:10.399 I/aptouch_daemon(  932): print_log, touch:1, down:1 (+0)
05-27 11:04:10.549 I/aptouch_daemon(  932): print_log, touch:0, down:0 
05-27 11:04:10.788 I/chatty  ( 3859): uid=1000(system) JNITID-5578 expire 44 lines
05-27 11:04:10.788 I/chatty  ( 3859): uid=1000(system) OllieAwareThrea expire 78 lines
05-27 11:04:10.789 E/BoosterUtil( 3859): convertSubIdToSlotId failed, subId:6, slotId:-1
05-27 11:04:10.789 E/BoosterUtil( 3859): getDefaultDataSlotId failed, invalid slotId:-1, subId:6
05-27 11:04:10.790 D/NpdcpAliveManager( 3859): ro.odm.npdcp_alive_cfg_enable is false
05-27 11:04:10.790 E/FourNetCombinationChr( 3859): getNetworkQoeInfo failed, qoeTcpDataOpt is null
05-27 11:04:10.841 E/bms_file( 4601): file /sys/class/hw_power/charger/direct_charger_sc/direct_charge_succ is invalid
05-27 11:04:10.880 I/chatty  ( 4601): uid=1000(system) /vendor/bin/bms_behavior identical 7 lines
05-27 11:04:10.881 E/bms_file( 4601): file /sys/class/hw_power/charger/direct_charger_sc/direct_charge_succ is invalid
05-27 11:04:10.882 I/bms_behavior( 4601): monitor interval count 567
05-27 11:04:11.146 W/HIGNSS  ( 2210): LS:[LSQ_SOLUTION] satellite num: 0 < 4
05-27 11:04:11.147 W/HIGNSS  ( 2210): CHR:[TCXO-BIAS-CHANGE] time: 3309, cnt: 60, valid: 0, freq_bias:-1022.000000, tempr:38.150002, sats_num: 0, qop: 0
05-27 11:04:11.148 W/HIGNSS  ( 2210): FUS:fusion results invalid, flag = 0!
05-27 11:04:11.149 W/HIGNSS  ( 2210): PE_CDPP:[NORMAL]location check failed, cdpp can not be done!
05-27 11:04:11.149 W/HIGNSS  ( 2210): PE_MSA:[MSA_SELECT]the num of sat can be reported is less than 4, report all valid data!
05-27 11:04:11.149 W/HIGNSS  ( 2210): PE_MSA:[MSA-DOPPLER]No location and no acq data, not do doppler consistence!
05-27 11:04:11.149 W/HIGNSS  ( 2210): PE_MSA:[MSA-REPORT] no gnss msr data to be report!
05-27 11:04:11.150 W/HIGNSS  ( 2210): CTL:can't find dst, 0x11110021
05-27 11:04:11.151 W/HIGNSS  ( 2210): RIL:cannot get rat
05-27 11:04:11.151 W/HIGNSS  ( 2210): RIL:cannot get modem id
05-27 11:04:11.280 I/aptouch_daemon(  932): print_log, touch:1, down:1 (+0)
05-27 11:04:11.281 I/chatty  ( 2007): uid=1000(system) InputReader expire 20 lines
05-27 11:04:11.285 I/chatty  ( 2007): uid=1000(system) InputDispatcher expire 33 lines
05-27 11:04:11.350 I/aptouch_daemon(  932): print_log, touch:0, down:0 
05-27 11:04:11.362 I/chatty  ( 2007): uid=1000(system) Binder:2007_12 expire 30 lines
05-27 11:04:11.377 W/migration/6(   47): type=1400 audit(0.0:76797): avc: granted { setsched } for pid=47 scontext=u:r:kernel:s0 tcontext=u:r:kernel:s0 tclass=process
05-27 11:04:11.377 W/migration/7(   53): type=1400 audit(0.0:76798): avc: granted { setsched } for pid=53 scontext=u:r:kernel:s0 tcontext=u:r:kernel:s0 tclass=process
05-27 11:04:11.377 D/AwareLog( 1067): iawared: WorkingsetProcessCommand subCmd = 352, userId=10512, pid=9700, com.huatu.handheld_huatu/.faceteach.activity.EssaySingleListActivity
05-27 11:04:11.378 D/AwareLog( 1067): iawared: WorkingsetStop com.huatu.handheld_huatu/.faceteach.activity.EssaySingleListActivity
05-27 11:04:11.383 I/PGServer( 3780): android calls fast HApps
05-27 11:04:11.383 I/AppFastHibernation( 3780): fast H duration: 1500 reason: start activity
05-27 11:04:11.383 I/Pged-IPgedBinderService( 1067): ****action is 1, pid num is 9***
05-27 11:04:11.383 I/Pged-Freezer( 1067): freezePids
05-27 11:04:11.384 I/Pged-Freezer( 1067): Freeze process: 29859
05-27 11:04:11.385 I/Pged-Freezer( 1067): Freeze process: 29550
05-27 11:04:11.385 I/Pged-Freezer( 1067): Freeze process: 3201
05-27 11:04:11.385 I/Pged-Freezer( 1067): Freeze process: 29792
05-27 11:04:11.385 I/Pged-Freezer( 1067): Freeze process: 14585
05-27 11:04:11.385 I/Pged-Freezer( 1067): Freeze process: 15714
05-27 11:04:11.386 I/Pged-Freezer( 1067): Freeze process: 17461
05-27 11:04:11.386 I/Pged-Freezer( 1067): Freeze process: 6463
05-27 11:04:11.386 D/PgedBinderAdapter( 3780): F_Z ok, pid: [29859, 29550, 3201, 29792, 14585, 15714, 17461, 6463]
05-27 11:04:11.395 W/ContentSensor_13.10.10.204_ContentSensorService(10575): mEventListener is null 
05-27 11:04:11.401 V/ActivityThread( 9700): callActivityOnCreate
05-27 11:04:11.420 D/ActivityThread( 9700): add activity client record, r= ActivityRecord{b4c6ef4 token=android.os.BinderProxy@35c90da {com.huatu.handheld_huatu/com.huatu.handheld_huatu.faceteach.activity.AnswerRecordActivity}} token= android.os.BinderProxy@35c90da
05-27 11:04:11.443 I/chatty  ( 4309): uid=1000(system) OdmfCtrlThread expire 77 lines
05-27 11:04:11.443 I/CAWARENESS_31424_AppUsageManager(20835): onEvent, packageName=com.huatu.handheld_huatu, activityName=com.huatu.handheld_huatu.faceteach.activity.AnswerRecordActivity, moduleName=, uid=10512
05-27 11:04:11.444 E/Booster_MatterAppRecommend( 3859): [isMatterPackage]invalid mMatterPackagesConfig
05-27 11:04:11.445 I/CAWARENESS_31424_AbilityContext(20835): [1685156653846] deliver {dataId=100000007, mode=0} to 1 receivers
05-27 11:04:11.447 I/CAWARENESS_31424_CaptureAppUsageHelper(20835): 5035 is ignore data false isAppType false
05-27 11:04:11.449 I/chatty  ( 2007): uid=1000(system) Binder:2007_1A expire 17 lines
05-27 11:04:11.450 I/chatty  ( 9700): uid=10512(com.huatu.handheld_huatu) expire 1 line
05-27 11:04:11.454 D/HwCommandQueue( 3478): CommandQueue, set Launcher StatusBar Color
05-27 11:04:11.455 I/StatusBarLayout( 3478): refreshTint: tint: 99000000
05-27 11:04:11.495 I/ring_expand(11208): floatImeState : false
05-27 11:04:11.495 I/ring_expand(11208): isLeftrightSplit : false
05-27 11:04:11.495 I/ring_expand(11208): is_compress : false
05-27 11:04:11.495 I/ring_expand(11208): final Global.screenW = 1080
05-27 11:04:11.495 I/HuaweiIME(11208): SysInfo.getSysParam: orientation=1||config d=3.0,w=1080,h=2139||metrics d=3.0,w=1080,h=2139||sdk=29,bar_h=75||appScale=3.3,sysScale=3.0||isMultiWin=false,isPadMode=false, boardw=1080, boardH=705, candH=130, boardL=0, boardR=1080, ver=8.2.39.938, realW=1080, realH=2340, isInLargeWinMode=false, displayId=0, cuid=8470EE-65D772-731B22-91BGG3-F3FGF0-26
05-27 11:04:11.495 I/HuaweiIME(11208): isPortrait-adjustOffset-r: 5
05-27 11:04:11.496 I/HuaweiIME(11208):  isNight : false
05-27 11:04:11.557 D/HwCommandQueue( 3478): CommandQueue, set Launcher StatusBar Color
05-27 11:04:11.558 I/StatusBarLayout( 3478): refreshTint: tint: 99000000
05-27 11:04:11.566 I/chatty  ( 9700): uid=10512(com.huatu.handheld_huatu) expire 1 line
05-27 11:04:11.600 I/ring_expand(11208): floatImeState : false
05-27 11:04:11.600 I/ring_expand(11208): isLeftrightSplit : false
05-27 11:04:11.600 I/ring_expand(11208): is_compress : false
05-27 11:04:11.600 I/ring_expand(11208): final Global.screenW = 1080
05-27 11:04:11.600 I/HuaweiIME(11208): SysInfo.getSysParam: orientation=1||config d=3.0,w=1080,h=2139||metrics d=3.0,w=1080,h=2139||sdk=29,bar_h=75||appScale=3.3,sysScale=3.0||isMultiWin=false,isPadMode=false, boardw=1080, boardH=705, candH=130, boardL=0, boardR=1080, ver=8.2.39.938, realW=1080, realH=2340, isInLargeWinMode=false, displayId=0, cuid=8470EE-65D772-731B22-91BGG3-F3FGF0-26
05-27 11:04:11.600 I/HuaweiIME(11208): isPortrait-adjustOffset-r: 5
05-27 11:04:11.601 I/HuaweiIME(11208):  isNight : false
05-27 11:04:11.603 I/ViewRootImpl( 9700): dispatchDetachedFromWindow in doDie
05-27 11:04:11.604 W/BufferQueueProducer(  751): [com.huatu.handheld_huatu/com.huatu.handheld_huatu.faceteach.activity.AnswerRecordActivity#1]:1390: disconnect: not connected (req=1)
