05-27 11:02:10.975 E/BoosterUtil( 3859): getDefaultDataSlotId failed, invalid slotId:-1, subId:6
05-27 11:02:10.975 D/NpdcpAliveManager( 3859): ro.odm.npdcp_alive_cfg_enable is false
05-27 11:02:10.975 E/FourNetCombinationChr( 3859): getNetworkQoeInfo failed, qoeTcpDataOpt is null
05-27 11:02:12.004 E/BoosterUtil( 3859): convertSubIdToSlotId failed, subId:6, slotId:-1
05-27 11:02:12.004 E/BoosterUtil( 3859): getDefaultDataSlotId failed, invalid slotId:-1, subId:6
05-27 11:02:12.004 D/NpdcpAliveManager( 3859): ro.odm.npdcp_alive_cfg_enable is false
05-27 11:02:12.004 E/FourNetCombinationChr( 3859): getNetworkQoeInfo failed, qoeTcpDataOpt is null
05-27 11:02:12.036 I/chatty  ( 2007): uid=1000(system) PowerManagerSer expire 6 lines
05-27 11:02:12.429 I/chatty  ( 2007): uid=1000(system) Binder:2007_1D expire 1 line
05-27 11:02:12.429 I/chatty  ( 2007): uid=1000(system) Binder:2007_18 expire 1 line
05-27 11:02:12.508 I/chatty  ( 2007): uid=1000(system) PowerManagerSer expire 12 lines
05-27 11:02:13.021 E/BoosterUtil( 3859): convertSubIdToSlotId failed, subId:6, slotId:-1
05-27 11:02:13.021 E/BoosterUtil( 3859): getDefaultDataSlotId failed, invalid slotId:-1, subId:6
05-27 11:02:13.022 D/NpdcpAliveManager( 3859): ro.odm.npdcp_alive_cfg_enable is false
05-27 11:02:13.022 E/FourNetCombinationChr( 3859): getNetworkQoeInfo failed, qoeTcpDataOpt is null
05-27 11:02:13.359 I/chatty  ( 2007): uid=1000(system) Binder:2007_18 expire 1 line
05-27 11:02:13.839 I/chatty  ( 2007): uid=1000(system) AlarmManager expire 2 lines
05-27 11:02:13.842 I/chatty  ( 2007): uid=1000(system) PowerManagerSer expire 2 lines
05-27 11:02:13.843 I/chatty  ( 2007): uid=1000(system) Binder:2007_18 expire 1 line
05-27 11:02:13.876 I/chatty  ( 2007): uid=1000(system) PowerManagerSer expire 60 lines
05-27 11:02:14.043 E/BoosterUtil( 3859): convertSubIdToSlotId failed, subId:6, slotId:-1
05-27 11:02:14.043 E/BoosterUtil( 3859): getDefaultDataSlotId failed, invalid slotId:-1, subId:6
05-27 11:02:14.043 D/NpdcpAliveManager( 3859): ro.odm.npdcp_alive_cfg_enable is false
05-27 11:02:14.043 E/FourNetCombinationChr( 3859): getNetworkQoeInfo failed, qoeTcpDataOpt is null
05-27 11:02:15.072 E/BoosterUtil( 3859): convertSubIdToSlotId failed, subId:6, slotId:-1
05-27 11:02:15.072 E/BoosterUtil( 3859): getDefaultDataSlotId failed, invalid slotId:-1, subId:6
05-27 11:02:15.073 D/NpdcpAliveManager( 3859): ro.odm.npdcp_alive_cfg_enable is false
05-27 11:02:15.073 E/FourNetCombinationChr( 3859): getNetworkQoeInfo failed, qoeTcpDataOpt is null
05-27 11:02:15.172 I/chatty  ( 2007): uid=1000(system) MobileQosDetect expire 1 line
05-27 11:02:15.370 I/chatty  ( 2007): uid=1000(system) Binder:2007_1A expire 34 lines
05-27 11:02:16.101 E/BoosterUtil( 3859): convertSubIdToSlotId failed, subId:6, slotId:-1
05-27 11:02:16.101 E/BoosterUtil( 3859): getDefaultDataSlotId failed, invalid slotId:-1, subId:6
05-27 11:02:16.101 D/NpdcpAliveManager( 3859): ro.odm.npdcp_alive_cfg_enable is false
05-27 11:02:16.101 E/FourNetCombinationChr( 3859): getNetworkQoeInfo failed, qoeTcpDataOpt is null
05-27 11:02:16.469 W/ContextImpl(20422): Calling a method in the system process without a qualified user: android.app.ContextImpl.sendBroadcast:1183 android.content.ContextWrapper.sendBroadcast:453 com.huawei.decision.DecisionHelper.sendDecisionEvent:53 huawei.android.widget.RollbackRuleDetector.postScrollUsedEvent:237 huawei.android.widget.ListView$3.run:281 
05-27 11:02:16.470 I/chatty  (20422): uid=1000(system) com.android.settings identical 1 line
05-27 11:02:16.472 W/ContextImpl(20422): Calling a method in the system process without a qualified user: android.app.ContextImpl.sendBroadcast:1183 android.content.ContextWrapper.sendBroadcast:453 com.huawei.decision.DecisionHelper.sendDecisionEvent:53 huawei.android.widget.RollbackRuleDetector.postScrollUsedEvent:237 huawei.android.widget.ListView$3.run:281 
05-27 11:02:17.115 E/BoosterUtil( 3859): convertSubIdToSlotId failed, subId:6, slotId:-1
05-27 11:02:17.115 E/BoosterUtil( 3859): getDefaultDataSlotId failed, invalid slotId:-1, subId:6
05-27 11:02:17.115 D/NpdcpAliveManager( 3859): ro.odm.npdcp_alive_cfg_enable is false
05-27 11:02:17.115 E/FourNetCombinationChr( 3859): getNetworkQoeInfo failed, qoeTcpDataOpt is null
05-27 11:02:17.893 I/chatty  ( 2007): uid=1000(system) Binder:2007_18 expire 6 lines
05-27 11:02:18.147 E/BoosterUtil( 3859): convertSubIdToSlotId failed, subId:6, slotId:-1
05-27 11:02:18.147 E/BoosterUtil( 3859): getDefaultDataSlotId failed, invalid slotId:-1, subId:6
05-27 11:02:18.147 D/NpdcpAliveManager( 3859): ro.odm.npdcp_alive_cfg_enable is false
05-27 11:02:18.147 E/FourNetCombinationChr( 3859): getNetworkQoeInfo failed, qoeTcpDataOpt is null
05-27 11:02:19.046 I/chatty  ( 2007): uid=1000(system) android.display expire 2 lines
05-27 11:02:19.048 I/chatty  ( 2007): uid=1000(system) HwActivityTaskM expire 1 line
05-27 11:02:19.048 I/chatty  ( 2007): uid=1000(system) Thread-6 expire 2 lines
05-27 11:02:19.057 V/ActivityThread( 9700): callActivityOnCreate
05-27 11:02:19.080 D/ActivityThread( 9700): add activity client record, r= ActivityRecord{768f080 token=android.os.BinderProxy@c9fcadd {com.huatu.handheld_huatu/com.huatu.handheld_huatu.business.essay.activity.EssayExamDetailActivity}} token= android.os.BinderProxy@c9fcadd
05-27 11:02:19.088 I/chatty  ( 2007): uid=1000(system) Binder:2007_18 expire 2 lines
05-27 11:02:19.098 I/chatty  ( 2007): uid=1000(system) HwActivityTaskM expire 1 line
05-27 11:02:19.098 I/chatty  ( 2007): uid=1000(system) Thread-6 expire 2 lines
05-27 11:02:19.098 E/Booster_MatterAppRecommend( 3859): [isMatterPackage]invalid mMatterPackagesConfig
05-27 11:02:19.102 D/ActivityThread( 9700): Remove activity client record, r= ActivityRecord{768f080 token=android.os.BinderProxy@c9fcadd {com.huatu.handheld_huatu/com.huatu.handheld_huatu.business.essay.activity.EssayExamDetailActivity}} token= android.os.BinderProxy@c9fcadd
05-27 11:02:19.103 I/ViewRootImpl( 9700): dispatchDetachedFromWindow in doDie
05-27 11:02:19.104 I/chatty  ( 2007): uid=1000(system) Binder:2007_1D expire 5 lines
05-27 11:02:19.114 I/chatty  ( 2007): uid=1000(system) PowerManagerSer expire 2 lines
05-27 11:02:19.115 V/ActivityThread( 9700): callActivityOnCreate
05-27 11:02:19.139 D/ActivityThread( 9700): add activity client record, r= ActivityRecord{768f080 token=android.os.BinderProxy@c9fcadd {com.huatu.handheld_huatu/com.huatu.handheld_huatu.business.essay.activity.EssayExamDetailActivity}} token= android.os.BinderProxy@c9fcadd
05-27 11:02:19.150 I/chatty  ( 2007): uid=1000(system) Binder:2007_15 expire 2 lines
05-27 11:02:19.156 I/chatty  ( 2007): uid=1000(system) HwActivityTaskM expire 1 line
05-27 11:02:19.156 I/chatty  ( 2007): uid=1000(system) Thread-6 expire 2 lines
05-27 11:02:19.157 E/Booster_MatterAppRecommend( 3859): [isMatterPackage]invalid mMatterPackagesConfig
05-27 11:02:19.163 I/chatty  ( 2007): uid=1000(system) Binder:2007_1D expire 7 lines
05-27 11:02:19.166 E/BoosterUtil( 3859): convertSubIdToSlotId failed, subId:6, slotId:-1
05-27 11:02:19.166 E/BoosterUtil( 3859): getDefaultDataSlotId failed, invalid slotId:-1, subId:6
05-27 11:02:19.166 D/NpdcpAliveManager( 3859): ro.odm.npdcp_alive_cfg_enable is false
05-27 11:02:19.166 E/FourNetCombinationChr( 3859): getNetworkQoeInfo failed, qoeTcpDataOpt is null
05-27 11:02:19.210 I/chatty  ( 2007): uid=1000(system) android.ui expire 2 lines
05-27 11:02:19.210 D/HwCommandQueue( 3478): CommandQueue, set Launcher StatusBar Color
05-27 11:02:19.211 I/storaged( 1055): storaged_t::event: storage_info refreshed.
05-27 11:02:19.219 I/chatty  ( 2007): uid=1000(system) PowerManagerSer expire 1 line
05-27 11:02:19.226 I/chatty  ( 2007): uid=1000(system) android.anim expire 26 lines
05-27 11:02:19.236 I/chatty  ( 2007): uid=1000(system) android.display expire 6 lines
05-27 11:02:19.237 I/chatty  ( 2007): uid=1000(system) Binder:2007_15 expire 10 lines
05-27 11:02:19.247 I/chatty  ( 2007): uid=1000(system) Binder:2007_1A expire 4 lines
05-27 11:02:19.248 I/chatty  ( 2007): uid=1000(system) PowerManagerSer expire 13 lines
05-27 11:02:19.490 I/chatty  ( 2007): uid=1000(system) android.anim expire 2 lines
05-27 11:02:19.592 I/chatty  ( 2007): uid=1000 system_server expire 6 lines
05-27 11:02:20.195 E/BoosterUtil( 3859): convertSubIdToSlotId failed, subId:6, slotId:-1
05-27 11:02:20.195 E/BoosterUtil( 3859): getDefaultDataSlotId failed, invalid slotId:-1, subId:6
05-27 11:02:20.196 D/NpdcpAliveManager( 3859): ro.odm.npdcp_alive_cfg_enable is false
05-27 11:02:20.196 E/FourNetCombinationChr( 3859): getNetworkQoeInfo failed, qoeTcpDataOpt is null
05-27 11:02:20.289 I/chatty  ( 2007): uid=1000(system) Binder:2007_15 expire 6 lines
05-27 11:02:20.298 D/ActivityThread( 9700): Won't deliver top position change in state=5
05-27 11:02:20.300 I/chatty  ( 2007): uid=1000(system) HwActivityTaskM expire 1 line
05-27 11:02:20.300 I/chatty  ( 2007): uid=1000(system) Thread-6 expire 2 lines
05-27 11:02:20.311 I/chatty  ( 2007): uid=1000(system) Binder:2007_15 expire 2 lines
05-27 11:02:20.312 I/chatty  ( 2007): uid=1000(system) HwActivityTaskM expire 1 line
05-27 11:02:20.312 I/chatty  ( 2007): uid=1000(system) Thread-6 expire 2 lines
05-27 11:02:20.313 E/Booster_MatterAppRecommend( 3859): [isMatterPackage]invalid mMatterPackagesConfig
05-27 11:02:20.314 I/chatty  ( 2007): uid=1000(system) Binder:2007_15 expire 2 lines
05-27 11:02:20.315 I/chatty  ( 2007): uid=1000(system) android.ui expire 2 lines
05-27 11:02:20.315 I/chatty  ( 2007): uid=1000(system) Binder:2007_15 expire 1 line
05-27 11:02:20.317 D/HwCommandQueue( 3478): CommandQueue, set Launcher StatusBar Color
05-27 11:02:20.331 D/ActivityThread( 9700): Remove activity client record, r= ActivityRecord{2741a30 token=android.os.BinderProxy@52e2a2a {com.huatu.handheld_huatu/com.huatu.handheld_huatu.faceteach.activity.EssaySingleListActivity}} token= android.os.BinderProxy@52e2a2a
05-27 11:02:20.332 I/ViewRootImpl( 9700): dispatchDetachedFromWindow in doDie
05-27 11:02:20.332 I/chatty  ( 2007): uid=1000(system) android.anim expire 25 lines
05-27 11:02:20.343 I/chatty  ( 2007): uid=1000(system) Binder:2007_1D expire 5 lines
05-27 11:02:20.346 I/chatty  ( 2007): uid=1000(system) android.display expire 5 lines
05-27 11:02:20.352 V/ActivityThread( 9700): callActivityOnCreate
05-27 11:02:20.365 I/chatty  ( 2007): uid=1000(system) PowerManagerSer expire 1 line
05-27 11:02:20.378 D/ActivityThread( 9700): add activity client record, r= ActivityRecord{2741a30 token=android.os.BinderProxy@52e2a2a {com.huatu.handheld_huatu/com.huatu.handheld_huatu.faceteach.activity.EssaySingleListActivity}} token= android.os.BinderProxy@52e2a2a
05-27 11:02:20.381 I/chatty  ( 2007): uid=1000(system) Binder:2007_1D expire 1 line
05-27 11:02:20.390 I/chatty  ( 2007): uid=1000(system) Binder:2007_15 expire 2 lines
05-27 11:02:20.396 I/chatty  ( 2007): uid=1000(system) HwActivityTaskM expire 1 line
05-27 11:02:20.397 I/chatty  ( 2007): uid=1000(system) Thread-6 expire 2 lines
05-27 11:02:20.397 E/Booster_MatterAppRecommend( 3859): [isMatterPackage]invalid mMatterPackagesConfig
05-27 11:02:20.401 I/chatty  ( 2007): uid=1000(system) Binder:2007_1A expire 2 lines
05-27 11:02:20.404 I/chatty  ( 2007): uid=1000(system) Binder:2007_1D expire 3 lines
05-27 11:02:20.415 I/chatty  ( 2007): uid=1000(system) android.anim expire 1 line
05-27 11:02:20.427 I/chatty  ( 2007): uid=1000(system) Binder:2007_1D expire 22 lines
05-27 11:02:20.436 I/chatty  ( 2007): uid=1000(system) Binder:2007_1A expire 27 lines
05-27 11:02:20.437 I/chatty  ( 2007): uid=1000(system) PowerManagerSer expire 45 lines
05-27 11:02:20.599 I/chatty  ( 2007): uid=1000(system) android.anim expire 7 lines
05-27 11:02:20.606 I/chatty  ( 2007): uid=1000(system) android.display expire 1 line
05-27 11:02:20.637 D/ActivityThread( 9700): Remove activity client record, r= ActivityRecord{768f080 token=android.os.BinderProxy@c9fcadd {com.huatu.handheld_huatu/com.huatu.handheld_huatu.business.essay.activity.EssayExamDetailActivity}} token= android.os.BinderProxy@c9fcadd
05-27 11:02:20.637 I/ViewRootImpl( 9700): dispatchDetachedFromWindow in doDie
05-27 11:02:20.743 I/chatty  ( 2007): uid=1000 system_server expire 6 lines
05-27 11:02:21.214 E/BoosterUtil( 3859): convertSubIdToSlotId failed, subId:6, slotId:-1
05-27 11:02:21.214 E/BoosterUtil( 3859): getDefaultDataSlotId failed, invalid slotId:-1, subId:6
05-27 11:02:21.214 D/NpdcpAliveManager( 3859): ro.odm.npdcp_alive_cfg_enable is false
05-27 11:02:21.214 E/FourNetCombinationChr( 3859): getNetworkQoeInfo failed, qoeTcpDataOpt is null
05-27 11:02:22.244 E/BoosterUtil( 3859): convertSubIdToSlotId failed, subId:6, slotId:-1
05-27 11:02:22.244 E/BoosterUtil( 3859): getDefaultDataSlotId failed, invalid slotId:-1, subId:6
05-27 11:02:22.244 D/NpdcpAliveManager( 3859): ro.odm.npdcp_alive_cfg_enable is false
05-27 11:02:22.244 E/FourNetCombinationChr( 3859): getNetworkQoeInfo failed, qoeTcpDataOpt is null
05-27 11:02:23.179 I/chatty  ( 2007): uid=1000(system) MobileQosDetect expire 1 line
05-27 11:02:23.262 E/BoosterUtil( 3859): convertSubIdToSlotId failed, subId:6, slotId:-1
05-27 11:02:23.262 E/BoosterUtil( 3859): getDefaultDataSlotId failed, invalid slotId:-1, subId:6
05-27 11:02:23.262 D/NpdcpAliveManager( 3859): ro.odm.npdcp_alive_cfg_enable is false
05-27 11:02:23.262 E/FourNetCombinationChr( 3859): getNetworkQoeInfo failed, qoeTcpDataOpt is null
05-27 11:02:23.448 I/chatty  ( 2007): uid=1000(system) android.ui expire 9 lines
05-27 11:02:24.284 E/BoosterUtil( 3859): convertSubIdToSlotId failed, subId:6, slotId:-1
05-27 11:02:24.284 E/BoosterUtil( 3859): getDefaultDataSlotId failed, invalid slotId:-1, subId:6
05-27 11:02:24.284 D/NpdcpAliveManager( 3859): ro.odm.npdcp_alive_cfg_enable is false
05-27 11:02:24.285 E/FourNetCombinationChr( 3859): getNetworkQoeInfo failed, qoeTcpDataOpt is null
05-27 11:02:24.793 D/HwCommandQueue( 3478): CommandQueue, set Launcher StatusBar Color
05-27 11:02:24.803 I/chatty  ( 2007): uid=1000(system) Binder:2007_15 expire 15 lines
05-27 11:02:24.834 D/HwCommandQueue( 3478): CommandQueue, set Launcher StatusBar Color
05-27 11:02:24.879 I/ViewRootImpl( 9700): dispatchDetachedFromWindow in doDie
05-27 11:02:24.885 D/HwCommandQueue( 3478): CommandQueue, set Launcher StatusBar Color
05-27 11:02:24.890 D/HwCommandQueue( 3478): CommandQueue, set Launcher StatusBar Color
05-27 11:02:24.916 I/chatty  ( 2007): uid=1000(system) Binder:2007_1A expire 11 lines
05-27 11:02:24.931 I/chatty  ( 2007): uid=1000(system) HwActivityTaskM expire 1 line
05-27 11:02:24.931 I/chatty  ( 2007): uid=1000(system) Thread-6 expire 1 line
05-27 11:02:24.932 I/chatty  ( 2007): uid=1000(system) android.display expire 2 lines
05-27 11:02:24.932 I/chatty  ( 2007): uid=1000(system) Thread-6 expire 1 line
05-27 11:02:24.939 V/ActivityThread( 9700): callActivityOnCreate
05-27 11:02:24.989 D/ActivityThread( 9700): add activity client record, r= ActivityRecord{b37e41c token=android.os.BinderProxy@b38aa9a {com.huatu.handheld_huatu/com.huatu.handheld_huatu.business.essay.EssayExamActivity}} token= android.os.BinderProxy@b38aa9a
05-27 11:02:25.025 I/chatty  ( 2007): uid=1000(system) Binder:2007_15 expire 2 lines
05-27 11:02:25.119 I/chatty  ( 2007): uid=1000(system) android.anim expire 8 lines
05-27 11:02:25.153 I/chatty  ( 2007): uid=1000(system) PowerManagerSer expire 2 lines
05-27 11:02:25.177 I/chatty  ( 2007): uid=1000(system) Binder:2007_15 expire 4 lines
05-27 11:02:25.187 E/Booster_MatterAppRecommend( 3859): [isMatterPackage]invalid mMatterPackagesConfig
05-27 11:02:25.192 I/chatty  ( 2007): uid=1000(system) HwActivityTaskM expire 1 line
05-27 11:02:25.193 I/chatty  ( 2007): uid=1000(system) Thread-6 expire 2 lines
05-27 11:02:25.197 I/chatty  ( 2007): uid=1000(system) Binder:2007_1D expire 7 lines
05-27 11:02:25.200 I/chatty  ( 2007): uid=1000(system) android.ui expire 4 lines
05-27 11:02:25.200 D/HwCommandQueue( 3478): CommandQueue, set Launcher StatusBar Color
05-27 11:02:25.216 I/chatty  ( 2007): uid=1000(system) android.anim expire 55 lines
05-27 11:02:25.223 I/chatty  ( 2007): uid=1000(system) android.display expire 12 lines
05-27 11:02:25.229 I/chatty  ( 2007): uid=1000(system) Binder:2007_15 expire 27 lines
05-27 11:02:25.237 I/chatty  ( 2007): uid=1000(system) PowerManagerSer expire 32 lines
05-27 11:02:25.310 E/BoosterUtil( 3859): convertSubIdToSlotId failed, subId:6, slotId:-1
05-27 11:02:25.310 E/BoosterUtil( 3859): getDefaultDataSlotId failed, invalid slotId:-1, subId:6
05-27 11:02:25.310 D/NpdcpAliveManager( 3859): ro.odm.npdcp_alive_cfg_enable is false
05-27 11:02:25.310 E/FourNetCombinationChr( 3859): getNetworkQoeInfo failed, qoeTcpDataOpt is null
05-27 11:02:25.585 I/chatty  ( 2007): uid=1000 system_server expire 12 lines
05-27 11:02:26.143 D/ActivityThread( 9700): Won't deliver top position change in state=5
05-27 11:02:26.143 I/chatty  ( 2007): uid=1000(system) HwActivityTaskM expire 2 lines
05-27 11:02:26.144 I/chatty  ( 2007): uid=1000(system) Thread-6 expire 4 lines
05-27 11:02:26.153 I/chatty  ( 2007): uid=1000(system) Binder:2007_1A expire 6 lines
05-27 11:02:26.153 E/Booster_MatterAppRecommend( 3859): [isMatterPackage]invalid mMatterPackagesConfig
05-27 11:02:26.158 D/HwCommandQueue( 3478): CommandQueue, set Launcher StatusBar Color
05-27 11:02:26.179 I/chatty  ( 2007): uid=1000(system) Binder:2007_18 expire 9 lines
05-27 11:02:26.339 E/BoosterUtil( 3859): convertSubIdToSlotId failed, subId:6, slotId:-1
05-27 11:02:26.339 E/BoosterUtil( 3859): getDefaultDataSlotId failed, invalid slotId:-1, subId:6
05-27 11:02:26.339 D/NpdcpAliveManager( 3859): ro.odm.npdcp_alive_cfg_enable is false
05-27 11:02:26.339 E/FourNetCombinationChr( 3859): getNetworkQoeInfo failed, qoeTcpDataOpt is null
05-27 11:02:26.464 D/ActivityThread( 9700): Remove activity client record, r= ActivityRecord{b37e41c token=android.os.BinderProxy@b38aa9a {com.huatu.handheld_huatu/com.huatu.handheld_huatu.business.essay.EssayExamActivity}} token= android.os.BinderProxy@b38aa9a
05-27 11:02:26.464 I/ViewRootImpl( 9700): dispatchDetachedFromWindow in doDie
05-27 11:02:27.183 I/chatty  ( 2007): uid=1000(system) MobileQosDetect expire 2 lines
05-27 11:02:27.357 E/BoosterUtil( 3859): convertSubIdToSlotId failed, subId:6, slotId:-1
05-27 11:02:27.357 E/BoosterUtil( 3859): getDefaultDataSlotId failed, invalid slotId:-1, subId:6
05-27 11:02:27.358 D/NpdcpAliveManager( 3859): ro.odm.npdcp_alive_cfg_enable is false
05-27 11:02:27.358 E/FourNetCombinationChr( 3859): getNetworkQoeInfo failed, qoeTcpDataOpt is null
05-27 11:02:28.380 E/BoosterUtil( 3859): convertSubIdToSlotId failed, subId:6, slotId:-1
05-27 11:02:28.380 E/BoosterUtil( 3859): getDefaultDataSlotId failed, invalid slotId:-1, subId:6
05-27 11:02:28.380 D/NpdcpAliveManager( 3859): ro.odm.npdcp_alive_cfg_enable is false
05-27 11:02:28.381 E/FourNetCombinationChr( 3859): getNetworkQoeInfo failed, qoeTcpDataOpt is null
05-27 11:02:29.073 I/chatty  ( 2007): uid=1000(system) android.fg expire 1 line
05-27 11:02:29.151 I/PositionFenceSignalCollect( 3859): wifiDatas size 77 for recognize
05-27 11:02:29.151 E/PositionFenceRecognize( 3859): RecognizeByWifi fail, highPrecisionConfirmedFence is empty
05-27 11:02:29.151 E/PositionFenceRecognize( 3859): RecognizeByCellAndServeAp fail, cellDatas is empty
05-27 11:02:29.403 E/BoosterUtil( 3859): convertSubIdToSlotId failed, subId:6, slotId:-1
05-27 11:02:29.403 E/BoosterUtil( 3859): getDefaultDataSlotId failed, invalid slotId:-1, subId:6
05-27 11:02:29.403 D/NpdcpAliveManager( 3859): ro.odm.npdcp_alive_cfg_enable is false
05-27 11:02:29.403 E/FourNetCombinationChr( 3859): getNetworkQoeInfo failed, qoeTcpDataOpt is null
05-27 11:02:30.436 E/BoosterUtil( 3859): convertSubIdToSlotId failed, subId:6, slotId:-1
05-27 11:02:30.436 E/BoosterUtil( 3859): getDefaultDataSlotId failed, invalid slotId:-1, subId:6
05-27 11:02:30.436 D/NpdcpAliveManager( 3859): ro.odm.npdcp_alive_cfg_enable is false
05-27 11:02:30.437 E/FourNetCombinationChr( 3859): getNetworkQoeInfo failed, qoeTcpDataOpt is null
05-27 11:02:31.455 E/BoosterUtil( 3859): convertSubIdToSlotId failed, subId:6, slotId:-1
05-27 11:02:31.455 E/BoosterUtil( 3859): getDefaultDataSlotId failed, invalid slotId:-1, subId:6
05-27 11:02:31.456 D/NpdcpAliveManager( 3859): ro.odm.npdcp_alive_cfg_enable is false
05-27 11:02:31.456 E/FourNetCombinationChr( 3859): getNetworkQoeInfo failed, qoeTcpDataOpt is null
05-27 11:02:32.484 E/BoosterUtil( 3859): convertSubIdToSlotId failed, subId:6, slotId:-1
05-27 11:02:32.484 E/BoosterUtil( 3859): getDefaultDataSlotId failed, invalid slotId:-1, subId:6
05-27 11:02:32.485 D/NpdcpAliveManager( 3859): ro.odm.npdcp_alive_cfg_enable is false
05-27 11:02:32.485 E/FourNetCombinationChr( 3859): getNetworkQoeInfo failed, qoeTcpDataOpt is null
05-27 11:02:32.580 I/chatty  ( 2007): uid=1000(system) ActivityManager expire 1 line
05-27 11:02:33.158 I/chatty  ( 2007): uid=1000(system) PowerManagerSer expire 2 lines
05-27 11:02:33.254 I/chatty  ( 2007): uid=1000(system) Binder:2007_12 expire 1 line
05-27 11:02:33.500 E/BoosterUtil( 3859): convertSubIdToSlotId failed, subId:6, slotId:-1
05-27 11:02:33.500 E/BoosterUtil( 3859): getDefaultDataSlotId failed, invalid slotId:-1, subId:6
05-27 11:02:33.501 D/NpdcpAliveManager( 3859): ro.odm.npdcp_alive_cfg_enable is false
05-27 11:02:33.501 E/FourNetCombinationChr( 3859): getNetworkQoeInfo failed, qoeTcpDataOpt is null
05-27 11:02:34.157 I/chatty  ( 2007): uid=1000(system) PowerManagerSer expire 1 line
05-27 11:02:34.387 I/chatty  ( 2007): uid=1000(system) Binder:2007_F expire 2 lines
05-27 11:02:34.428 I/chatty  ( 2007): uid=1000(system) Binder:2007_15 expire 1 line
05-27 11:02:34.474 I/chatty  ( 2007): uid=1000(system) UEventObserver expire 6 lines
05-27 11:02:34.532 E/BoosterUtil( 3859): convertSubIdToSlotId failed, subId:6, slotId:-1
05-27 11:02:34.532 E/BoosterUtil( 3859): getDefaultDataSlotId failed, invalid slotId:-1, subId:6
05-27 11:02:34.533 D/NpdcpAliveManager( 3859): ro.odm.npdcp_alive_cfg_enable is false
05-27 11:02:34.533 E/FourNetCombinationChr( 3859): getNetworkQoeInfo failed, qoeTcpDataOpt is null
05-27 11:02:35.154 I/chatty  ( 2007): uid=1000(system) PowerManagerSer expire 4 lines
05-27 11:02:35.548 E/BoosterUtil( 3859): convertSubIdToSlotId failed, subId:6, slotId:-1
05-27 11:02:35.548 E/BoosterUtil( 3859): getDefaultDataSlotId failed, invalid slotId:-1, subId:6
05-27 11:02:35.548 D/NpdcpAliveManager( 3859): ro.odm.npdcp_alive_cfg_enable is false
05-27 11:02:35.548 E/FourNetCombinationChr( 3859): getNetworkQoeInfo failed, qoeTcpDataOpt is null
05-27 11:02:36.388 I/chatty  ( 2007): uid=1000(system) Binder:2007_15 expire 2 lines
05-27 11:02:36.580 E/BoosterUtil( 3859): convertSubIdToSlotId failed, subId:6, slotId:-1
05-27 11:02:36.580 E/BoosterUtil( 3859): getDefaultDataSlotId failed, invalid slotId:-1, subId:6
05-27 11:02:36.581 D/NpdcpAliveManager( 3859): ro.odm.npdcp_alive_cfg_enable is false
05-27 11:02:36.581 E/FourNetCombinationChr( 3859): getNetworkQoeInfo failed, qoeTcpDataOpt is null
05-27 11:02:37.157 I/chatty  ( 2007): uid=1000(system) PowerManagerSer expire 6 lines
05-27 11:02:37.596 E/BoosterUtil( 3859): convertSubIdToSlotId failed, subId:6, slotId:-1
05-27 11:02:37.596 E/BoosterUtil( 3859): getDefaultDataSlotId failed, invalid slotId:-1, subId:6
05-27 11:02:37.597 D/NpdcpAliveManager( 3859): ro.odm.npdcp_alive_cfg_enable is false
05-27 11:02:37.597 E/FourNetCombinationChr( 3859): getNetworkQoeInfo failed, qoeTcpDataOpt is null
05-27 11:02:38.628 E/BoosterUtil( 3859): convertSubIdToSlotId failed, subId:6, slotId:-1
05-27 11:02:38.628 E/BoosterUtil( 3859): getDefaultDataSlotId failed, invalid slotId:-1, subId:6
05-27 11:02:38.628 D/NpdcpAliveManager( 3859): ro.odm.npdcp_alive_cfg_enable is false
05-27 11:02:38.629 E/FourNetCombinationChr( 3859): getNetworkQoeInfo failed, qoeTcpDataOpt is null
05-27 11:02:39.198 I/chatty  ( 2007): uid=1000(system) MobileQosDetect expire 1 line
05-27 11:02:39.377 I/chatty  ( 2007): uid=1000(system) Binder:2007_15 expire 1 line
05-27 11:02:39.647 E/BoosterUtil( 3859): convertSubIdToSlotId failed, subId:6, slotId:-1
05-27 11:02:39.647 E/BoosterUtil( 3859): getDefaultDataSlotId failed, invalid slotId:-1, subId:6
05-27 11:02:39.647 D/NpdcpAliveManager( 3859): ro.odm.npdcp_alive_cfg_enable is false
05-27 11:02:39.648 E/FourNetCombinationChr( 3859): getNetworkQoeInfo failed, qoeTcpDataOpt is null
05-27 11:02:40.156 I/chatty  ( 2007): uid=1000(system) PowerManagerSer expire 5 lines
05-27 11:02:40.676 E/BoosterUtil( 3859): convertSubIdToSlotId failed, subId:6, slotId:-1
05-27 11:02:40.676 E/BoosterUtil( 3859): getDefaultDataSlotId failed, invalid slotId:-1, subId:6
05-27 11:02:40.677 D/NpdcpAliveManager( 3859): ro.odm.npdcp_alive_cfg_enable is false
05-27 11:02:40.677 E/FourNetCombinationChr( 3859): getNetworkQoeInfo failed, qoeTcpDataOpt is null
05-27 11:02:41.378 I/chatty  ( 2007): uid=1000(system) Binder:2007_15 expire 1 line
05-27 11:02:41.692 E/BoosterUtil( 3859): convertSubIdToSlotId failed, subId:6, slotId:-1
05-27 11:02:41.692 E/BoosterUtil( 3859): getDefaultDataSlotId failed, invalid slotId:-1, subId:6
05-27 11:02:41.692 D/NpdcpAliveManager( 3859): ro.odm.npdcp_alive_cfg_enable is false
05-27 11:02:41.692 E/FourNetCombinationChr( 3859): getNetworkQoeInfo failed, qoeTcpDataOpt is null
05-27 11:02:42.158 I/chatty  ( 2007): uid=1000(system) PowerManagerSer expire 5 lines
05-27 11:02:42.718 E/BoosterUtil( 3859): convertSubIdToSlotId failed, subId:6, slotId:-1
05-27 11:02:42.718 E/BoosterUtil( 3859): getDefaultDataSlotId failed, invalid slotId:-1, subId:6
05-27 11:02:42.718 D/NpdcpAliveManager( 3859): ro.odm.npdcp_alive_cfg_enable is false
05-27 11:02:42.718 E/FourNetCombinationChr( 3859): getNetworkQoeInfo failed, qoeTcpDataOpt is null
05-27 11:02:43.202 I/chatty  ( 2007): uid=1000(system) MobileQosDetect expire 1 line
05-27 11:02:43.381 I/chatty  ( 2007): uid=1000(system) Binder:2007_15 expire 2 lines
05-27 11:02:43.743 E/BoosterUtil( 3859): convertSubIdToSlotId failed, subId:6, slotId:-1
05-27 11:02:43.744 E/BoosterUtil( 3859): getDefaultDataSlotId failed, invalid slotId:-1, subId:6
05-27 11:02:43.744 D/NpdcpAliveManager( 3859): ro.odm.npdcp_alive_cfg_enable is false
05-27 11:02:43.744 E/FourNetCombinationChr( 3859): getNetworkQoeInfo failed, qoeTcpDataOpt is null
05-27 11:02:44.772 E/BoosterUtil( 3859): convertSubIdToSlotId failed, subId:6, slotId:-1
05-27 11:02:44.772 E/BoosterUtil( 3859): getDefaultDataSlotId failed, invalid slotId:-1, subId:6
05-27 11:02:44.772 D/NpdcpAliveManager( 3859): ro.odm.npdcp_alive_cfg_enable is false
05-27 11:02:44.773 E/FourNetCombinationChr( 3859): getNetworkQoeInfo failed, qoeTcpDataOpt is null
05-27 11:02:45.155 I/chatty  ( 2007): uid=1000(system) PowerManagerSer expire 26 lines
05-27 11:02:45.788 E/BoosterUtil( 3859): convertSubIdToSlotId failed, subId:6, slotId:-1
05-27 11:02:45.788 E/BoosterUtil( 3859): getDefaultDataSlotId failed, invalid slotId:-1, subId:6
05-27 11:02:45.788 D/NpdcpAliveManager( 3859): ro.odm.npdcp_alive_cfg_enable is false
05-27 11:02:45.788 E/FourNetCombinationChr( 3859): getNetworkQoeInfo failed, qoeTcpDataOpt is null
05-27 11:02:46.820 E/BoosterUtil( 3859): convertSubIdToSlotId failed, subId:6, slotId:-1
05-27 11:02:46.820 E/BoosterUtil( 3859): getDefaultDataSlotId failed, invalid slotId:-1, subId:6
05-27 11:02:46.821 D/NpdcpAliveManager( 3859): ro.odm.npdcp_alive_cfg_enable is false
05-27 11:02:46.821 E/FourNetCombinationChr( 3859): getNetworkQoeInfo failed, qoeTcpDataOpt is null
05-27 11:02:47.383 I/chatty  ( 2007): uid=1000(system) Binder:2007_C expire 2 lines
05-27 11:02:47.651 I/chatty  ( 2007): uid=1000(system) LocationHander expire 1 line
--------- beginning of main
05-27 11:02:47.666 I/FusionD ( 1081): (sendNetworkRoamingState:190):FusdLbs: sendNetworkRoamingState.
05-27 11:02:47.668 E/FusionD ( 1081): (FdMsgProcessing:965):Msg Id is invalid!
05-27 11:02:47.668 I/AR_FusionD( 1081): (SendMessage:432):socket 14 send 44 data: 
05-27 11:02:47.668 I/FusionD ( 1081): (sendMapNavigatingState:328):FusdLbs: sendMapNavigatingState.
05-27 11:02:47.668 I/AR_FusionD( 1081): (SendMessage:432):socket 14 send 32 data: 
05-27 11:02:47.669 E/HiGeoSessionEvent( 4388):  higeo event error : 21
05-27 11:02:47.669 E/HiGeoSessionEvent( 4388):  higeo event error : 21
05-27 11:02:47.669 I/FusionD ( 1081): (SetArStatus:547):setArStatus done.
05-27 11:02:47.669 I/FusionD ( 1081): (FdOnArData:493):ar count 1
05-27 11:02:47.669 I/AR_FusionD( 1081): (SendMessage:432):socket 14 send 32 data: 
05-27 11:02:47.669 E/HiGeoSessionEvent( 4388):  higeo event error : 22
05-27 11:02:47.670 I/FusionD ( 1081): (SetArStatus:547):setArStatus done.
05-27 11:02:47.671 I/HwCommandQueue( 3478): CommandQueue, setStatusBarShowIcon type3isShow:true
05-27 11:02:47.675 I/ExpandableNotifRow( 3478): setHideSensitive mPublicLayout.getChildCount() == 0, notification key: 0|com.android.settings|1000002|null|1000
05-27 11:02:47.676 I/ExpandableNotifRow( 3478): setHideSensitive mPublicLayout.getChildCount() == 0, notification key: -1|android|26|null|1000
05-27 11:02:47.676 I/ExpandableNotifRow( 3478): setHideSensitive mPublicLayout.getChildCount() == 0, notification key: 0|com.tencent.mm|2147483647|ranker_group|10165|ranker_group
05-27 11:02:47.676 I/ExpandableNotifRow( 3478): setHideSensitive mPublicLayout.getChildCount() == 0, notification key: 0|com.tencent.mm|-656511598|null|10165
05-27 11:02:47.676 I/ExpandableNotifRow( 3478): setHideSensitive mPublicLayout.getChildCount() == 0, notification key: 0|com.tencent.mm|1087156377|null|10165
05-27 11:02:47.676 I/ExpandableNotifRow( 3478): setHideSensitive mPublicLayout.getChildCount() == 0, notification key: 0|com.huawei.android.hwouc|2131231192|null|10081
05-27 11:02:47.676 I/FusionD ( 1081): (sendHDGnssMode:209):FusdLbs: hdGnssModeState.0
05-27 11:02:47.676 I/chatty  (20097): uid=1000(system) LocationListene expire 4 lines
05-27 11:02:47.677 I/L_HwNLPService(23955): [I/LocKit/L_HwNLPService 23955:1781 LogLocation.java:1] registerGPSTime in
05-27 11:02:47.678 I/FusionD ( 1081): (FdSendSavePowerMode:941):isSavePowerMode: 0
05-27 11:02:47.678 I/FusionD ( 1081): (CheckSavePowerMode:287):FusdLbs: RTK_SAVE_POWER_MODE. isSavePowerMode: 0
05-27 11:02:47.680 E/HwHigeoManager(20097): sendHigeoData final type = 6, result = true
05-27 11:02:47.680 I/FusionD ( 1081): (sendMccCode:229):FusdLbs: sendMccCode.460
05-27 11:02:47.680 I/HwLBSService FusionDaemonManager(20097): onStarted send mccCode success
05-27 11:02:47.683 I/SDKLogCommonFunction(20097): isPosengineOfflineSupported
05-27 11:02:47.683 I/SDKLogCommonFunction(20097): Get systemProperty: HUAWEI
05-27 11:02:47.683 I/SDKLogCommonFunction(20097): Get Manufacturer: HUAWEI
05-27 11:02:47.683 I/SDKLogCommonFunction(20097): Get systemProperty: EmotionUI_13.0.0
05-27 11:02:47.683 I/SDKLogCommonFunction(20097): Emui version name: EmotionUI_13.0.0
05-27 11:02:47.683 D/SDKLogCommonFunction(20097): isOverEmuiVersion, current EMUI version: EmotionUI_13.0.0, version: EmotionUI_11.0.0
05-27 11:02:47.684 D/SDKLogCommonFunction(20097): str1: 1300, str2: 1100
05-27 11:02:47.684 D/SDKLogCommonFunction(20097): number1: 1300, number2: 1100
05-27 11:02:47.684 I/SDKLogCommonFunction(20097): posengine offline supported over than 11.0.0
05-27 11:02:47.684 I/SDKLogHwLbs.PG.cons(20097): offline has already init
05-27 11:02:47.686 I/HwLBSService HigeoLocationManager(20097): receive onHigeoEventCallback type = 2
05-27 11:02:47.686 I/HwLBSService HigeoLocationManager(20097): sendHigeoCallbackEvent, type: 2
05-27 11:02:47.686 I/HwLBSService HigeoLocationManager(20097): receive onHigeoEventCallback type = 2
05-27 11:02:47.686 I/HwLBSService HigeoLocationManager(20097): sendHigeoCallbackEvent, type: 2
05-27 11:02:47.686 I/HwLBSService HigeoLocationManager(20097): receive onHigeoEventCallback type = 2
05-27 11:02:47.686 I/HwLBSService HigeoLocationManager(20097): sendHigeoCallbackEvent, type: 2
05-27 11:02:47.686 I/HwLBSService HigeoLocationManager(20097): receive onHigeoEventCallback type = 2
05-27 11:02:47.686 I/HwLBSService HigeoLocationManager(20097): sendHigeoCallbackEvent, type: 2
05-27 11:02:47.686 I/HwLBSService HigeoLocationManager(20097): receive onHigeoEventCallback type = 2
05-27 11:02:47.686 I/HwLBSService HigeoLocationManager(20097): sendHigeoCallbackEvent, type: 2
05-27 11:02:47.687 I/HwLBSService HigeoLocationManager(20097): receive onHigeoEventCallback type = 2
05-27 11:02:47.687 I/HwLBSService HigeoLocationManager(20097): sendHigeoCallbackEvent, type: 2
05-27 11:02:47.692 I/AnimatedImageView( 3478): onVisibilityChanged state:0
05-27 11:02:47.693 I/chatty  ( 3478): uid=10056(com.android.systemui) identical 3 lines
05-27 11:02:47.693 I/AnimatedImageView( 3478): onVisibilityChanged state:0
05-27 11:02:47.704 I/ExpandableNotifRow( 3478): setHideSensitive mPublicLayout.getChildCount() == 0, notification key: 0|com.android.settings|1000002|null|1000
05-27 11:02:47.704 I/ExpandableNotifRow( 3478): setHideSensitive mPublicLayout.getChildCount() == 0, notification key: -1|android|26|null|1000
05-27 11:02:47.705 I/ExpandableNotifRow( 3478): setHideSensitive mPublicLayout.getChildCount() == 0, notification key: 0|com.tencent.mm|2147483647|ranker_group|10165|ranker_group
05-27 11:02:47.705 I/ExpandableNotifRow( 3478): setHideSensitive mPublicLayout.getChildCount() == 0, notification key: 0|com.tencent.mm|-656511598|null|10165
05-27 11:02:47.705 I/ExpandableNotifRow( 3478): setHideSensitive mPublicLayout.getChildCount() == 0, notification key: 0|com.tencent.mm|1087156377|null|10165
05-27 11:02:47.705 I/ExpandableNotifRow( 3478): setHideSensitive mPublicLayout.getChildCount() == 0, notification key: 0|com.huawei.android.hwouc|2131231192|null|10081
05-27 11:02:47.841 E/BoosterUtil( 3859): convertSubIdToSlotId failed, subId:6, slotId:-1
05-27 11:02:47.841 E/BoosterUtil( 3859): getDefaultDataSlotId failed, invalid slotId:-1, subId:6
05-27 11:02:47.842 D/NpdcpAliveManager( 3859): ro.odm.npdcp_alive_cfg_enable is false
05-27 11:02:47.842 E/FourNetCombinationChr( 3859): getNetworkQoeInfo failed, qoeTcpDataOpt is null
05-27 11:02:47.933 I/chatty  ( 2007): uid=1000(system) Binder:2007_F expire 13 lines
05-27 11:02:47.935 I/chatty  ( 3780): uid=1000(system) actions handler expire 6 lines
05-27 11:02:48.418 I/FusionD ( 1081): (FdOnArData:493):ar count 1
05-27 11:02:48.418 I/AR_FusionD( 1081): (SendMessage:432):socket 14 send 32 data: 
05-27 11:02:48.419 I/HwLBSService HigeoLocationManager(20097): receive onHigeoEventCallback type = 2
05-27 11:02:48.419 I/HwLBSService HigeoLocationManager(20097): sendHigeoCallbackEvent, type: 2
05-27 11:02:48.419 I/FusionD ( 1081): (SetArStatus:547):setArStatus done.
05-27 11:02:48.813 W/IptablesRestoreController(  670): iptables-restore process 10431 terminated status=15
05-27 11:02:48.814 W/IptablesRestoreController(  670): iptables-restore process 10432 terminated status=15
05-27 11:02:48.868 E/BoosterUtil( 3859): convertSubIdToSlotId failed, subId:6, slotId:-1
05-27 11:02:48.868 E/BoosterUtil( 3859): getDefaultDataSlotId failed, invalid slotId:-1, subId:6
05-27 11:02:48.869 D/NpdcpAliveManager( 3859): ro.odm.npdcp_alive_cfg_enable is false
05-27 11:02:48.869 E/FourNetCombinationChr( 3859): getNetworkQoeInfo failed, qoeTcpDataOpt is null
05-27 11:02:49.884 E/BoosterUtil( 3859): convertSubIdToSlotId failed, subId:6, slotId:-1
05-27 11:02:49.884 E/BoosterUtil( 3859): getDefaultDataSlotId failed, invalid slotId:-1, subId:6
05-27 11:02:49.884 D/NpdcpAliveManager( 3859): ro.odm.npdcp_alive_cfg_enable is false
05-27 11:02:49.884 E/FourNetCombinationChr( 3859): getNetworkQoeInfo failed, qoeTcpDataOpt is null
05-27 11:02:49.894 I/NcDftChip( 4388): NcChipDftEvent receive:NcChipDftEvent{Id=909009521, Length=464, Flag=0}
05-27 11:02:49.894 I/HotspotComponent( 4388): handleChipEvent
05-27 11:02:50.011 I/chatty  ( 2007): uid=1000(system) ClientModeImpl expire 14 lines
05-27 11:02:50.056 I/chatty  ( 4601): uid=1000(system) /vendor/bin/bms_behavior expire 12 lines
05-27 11:02:50.149 I/chatty  ( 2210): uid=1021(gps) /vendor/bin/hignss_1103 expire 76 lines
05-27 11:02:50.150 I/chatty  ( 2210): uid=1021(gps) mmpt expire 11 lines
05-27 11:02:50.915 I/chatty  ( 3859): uid=1000(system) JNITID-5578 expire 108 lines
05-27 11:02:50.915 I/chatty  ( 3859): uid=1000(system) OllieAwareThrea expire 70 lines
05-27 11:02:50.917 E/BoosterUtil( 3859): convertSubIdToSlotId failed, subId:6, slotId:-1
05-27 11:02:50.917 E/BoosterUtil( 3859): getDefaultDataSlotId failed, invalid slotId:-1, subId:6
05-27 11:02:50.917 D/NpdcpAliveManager( 3859): ro.odm.npdcp_alive_cfg_enable is false
05-27 11:02:50.917 E/FourNetCombinationChr( 3859): getNetworkQoeInfo failed, qoeTcpDataOpt is null
05-27 11:02:51.184 I/chatty  ( 2007): uid=1000(system) Binder:2007_18 expire 4 lines
05-27 11:02:51.208 I/chatty  ( 2007): uid=1000(system) HuaweiWifiWatch expire 18 lines
05-27 11:02:51.210 I/chatty  ( 2007): uid=1000(system) MobileQosDetect expire 7 lines
05-27 11:02:51.313 I/netd    (  670): trafficSwapActiveStatsMap() <11.02ms>
05-27 11:02:51.931 E/BoosterUtil( 3859): convertSubIdToSlotId failed, subId:6, slotId:-1
05-27 11:02:51.932 E/BoosterUtil( 3859): getDefaultDataSlotId failed, invalid slotId:-1, subId:6
05-27 11:02:51.932 D/NpdcpAliveManager( 3859): ro.odm.npdcp_alive_cfg_enable is false
05-27 11:02:51.932 E/FourNetCombinationChr( 3859): getNetworkQoeInfo failed, qoeTcpDataOpt is null
05-27 11:02:52.156 I/chatty  ( 2210): uid=1021(gps) ril0_send expire 12 lines
05-27 11:02:52.406 I/chatty  ( 9700): uid=10512(com.huatu.handheld_huatu) expire 11 lines
05-27 11:02:52.964 E/BoosterUtil( 3859): convertSubIdToSlotId failed, subId:6, slotId:-1
05-27 11:02:52.964 E/BoosterUtil( 3859): getDefaultDataSlotId failed, invalid slotId:-1, subId:6
05-27 11:02:52.965 D/NpdcpAliveManager( 3859): ro.odm.npdcp_alive_cfg_enable is false
05-27 11:02:52.965 E/FourNetCombinationChr( 3859): getNetworkQoeInfo failed, qoeTcpDataOpt is null
05-27 11:02:53.212 I/chatty  ( 4108): uid=1000(system) CommonThreadPoo expire 2 lines
05-27 11:02:53.311 I/CAWARENESS_31424_DeviceInfoUtil(20835): isUsbConnected true
05-27 11:02:53.311 I/CAWARENESS_31424_MemoryMonitor(20835): release memory
05-27 11:02:53.335 I/i.engineservic(20835): Explicit concurrent copying GC freed 8596(690KB) AllocSpace objects, 0(0B) LOS objects, 67% free, 2993KB/9137KB, paused 45us total 23.750ms
05-27 11:02:53.335 I/CAWARENESS_31424_MemoryMonitor(20835): VersionCode: 1000031424 Hiai name: 13.0.3.305 memory(kB) static totalPss: 27640, dalvikPss: 3127, nativePss: 7749, otherPss: 13762, swapPss: 3002
05-27 11:02:53.335 I/CAWARENESS_31424_MemoryMonitor(20835): App Summary:summary.code: 960 kB	summary.stack: 28 kB	summary.graphics: 0 kB	summary.java-heap: 4584 kB	summary.native-heap: 7724 kB	summary.system: 11828 kB	summary.total-pss: 27640 kB	summary.private-other: 2516 kB	summary.total-swap: 20372 kB	
05-27 11:02:53.871 I/chatty  ( 2007): uid=1000(system) WifiService expire 51 lines
05-27 11:02:53.980 E/BoosterUtil( 3859): convertSubIdToSlotId failed, subId:6, slotId:-1
05-27 11:02:53.980 E/BoosterUtil( 3859): getDefaultDataSlotId failed, invalid slotId:-1, subId:6
05-27 11:02:53.980 D/NpdcpAliveManager( 3859): ro.odm.npdcp_alive_cfg_enable is false
05-27 11:02:53.980 E/FourNetCombinationChr( 3859): getNetworkQoeInfo failed, qoeTcpDataOpt is null
05-27 11:02:53.982 I/chatty  ( 2007): uid=1000(system) wifipro_feature expire 63 lines
05-27 11:02:54.152 I/chatty  (  720): uid=1000(system) hisignss expire 107 lines
05-27 11:02:54.418 I/FusionD ( 1081): (FdOnArData:493):ar count 1
05-27 11:02:54.418 I/AR_FusionD( 1081): (SendMessage:432):socket 14 send 32 data: 
05-27 11:02:54.419 I/HwLBSService HigeoLocationManager(20097): receive onHigeoEventCallback type = 2
05-27 11:02:54.420 I/HwLBSService HigeoLocationManager(20097): sendHigeoCallbackEvent, type: 2
05-27 11:02:54.420 I/FusionD ( 1081): (SetArStatus:547):setArStatus done.
05-27 11:02:55.012 E/BoosterUtil( 3859): convertSubIdToSlotId failed, subId:6, slotId:-1
05-27 11:02:55.012 E/BoosterUtil( 3859): getDefaultDataSlotId failed, invalid slotId:-1, subId:6
05-27 11:02:55.013 D/NpdcpAliveManager( 3859): ro.odm.npdcp_alive_cfg_enable is false
05-27 11:02:55.013 E/FourNetCombinationChr( 3859): getNetworkQoeInfo failed, qoeTcpDataOpt is null
05-27 11:02:55.156 I/chatty  ( 2007): uid=1000(system) LocationHander expire 11 lines
05-27 11:02:55.984 I/aptouch_daemon(  932): check_afe_status, afe[238 120 X1] [ctrl:X40020 ftr:X140] dif[28 -19] raw[32889 32652] [exp:X0 aN:0 lo:0]
05-27 11:02:56.028 E/BoosterUtil( 3859): convertSubIdToSlotId failed, subId:6, slotId:-1
05-27 11:02:56.028 E/BoosterUtil( 3859): getDefaultDataSlotId failed, invalid slotId:-1, subId:6
05-27 11:02:56.028 D/NpdcpAliveManager( 3859): ro.odm.npdcp_alive_cfg_enable is false
05-27 11:02:56.028 E/FourNetCombinationChr( 3859): getNetworkQoeInfo failed, qoeTcpDataOpt is null
05-27 11:02:56.155 I/chatty  ( 2007): uid=1000(system) PowerManagerSer expire 32 lines
05-27 11:02:56.297 I/netd    (  670): trafficSwapActiveStatsMap() <11.19ms>
05-27 11:02:56.341 I/netd    (  670): trafficSwapActiveStatsMap() <14.15ms>
05-27 11:02:57.061 E/BoosterUtil( 3859): convertSubIdToSlotId failed, subId:6, slotId:-1
05-27 11:02:57.061 E/BoosterUtil( 3859): getDefaultDataSlotId failed, invalid slotId:-1, subId:6
05-27 11:02:57.061 D/NpdcpAliveManager( 3859): ro.odm.npdcp_alive_cfg_enable is false
05-27 11:02:57.061 E/FourNetCombinationChr( 3859): getNetworkQoeInfo failed, qoeTcpDataOpt is null
05-27 11:02:57.994 I/chatty  ( 2007): uid=1000(system) HwSelfCureEngin expire 14 lines
05-27 11:02:58.034 I/HotspotComponent( 4388): handleEvent
05-27 11:02:58.035 I/HotspotComponent( 4388): handleEvent not handle the event:1121
05-27 11:02:58.035 I/WifiProComponent( 4388): default event
05-27 11:02:58.035 I/HotspotComponent( 4388): handleEvent
05-27 11:02:58.035 I/HotspotComponent( 4388): handleEvent not handle the event:1128
05-27 11:02:58.035 D/HwCHRWifiRSSIGroupSummery( 4388): updatArpSummery rssi:-1 HwCHRWifiRSSIGroup [mRssiIndex=4, mRttTcpPackets=0, mRttTcpDuration=0, mRttLanDuration=7879, mRttLanFailures=4, mRttLanSucc=372, mRttLanMax=832, mRttLanMin=3,mSameFrequency=0,mAdjacentFrequency=43]
05-27 11:02:58.076 E/BoosterUtil( 3859): convertSubIdToSlotId failed, subId:6, slotId:-1
05-27 11:02:58.076 E/BoosterUtil( 3859): getDefaultDataSlotId failed, invalid slotId:-1, subId:6
05-27 11:02:58.076 D/NpdcpAliveManager( 3859): ro.odm.npdcp_alive_cfg_enable is false
05-27 11:02:58.077 E/FourNetCombinationChr( 3859): getNetworkQoeInfo failed, qoeTcpDataOpt is null
05-27 11:02:58.153 I/chatty  ( 2007): uid=1000(system) HwBinder:2007_2 expire 53 lines
05-27 11:02:58.399 I/chatty  ( 2007): uid=1000(system) Binder:2007_12 expire 12 lines
05-27 11:02:58.401 I/ArHal   (  700): (ArDataGetState:1471):id[2]
05-27 11:02:58.402 W/ArHal   (  700): (ArDataGetActivityIndex:248):invalid activity[31]
05-27 11:02:58.402 W/ArHal   (  700): (ArDataGetState:1502):unknown activity[31], discard
05-27 11:02:58.402 W/ArHal   (  700): (ArDataGetActivityIndex:248):invalid activity[25]
05-27 11:02:58.402 W/ArHal   (  700): (ArDataGetState:1502):unknown activity[25], discard
05-27 11:02:58.410 I/HotspotComponent( 4388): handleEvent
05-27 11:02:58.410 I/HotspotComponent( 4388): handleEvent not handle the event:1030
05-27 11:02:58.422 I/wpa_supplicant(22438): nl80211: Drv Event 33 (NL80211_CMD_TRIGGER_SCAN) received for wlan0
05-27 11:02:58.422 I/wpa_supplicant(22438): wlan0: External program started a scan
05-27 11:02:59.101 E/BoosterUtil( 3859): convertSubIdToSlotId failed, subId:6, slotId:-1
05-27 11:02:59.101 E/BoosterUtil( 3859): getDefaultDataSlotId failed, invalid slotId:-1, subId:6
05-27 11:02:59.101 D/NpdcpAliveManager( 3859): ro.odm.npdcp_alive_cfg_enable is false
05-27 11:02:59.102 E/FourNetCombinationChr( 3859): getNetworkQoeInfo failed, qoeTcpDataOpt is null
05-27 11:02:59.129 I/wpa_supplicant(22438): nl80211: Drv Event 34 (NL80211_CMD_NEW_SCAN_RESULTS) received for wlan0
05-27 11:02:59.130 I/wpa_supplicant(22438): nl80211: Scan probed for SSID ''
05-27 11:02:59.130 I/wpa_supplicant(22438): nl80211: Scan included frequencies: 2412 2417 2422 2427 2432 2437 2442 2447 2452 2457 2462 2467 2472 5180 5200 5220 5240 5260 5280 5300 5320 5745 5765 5785 5805 5825
05-27 11:02:59.130 I/wpa_supplicant(22438): nl80211: Received scan results (91 BSSes)
05-27 11:02:59.131 I/wpa_supplicant(22438): nl80211: Scan results indicate BSS status with 06:**:**:**:8e:75 as associated
05-27 11:02:59.134 I/wpa_supplicant(22438): BSS: last_scan_res_used=91/128
05-27 11:02:59.134 I/wpa_supplicant(22438): wlan0: New scan results available (own=0 ext=1)
05-27 11:02:59.135 I/wpa_supplicant(22438): nl80211: Received scan results (91 BSSes)
05-27 11:02:59.137 I/        (  670): ApiCount[0, 0, 0, 206, 0, 0, 0, 4, 0, 0, 810, 354, 0, 88, 39, 0, 99, 0, 1212, 9175]
05-27 11:02:59.139 I/wpa_supplicant(22438): BSS: last_scan_res_used=91/128
05-27 11:02:59.139 I/chatty  ( 2007): uid=1000(system) android.fg expire 1 line
05-27 11:02:59.139 I/wpa_supplicant(22438): p2p0: New scan results available (own=0 ext=1)
05-27 11:02:59.141 I/netd    (  670): interfaceGetCfg("wlan0") <0.63ms>
05-27 11:02:59.141 I/chatty  ( 2007): uid=1000(system) WifiScanningSer expire 101 lines
05-27 11:02:59.183 I/chatty  ( 4108): uid=1000(system) lp-networkNoNet expire 13 lines
05-27 11:02:59.185 I/chatty  ( 4108): uid=1000(system) com.huawei.nearby expire 1 line
05-27 11:02:59.185 I/L_HwNLPScanManager(23955): [I/LocKit/L_HwNLPScanManager 23955:1 LogLocation.java:1] receive wifi broadcast, but mScan < 0
05-27 11:02:59.187 I/L_HwNLPScanManager(23955): [I/LocKit/L_HwNLPScanManager 23955:1781 LogLocation.java:1] type:0,isWifiCredible:true
05-27 11:02:59.196 I/chatty  ( 2007): uid=1000(system) wifipro_feature expire 1 line
05-27 11:02:59.204 I/PositionFenceSignalCollect( 3859): wifiDatas size 89 for recognize
05-27 11:02:59.204 E/PositionFenceRecognize( 3859): RecognizeByWifi fail, highPrecisionConfirmedFence is empty
05-27 11:02:59.204 E/PositionFenceRecognize( 3859): RecognizeByCellAndServeAp fail, cellDatas is empty
05-27 11:02:59.211 I/ChannelRating( 4108): [ch:1 bw:0 left:1 right:1 score: 31.84579870729455] # [ch:3 bw:0 left:3 right:3 score: 0.9182825484764491] # [ch:4 bw:0 left:4 right:4 score: 1.1678984302862352] # [ch:5 bw:0 left:5 right:5 score: 22.14767981484518] # [ch:6 bw:0 left:6 right:6 score: 40.78052585410895] # [ch:7 bw:0 left:7 right:7 score: 47.750692520775615] # [ch:8 bw:0 left:8 right:8 score: 66.84298245614035] # [ch:9 bw:0 left:9 right:9 score: 39.61218836565095] # [ch:10 bw:0 left:10 right:10 score: 57.01754385964912] # [ch:11 bw:0 left:11 right:11 score: 68.42105263157893] # [ch:12 bw:0 left:12 right:12 score: 68.42105263157893] # [ch:13 bw:0 left:13 right:13 score: 49.26315789473683] # [ch:36 bw:2 left:36 right:48 score: 80.4177347985348] # [ch:40 bw:2 left:36 right:48 score: 67.648] # [ch:44 bw:2 left:36 right:48 score: 85.5097435897436] # [ch:48 bw:2 left:36 right:48 score: 64.22731851851852] # [ch:52 bw:2 left:52 right:64 score: 78.00888888888889] # [ch:56 bw:2 left:52 right:64 score: 79.56906666666666] # [ch:60 bw:2 left:52 right:64 score: 82.9637391941392] # [ch:64 bw:2 left:52 right:64 score: 85.5097435897436] # [ch:149 bw:2 left:149 right:161 score: 53.50609686609686] # [ch:153 bw:2 left:149 right:161 score: 70.07941391941392] # [ch:157 bw:2 left:149 right:161 score: 79.56906666666666] # [ch:161 bw:2 left:149 right:161 score: 70.07941391941392] # 
05-27 11:02:59.212 I/chatty  ( 2007): uid=1000(system) HwDualBandState expire 10 lines
05-27 11:03:00.011 E/DateView( 3478): DateView,mCurrentTime: 1685156580011
05-27 11:03:00.024 I/ExpandableNotifRow( 3478): setHideSensitive mPublicLayout.getChildCount() == 0, notification key: 0|com.android.settings|1000002|null|1000
05-27 11:03:00.024 I/ExpandableNotifRow( 3478): setHideSensitive mPublicLayout.getChildCount() == 0, notification key: -1|android|26|null|1000
05-27 11:03:00.024 I/ExpandableNotifRow( 3478): setHideSensitive mPublicLayout.getChildCount() == 0, notification key: 0|com.tencent.mm|2147483647|ranker_group|10165|ranker_group
05-27 11:03:00.024 I/ExpandableNotifRow( 3478): setHideSensitive mPublicLayout.getChildCount() == 0, notification key: 0|com.tencent.mm|-656511598|null|10165
05-27 11:03:00.024 I/ExpandableNotifRow( 3478): setHideSensitive mPublicLayout.getChildCount() == 0, notification key: 0|com.tencent.mm|1087156377|null|10165
05-27 11:03:00.025 I/ExpandableNotifRow( 3478): setHideSensitive mPublicLayout.getChildCount() == 0, notification key: 0|com.huawei.android.hwouc|2131231192|null|10081
05-27 11:03:00.035 E/ndroid.systemu( 3478): No package ID ff found for ID 0xffffffff.
05-27 11:03:00.036 E/ndroid.systemu( 3478): No package ID ff found for ID 0xffffffff.
05-27 11:03:00.041 I/chatty  ( 2007): uid=1000(system) Binder:2007_15 expire 14 lines
05-27 11:03:00.042 I/ExpandableNotifRow( 3478): setHideSensitive mPublicLayout.getChildCount() == 0, notification key: 0|com.android.settings|1000002|null|1000
05-27 11:03:00.042 I/ExpandableNotifRow( 3478): setHideSensitive mPublicLayout.getChildCount() == 0, notification key: -1|android|26|null|1000
05-27 11:03:00.042 I/ExpandableNotifRow( 3478): setHideSensitive mPublicLayout.getChildCount() == 0, notification key: 0|com.tencent.mm|2147483647|ranker_group|10165|ranker_group
05-27 11:03:00.042 I/ExpandableNotifRow( 3478): setHideSensitive mPublicLayout.getChildCount() == 0, notification key: 0|com.tencent.mm|-656511598|null|10165
05-27 11:03:00.042 I/ExpandableNotifRow( 3478): setHideSensitive mPublicLayout.getChildCount() == 0, notification key: 0|com.tencent.mm|1087156377|null|10165
05-27 11:03:00.042 I/ExpandableNotifRow( 3478): setHideSensitive mPublicLayout.getChildCount() == 0, notification key: 0|com.huawei.android.hwouc|2131231192|null|10081
05-27 11:03:00.049 I/MicroMsg.NetSceneBase(22555): [:22674, ]:initilized security limit count to 1
