05-27 10:57:23.147 W/HIGNSS  ( 2210): PE_CDPP:[NORMAL]location check failed, cdpp can not be done!
05-27 10:57:23.148 W/HIGNSS  ( 2210): PE_MSA:[MSA_SELECT]the num of sat can be reported is less than 4, report all valid data!
05-27 10:57:23.148 W/HIGNSS  ( 2210): PE_MSA:[MSA-DOPPLER]No location and no acq data, not do doppler consistence!
05-27 10:57:23.148 W/HIGNSS  ( 2210): PE_MSA:[MSA-REPORT] no gnss msr data to be report!
05-27 10:57:23.148 W/HIGNSS  ( 2210): CTL:can't find dst, 0x11110021
05-27 10:57:23.149 W/HIGNSS  ( 2210): RIL:cannot get rat
05-27 10:57:23.149 W/HIGNSS  ( 2210): RIL:cannot get modem id
05-27 10:57:23.150 I/chatty  ( 2007): uid=1000(system) HwBinder:2007_2 expire 8 lines
05-27 10:57:23.152 I/PowerManagerService( 2007): handleSandman: wakefulness: 1,startDreaming: false
05-27 10:57:23.257 W/migration/7(   53): type=1400 audit(0.0:76548): avc: granted { setsched } for pid=53 scontext=u:r:kernel:s0 tcontext=u:r:kernel:s0 tclass=process
05-27 10:57:23.257 W/migration/6(   47): type=1400 audit(0.0:76549): avc: granted { setsched } for pid=47 scontext=u:r:kernel:s0 tcontext=u:r:kernel:s0 tclass=process
05-27 10:57:23.318 I/WindowManager( 2007): Animation done in AppWindowToken{255ea09 token=Token{25afae0 ActivityRecord{255ebc2 u0 com.huatu.handheld_huatu/.faceteach.activity.FaceCourseDetailActivity t264}}} isHidden:true hiddenRequested:true
05-27 10:57:23.318 I/WindowManager( 2007): Animation done in AppWindowToken{25b30c6 token=Token{236102c ActivityRecord{25b31c2 u0 com.huatu.handheld_huatu/.faceteach.activity.EssaySingleListActivity t264}}} isHidden:false hiddenRequested:false
05-27 10:57:23.323 V/ActivityTaskManager( 2007): Activity idle: null
05-27 10:57:23.337 W/BufferQueueProducer(  751): [com.huatu.handheld_huatu/com.huatu.handheld_huatu.faceteach.activity.FaceCourseDetailActivity#0]:1390: disconnect: not connected (req=1)
05-27 10:57:23.341 W/migration/6(   47): type=1400 audit(0.0:76550): avc: granted { setsched } for pid=47 scontext=u:r:kernel:s0 tcontext=u:r:kernel:s0 tclass=process
05-27 10:57:23.356 I/WindowManager( 2007): notifyAppStopped: AppWindowToken{255ea09 token=Token{25afae0 ActivityRecord{255ebc2 u0 com.huatu.handheld_huatu/.faceteach.activity.FaceCourseDetailActivity t264}}}
05-27 10:57:23.356 E/WindowManager( 2007): win=Window{26deab1 u0 com.huatu.handheld_huatu/com.huatu.handheld_huatu.faceteach.activity.FaceCourseDetailActivity} destroySurfaces: appStopped=true win.mWindowRemovalAllowed=false win.mRemoveOnExit=false
05-27 10:57:23.420 I/HwOcrImeController( 2007): updateMultiWindow topActivity = ComponentInfo{com.huatu.handheld_huatu/com.huatu.handheld_huatu.faceteach.activity.EssaySingleListActivity} windowMode = 1 mIsInMultiScreen = false
05-27 10:57:23.420 I/HwOcrImeController( 2007): updateUser userId = 0 mIsOwnerUser = true
05-27 10:57:23.420 I/HwOcrImeController( 2007): setOcrImeSupportProp mIsOcrImeValid = true mIsHardKeyboardAvailable = false mIsInMultiScreen = false mIsOwnerUser = true
05-27 10:57:23.420 I/HwOcrImeController( 2007): ocr ime supported!
05-27 10:57:23.420 I/HwOcrImeController( 2007): setOcrImeSupportProp mIsOcrImeValid = true mIsHardKeyboardAvailable = false mIsInMultiScreen = false mIsOwnerUser = true
05-27 10:57:23.420 I/HwOcrImeController( 2007): ocr ime supported!
05-27 10:57:23.477 W/migration/6(   47): type=1400 audit(0.0:76551): avc: granted { setsched } for pid=47 scontext=u:r:kernel:s0 tcontext=u:r:kernel:s0 tclass=process
05-27 10:57:23.484 I/CAWARENESS_31424_AbilityContext(20835): [1685156243485] subscribe list is empty
05-27 10:57:23.556 D/AwareLog( 1067): iawared: WorkingsetProcessCommand subCmd = 351, userId=10512, pid=27313, com.huatu.handheld_huatu/.faceteach.activity.EssaySingleListActivity
05-27 10:57:23.556 D/AwareLog( 1067): iawared: WorkingsetCheckCrashed maybe crashed!
05-27 10:57:24.026 E/BoosterUtil( 3859): convertSubIdToSlotId failed, subId:6, slotId:-1
05-27 10:57:24.026 E/BoosterUtil( 3859): getDefaultDataSlotId failed, invalid slotId:-1, subId:6
05-27 10:57:24.027 D/NpdcpAliveManager( 3859): ro.odm.npdcp_alive_cfg_enable is false
05-27 10:57:24.027 E/FourNetCombinationChr( 3859): getNetworkQoeInfo failed, qoeTcpDataOpt is null
05-27 10:57:24.037 W/ContentSensor_13.10.10.204_ContentSensorService(10575): mEventListener is null 
05-27 10:57:24.041 I/CAWARENESS_31424_AbilityContext(20835): [1685156251430] deliver {dataId=1001000011, mode=0} to 1 receivers
05-27 10:57:24.078 I/aptouch_daemon(  932): print_log, touch:1, down:1 (+0)
05-27 10:57:24.086 I/PowerManagerService( 2007): handleSandman: wakefulness: 1,startDreaming: false
05-27 10:57:24.146 W/HIGNSS  ( 2210): LS:[LSQ_SOLUTION] satellite num: 0 < 4
05-27 10:57:24.146 W/HIGNSS  ( 2210): CHR:[TCXO-BIAS-CHANGE] time: 2902, cnt: 60, valid: 0, freq_bias:-1022.000000, tempr:38.150002, sats_num: 0, qop: 0
05-27 10:57:24.148 W/HIGNSS  ( 2210): FUS:fusion results invalid, flag = 0!
05-27 10:57:24.148 W/HIGNSS  ( 2210): PE_CDPP:[NORMAL]location check failed, cdpp can not be done!
05-27 10:57:24.149 W/HIGNSS  ( 2210): PE_MSA:[MSA_SELECT]the num of sat can be reported is less than 4, report all valid data!
05-27 10:57:24.149 W/HIGNSS  ( 2210): PE_MSA:[MSA-DOPPLER]No location and no acq data, not do doppler consistence!
05-27 10:57:24.149 W/HIGNSS  ( 2210): PE_MSA:[MSA-REPORT] no gnss msr data to be report!
05-27 10:57:24.150 W/HIGNSS  ( 2210): RIL:cannot get rat
05-27 10:57:24.150 W/HIGNSS  ( 2210): RIL:cannot get modem id
05-27 10:57:24.151 W/HIGNSS  ( 2210): CTL:can't find dst, 0x11110021
05-27 10:57:24.155 I/chatty  ( 2007): uid=1000(system) PowerManagerSer identical 2 lines
05-27 10:57:24.185 I/PowerManagerService( 2007): handleSandman: wakefulness: 1,startDreaming: false
05-27 10:57:24.219 I/aptouch_daemon(  932): print_log, touch:0, down:0 
05-27 10:57:24.224 I/chatty  ( 2007): uid=1000(system) android.ui expire 3 lines
05-27 10:57:24.497 I/Pged-IPgedBinderService( 1067): ****action is 2, pid num is 9***
05-27 10:57:24.497 I/Pged-Freezer( 1067): thawPids
05-27 10:57:24.498 D/PgedBinderAdapter( 3780): unF_Z ok, pid: [29859, 29550, 3201, 29792, 14585, 15714, 17461, 6463]
05-27 10:57:24.593 I/netd    (  670): trafficSwapActiveStatsMap() <14.20ms>
05-27 10:57:24.993 D/HwConnectivityServiceEx( 2007): set 10512 wlan0 value false
05-27 10:57:25.058 E/BoosterUtil( 3859): convertSubIdToSlotId failed, subId:6, slotId:-1
05-27 10:57:25.058 E/BoosterUtil( 3859): getDefaultDataSlotId failed, invalid slotId:-1, subId:6
05-27 10:57:25.058 D/NpdcpAliveManager( 3859): ro.odm.npdcp_alive_cfg_enable is false
05-27 10:57:25.058 E/FourNetCombinationChr( 3859): getNetworkQoeInfo failed, qoeTcpDataOpt is null
05-27 10:57:25.146 W/HIGNSS  ( 2210): LS:[LSQ_SOLUTION] satellite num: 0 < 4
05-27 10:57:25.147 W/HIGNSS  ( 2210): CHR:[TCXO-BIAS-CHANGE] time: 2903, cnt: 60, valid: 0, freq_bias:-1022.000000, tempr:38.150002, sats_num: 0, qop: 0
05-27 10:57:25.148 W/HIGNSS  ( 2210): FUS:fusion results invalid, flag = 0!
05-27 10:57:25.148 W/HIGNSS  ( 2210): PE_CDPP:[NORMAL]location check failed, cdpp can not be done!
05-27 10:57:25.149 W/HIGNSS  ( 2210): PE_MSA:[MSA_SELECT]the num of sat can be reported is less than 4, report all valid data!
05-27 10:57:25.149 W/HIGNSS  ( 2210): PE_MSA:[MSA-DOPPLER]No location and no acq data, not do doppler consistence!
05-27 10:57:25.149 W/HIGNSS  ( 2210): PE_MSA:[MSA-REPORT] no gnss msr data to be report!
05-27 10:57:25.149 W/HIGNSS  ( 2210): CTL:can't find dst, 0x11110021
05-27 10:57:25.150 I/chatty  ( 2007): uid=1000(system) HwBinder:2007_1 expire 56 lines
05-27 10:57:25.150 W/HIGNSS  ( 2210): RIL:cannot get rat
05-27 10:57:25.150 W/HIGNSS  ( 2210): RIL:cannot get modem id
05-27 10:57:25.151 I/PowerManagerService( 2007): handleSandman: wakefulness: 1,startDreaming: false
05-27 10:57:25.152 I/PowerManagerService( 2007): handleSandman: wakefulness: 1,startDreaming: false
05-27 10:57:25.418 I/FusionD ( 1081): (FdOnArData:493):ar count 1
05-27 10:57:25.418 I/AR_FusionD( 1081): (SendMessage:432):socket 14 send 32 data: 
05-27 10:57:25.420 I/HwLBSService HigeoLocationManager(20097): receive onHigeoEventCallback type = 2
05-27 10:57:25.420 I/HwLBSService HigeoLocationManager(20097): sendHigeoCallbackEvent, type: 2
05-27 10:57:25.420 I/FusionD ( 1081): (SetArStatus:547):setArStatus done.
05-27 10:57:25.441 I/netd    (  670): trafficSwapActiveStatsMap() <15.28ms>
05-27 10:57:25.784 I/aptouch_daemon(  932): check_idle_status, idle in. 100
05-27 10:57:26.079 E/BoosterUtil( 3859): convertSubIdToSlotId failed, subId:6, slotId:-1
05-27 10:57:26.079 E/BoosterUtil( 3859): getDefaultDataSlotId failed, invalid slotId:-1, subId:6
05-27 10:57:26.079 D/NpdcpAliveManager( 3859): ro.odm.npdcp_alive_cfg_enable is false
05-27 10:57:26.079 E/FourNetCombinationChr( 3859): getNetworkQoeInfo failed, qoeTcpDataOpt is null
05-27 10:57:26.148 W/HIGNSS  ( 2210): LS:[LSQ_SOLUTION] satellite num: 0 < 4
05-27 10:57:26.148 W/HIGNSS  ( 2210): CHR:[TCXO-BIAS-CHANGE] time: 2904, cnt: 60, valid: 0, freq_bias:-1022.000000, tempr:38.150002, sats_num: 0, qop: 0
05-27 10:57:26.150 W/HIGNSS  ( 2210): FUS:fusion results invalid, flag = 0!
05-27 10:57:26.151 W/HIGNSS  ( 2210): PE_CDPP:[NORMAL]location check failed, cdpp can not be done!
05-27 10:57:26.151 W/HIGNSS  ( 2210): PE_MSA:[MSA_SELECT]the num of sat can be reported is less than 4, report all valid data!
05-27 10:57:26.151 W/HIGNSS  ( 2210): PE_MSA:[MSA-DOPPLER]No location and no acq data, not do doppler consistence!
05-27 10:57:26.151 W/HIGNSS  ( 2210): PE_MSA:[MSA-REPORT] no gnss msr data to be report!
05-27 10:57:26.152 W/HIGNSS  ( 2210): CTL:can't find dst, 0x11110021
05-27 10:57:26.152 W/HIGNSS  ( 2210): RIL:cannot get rat
05-27 10:57:26.153 W/HIGNSS  ( 2210): RIL:cannot get modem id
05-27 10:57:26.155 I/PowerManagerService( 2007): handleSandman: wakefulness: 1,startDreaming: false
05-27 10:57:26.157 I/PowerManagerService( 2007): handleSandman: wakefulness: 1,startDreaming: false
05-27 10:57:26.235 I/FWK-BackOffDelayTimerTask(24752): Run task returns: true, with delay: 60
05-27 10:57:26.890 D/HwConnectivityServiceEx( 2007): set 1000 wlan0 value false
05-27 10:57:26.892 I/chatty  ( 2007): uid=1000(system) MobileQosDetect expire 4 lines
05-27 10:57:26.993 D/HwConnectivityServiceEx( 2007): set 10512 wlan0 value false
05-27 10:57:27.008 E/bms_file( 4601): file /sys/class/hw_power/charger/direct_charger_sc/direct_charge_succ is invalid
05-27 10:57:27.019 E/bms_file( 4601): file /sys/class/hw_power/charger/direct_charger_sc/direct_charge_succ is invalid
05-27 10:57:27.056 I/chatty  ( 4601): uid=1000(system) /vendor/bin/bms_behavior identical 8 lines
05-27 10:57:27.056 E/bms_file( 4601): file /sys/class/hw_power/charger/direct_charger_sc/direct_charge_succ is invalid
05-27 10:57:27.057 I/bms_behavior( 4601): monitor interval count 487
05-27 10:57:27.105 E/Booster_Qoe( 3859): PreprocessModemData, IsCellularCtx false
05-27 10:57:27.105 I/Booster_Qoe( 3859): AdaBoostPredict rlt,index:2,NisPsSlow:0,NProba:303,rsrp(rssi):-59,rsrq(noise):-93,rtt(chload):74,buffhigh(uldelay):0,buffcomm(rtt):0
05-27 10:57:27.105 I/Collector( 3859): HandleRawWifiInfo: flag:0, netId:0!
05-27 10:57:27.106 I/NetworkQoeProxy( 3859): setChannelQoeValid invalid channel id = 4
05-27 10:57:27.106 I/NetworkQoeProxy( 3859): calcChannelNoRx dnsData is not present
05-27 10:57:27.107 E/BoosterUtil( 3859): convertSubIdToSlotId failed, subId:6, slotId:-1
05-27 10:57:27.107 E/BoosterUtil( 3859): getDefaultDataSlotId failed, invalid slotId:-1, subId:6
05-27 10:57:27.107 E/NrSmartCure( 3859): onNetworkQoeUpdate failed, invalid defaultDataSlotId=-1
05-27 10:57:27.107 D/NpdcpAliveManager( 3859): ro.odm.npdcp_alive_cfg_enable is false
05-27 10:57:27.107 E/FourNetCombinationChr( 3859): getNetworkQoeInfo failed, qoeTcpDataOpt is null
05-27 10:57:27.146 W/HIGNSS  ( 2210): LS:[LSQ_SOLUTION] satellite num: 0 < 4
05-27 10:57:27.146 W/HIGNSS  ( 2210): CHR:[TCXO-BIAS-CHANGE] time: 2905, cnt: 60, valid: 0, freq_bias:-1022.000000, tempr:38.150002, sats_num: 0, qop: 0
05-27 10:57:27.147 W/HIGNSS  ( 2210): FUS:fusion results invalid, flag = 0!
05-27 10:57:27.148 W/HIGNSS  ( 2210): PE_CDPP:[NORMAL]location check failed, cdpp can not be done!
05-27 10:57:27.148 W/HIGNSS  ( 2210): PE_MSA:[MSA_SELECT]the num of sat can be reported is less than 4, report all valid data!
05-27 10:57:27.148 W/HIGNSS  ( 2210): PE_MSA:[MSA-DOPPLER]No location and no acq data, not do doppler consistence!
05-27 10:57:27.148 W/HIGNSS  ( 2210): PE_MSA:[MSA-REPORT] no gnss msr data to be report!
05-27 10:57:27.149 W/HIGNSS  ( 2210): CTL:can't find dst, 0x11110021
05-27 10:57:27.151 W/HIGNSS  ( 2210): RIL:cannot get rat
05-27 10:57:27.151 W/HIGNSS  ( 2210): RIL:cannot get modem id
05-27 10:57:27.152 W/HIGNSS  ( 2210): PE_MGR:[RC]: unhandled message: 0x00000529 in state: 0
05-27 10:57:27.153 I/PowerManagerService( 2007): handleSandman: wakefulness: 1,startDreaming: false
05-27 10:57:27.154 I/PowerManagerService( 2007): handleSandman: wakefulness: 1,startDreaming: false
05-27 10:57:27.277 I/chatty  ( 3859): uid=1000(system) UEventObserver expire 1 line
05-27 10:57:27.277 I/chatty  ( 3635): uid=1000(system) UEventObserver expire 1 line
05-27 10:57:27.279 I/HwBatteryService( 2007): power_ui state= 1 mQuickChargeStatus=1
05-27 10:57:27.279 I/HwBatteryService( 2007): handleWirelessTxStatus
05-27 10:57:27.279 I/HwBatteryService( 2007): switch not open, return, mWirelessTxFlag : 0
05-27 10:57:27.279 W/HwBatteryService( 2007): need return. Invalid value: -1
05-27 10:57:27.279 D/HwBatteryService( 2007): setHwChargeTimeRemaining, time = -1 String time: -1
05-27 10:57:27.279 I/HwBatteryService( 2007): IS_WATCH : false
05-27 10:57:27.293 W/health@2.0-serv(  706): type=1400 audit(0.0:76552): avc: denied { read } for pid=706 name="u:object_r:system_prop:s0" dev="tmpfs" ino=17746 scontext=u:r:hal_health_default:s0 tcontext=u:object_r:system_prop:s0 tclass=file permissive=0
05-27 10:57:27.293 W/health@2.0-serv(  706): type=1400 audit(0.0:76553): avc: denied { write } for pid=706 name="property_service" dev="tmpfs" ino=17796 scontext=u:r:hal_health_default:s0 tcontext=u:object_r:property_socket:s0 tclass=sock_file permissive=0
05-27 10:57:27.300 E/libc    (  706): Access denied finding property "sys.check.usbupdate"
05-27 10:57:27.300 W/libc    (  706): Unable to set property "sys.check.usbupdate" to "start": connection failed; errno=13 (Permission denied)
05-27 10:57:27.654 I/chatty  (27313): uid=10512(com.huatu.handheld_huatu) expire 2 lines
05-27 10:57:28.057 D/AwareLog( 1067): iawared: WorkingsetProcessCommand subCmd = 357, userId=10512, pid=27313, com.huatu.handheld_huatu/.faceteach.activity.EssaySingleListActivity
05-27 10:57:28.057 D/AwareLog( 1067): iawared: WorkingsetCheckCrashed maybe crashed!
05-27 10:57:28.080 I/chatty  ( 2007): uid=1000(system) android.bg expire 2 lines
05-27 10:57:28.127 E/BoosterUtil( 3859): convertSubIdToSlotId failed, subId:6, slotId:-1
05-27 10:57:28.127 E/BoosterUtil( 3859): getDefaultDataSlotId failed, invalid slotId:-1, subId:6
05-27 10:57:28.127 D/NpdcpAliveManager( 3859): ro.odm.npdcp_alive_cfg_enable is false
05-27 10:57:28.127 E/FourNetCombinationChr( 3859): getNetworkQoeInfo failed, qoeTcpDataOpt is null
05-27 10:57:28.146 W/HIGNSS  ( 2210): LS:[LSQ_SOLUTION] satellite num: 0 < 4
05-27 10:57:28.146 W/HIGNSS  ( 2210): CHR:[TCXO-BIAS-CHANGE] time: 2906, cnt: 60, valid: 0, freq_bias:-1022.000000, tempr:38.150002, sats_num: 0, qop: 0
05-27 10:57:28.147 W/HIGNSS  ( 2210): FUS:fusion results invalid, flag = 0!
05-27 10:57:28.148 W/HIGNSS  ( 2210): PE_CDPP:[NORMAL]location check failed, cdpp can not be done!
05-27 10:57:28.149 W/HIGNSS  ( 2210): PE_MSA:[MSA_SELECT]the num of sat can be reported is less than 4, report all valid data!
05-27 10:57:28.149 W/HIGNSS  ( 2210): PE_MSA:[MSA-DOPPLER]No location and no acq data, not do doppler consistence!
05-27 10:57:28.149 W/HIGNSS  ( 2210): PE_MSA:[MSA-REPORT] no gnss msr data to be report!
05-27 10:57:28.149 W/HIGNSS  ( 2210): CTL:can't find dst, 0x11110021
05-27 10:57:28.149 I/chatty  (  720): uid=1000(system) hisignss expire 100 lines
05-27 10:57:28.154 I/PowerManagerService( 2007): handleSandman: wakefulness: 1,startDreaming: false
05-27 10:57:28.155 I/PowerManagerService( 2007): handleSandman: wakefulness: 1,startDreaming: false
05-27 10:57:28.945 W/health@2.0-serv(  706): type=1400 audit(0.0:76554): avc: denied { read } for pid=706 name="u:object_r:system_prop:s0" dev="tmpfs" ino=17746 scontext=u:r:hal_health_default:s0 tcontext=u:object_r:system_prop:s0 tclass=file permissive=0
05-27 10:57:28.945 W/health@2.0-serv(  706): type=1400 audit(0.0:76555): avc: denied { write } for pid=706 name="property_service" dev="tmpfs" ino=17796 scontext=u:r:hal_health_default:s0 tcontext=u:object_r:property_socket:s0 tclass=sock_file permissive=0
05-27 10:57:28.952 E/libc    (  706): Access denied finding property "sys.check.usbupdate"
05-27 10:57:28.952 W/libc    (  706): Unable to set property "sys.check.usbupdate" to "start": connection failed; errno=13 (Permission denied)
05-27 10:57:28.996 D/HwConnectivityServiceEx( 2007): set 10512 wlan0 value false
05-27 10:57:29.146 W/HIGNSS  ( 2210): LS:[LSQ_SOLUTION] satellite num: 0 < 4
05-27 10:57:29.146 W/HIGNSS  ( 2210): CHR:[TCXO-BIAS-CHANGE] time: 2907, cnt: 60, valid: 0, freq_bias:-1022.000000, tempr:38.150002, sats_num: 0, qop: 0
05-27 10:57:29.147 W/HIGNSS  ( 2210): FUS:fusion results invalid, flag = 0!
05-27 10:57:29.148 W/HIGNSS  ( 2210): PE_CDPP:[NORMAL]location check failed, cdpp can not be done!
05-27 10:57:29.148 W/HIGNSS  ( 2210): PE_MSA:[MSA_SELECT]the num of sat can be reported is less than 4, report all valid data!
05-27 10:57:29.148 W/HIGNSS  ( 2210): PE_MSA:[MSA-DOPPLER]No location and no acq data, not do doppler consistence!
05-27 10:57:29.148 W/HIGNSS  ( 2210): PE_MSA:[MSA-REPORT] no gnss msr data to be report!
05-27 10:57:29.149 W/HIGNSS  ( 2210): CTL:can't find dst, 0x11110021
05-27 10:57:29.154 I/chatty  ( 3859): uid=1000(system) OllieAwareThrea expire 36 lines
05-27 10:57:29.155 I/PowerManagerService( 2007): handleSandman: wakefulness: 1,startDreaming: false
05-27 10:57:29.155 E/BoosterUtil( 3859): convertSubIdToSlotId failed, subId:6, slotId:-1
05-27 10:57:29.155 E/BoosterUtil( 3859): getDefaultDataSlotId failed, invalid slotId:-1, subId:6
05-27 10:57:29.155 D/NpdcpAliveManager( 3859): ro.odm.npdcp_alive_cfg_enable is false
05-27 10:57:29.156 E/FourNetCombinationChr( 3859): getNetworkQoeInfo failed, qoeTcpDataOpt is null
05-27 10:57:29.156 I/PowerManagerService( 2007): handleSandman: wakefulness: 1,startDreaming: false
05-27 10:57:29.621 I/netd    (  670): trafficSwapActiveStatsMap() <18.65ms>
05-27 10:57:30.018 I/chatty  (27313): uid=10512(com.huatu.handheld_huatu) expire 11 lines
05-27 10:57:30.146 W/HIGNSS  ( 2210): LS:[LSQ_SOLUTION] satellite num: 0 < 4
05-27 10:57:30.147 W/HIGNSS  ( 2210): CHR:[TCXO-BIAS-CHANGE] time: 2908, cnt: 60, valid: 0, freq_bias:-1022.000000, tempr:38.150002, sats_num: 0, qop: 0
05-27 10:57:30.148 W/HIGNSS  ( 2210): FUS:fusion results invalid, flag = 0!
05-27 10:57:30.149 W/HIGNSS  ( 2210): PE_CDPP:[NORMAL]location check failed, cdpp can not be done!
05-27 10:57:30.149 W/HIGNSS  ( 2210): PE_MSA:[MSA_SELECT]the num of sat can be reported is less than 4, report all valid data!
05-27 10:57:30.149 W/HIGNSS  ( 2210): PE_MSA:[MSA-DOPPLER]No location and no acq data, not do doppler consistence!
05-27 10:57:30.150 W/HIGNSS  ( 2210): PE_MSA:[MSA-REPORT] no gnss msr data to be report!
05-27 10:57:30.150 W/HIGNSS  ( 2210): CTL:can't find dst, 0x11110021
05-27 10:57:30.155 I/chatty  ( 2007): uid=1000(system) PowerManagerSer identical 1 line
05-27 10:57:30.157 I/PowerManagerService( 2007): handleSandman: wakefulness: 1,startDreaming: false
05-27 10:57:30.169 I/chatty  ( 3859): uid=1000(system) JNITID-5578 expire 56 lines
05-27 10:57:30.171 E/BoosterUtil( 3859): convertSubIdToSlotId failed, subId:6, slotId:-1
05-27 10:57:30.171 E/BoosterUtil( 3859): getDefaultDataSlotId failed, invalid slotId:-1, subId:6
05-27 10:57:30.171 D/NpdcpAliveManager( 3859): ro.odm.npdcp_alive_cfg_enable is false
05-27 10:57:30.172 E/FourNetCombinationChr( 3859): getNetworkQoeInfo failed, qoeTcpDataOpt is null
05-27 10:57:30.847 D/AudioPolicyService(  747): getUidState(10048) cacheIter->second.first, return cacheIter->second.second(20)
05-27 10:57:30.847 D/AudioPolicyService(  747): getUidState(10048) !cacheIter->second.first, return PROCESS_STATE_UNKNOWN
05-27 10:57:30.894 D/HwConnectivityServiceEx( 2007): set 1000 wlan0 value false
05-27 10:57:30.999 D/HwConnectivityServiceEx( 2007): set 10512 wlan0 value false
05-27 10:57:31.057 D/AwareLog( 1067): iawared: WorkingsetProcessCommand subCmd = 352, userId=10512, pid=27313, com.huatu.handheld_huatu/.faceteach.activity.EssaySingleListActivity
05-27 10:57:31.057 D/AwareLog( 1067): iawared: WorkingsetCheckCrashed maybe crashed!
05-27 10:57:31.146 W/HIGNSS  ( 2210): LS:[LSQ_SOLUTION] satellite num: 0 < 4
05-27 10:57:31.147 W/HIGNSS  ( 2210): CHR:[TCXO-BIAS-CHANGE] time: 2909, cnt: 60, valid: 0, freq_bias:-1022.000000, tempr:38.150002, sats_num: 0, qop: 0
05-27 10:57:31.148 W/HIGNSS  ( 2210): FUS:fusion results invalid, flag = 0!
05-27 10:57:31.149 W/HIGNSS  ( 2210): PE_CDPP:[NORMAL]location check failed, cdpp can not be done!
05-27 10:57:31.150 W/HIGNSS  ( 2210): PE_MSA:[MSA_SELECT]the num of sat can be reported is less than 4, report all valid data!
05-27 10:57:31.150 W/HIGNSS  ( 2210): PE_MSA:[MSA-DOPPLER]No location and no acq data, not do doppler consistence!
05-27 10:57:31.150 W/HIGNSS  ( 2210): PE_MSA:[MSA-REPORT] no gnss msr data to be report!
05-27 10:57:31.150 W/HIGNSS  ( 2210): CTL:can't find dst, 0x11110021
05-27 10:57:31.155 I/PowerManagerService( 2007): handleSandman: wakefulness: 1,startDreaming: false
05-27 10:57:31.156 I/PowerManagerService( 2007): handleSandman: wakefulness: 1,startDreaming: false
05-27 10:57:31.207 E/BoosterUtil( 3859): convertSubIdToSlotId failed, subId:6, slotId:-1
05-27 10:57:31.207 E/BoosterUtil( 3859): getDefaultDataSlotId failed, invalid slotId:-1, subId:6
05-27 10:57:31.208 D/NpdcpAliveManager( 3859): ro.odm.npdcp_alive_cfg_enable is false
05-27 10:57:31.208 E/FourNetCombinationChr( 3859): getNetworkQoeInfo failed, qoeTcpDataOpt is null
05-27 10:57:31.837 I/HwBatteryService( 2007): power_ui state= 1 mQuickChargeStatus=1
05-27 10:57:31.837 I/HwBatteryService( 2007): handleWirelessTxStatus
05-27 10:57:31.837 I/HwBatteryService( 2007): switch not open, return, mWirelessTxFlag : 0
05-27 10:57:31.837 W/HwBatteryService( 2007): need return. Invalid value: -1
05-27 10:57:31.837 D/HwBatteryService( 2007): setHwChargeTimeRemaining, time = -1 String time: -1
05-27 10:57:31.838 I/HwBatteryService( 2007): IS_WATCH : false
05-27 10:57:31.857 W/health@2.0-serv(  706): type=1400 audit(0.0:76556): avc: denied { read } for pid=706 name="u:object_r:system_prop:s0" dev="tmpfs" ino=17746 scontext=u:r:hal_health_default:s0 tcontext=u:object_r:system_prop:s0 tclass=file permissive=0
05-27 10:57:31.857 W/health@2.0-serv(  706): type=1400 audit(0.0:76557): avc: denied { write } for pid=706 name="property_service" dev="tmpfs" ino=17796 scontext=u:r:hal_health_default:s0 tcontext=u:object_r:property_socket:s0 tclass=sock_file permissive=0
05-27 10:57:31.864 E/libc    (  706): Access denied finding property "sys.check.usbupdate"
05-27 10:57:31.864 W/libc    (  706): Unable to set property "sys.check.usbupdate" to "start": connection failed; errno=13 (Permission denied)
05-27 10:57:31.870 I/PowerManagerService( 2007): handleSandman: wakefulness: 1,startDreaming: false
05-27 10:57:31.871 I/chatty  ( 3780): uid=1000(system) core expire 8 lines
05-27 10:57:31.877 I/chatty  ( 3859): uid=1000(system) com.huawei.systemserver expire 3 lines
05-27 10:57:31.879 I/chatty  ( 4108): uid=1000(system) lp-networkNoNet expire 3 lines
05-27 10:57:31.879 I/chatty  ( 3635): uid=1000(system) com.huawei.systemmanager:service expire 6 lines
05-27 10:57:31.880 I/chatty  ( 3635): uid=1000(system) Thread-12 expire 3 lines
05-27 10:57:31.880 I/SmartCharge/AswReminder( 3635): asw soc control: 95:100
05-27 10:57:31.880 I/SmartChgBase/Event( 3635): to dispatch event:2023-05-27 10:57:31/BattTemp=330
05-27 10:57:31.881 I/NightChargeAI/Main( 3635): Receive Event: 2023-05-27 10:57:31/UiSoc=43
05-27 10:57:31.881 I/NightChargeAI/Main( 3635): OnUISocChanged begin..
05-27 10:57:31.881 E/SmartChgBase/File( 3635): file /data/user_de/0/com.huawei.systemmanager/files/smart_charge/base/mock/enable is invalid in IsFileExist
05-27 10:57:31.884 I/power_hidl(  744): ExeGetState type=charger_type
05-27 10:57:31.888 E/power_hidl(  744): file /sys/class/hw_power/charger/direct_charger_sc/adaptor_detect is invalid
05-27 10:57:31.889 D/HwGameAssistantController( 2007): isGameForeground? false
05-27 10:57:31.889 I/DE J DES( 2007): [effect] BroadcastReceiver.onReceive() action:android.intent.action.BATTERY_CHANGED
05-27 10:57:31.889 W/DE J DES( 2007): [effect] ChargingStateReceiver on recieve, mDisplayManager is null! returned.
05-27 10:57:31.895 I/power_hidl(  744): ExeGetState success, type=charger_type, index=20, value=0
05-27 10:57:31.895 I/NightChargeAI/Main( 3635): OnUISocChanged end.
05-27 10:57:31.900 D/HwConnectivityServiceEx( 2007): set 10165 wlan0 value false
05-27 10:57:31.909 E/WifiPermissionsUtil( 2007): isAppOpAllowed is false and uid 10165 coarseForTargetSdkLessThanQ true isTargetSdkLessThanQ false
05-27 10:57:31.910 I/chatty  ( 2007): uid=1000(system) Binder:2007_1A expire 7 lines
05-27 10:57:32.060 E/bms_file( 4601): file /sys/class/hw_power/charger/direct_charger_sc/direct_charge_succ is invalid
05-27 10:57:32.100 E/bms_file( 4601): file /sys/class/hw_power/charger/direct_charger_sc/direct_charge_succ is invalid
05-27 10:57:32.101 I/bms_behavior( 4601): monitor interval count 488
05-27 10:57:32.146 W/HIGNSS  ( 2210): LS:[LSQ_SOLUTION] satellite num: 0 < 4
05-27 10:57:32.147 W/HIGNSS  ( 2210): CHR:[TCXO-BIAS-CHANGE] time: 2910, cnt: 60, valid: 0, freq_bias:-1022.000000, tempr:38.150002, sats_num: 0, qop: 0
05-27 10:57:32.148 W/HIGNSS  ( 2210): FUS:fusion results invalid, flag = 0!
05-27 10:57:32.149 W/HIGNSS  ( 2210): PE_CDPP:[NORMAL]location check failed, cdpp can not be done!
05-27 10:57:32.149 W/HIGNSS  ( 2210): PE_MSA:[MSA_SELECT]the num of sat can be reported is less than 4, report all valid data!
05-27 10:57:32.150 W/HIGNSS  ( 2210): PE_MSA:[MSA-DOPPLER]No location and no acq data, not do doppler consistence!
05-27 10:57:32.150 W/HIGNSS  ( 2210): PE_MSA:[MSA-REPORT] no gnss msr data to be report!
05-27 10:57:32.150 W/HIGNSS  ( 2210): CTL:can't find dst, 0x11110021
05-27 10:57:32.156 I/PowerManagerService( 2007): handleSandman: wakefulness: 1,startDreaming: false
05-27 10:57:32.157 I/PowerManagerService( 2007): handleSandman: wakefulness: 1,startDreaming: false
05-27 10:57:32.169 I/chatty  ( 4108): uid=1000(system) CommonThreadPoo expire 3 lines
05-27 10:57:32.223 E/BoosterUtil( 3859): convertSubIdToSlotId failed, subId:6, slotId:-1
05-27 10:57:32.224 E/BoosterUtil( 3859): getDefaultDataSlotId failed, invalid slotId:-1, subId:6
05-27 10:57:32.224 D/NpdcpAliveManager( 3859): ro.odm.npdcp_alive_cfg_enable is false
05-27 10:57:32.224 E/FourNetCombinationChr( 3859): getNetworkQoeInfo failed, qoeTcpDataOpt is null
05-27 10:57:33.000 D/HwConnectivityServiceEx( 2007): set 10512 wlan0 value false
05-27 10:57:33.008 I/ArHal   (  700): (ArDataGetState:1471):id[2]
05-27 10:57:33.009 W/ArHal   (  700): (ArDataGetActivityIndex:248):invalid activity[31]
05-27 10:57:33.009 W/ArHal   (  700): (ArDataGetState:1502):unknown activity[31], discard
05-27 10:57:33.009 W/ArHal   (  700): (ArDataGetActivityIndex:248):invalid activity[25]
05-27 10:57:33.009 W/ArHal   (  700): (ArDataGetState:1502):unknown activity[25], discard
05-27 10:57:33.048 E/Thermal-daemon:ambient( 1056): AmbientSample: write temp 31131 to ambient node
05-27 10:57:33.093 D/HwConnectivityServiceEx( 2007): set 1000 wlan0 value false
05-27 10:57:33.146 W/HIGNSS  ( 2210): LS:[LSQ_SOLUTION] satellite num: 0 < 4
05-27 10:57:33.146 W/HIGNSS  ( 2210): CHR:[TCXO-BIAS-CHANGE] time: 2911, cnt: 60, valid: 0, freq_bias:-1022.000000, tempr:38.150002, sats_num: 0, qop: 0
05-27 10:57:33.147 W/HIGNSS  ( 2210): FUS:fusion results invalid, flag = 0!
05-27 10:57:33.148 W/HIGNSS  ( 2210): PE_CDPP:[NORMAL]location check failed, cdpp can not be done!
05-27 10:57:33.149 W/HIGNSS  ( 2210): PE_MSA:[MSA_SELECT]the num of sat can be reported is less than 4, report all valid data!
05-27 10:57:33.149 W/HIGNSS  ( 2210): PE_MSA:[MSA-DOPPLER]No location and no acq data, not do doppler consistence!
05-27 10:57:33.149 W/HIGNSS  ( 2210): PE_MSA:[MSA-REPORT] no gnss msr data to be report!
05-27 10:57:33.149 W/HIGNSS  ( 2210): CTL:can't find dst, 0x11110021
05-27 10:57:33.153 I/PowerManagerService( 2007): handleSandman: wakefulness: 1,startDreaming: false
05-27 10:57:33.154 I/PowerManagerService( 2007): handleSandman: wakefulness: 1,startDreaming: false
05-27 10:57:33.154 I/chatty  ( 2007): uid=1000(system) LocationHander expire 11 lines
05-27 10:57:33.251 E/BoosterUtil( 3859): convertSubIdToSlotId failed, subId:6, slotId:-1
05-27 10:57:33.251 E/BoosterUtil( 3859): getDefaultDataSlotId failed, invalid slotId:-1, subId:6
05-27 10:57:33.252 D/NpdcpAliveManager( 3859): ro.odm.npdcp_alive_cfg_enable is false
05-27 10:57:33.252 E/FourNetCombinationChr( 3859): getNetworkQoeInfo failed, qoeTcpDataOpt is null
05-27 10:57:33.253 I/chatty  ( 2007): uid=1000(system) wifipro_feature expire 60 lines
05-27 10:57:33.389 I/chatty  ( 2007): uid=1000(system) WifiService expire 34 lines
05-27 10:57:33.734 I/chatty  ( 2007): uid=1000(system) ClientModeImpl expire 11 lines
05-27 10:57:34.146 W/HIGNSS  ( 2210): LS:[LSQ_SOLUTION] satellite num: 0 < 4
05-27 10:57:34.146 W/HIGNSS  ( 2210): CHR:[TCXO-BIAS-CHANGE] time: 2912, cnt: 60, valid: 0, freq_bias:-1022.000000, tempr:38.150002, sats_num: 0, qop: 0
05-27 10:57:34.147 W/HIGNSS  ( 2210): FUS:fusion results invalid, flag = 0!
05-27 10:57:34.148 W/HIGNSS  ( 2210): PE_CDPP:[NORMAL]location check failed, cdpp can not be done!
05-27 10:57:34.148 W/HIGNSS  ( 2210): PE_MSA:[MSA_SELECT]the num of sat can be reported is less than 4, report all valid data!
05-27 10:57:34.148 W/HIGNSS  ( 2210): PE_MSA:[MSA-DOPPLER]No location and no acq data, not do doppler consistence!
05-27 10:57:34.149 W/HIGNSS  ( 2210): PE_MSA:[MSA-REPORT] no gnss msr data to be report!
05-27 10:57:34.149 W/HIGNSS  ( 2210): CTL:can't find dst, 0x11110021
05-27 10:57:34.154 I/PowerManagerService( 2007): handleSandman: wakefulness: 1,startDreaming: false
05-27 10:57:34.155 I/PowerManagerService( 2007): handleSandman: wakefulness: 1,startDreaming: false
05-27 10:57:34.270 E/BoosterUtil( 3859): convertSubIdToSlotId failed, subId:6, slotId:-1
05-27 10:57:34.271 E/BoosterUtil( 3859): getDefaultDataSlotId failed, invalid slotId:-1, subId:6
05-27 10:57:34.271 D/NpdcpAliveManager( 3859): ro.odm.npdcp_alive_cfg_enable is false
05-27 10:57:34.271 E/FourNetCombinationChr( 3859): getNetworkQoeInfo failed, qoeTcpDataOpt is null
05-27 10:57:34.343 I/HwNaturalBase( 4309): [CommonHandler]: 39467Kb ram is used.
05-27 10:57:34.645 I/netd    (  670): trafficSwapActiveStatsMap() <9.53ms>
05-27 10:57:35.014 D/HwConnectivityServiceEx( 2007): set 10512 wlan0 value false
05-27 10:57:35.145 W/HIGNSS  ( 2210): LS:[LSQ_SOLUTION] satellite num: 0 < 4
05-27 10:57:35.146 W/HIGNSS  ( 2210): CHR:[TCXO-BIAS-CHANGE] time: 2913, cnt: 60, valid: 0, freq_bias:-1022.000000, tempr:38.150002, sats_num: 0, qop: 0
05-27 10:57:35.147 W/HIGNSS  ( 2210): FUS:fusion results invalid, flag = 0!
05-27 10:57:35.148 W/HIGNSS  ( 2210): PE_CDPP:[NORMAL]location check failed, cdpp can not be done!
05-27 10:57:35.148 W/HIGNSS  ( 2210): PE_MSA:[MSA_SELECT]the num of sat can be reported is less than 4, report all valid data!
05-27 10:57:35.149 W/HIGNSS  ( 2210): PE_MSA:[MSA-DOPPLER]No location and no acq data, not do doppler consistence!
05-27 10:57:35.149 W/HIGNSS  ( 2210): PE_MSA:[MSA-REPORT] no gnss msr data to be report!
05-27 10:57:35.149 W/HIGNSS  ( 2210): CTL:can't find dst, 0x11110021
05-27 10:57:35.154 I/PowerManagerService( 2007): handleSandman: wakefulness: 1,startDreaming: false
05-27 10:57:35.155 I/PowerManagerService( 2007): handleSandman: wakefulness: 1,startDreaming: false
05-27 10:57:35.298 E/BoosterUtil( 3859): convertSubIdToSlotId failed, subId:6, slotId:-1
05-27 10:57:35.298 E/BoosterUtil( 3859): getDefaultDataSlotId failed, invalid slotId:-1, subId:6
05-27 10:57:35.299 D/NpdcpAliveManager( 3859): ro.odm.npdcp_alive_cfg_enable is false
05-27 10:57:35.299 E/FourNetCombinationChr( 3859): getNetworkQoeInfo failed, qoeTcpDataOpt is null
05-27 10:57:35.465 I/netd    (  670): trafficSwapActiveStatsMap() <8.68ms>
05-27 10:57:36.146 W/HIGNSS  ( 2210): LS:[LSQ_SOLUTION] satellite num: 0 < 4
05-27 10:57:36.147 W/HIGNSS  ( 2210): CHR:[TCXO-BIAS-CHANGE] time: 2914, cnt: 60, valid: 0, freq_bias:-1022.000000, tempr:38.150002, sats_num: 0, qop: 0
05-27 10:57:36.148 W/HIGNSS  ( 2210): FUS:fusion results invalid, flag = 0!
05-27 10:57:36.149 W/HIGNSS  ( 2210): PE_CDPP:[NORMAL]location check failed, cdpp can not be done!
05-27 10:57:36.150 W/HIGNSS  ( 2210): PE_MSA:[MSA_SELECT]the num of sat can be reported is less than 4, report all valid data!
05-27 10:57:36.150 W/HIGNSS  ( 2210): PE_MSA:[MSA-DOPPLER]No location and no acq data, not do doppler consistence!
05-27 10:57:36.150 W/HIGNSS  ( 2210): PE_MSA:[MSA-REPORT] no gnss msr data to be report!
05-27 10:57:36.151 W/HIGNSS  ( 2210): CTL:can't find dst, 0x11110021
05-27 10:57:36.154 I/PowerManagerService( 2007): handleSandman: wakefulness: 1,startDreaming: false
05-27 10:57:36.155 I/PowerManagerService( 2007): handleSandman: wakefulness: 1,startDreaming: false
05-27 10:57:36.315 E/BoosterUtil( 3859): convertSubIdToSlotId failed, subId:6, slotId:-1
05-27 10:57:36.315 E/BoosterUtil( 3859): getDefaultDataSlotId failed, invalid slotId:-1, subId:6
05-27 10:57:36.315 D/NpdcpAliveManager( 3859): ro.odm.npdcp_alive_cfg_enable is false
05-27 10:57:36.315 E/FourNetCombinationChr( 3859): getNetworkQoeInfo failed, qoeTcpDataOpt is null
05-27 10:57:37.017 D/HwConnectivityServiceEx( 2007): set 10512 wlan0 value false
05-27 10:57:37.104 E/bms_file( 4601): file /sys/class/hw_power/charger/direct_charger_sc/direct_charge_succ is invalid
05-27 10:57:37.135 E/bms_file( 4601): file /sys/class/hw_power/charger/direct_charger_sc/direct_charge_succ is invalid
05-27 10:57:37.147 W/HIGNSS  ( 2210): LS:[LSQ_SOLUTION] satellite num: 0 < 4
05-27 10:57:37.147 W/HIGNSS  ( 2210): CHR:[TCXO-BIAS-CHANGE] time: 2915, cnt: 60, valid: 0, freq_bias:-1022.000000, tempr:38.150002, sats_num: 0, qop: 0
05-27 10:57:37.148 E/bms_file( 4601): file /sys/class/hw_power/charger/direct_charger_sc/direct_charge_succ is invalid
05-27 10:57:37.148 W/HIGNSS  ( 2210): FUS:fusion results invalid, flag = 0!
05-27 10:57:37.148 E/bms_file( 4601): file /sys/class/hw_power/charger/direct_charger_sc/direct_charge_succ is invalid
05-27 10:57:37.149 W/HIGNSS  ( 2210): PE_CDPP:[NORMAL]location check failed, cdpp can not be done!
05-27 10:57:37.149 I/bms_behavior( 4601): monitor interval count 489
05-27 10:57:37.149 W/HIGNSS  ( 2210): PE_MSA:[MSA_SELECT]the num of sat can be reported is less than 4, report all valid data!
05-27 10:57:37.149 W/HIGNSS  ( 2210): PE_MSA:[MSA-DOPPLER]No location and no acq data, not do doppler consistence!
05-27 10:57:37.149 W/HIGNSS  ( 2210): PE_MSA:[MSA-REPORT] no gnss msr data to be report!
05-27 10:57:37.150 W/HIGNSS  ( 2210): CTL:can't find dst, 0x11110021
05-27 10:57:37.155 I/PowerManagerService( 2007): handleSandman: wakefulness: 1,startDreaming: false
05-27 10:57:37.155 W/HIGNSS  ( 2210): RIL:cannot get rat
05-27 10:57:37.155 W/HIGNSS  ( 2210): RIL:cannot get modem id
05-27 10:57:37.156 I/PowerManagerService( 2007): handleSandman: wakefulness: 1,startDreaming: false
05-27 10:57:37.347 E/BoosterUtil( 3859): convertSubIdToSlotId failed, subId:6, slotId:-1
05-27 10:57:37.347 E/BoosterUtil( 3859): getDefaultDataSlotId failed, invalid slotId:-1, subId:6
05-27 10:57:37.348 D/NpdcpAliveManager( 3859): ro.odm.npdcp_alive_cfg_enable is false
05-27 10:57:37.348 E/FourNetCombinationChr( 3859): getNetworkQoeInfo failed, qoeTcpDataOpt is null
05-27 10:57:37.662 E/Thermal-daemon:hw_thermal( 1056): [pa_0] tempNew :35  tempOld :36
05-27 10:57:37.663 E/Thermal-daemon:hw_thermal( 1056): Report temperature: [pa_0] temp :35  reportThreshold:1
05-27 10:57:38.146 W/HIGNSS  ( 2210): LS:[LSQ_SOLUTION] satellite num: 0 < 4
05-27 10:57:38.147 W/HIGNSS  ( 2210): CHR:[TCXO-BIAS-CHANGE] time: 2916, cnt: 60, valid: 0, freq_bias:-1022.000000, tempr:38.150002, sats_num: 0, qop: 0
05-27 10:57:38.148 W/HIGNSS  ( 2210): FUS:fusion results invalid, flag = 0!
05-27 10:57:38.149 W/HIGNSS  ( 2210): PE_CDPP:[NORMAL]location check failed, cdpp can not be done!
05-27 10:57:38.150 W/HIGNSS  ( 2210): PE_MSA:[MSA_SELECT]the num of sat can be reported is less than 4, report all valid data!
05-27 10:57:38.150 W/HIGNSS  ( 2210): PE_MSA:[MSA-DOPPLER]No location and no acq data, not do doppler consistence!
05-27 10:57:38.150 W/HIGNSS  ( 2210): PE_MSA:[MSA-REPORT] no gnss msr data to be report!
05-27 10:57:38.150 W/HIGNSS  ( 2210): CTL:can't find dst, 0x11110021
05-27 10:57:38.151 I/chatty  (  720): uid=1000(system) hisignss expire 96 lines
05-27 10:57:38.151 W/HIGNSS  ( 2210): RIL:cannot get rat
05-27 10:57:38.151 W/HIGNSS  ( 2210): RIL:cannot get modem id
05-27 10:57:38.155 I/PowerManagerService( 2007): handleSandman: wakefulness: 1,startDreaming: false
05-27 10:57:38.157 I/PowerManagerService( 2007): handleSandman: wakefulness: 1,startDreaming: false
05-27 10:57:38.367 E/BoosterUtil( 3859): convertSubIdToSlotId failed, subId:6, slotId:-1
05-27 10:57:38.367 E/BoosterUtil( 3859): getDefaultDataSlotId failed, invalid slotId:-1, subId:6
05-27 10:57:38.367 D/NpdcpAliveManager( 3859): ro.odm.npdcp_alive_cfg_enable is false
05-27 10:57:38.367 E/FourNetCombinationChr( 3859): getNetworkQoeInfo failed, qoeTcpDataOpt is null
05-27 10:57:39.022 D/HwConnectivityServiceEx( 2007): set 10512 wlan0 value false
05-27 10:57:39.146 W/HIGNSS  ( 2210): LS:[LSQ_SOLUTION] satellite num: 0 < 4
05-27 10:57:39.146 W/HIGNSS  ( 2210): CHR:[TCXO-BIAS-CHANGE] time: 2917, cnt: 60, valid: 0, freq_bias:-1022.000000, tempr:38.150002, sats_num: 0, qop: 0
05-27 10:57:39.147 W/HIGNSS  ( 2210): FUS:fusion results invalid, flag = 0!
05-27 10:57:39.148 W/HIGNSS  ( 2210): PE_CDPP:[NORMAL]location check failed, cdpp can not be done!
05-27 10:57:39.149 W/HIGNSS  ( 2210): PE_MSA:[MSA_SELECT]the num of sat can be reported is less than 4, report all valid data!
05-27 10:57:39.149 W/HIGNSS  ( 2210): PE_MSA:[MSA-DOPPLER]No location and no acq data, not do doppler consistence!
05-27 10:57:39.149 W/HIGNSS  ( 2210): PE_MSA:[MSA-REPORT] no gnss msr data to be report!
05-27 10:57:39.150 W/HIGNSS  ( 2210): CTL:can't find dst, 0x11110021
05-27 10:57:39.150 W/HIGNSS  ( 2210): RIL:cannot get rat
05-27 10:57:39.150 W/HIGNSS  ( 2210): RIL:cannot get modem id
05-27 10:57:39.151 I/chatty  ( 2007): uid=1000(system) HwBinder:2007_1 expire 34 lines
05-27 10:57:39.154 I/PowerManagerService( 2007): handleSandman: wakefulness: 1,startDreaming: false
05-27 10:57:39.155 I/PowerManagerService( 2007): handleSandman: wakefulness: 1,startDreaming: false
05-27 10:57:39.395 E/BoosterUtil( 3859): convertSubIdToSlotId failed, subId:6, slotId:-1
05-27 10:57:39.396 E/BoosterUtil( 3859): getDefaultDataSlotId failed, invalid slotId:-1, subId:6
05-27 10:57:39.396 D/NpdcpAliveManager( 3859): ro.odm.npdcp_alive_cfg_enable is false
05-27 10:57:39.396 E/FourNetCombinationChr( 3859): getNetworkQoeInfo failed, qoeTcpDataOpt is null
05-27 10:57:39.681 I/netd    (  670): trafficSwapActiveStatsMap() <21.62ms>
05-27 10:57:40.147 W/HIGNSS  ( 2210): LS:[LSQ_SOLUTION] satellite num: 0 < 4
05-27 10:57:40.147 W/HIGNSS  ( 2210): CHR:[TCXO-BIAS-CHANGE] time: 2918, cnt: 60, valid: 0, freq_bias:-1022.000000, tempr:38.150002, sats_num: 0, qop: 0
05-27 10:57:40.149 W/HIGNSS  ( 2210): FUS:fusion results invalid, flag = 0!
05-27 10:57:40.149 W/HIGNSS  ( 2210): PE_CDPP:[NORMAL]location check failed, cdpp can not be done!
05-27 10:57:40.151 W/HIGNSS  ( 2210): PE_MSA:[MSA_SELECT]the num of sat can be reported is less than 4, report all valid data!
05-27 10:57:40.151 W/HIGNSS  ( 2210): PE_MSA:[MSA-DOPPLER]No location and no acq data, not do doppler consistence!
05-27 10:57:40.151 W/HIGNSS  ( 2210): PE_MSA:[MSA-REPORT] no gnss msr data to be report!
05-27 10:57:40.151 W/HIGNSS  ( 2210): CTL:can't find dst, 0x11110021
05-27 10:57:40.152 W/HIGNSS  ( 2210): RIL:cannot get rat
05-27 10:57:40.152 W/HIGNSS  ( 2210): RIL:cannot get modem id
05-27 10:57:40.156 I/PowerManagerService( 2007): handleSandman: wakefulness: 1,startDreaming: false
05-27 10:57:40.157 I/PowerManagerService( 2007): handleSandman: wakefulness: 1,startDreaming: false
05-27 10:57:40.410 I/chatty  ( 3859): uid=1000(system) OllieAwareThrea expire 40 lines
05-27 10:57:40.411 E/BoosterUtil( 3859): convertSubIdToSlotId failed, subId:6, slotId:-1
05-27 10:57:40.411 E/BoosterUtil( 3859): getDefaultDataSlotId failed, invalid slotId:-1, subId:6
05-27 10:57:40.411 D/NpdcpAliveManager( 3859): ro.odm.npdcp_alive_cfg_enable is false
05-27 10:57:40.411 E/FourNetCombinationChr( 3859): getNetworkQoeInfo failed, qoeTcpDataOpt is null
05-27 10:57:41.009 D/HwConnectivityServiceEx( 2007): set 10512 wlan0 value false
05-27 10:57:41.029 I/chatty  (27313): uid=10512(com.huatu.handheld_huatu) expire 11 lines
05-27 10:57:41.147 W/HIGNSS  ( 2210): LS:[LSQ_SOLUTION] satellite num: 0 < 4
05-27 10:57:41.147 W/HIGNSS  ( 2210): CHR:[TCXO-BIAS-CHANGE] time: 2919, cnt: 60, valid: 0, freq_bias:-1022.000000, tempr:38.150002, sats_num: 0, qop: 0
05-27 10:57:41.149 W/HIGNSS  ( 2210): FUS:fusion results invalid, flag = 0!
05-27 10:57:41.149 W/HIGNSS  ( 2210): PE_CDPP:[NORMAL]location check failed, cdpp can not be done!
05-27 10:57:41.150 W/HIGNSS  ( 2210): PE_MSA:[MSA_SELECT]the num of sat can be reported is less than 4, report all valid data!
05-27 10:57:41.150 W/HIGNSS  ( 2210): PE_MSA:[MSA-DOPPLER]No location and no acq data, not do doppler consistence!
05-27 10:57:41.150 W/HIGNSS  ( 2210): PE_MSA:[MSA-REPORT] no gnss msr data to be report!
05-27 10:57:41.151 W/HIGNSS  ( 2210): CTL:can't find dst, 0x11110021
05-27 10:57:41.152 W/HIGNSS  ( 2210): RIL:cannot get rat
05-27 10:57:41.152 W/HIGNSS  ( 2210): RIL:cannot get modem id
05-27 10:57:41.156 I/PowerManagerService( 2007): handleSandman: wakefulness: 1,startDreaming: false
05-27 10:57:41.157 I/PowerManagerService( 2007): handleSandman: wakefulness: 1,startDreaming: false
05-27 10:57:41.309 E/Telephony-accessory( 4408): [HwPhoneAccessoryService]:Failed to get instance of HwPhoneAccessoryService, not init yet.
05-27 10:57:41.315 E/Telephony-accessory( 4408): [HwPhoneAccessoryService]:Failed to get instance of HwPhoneAccessoryService, not init yet.
05-27 10:57:41.442 I/chatty  ( 3859): uid=1000(system) JNITID-5578 expire 24 lines
05-27 10:57:41.443 E/BoosterUtil( 3859): convertSubIdToSlotId failed, subId:6, slotId:-1
05-27 10:57:41.443 E/BoosterUtil( 3859): getDefaultDataSlotId failed, invalid slotId:-1, subId:6
05-27 10:57:41.444 D/NpdcpAliveManager( 3859): ro.odm.npdcp_alive_cfg_enable is false
05-27 10:57:41.444 E/FourNetCombinationChr( 3859): getNetworkQoeInfo failed, qoeTcpDataOpt is null
05-27 10:57:41.457 E/SmartChgBase/File( 3635): file /data/user_de/0/com.huawei.systemmanager/files/smart_charge/base/mock/enable is invalid in IsFileExist
05-27 10:57:41.457 E/SmartChgBase/File( 3635): file /data/user_de/0/com.huawei.systemmanager/files/smart_charge/base/mock/enable is invalid in IsFileExist
05-27 10:57:41.810 I/aptouch_daemon(  932): check_idle_status, idle out.
05-27 10:57:41.829 I/aptouch_daemon(  932): print_log, touch:1, down:1 (+0)
05-27 10:57:41.830 I/chatty  ( 2007): uid=1000(system) InputReader expire 4 lines
05-27 10:57:41.835 I/chatty  ( 2007): uid=1000(system) InputDispatcher expire 18 lines
05-27 10:57:41.838 I/PowerManagerService( 2007): handleSandman: wakefulness: 1,startDreaming: false
05-27 10:57:42.146 W/HIGNSS  ( 2210): LS:[LSQ_SOLUTION] satellite num: 0 < 4
05-27 10:57:42.147 W/HIGNSS  ( 2210): CHR:[TCXO-BIAS-CHANGE] time: 2920, cnt: 60, valid: 0, freq_bias:-1022.000000, tempr:38.150002, sats_num: 0, qop: 0
05-27 10:57:42.149 W/HIGNSS  ( 2210): FUS:fusion results invalid, flag = 0!
05-27 10:57:42.150 W/HIGNSS  ( 2210): PE_CDPP:[NORMAL]location check failed, cdpp can not be done!
05-27 10:57:42.151 W/HIGNSS  ( 2210): PE_MSA:[MSA_SELECT]the num of sat can be reported is less than 4, report all valid data!
05-27 10:57:42.151 W/HIGNSS  ( 2210): PE_MSA:[MSA-DOPPLER]No location and no acq data, not do doppler consistence!
05-27 10:57:42.151 W/HIGNSS  ( 2210): PE_MSA:[MSA-REPORT] no gnss msr data to be report!
05-27 10:57:42.152 W/HIGNSS  ( 2210): RIL:cannot get rat
05-27 10:57:42.152 W/HIGNSS  ( 2210): RIL:cannot get modem id
05-27 10:57:42.152 W/HIGNSS  ( 2210): PE_MGR:[RC]: unhandled message: 0x00000529 in state: 0
05-27 10:57:42.152 E/bms_file( 4601): file /sys/class/hw_power/charger/direct_charger_sc/direct_charge_succ is invalid
05-27 10:57:42.153 W/HIGNSS  ( 2210): CTL:can't find dst, 0x11110021
05-27 10:57:42.169 E/bms_file( 4601): file /sys/class/hw_power/charger/direct_charger_sc/direct_charge_succ is invalid
05-27 10:57:42.200 E/bms_file( 4601): file /sys/class/hw_power/charger/direct_charger_sc/direct_charge_succ is invalid
05-27 10:57:42.201 I/bms_behavior( 4601): monitor interval count 490
05-27 10:57:42.256 I/chatty  ( 2007): uid=1000(system) PowerManagerSer identical 6 lines
05-27 10:57:42.369 I/aptouch_daemon(  932): print_log, touch:0, down:0 
05-27 10:57:42.372 I/PowerManagerService( 2007): handleSandman: wakefulness: 1,startDreaming: false
05-27 10:57:42.458 E/BoosterUtil( 3859): convertSubIdToSlotId failed, subId:6, slotId:-1
05-27 10:57:42.458 E/BoosterUtil( 3859): getDefaultDataSlotId failed, invalid slotId:-1, subId:6
05-27 10:57:42.458 D/NpdcpAliveManager( 3859): ro.odm.npdcp_alive_cfg_enable is false
05-27 10:57:42.458 E/FourNetCombinationChr( 3859): getNetworkQoeInfo failed, qoeTcpDataOpt is null
05-27 10:57:42.760 I/aptouch_daemon(  932): print_log, touch:1, down:1 (+0)
05-27 10:57:42.765 I/PowerManagerService( 2007): handleSandman: wakefulness: 1,startDreaming: false
05-27 10:57:42.868 I/chatty  ( 2007): uid=1000(system) PowerManagerSer identical 1 line
05-27 10:57:42.975 I/PowerManagerService( 2007): handleSandman: wakefulness: 1,startDreaming: false
05-27 10:57:43.014 D/HwConnectivityServiceEx( 2007): set 10512 wlan0 value false
05-27 10:57:43.082 I/PowerManagerService( 2007): handleSandman: wakefulness: 1,startDreaming: false
05-27 10:57:43.133 I/aptouch_daemon(  932): print_log, touch:0, down:0 
05-27 10:57:43.146 W/HIGNSS  ( 2210): LS:[LSQ_SOLUTION] satellite num: 0 < 4
05-27 10:57:43.146 W/HIGNSS  ( 2210): CHR:[TCXO-BIAS-CHANGE] time: 2921, cnt: 60, valid: 0, freq_bias:-1022.000000, tempr:38.150002, sats_num: 0, qop: 0
05-27 10:57:43.148 W/HIGNSS  ( 2210): FUS:fusion results invalid, flag = 0!
05-27 10:57:43.148 W/HIGNSS  ( 2210): PE_CDPP:[NORMAL]location check failed, cdpp can not be done!
05-27 10:57:43.149 W/HIGNSS  ( 2210): PE_MSA:[MSA_SELECT]the num of sat can be reported is less than 4, report all valid data!
05-27 10:57:43.149 W/HIGNSS  ( 2210): PE_MSA:[MSA-DOPPLER]No location and no acq data, not do doppler consistence!
05-27 10:57:43.149 W/HIGNSS  ( 2210): PE_MSA:[MSA-REPORT] no gnss msr data to be report!
05-27 10:57:43.150 W/HIGNSS  ( 2210): CTL:can't find dst, 0x11110021
05-27 10:57:43.154 I/chatty  ( 2007): uid=1000(system) PowerManagerSer identical 1 line
05-27 10:57:43.154 I/PowerManagerService( 2007): handleSandman: wakefulness: 1,startDreaming: false
05-27 10:57:43.301 I/HiBoard_13.0.1.318_NearbyServiceThreadUtil( 8080): handleMessage: 3
05-27 10:57:43.302 I/HiBoard_13.0.1.318_HmsLocationLogic( 8080): registerPoiFence
05-27 10:57:43.302 I/HiBoard_13.0.1.318_SettingsUtil( 8080): isAgreeProtocolBefore: true
05-27 10:57:43.303 I/HiBoard_13.0.1.318_SettingsUtil( 8080): isTotalVersionNumChanged isGetAgreeProtocolLessThanDefault:false
05-27 10:57:43.303 I/HiBoard_13.0.1.318_SettingsUtil( 8080): isOverSeaVersionChange isChinaRegion
05-27 10:57:43.303 I/HiBoard_13.0.1.318_SettingsUtil( 8080): isUserProtocolAgreeState:true
05-27 10:57:43.303 I/HiBoard_13.0.1.318_EmuiUtil( 8080): isEemui91Lower: ver= 27 ,name: EmotionUI_13.0.0
05-27 10:57:43.308 V/ActivityManager( 2007): Successfully start provider ContentProviderRecord{253c995 u0 com.huawei.intelligent/.main.database.IntelligentProvider} launchingApp=null caller pid= 8080
05-27 10:57:43.312 I/HiBoard_13.0.1.318_ServiceCardDataManager( 8080): loadLocalDisplayCards, start login true
05-27 10:57:43.312 I/HiBoard_13.0.1.318_HmsLocationLogic( 8080): registerPoiFence preConditionsAllPass:false. --- isInMainProcess=true, isUserProtocolAgreed=true, isEmui91OrUpper=true, isDomesticVersion=true, isSwitchOn=true, isLoginOrContainNativeNearByCard=true, isNearbyCardExist=false
05-27 10:57:43.313 I/HiBoard_13.0.1.318_FeedbackLogUtil( 8080): sLogQueue.size : 1
05-27 10:57:43.314 I/HiBoard_13.0.1.318_FeedbackLogUtil( 8080): checkLogSize files.length 16
05-27 10:57:43.314 I/HiBoard_13.0.1.318_NearbyServiceThreadUtil( 8080): handleMessage: 3
05-27 10:57:43.315 I/HiBoard_13.0.1.318_EmuiUtil( 8080): isEemui91Lower: ver= 27 ,name: EmotionUI_13.0.0
05-27 10:57:43.317 I/HiBoard_13.0.1.318_FeedbackLogUtil( 8080): getTxtFileList ,fileList size :15
05-27 10:57:43.327 W/HiBoard_13.0.1.318_ServiceFlowTable( 8080): parseFaBasicObjDefInfo jsonStr is null
05-27 10:57:43.327 W/HiBoard_13.0.1.318_ServiceFlowTable( 8080): parseFavorPos jsonStr is null
05-27 10:57:43.328 W/HiBoard_13.0.1.318_ServiceFlowTable( 8080): parseServiceBannerList  jsonStr is null
05-27 10:57:43.328 W/HiBoard_13.0.1.318_ServiceFlowTable( 8080): parseChildCustomCard jsonStr is null
