05-27 10:56:56.563 I/chatty  ( 2007): uid=1000(system) UEventObserver expire 6 lines
05-27 10:56:57.404 E/BoosterUtil( 3859): convertSubIdToSlotId failed, subId:6, slotId:-1
05-27 10:56:57.404 E/BoosterUtil( 3859): getDefaultDataSlotId failed, invalid slotId:-1, subId:6
05-27 10:56:57.404 D/NpdcpAliveManager( 3859): ro.odm.npdcp_alive_cfg_enable is false
05-27 10:56:57.404 E/FourNetCombinationChr( 3859): getNetworkQoeInfo failed, qoeTcpDataOpt is null
05-27 10:56:57.496 I/chatty  ( 2007): uid=1000(system) android.fg expire 1 line
05-27 10:56:57.559 I/PositionFenceSignalCollect( 3859): wifiDatas size 79 for recognize
05-27 10:56:57.559 E/PositionFenceRecognize( 3859): RecognizeByWifi fail, highPrecisionConfirmedFence is empty
05-27 10:56:57.559 E/PositionFenceRecognize( 3859): RecognizeByCellAndServeAp fail, cellDatas is empty
05-27 10:56:57.564 I/chatty  ( 2007): uid=1000(system) wifipro_feature expire 1 line
05-27 10:56:57.668 I/chatty  ( 2007): uid=1000(system) Binder:2007_8 expire 18 lines
05-27 10:56:57.678 I/chatty  ( 2007): uid=1000(system) HwActivityTaskM expire 2 lines
05-27 10:56:57.678 I/chatty  ( 2007): uid=1000(system) Thread-6 expire 4 lines
05-27 10:56:57.689 V/ActivityThread(27313): callActivityOnCreate
05-27 10:56:57.723 D/ActivityThread(27313): add activity client record, r= ActivityRecord{a94e858 token=android.os.BinderProxy@3ba6999 {com.huatu.handheld_huatu/com.zhihu.matisse.ui.MatisseActivity}} token= android.os.BinderProxy@3ba6999
05-27 10:56:57.740 E/Booster_MatterAppRecommend( 3859): [isMatterPackage]invalid mMatterPackagesConfig
05-27 10:56:57.749 I/chatty  ( 2007): uid=1000(system) Binder:2007_A expire 8 lines
05-27 10:56:57.752 I/HwCommandQueue( 3478): updateBarBgColor
05-27 10:56:57.752 D/HwCommandQueue( 3478): CommandQueue, setBarBackgroundColor
05-27 10:56:57.752 D/HwCommandQueue( 3478): CommandQueue, set Launcher StatusBar Color
05-27 10:56:57.777 D/HwCommandQueue( 3478): CommandQueue, set Launcher StatusBar Color
05-27 10:56:57.796 I/chatty  ( 2007): uid=1000(system) Binder:2007_11 expire 9 lines
05-27 10:56:58.283 W/ContextImpl( 3859): Calling a method in the system process without a qualified user: android.app.ContextImpl.sendBroadcast:1183 android.content.ContextWrapper.sendBroadcast:453 com.huawei.systemserver.mediaassist.HwMediaAssistantService.sendCameraChangeBroadcast:518 com.huawei.systemserver.mediaassist.HwMediaAssistantService.notifyCameraStateChange:246 com.huawei.systemserver.mediaassist.IMediaAssist$Stub.onTransact:67 
05-27 10:56:58.307 W/ContextImpl( 3859): Calling a method in the system process without a qualified user: android.app.ContextImpl.sendBroadcast:1183 android.content.ContextWrapper.sendBroadcast:453 com.huawei.systemserver.mediaassist.HwMediaAssistantService.sendCameraChangeBroadcast:518 com.huawei.systemserver.mediaassist.HwMediaAssistantService.notifyCameraStateChange:246 com.huawei.systemserver.mediaassist.IMediaAssist$Stub.onTransact:67 
05-27 10:56:58.434 E/BoosterUtil( 3859): convertSubIdToSlotId failed, subId:6, slotId:-1
05-27 10:56:58.434 E/BoosterUtil( 3859): getDefaultDataSlotId failed, invalid slotId:-1, subId:6
05-27 10:56:58.434 D/NpdcpAliveManager( 3859): ro.odm.npdcp_alive_cfg_enable is false
05-27 10:56:58.434 E/FourNetCombinationChr( 3859): getNetworkQoeInfo failed, qoeTcpDataOpt is null
05-27 10:56:59.454 E/BoosterUtil( 3859): convertSubIdToSlotId failed, subId:6, slotId:-1
05-27 10:56:59.454 E/BoosterUtil( 3859): getDefaultDataSlotId failed, invalid slotId:-1, subId:6
05-27 10:56:59.454 D/NpdcpAliveManager( 3859): ro.odm.npdcp_alive_cfg_enable is false
05-27 10:56:59.454 E/FourNetCombinationChr( 3859): getNetworkQoeInfo failed, qoeTcpDataOpt is null
05-27 10:57:00.152 I/chatty  ( 2007): uid=1000(system) PowerManagerSer expire 2 lines
05-27 10:57:00.153 I/chatty  ( 2007): uid=1000(system) Binder:2007_8 expire 4 lines
05-27 10:57:00.158 D/ActivityThread(27313): Won't deliver top position change in state=5
05-27 10:57:00.160 I/chatty  ( 2007): uid=1000(system) HwActivityTaskM expire 1 line
05-27 10:57:00.160 I/chatty  ( 2007): uid=1000(system) Thread-6 expire 2 lines
05-27 10:57:00.163 I/chatty  ( 2007): uid=1000(system) Binder:2007_8 expire 4 lines
05-27 10:57:00.179 E/Booster_MatterAppRecommend( 3859): [isMatterPackage]invalid mMatterPackagesConfig
05-27 10:57:00.182 I/chatty  ( 2007): uid=1000(system) HwActivityTaskM expire 1 line
05-27 10:57:00.182 I/chatty  ( 2007): uid=1000(system) Thread-6 expire 2 lines
05-27 10:57:00.184 I/chatty  ( 2007): uid=1000(system) Binder:2007_8 expire 4 lines
05-27 10:57:00.185 I/HwCommandQueue( 3478): updateBarBgColor
05-27 10:57:00.185 D/HwCommandQueue( 3478): CommandQueue, setBarBackgroundColor
05-27 10:57:00.185 I/chatty  ( 2007): uid=1000(system) android.ui expire 14 lines
05-27 10:57:00.187 D/HwCommandQueue( 3478): CommandQueue, set Launcher StatusBar Color
05-27 10:57:00.198 I/chatty  ( 2007): uid=1000(system) Binder:2007_A expire 25 lines
05-27 10:57:00.199 I/chatty  ( 2007): uid=1000 system_server expire 14 lines
05-27 10:57:00.199 W/ContextImpl( 3859): Calling a method in the system process without a qualified user: android.app.ContextImpl.sendBroadcast:1183 android.content.ContextWrapper.sendBroadcast:453 com.huawei.systemserver.mediaassist.HwMediaAssistantService.sendCameraChangeBroadcast:518 com.huawei.systemserver.mediaassist.HwMediaAssistantService.notifyCameraStateChange:246 com.huawei.systemserver.mediaassist.IMediaAssist$Stub.onTransact:67 
05-27 10:57:00.204 I/chatty  ( 2007): uid=1000(system) PowerManagerSer expire 23 lines
05-27 10:57:00.481 E/BoosterUtil( 3859): convertSubIdToSlotId failed, subId:6, slotId:-1
05-27 10:57:00.481 E/BoosterUtil( 3859): getDefaultDataSlotId failed, invalid slotId:-1, subId:6
05-27 10:57:00.481 D/NpdcpAliveManager( 3859): ro.odm.npdcp_alive_cfg_enable is false
05-27 10:57:00.481 E/FourNetCombinationChr( 3859): getNetworkQoeInfo failed, qoeTcpDataOpt is null
05-27 10:57:00.636 I/chatty  ( 2007): uid=1000(system) android.anim expire 45 lines
05-27 10:57:00.645 D/HwCommandQueue( 3478): CommandQueue, set Launcher StatusBar Color
05-27 10:57:00.649 I/chatty  ( 2007): uid=1000(system) android.display expire 12 lines
05-27 10:57:00.654 I/chatty  ( 2007): uid=1000(system) Binder:2007_8 expire 27 lines
05-27 10:57:00.804 W/ContextImpl( 3859): Calling a method in the system process without a qualified user: android.app.ContextImpl.sendBroadcast:1183 android.content.ContextWrapper.sendBroadcast:453 com.huawei.systemserver.mediaassist.HwMediaAssistantService.sendCameraChangeBroadcast:518 com.huawei.systemserver.mediaassist.HwMediaAssistantService.notifyCameraStateChange:246 com.huawei.systemserver.mediaassist.IMediaAssist$Stub.onTransact:67 
05-27 10:57:00.999 D/ActivityThread(27313): Remove activity client record, r= ActivityRecord{a94e858 token=android.os.BinderProxy@3ba6999 {com.huatu.handheld_huatu/com.zhihu.matisse.ui.MatisseActivity}} token= android.os.BinderProxy@3ba6999
05-27 10:57:00.999 I/ViewRootImpl(27313): dispatchDetachedFromWindow in doDie
05-27 10:57:01.499 E/BoosterUtil( 3859): convertSubIdToSlotId failed, subId:6, slotId:-1
05-27 10:57:01.499 E/BoosterUtil( 3859): getDefaultDataSlotId failed, invalid slotId:-1, subId:6
05-27 10:57:01.500 D/NpdcpAliveManager( 3859): ro.odm.npdcp_alive_cfg_enable is false
05-27 10:57:01.500 E/FourNetCombinationChr( 3859): getNetworkQoeInfo failed, qoeTcpDataOpt is null
05-27 10:57:02.531 E/BoosterUtil( 3859): convertSubIdToSlotId failed, subId:6, slotId:-1
05-27 10:57:02.531 E/BoosterUtil( 3859): getDefaultDataSlotId failed, invalid slotId:-1, subId:6
05-27 10:57:02.532 D/NpdcpAliveManager( 3859): ro.odm.npdcp_alive_cfg_enable is false
05-27 10:57:02.532 E/FourNetCombinationChr( 3859): getNetworkQoeInfo failed, qoeTcpDataOpt is null
05-27 10:57:02.870 I/chatty  ( 2007): uid=1000(system) MobileQosDetect expire 2 lines
05-27 10:57:02.968 I/chatty  ( 2007): uid=1000(system) Binder:2007_1A expire 21 lines
05-27 10:57:03.548 E/BoosterUtil( 3859): convertSubIdToSlotId failed, subId:6, slotId:-1
05-27 10:57:03.548 E/BoosterUtil( 3859): getDefaultDataSlotId failed, invalid slotId:-1, subId:6
05-27 10:57:03.548 D/NpdcpAliveManager( 3859): ro.odm.npdcp_alive_cfg_enable is false
05-27 10:57:03.550 E/FourNetCombinationChr( 3859): getNetworkQoeInfo failed, qoeTcpDataOpt is null
05-27 10:57:04.580 E/BoosterUtil( 3859): convertSubIdToSlotId failed, subId:6, slotId:-1
05-27 10:57:04.580 E/BoosterUtil( 3859): getDefaultDataSlotId failed, invalid slotId:-1, subId:6
05-27 10:57:04.580 D/NpdcpAliveManager( 3859): ro.odm.npdcp_alive_cfg_enable is false
05-27 10:57:04.581 E/FourNetCombinationChr( 3859): getNetworkQoeInfo failed, qoeTcpDataOpt is null
05-27 10:57:05.595 E/BoosterUtil( 3859): convertSubIdToSlotId failed, subId:6, slotId:-1
05-27 10:57:05.595 E/BoosterUtil( 3859): getDefaultDataSlotId failed, invalid slotId:-1, subId:6
05-27 10:57:05.596 D/NpdcpAliveManager( 3859): ro.odm.npdcp_alive_cfg_enable is false
05-27 10:57:05.596 E/FourNetCombinationChr( 3859): getNetworkQoeInfo failed, qoeTcpDataOpt is null
05-27 10:57:06.629 E/BoosterUtil( 3859): convertSubIdToSlotId failed, subId:6, slotId:-1
05-27 10:57:06.629 E/BoosterUtil( 3859): getDefaultDataSlotId failed, invalid slotId:-1, subId:6
05-27 10:57:06.629 D/NpdcpAliveManager( 3859): ro.odm.npdcp_alive_cfg_enable is false
05-27 10:57:06.630 E/FourNetCombinationChr( 3859): getNetworkQoeInfo failed, qoeTcpDataOpt is null
05-27 10:57:07.643 E/BoosterUtil( 3859): convertSubIdToSlotId failed, subId:6, slotId:-1
05-27 10:57:07.643 E/BoosterUtil( 3859): getDefaultDataSlotId failed, invalid slotId:-1, subId:6
05-27 10:57:07.643 D/NpdcpAliveManager( 3859): ro.odm.npdcp_alive_cfg_enable is false
05-27 10:57:07.644 E/FourNetCombinationChr( 3859): getNetworkQoeInfo failed, qoeTcpDataOpt is null
05-27 10:57:08.675 E/BoosterUtil( 3859): convertSubIdToSlotId failed, subId:6, slotId:-1
05-27 10:57:08.675 E/BoosterUtil( 3859): getDefaultDataSlotId failed, invalid slotId:-1, subId:6
05-27 10:57:08.676 D/NpdcpAliveManager( 3859): ro.odm.npdcp_alive_cfg_enable is false
05-27 10:57:08.676 E/FourNetCombinationChr( 3859): getNetworkQoeInfo failed, qoeTcpDataOpt is null
05-27 10:57:09.387 I/chatty  ( 2007): uid=1000(system) Binder:2007_19 expire 12 lines
05-27 10:57:09.420 D/HwCommandQueue( 3478): CommandQueue, set Launcher StatusBar Color
05-27 10:57:09.455 D/ActivityThread(27313): Won't deliver top position change in state=5
05-27 10:57:09.458 I/chatty  ( 2007): uid=1000(system) HwActivityTaskM expire 2 lines
05-27 10:57:09.458 I/chatty  ( 2007): uid=1000(system) Thread-6 expire 4 lines
05-27 10:57:09.477 E/Booster_MatterAppRecommend( 3859): [isMatterPackage]invalid mMatterPackagesConfig
05-27 10:57:09.484 I/HwCommandQueue( 3478): updateBarBgColor
05-27 10:57:09.484 D/HwCommandQueue( 3478): CommandQueue, setBarBackgroundColor
05-27 10:57:09.487 D/HwCommandQueue( 3478): CommandQueue, set Launcher StatusBar Color
05-27 10:57:09.517 D/HwCommandQueue( 3478): CommandQueue, set Launcher StatusBar Color
05-27 10:57:09.569 D/HwCommandQueue( 3478): CommandQueue, set Launcher StatusBar Color
05-27 10:57:09.599 D/HwCommandQueue( 3478): CommandQueue, set Launcher StatusBar Color
05-27 10:57:09.690 E/BoosterUtil( 3859): convertSubIdToSlotId failed, subId:6, slotId:-1
05-27 10:57:09.690 E/BoosterUtil( 3859): getDefaultDataSlotId failed, invalid slotId:-1, subId:6
05-27 10:57:09.691 D/NpdcpAliveManager( 3859): ro.odm.npdcp_alive_cfg_enable is false
05-27 10:57:09.691 E/FourNetCombinationChr( 3859): getNetworkQoeInfo failed, qoeTcpDataOpt is null
05-27 10:57:09.918 W/ContextImpl( 3859): Calling a method in the system process without a qualified user: android.app.ContextImpl.sendBroadcast:1183 android.content.ContextWrapper.sendBroadcast:453 com.huawei.systemserver.mediaassist.HwMediaAssistantService.sendCameraChangeBroadcast:518 com.huawei.systemserver.mediaassist.HwMediaAssistantService.notifyCameraStateChange:246 com.huawei.systemserver.mediaassist.IMediaAssist$Stub.onTransact:67 
05-27 10:57:09.938 W/ContextImpl( 3859): Calling a method in the system process without a qualified user: android.app.ContextImpl.sendBroadcast:1183 android.content.ContextWrapper.sendBroadcast:453 com.huawei.systemserver.mediaassist.HwMediaAssistantService.sendCameraChangeBroadcast:518 com.huawei.systemserver.mediaassist.HwMediaAssistantService.notifyCameraStateChange:246 com.huawei.systemserver.mediaassist.IMediaAssist$Stub.onTransact:67 
05-27 10:57:09.946 I/ViewRootImpl(27313): dispatchDetachedFromWindow in doDie
05-27 10:57:09.956 D/ActivityThread(27313): Remove activity client record, r= ActivityRecord{976a5e2 token=android.os.BinderProxy@6be2cc {com.huatu.handheld_huatu/com.huatu.handheld_huatu.business.essay.camera.TakePhotoActivity}} token= android.os.BinderProxy@6be2cc
05-27 10:57:09.956 I/ViewRootImpl(27313): dispatchDetachedFromWindow in doDie
05-27 10:57:09.967 I/chatty  ( 2007): uid=1000(system) Binder:2007_8 expire 2 lines
05-27 10:57:10.039 I/ViewRootImpl(27313): dispatchDetachedFromWindow in doDie
--------- beginning of main
05-27 10:57:10.044 D/HwaIppAlgoExeThread( 1057): [10588ca_64D] enter ~HwaIppAlgoExeThread(), algo name: VideoBokehDspAlgo
05-27 10:57:10.044 D/HwaIppAlgoExeParallel( 1057): [10588ca_64D] enter ~HwaIppAlgoExeParallel(), algo name: VideoBokehDspAlgo
05-27 10:57:10.044 D/HwaIppAlgoExecutor( 1057): [10588ca_64D] enter ~HwaIppAlgoExecutor(), algo name: VideoBokehDspAlgo
05-27 10:57:10.044 D/HwaIppAlgoExecutor( 1057): [10588ca_64D] enter ~HwaIppAlgoExecutor(), algo name: casioBeautyIpp
05-27 10:57:10.044 D/casioBeautyIpp( 1057): [10588ca_64D] enter ~casioBeautyIpp()
05-27 10:57:10.044 D/HwaIppAlgoExecutor( 1057): [10588ca_64D] enter ~HwaIppAlgoExecutor(), algo name: VidHanceGPU
05-27 10:57:10.044 D/VidEIS  ( 1057): [10588ca_64D] enter ~VidHanceGPU(), mType=0x100
05-27 10:57:10.044 D/HwaIppAlgoExecutor( 1057): [10588ca_64D] enter ~HwaIppAlgoExecutor(), algo name: MirrorDenoise
05-27 10:57:10.044 D/MirrorDenoise( 1057): [10588ca_64D] enter ~MirrorDenoise()
05-27 10:57:10.044 D/HwaIppAlgoExecutor( 1057): [10588ca_64D] enter ~HwaIppAlgoExecutor(), algo name: ColorEffect
05-27 10:57:10.044 D/ColorEffect( 1057): [10588ca_64D] enter ~ColorEffect()
05-27 10:57:10.044 D/HwaIppAlgoExecutor( 1057): [10588ca_64D] enter ~HwaIppAlgoExecutor(), algo name: NiceFoodIppAlgo
05-27 10:57:10.044 D/NiceFoodIppAlgo( 1057): [10588ca_64D] enter ~NiceFoodIppAlgo()
05-27 10:57:10.044 D/HwaIppAlgoExecutor( 1057): [10588ca_64D] enter ~HwaIppAlgoExecutor(), algo name: HwBeautyIpp
05-27 10:57:10.044 D/HwBeautyIpp( 1057): [10588ca_64D] enter ~HwBeautyIpp()
05-27 10:57:10.044 D/HwaIppAlgoExecutor( 1057): [10588ca_64D] enter ~HwaIppAlgoExecutor(), algo name: FrontBokehAlgo
05-27 10:57:10.044 D/HwaIppAlgoExecutor( 1057): [10588ca_64D] enter ~HwaIppAlgoExecutor(), algo name: Mono
05-27 10:57:10.044 D/Mono    ( 1057): [10588ca_64D] enter ~Mono()
05-27 10:57:10.044 D/HwaIppAlgoExecutor( 1057): [10588ca_64D] enter ~HwaIppAlgoExecutor(), algo name: SuperVideo
05-27 10:57:10.044 I/DLibLoader( 1057): [10588ca_64I] enter ~DLibLoader()
05-27 10:57:10.044 D/HwaIppAlgoExecutor( 1057): [10588ca_64D] enter ~HwaIppAlgoExecutor(), algo name: FairLightIpp
05-27 10:57:10.044 D/FairLight( 1057): [10588ca_64D] enter ~FairLightIpp()
05-27 10:57:10.044 I/ObjectDetectionDraw( 1057): [10588ca_64I] enter onDestroy()
05-27 10:57:10.044 D/LosMemPoolMonitor( 1057): [10588ca_64D] HwCamMem in unregisterAllocatorRef(), mAllocatorRef[Preview]=12, ObjectDetectionDraw -
05-27 10:57:10.044 D/HwaIppAlgoExecutor( 1057): [10588ca_64D] enter ~HwaIppAlgoExecutor(), algo name: ObjectDetectionDraw
05-27 10:57:10.044 D/HwaIppAlgoExecutor( 1057): [10588ca_64D] enter ~HwaIppAlgoExecutor(), algo name: MoviePortrait
05-27 10:57:10.044 I/MoviePortraitAlgo( 1057): [10588ca_64I] enter ~MoviePortraitAlgo()
05-27 10:57:10.044 D/HwaIppAlgoExecutor( 1057): [10588ca_64D] enter ~HwaIppAlgoExecutor(), algo name: MovieColorRsv
05-27 10:57:10.044 I/MovieColorRsv( 1057): [10588ca_64I] enter ~MovieColorRsvAlgo()
05-27 10:57:10.044 D/HwaIppAlgoExecutor( 1057): [10588ca_64D] enter ~HwaIppAlgoExecutor(), algo name: MovieFilter
05-27 10:57:10.044 D/MovieFilterAlgo( 1057): [10588ca_64D] enter ~MovieFilterAlgo()
05-27 10:57:10.044 D/HwaIppAlgoExecutor( 1057): [10588ca_64D] enter ~HwaIppAlgoExecutor(), algo name: Distort
05-27 10:57:10.044 D/HwaIppPluginImpl( 1057): [10588ca_64D] FRMC_ this=0x7d1c5ba800, ipptype=256, exit  destroy()
05-27 10:57:10.044 D/IppAlgo ( 1057): [HWA_CAM3]FRMC_ this=0x7d1c5dfa20, ipptype=256, name=PostIpp, exit destroyPlugin()
05-27 10:57:10.044 D/IppAlgo ( 1057): [HWA_CAM3]FRMC_ this=0x7d1c5df908, ipptype=0, name=StatIpp, enter destroyPlugin()
05-27 10:57:10.044 D/HwaIppPluginImpl( 1057): [10588ca_64D] FRMC_ this=0x7d1c5b9000, ipptype=0, enter destroy()
05-27 10:57:10.044 D/HwaIppAlgoExecutor( 1057): [10588ca_64D] enter ~HwaIppAlgoExecutor(), algo name: WiredSyncTest
05-27 10:57:10.044 D/HwaIppAlgoExeThread( 1057): [10588ca_64D] enter destroy(), algo name: FNFaceDetect
05-27 10:57:10.044 D/HwaIppAlgoExeThread( 1057): [10588ca_64D] enter ~HwaIppAlgoExeThread(), algo name: FNFaceDetect
05-27 10:57:10.045 D/FNFaceDetectAlgoProxy( 1057): [10588ca_64D] enter ~FNFaceDetectAlgoProxy
05-27 10:57:10.045 I/chatty  ( 2007): uid=1000(system) Binder:2007_1A expire 45 lines
05-27 10:57:10.045 D/RefBase ( 1057): RefBase: Explicit destruction, weak count = 0 (in 0x7d5e131680)
05-27 10:57:10.045 W/RefBase ( 1057): CallStack::getCurrentInternal not linked, returning null
05-27 10:57:10.045 W/RefBase ( 1057): CallStack::logStackInternal not linked
05-27 10:57:10.046 V/FNFaceDetectLibLoader( 1057): [10588ca_64V] enter destroyInstance()
05-27 10:57:10.046 I/DLibLoader( 1057): [10588ca_64I] enter unloadSo(), mSoName=libFNFD.so
05-27 10:57:10.046 V/FNFaceDetectLibLoader( 1057): [10588ca_64V] enter unloadFuns()
05-27 10:57:10.046 V/FNFaceDetectLibLoader( 1057): [10588ca_64V] enter setFunsToDefault()
05-27 10:57:10.046 V/FNFaceDetectLibLoader( 1057): [10588ca_64V] enter ~FNFDLibLoader()
05-27 10:57:10.046 I/DLibLoader( 1057): [10588ca_64I] enter ~DLibLoader()
05-27 10:57:10.046 I/DLibLoader( 1057): [10588ca_64I] enter unloadSo(), mSoName=libFNFFD.so
05-27 10:57:10.046 V/FNFaceDetectLibLoader( 1057): [10588ca_64V] enter unloadFuns()
05-27 10:57:10.046 V/FNFaceDetectLibLoader( 1057): [10588ca_64V] enter setFunsToDefault()
05-27 10:57:10.047 V/FNFaceDetectLibLoader( 1057): [10588ca_64V] enter ~FNFFDLibLoader()
05-27 10:57:10.047 I/DLibLoader( 1057): [10588ca_64I] enter ~DLibLoader()
05-27 10:57:10.047 V/FNFaceDetectLibLoader( 1057): [10588ca_64V] enter destroyInstance()
05-27 10:57:10.047 I/DLibLoader( 1057): [10588ca_64I] enter unloadSo(), mSoName=libIPU12DriverUser.so
05-27 10:57:10.047 V/FNFaceDetectLibLoader( 1057): [10588ca_64V] enter unloadFuns()
05-27 10:57:10.047 I/FNFaceDetectLibLoader( 1057): [10588ca_64I] enter setFunsToDefault()
05-27 10:57:10.047 V/FNFaceDetectLibLoader( 1057): [10588ca_64V] enter ~FNIPU12LibLoader()
05-27 10:57:10.047 I/DLibLoader( 1057): [10588ca_64I] enter ~DLibLoader()
05-27 10:57:10.047 E/FNFaceDetect( 1057): [10588ca_64E] onDestroy fail. ai facedetection proxy!
05-27 10:57:10.047 D/LosMemPoolMonitor( 1057): [10588ca_64D] HwCamMem in unregisterAllocatorRef(), mAllocatorRef[Preview]=11, FNFaceDetect -
05-27 10:57:10.047 D/HwaIppAlgoExecutor( 1057): [10588ca_64D] enter ~HwaIppAlgoExecutor(), algo name: FNFaceDetect
05-27 10:57:10.047 D/HwaIppAlgoExecutor( 1057): [10588ca_64D] enter ~HwaIppAlgoExecutor(), algo name: SceneDetection
05-27 10:57:10.047 D/SceneDetection( 1057): [10588ca_64D] enter ~SceneDetection()
05-27 10:57:10.047 D/IppAlgoSmartAE( 1057): [10588ca_64D] enter onDestroy()
05-27 10:57:10.047 D/IppAlgoSmartAE( 1057): [10588ca_64D] resetSceneAndComp() reset exposure compensation to 0.
05-27 10:57:10.047 D/LosMemPoolMonitor( 1057): [10588ca_64D] HwCamMem in unregisterAllocatorRef(), mAllocatorRef[Preview]=10, SmartAE -
05-27 10:57:10.047 D/IppAlgoSmartAE( 1057): [10588ca_64D] enter onUnloadLibrary()
05-27 10:57:10.047 I/DLibLoader( 1057): [10588ca_64I] enter unloadSo(), mSoName=libSmartAE.so
05-27 10:57:10.047 D/SmartAEDLibLoader( 1057): [10588ca_64D] enter unloadFuns()
05-27 10:57:10.048 D/HwaIppAlgoExecutor( 1057): [10588ca_64D] enter ~HwaIppAlgoExecutor(), algo name: SmartAE
05-27 10:57:10.048 D/IppAlgoSmartAE( 1057): [10588ca_64D] enter ~IppAlgoSmartAE()
05-27 10:57:10.048 D/IppAlgoSmartAE( 1057): [10588ca_64D] enter onUnloadLibrary()
05-27 10:57:10.048 E/IppAlgoSmartAE( 1057): [10588ca_64E] onUnloadLibrary() mSmartAESoState is unloaded ,so we not Uninit it!
05-27 10:57:10.048 D/SmartAEDLibLoader( 1057): [10588ca_64D] enter ~SmartAEDLibLoader()
05-27 10:57:10.048 I/DLibLoader( 1057): [10588ca_64I] enter ~DLibLoader()
05-27 10:57:10.048 D/HwaIppAlgoExecutor( 1057): [10588ca_64D] enter ~HwaIppAlgoExecutor(), algo name: SensorHdrIpp
05-27 10:57:10.048 D/SensorHdrIpp( 1057): [10588ca_64D] enter ~SensorHdrIpp()
05-27 10:57:10.048 D/HwaIppAlgoExeThread( 1057): [10588ca_64D] enter destroy(), algo name: IppAlgoDM
05-27 10:57:10.048 D/HwaIppAlgoExeThread( 1057): [10588ca_64D] enter ~HwaIppAlgoExeThread(), algo name: IppAlgoDM
05-27 10:57:10.048 D/IppAlgoDM( 1057): [10588ca_64D] enter onDestroy()
05-27 10:57:10.048 D/LosMemPoolMonitor( 1057): [10588ca_64D] HwCamMem in unregisterAllocatorRef(), mAllocatorRef[Preview]=9, IppAlgoDM -
05-27 10:57:10.048 D/HwaIppAlgoExecutor( 1057): [10588ca_64D] enter ~HwaIppAlgoExecutor(), algo name: IppAlgoDM
05-27 10:57:10.048 D/HwaIppAlgoExecutor( 1057): [10588ca_64D] enter ~HwaIppAlgoExecutor(), algo name: HwaDMapIpp
05-27 10:57:10.048 I/HwaDMapIpp( 1057): [10588ca_64I] enter ~HwaDMapIpp()
05-27 10:57:10.048 V/DualDepthVideoCalcLib( 1057): [10588ca_64V] enter ~DualDepthVideoCalcLib()
05-27 10:57:10.048 I/DLibLoader( 1057): [10588ca_64I] enter unloadSo(), mSoName=/vendor/lib64/libdcamera_stream.so
05-27 10:57:10.048 V/DualDepthVideoCalcLib( 1057): [10588ca_64V] enter unloadFuns()
05-27 10:57:10.048 V/DualDepthVideoCalcLib( 1057): [10588ca_64V] enter setFunsToDefault()
05-27 10:57:10.048 I/DLibLoader( 1057): [10588ca_64I] enter ~DLibLoader()
05-27 10:57:10.048 V/DualDepthVideoCalcLib( 1057): [10588ca_64V] destroy DualDepthVideoCalcLib destroy ref=0
05-27 10:57:10.049 D/HwaIppAlgoExeThread( 1057): [10588ca_64D] enter destroy(), algo name: Misc
05-27 10:57:10.049 D/HwaIppAlgoExeThread( 1057): [10588ca_64D] enter ~HwaIppAlgoExeThread(), algo name: Misc
05-27 10:57:10.049 D/Misc____( 1057): [10588ca_64D] enter onDestroy()
05-27 10:57:10.049 D/LosMemPoolMonitor( 1057): [10588ca_64D] HwCamMem in unregisterAllocatorRef(), mAllocatorRef[Preview]=8, Misc -
05-27 10:57:10.049 D/HwaIppAlgoExecutor( 1057): [10588ca_64D] enter ~HwaIppAlgoExecutor(), algo name: Misc
05-27 10:57:10.049 D/HwaIppAlgoExecutor( 1057): [10588ca_64D] enter ~HwaIppAlgoExecutor(), algo name: BShutterTryAE
05-27 10:57:10.049 D/HwaIppAlgoExeThread( 1057): [10588ca_64D] enter destroy(), algo name: AssistAF
05-27 10:57:10.049 D/HwaIppAlgoExeThread( 1057): [10588ca_64D] enter ~HwaIppAlgoExeThread(), algo name: AssistAF
05-27 10:57:10.049 D/AssistAF( 1057): [10588ca_64D] enter onDestroy()
05-27 10:57:10.049 D/LosMemPoolMonitor( 1057): [10588ca_64D] HwCamMem in unregisterAllocatorRef(), mAllocatorRef[Preview]=7, AssistAF -
05-27 10:57:10.049 D/HwaIppAlgoExecutor( 1057): [10588ca_64D] enter ~HwaIppAlgoExecutor(), algo name: AssistAF
05-27 10:57:10.049 D/AssistAF( 1057): [10588ca_64D] enter ~AssistAF()
05-27 10:57:10.049 D/HwaIppAlgoExeThread( 1057): [10588ca_64D] enter destroy(), algo name: LaserMgr
05-27 10:57:10.049 D/HwaIppAlgoExeThread( 1057): [10588ca_64D] enter ~HwaIppAlgoExeThread(), algo name: LaserMgr
05-27 10:57:10.049 I/LaserSelfCali( 1057): laser,laserSelfCali,deinitAlgo,0 0 0 0 0 0
05-27 10:57:10.049 D/LaserMgrLibLoader( 1057): [10588ca_64D] enter destroyInstance()
05-27 10:57:10.049 D/LaserMgrLibLoader( 1057): [10588ca_64D] enter setFunsToDefault()
05-27 10:57:10.049 I/DLibLoader( 1057): [10588ca_64I] enter unloadSo(), mSoName=libLaserSelfCali.so
05-27 10:57:10.049 D/LaserMgrLibLoader( 1057): [10588ca_64D] enter unloadFuns()
05-27 10:57:10.049 D/LaserMgrLibLoader( 1057): [10588ca_64D] enter ~LaserMgrLibLoader()
05-27 10:57:10.049 I/DLibLoader( 1057): [10588ca_64I] enter ~DLibLoader()
05-27 10:57:10.049 D/LosMemPoolMonitor( 1057): [10588ca_64D] HwCamMem in unregisterAllocatorRef(), mAllocatorRef[Preview]=6, LaserMgr -
05-27 10:57:10.049 D/HwaIppAlgoExecutor( 1057): [10588ca_64D] enter ~HwaIppAlgoExecutor(), algo name: LaserMgr
05-27 10:57:10.049 D/HwaIppAlgoExeThread( 1057): [10588ca_64D] enter destroy(), algo name: IspEnhncAlgo
05-27 10:57:10.049 D/HwaIppAlgoExeThread( 1057): [10588ca_64D] enter ~HwaIppAlgoExeThread(), algo name: IspEnhncAlgo
05-27 10:57:10.049 I/        ( 1057): [10588ca_64I] IspEnhncAlgoIpp:enter onDestroy()
05-27 10:57:10.049 I/YuvCalculate( 1057): enter ~YuvCalculate
05-27 10:57:10.049 I/AntiBanding( 1057): ~AntiBanding() enter ~AntiBanding
05-27 10:57:10.049 I/DLibLoader( 1057): [10588ca_64I] enter unloadSo(), mSoName=libispenhnc.so
05-27 10:57:10.050 I/DLibLoader( 1057): [10588ca_64I] enter ~DLibLoader()
05-27 10:57:10.050 D/LosMemPoolMonitor( 1057): [10588ca_64D] HwCamMem in unregisterAllocatorRef(), mAllocatorRef[Preview]=5, IspEnhncAlgo -
05-27 10:57:10.050 D/HwaIppAlgoExecutor( 1057): [10588ca_64D] enter ~HwaIppAlgoExecutor(), algo name: IspEnhncAlgo
05-27 10:57:10.050 I/        ( 1057): [10588ca_64I] IspEnhncAlgoIpp:enter ~~IspEnhncAlgoIpp()
05-27 10:57:10.050 D/HwaIppAlgoExeThread( 1057): [10588ca_64D] enter destroy(), algo name: AIQIppAlgo
05-27 10:57:10.050 D/HwaIppAlgoExeThread( 1057): [10588ca_64D] enter ~HwaIppAlgoExeThread(), algo name: AIQIppAlgo
05-27 10:57:10.050 I/DLibLoader( 1057): [10588ca_64I] enter unloadSo(), mSoName=libaiq.so
05-27 10:57:10.050 I/DLibLoader( 1057): [10588ca_64I] enter ~DLibLoader()
05-27 10:57:10.050 D/LosMemPoolMonitor( 1057): [10588ca_64D] HwCamMem in unregisterAllocatorRef(), mAllocatorRef[Preview]=4, AIQIppAlgo -
05-27 10:57:10.050 D/HwaIppAlgoExecutor( 1057): [10588ca_64D] enter ~HwaIppAlgoExecutor(), algo name: AIQIppAlgo
05-27 10:57:10.050 D/OisMgr  ( 1057): [10588ca_64D] enter onDestroy()
05-27 10:57:10.050 D/LosMemPoolMonitor( 1057): [10588ca_64D] HwCamMem in unregisterAllocatorRef(), mAllocatorRef[Preview]=3, OisMgr -
05-27 10:57:10.050 D/HwaIppAlgoExecutor( 1057): [10588ca_64D] enter ~HwaIppAlgoExecutor(), algo name: OisMgr
05-27 10:57:10.050 D/OisMgr  ( 1057): [10588ca_64D] enter ~OisMgr()
05-27 10:57:10.050 D/HwaIppAlgoExecutor( 1057): [10588ca_64D] enter ~HwaIppAlgoExecutor(), algo name: AgeGender
05-27 10:57:10.050 D/HwaIppAlgoExecutor( 1057): [10588ca_64D] enter ~HwaIppAlgoExecutor(), algo name: HwFaceAttr
05-27 10:57:10.050 D/MultiScale( 1057): [10588ca_64D] enter onDestroy()
05-27 10:57:10.050 D/LosMemPoolMonitor( 1057): [10588ca_64D] HwCamMem in unregisterAllocatorRef(), mAllocatorRef[Preview]=2, MultiScale -
05-27 10:57:10.050 D/HwaIppAlgoExecutor( 1057): [10588ca_64D] enter ~HwaIppAlgoExecutor(), algo name: MultiScale
05-27 10:57:10.050 D/HwaIppAlgoExecutor( 1057): [10588ca_64D] enter ~HwaIppAlgoExecutor(), algo name: ModeRecommendation
05-27 10:57:10.050 I/MRMain  ( 1057): [10588ca_64I] enter ~ModeRecommendation()
05-27 10:57:10.051 D/HwaIppAlgoExecutor( 1057): [10588ca_64D] enter ~HwaIppAlgoExecutor(), algo name: SuperCamModeRecom
05-27 10:57:10.051 I/SuperCamRecom( 1057): [10588ca_64I] enter ~SuperCameraModeRecom()
05-27 10:57:10.051 D/HwaIppAlgoExeThread( 1057): [10588ca_64D] enter destroy(), algo name: CIEProxy
05-27 10:57:10.051 D/HwaIppAlgoExeThread( 1057): [10588ca_64D] enter ~HwaIppAlgoExeThread(), algo name: CIEProxy
05-27 10:57:10.051 D/CIEProxy( 1057): Enter CIEProxy::onDestroy
05-27 10:57:10.051 I/CIEProxy( 1057): CIEProxyLibLoaderMgr::getFunction::find CIEDestory in lib /vendor/lib64/libcie.so successfully.
05-27 10:57:10.051 I/cie     ( 1057): Enter CIE::onDestory
05-27 10:57:10.051 I/cie     ( 1057): CIE::onDestory::FaceStoryAlgo algo is disabled, destory bypass 
05-27 10:57:10.051 I/chatty  ( 2007): uid=1000(system) android.ui expire 22 lines
05-27 10:57:10.052 D/HwCommandQueue( 3478): CommandQueue, set Launcher StatusBar Color
05-27 10:57:10.052 I/StatusBarLayout( 3478): refreshTint: tint: e5ffffff
05-27 10:57:10.056 I/cie     ( 1057): Enter CIE::~CIE
05-27 10:57:10.056 I/cie     ( 1057): Enter AiEngineObjectDetection::~ObjectDetectionAlgo
05-27 10:57:10.057 I/cie     ( 1057): Enter SceneRecognition::~SceneRecognition
05-27 10:57:10.057 I/cie     ( 1057): SceneStabilization::~SceneStabilization:: Exit!
05-27 10:57:10.057 I/cie     ( 1057): Enter FoodRecognition::~FoodRecognition
05-27 10:57:10.057 I/cie     ( 1057): Enter HiTracking::~HiTracking
05-27 10:57:10.057 I/cie     ( 1057): Enter FaceStoryAlgo::~FaceStoryAlgo
05-27 10:57:10.057 I/cie     ( 1057): PublicBufMgr::~PublicBufMgr
05-27 10:57:10.057 I/        ( 1057): Enter CIEClientMgr::~CIEClientMgr
05-27 10:57:10.057 I/        ( 1057): Leave CIEClientMgr::~CIEClientMgr
05-27 10:57:10.057 D/CIEProxy( 1057): Leave CIEProxy::onDestroy
05-27 10:57:10.057 D/LosMemPoolMonitor( 1057): [10588ca_64D] HwCamMem in unregisterAllocatorRef(), mAllocatorRef[Preview]=1, CIEProxy -
05-27 10:57:10.057 D/HwaIppAlgoExecutor( 1057): [10588ca_64D] enter ~HwaIppAlgoExecutor(), algo name: CIEProxy
05-27 10:57:10.057 D/CIEProxy( 1057): Enter CIEProxy::~CIEProxy
05-27 10:57:10.058 I/CIEProxy( 1057): CIEProxyLibLoaderMgr::unLoadCIELib::dlclose lib /vendor/lib64/libcie.so successfully.
05-27 10:57:10.058 D/HwaIppAlgoExeThread( 1057): [10588ca_64D] enter destroy(), algo name: SmartZoom
05-27 10:57:10.058 D/HwaIppAlgoExeThread( 1057): [10588ca_64D] enter ~HwaIppAlgoExeThread(), algo name: SmartZoom
05-27 10:57:10.058 I/SmartZoom( 1057): [10588ca_64I] enter onDestroy(), mInit = 1
05-27 10:57:10.058 I/MemPoolMonitor( 1057): [10588ca_64I] HwCamMem enter checkMemChunkLeak(), allocateType=1
05-27 10:57:10.058 I/MemPoolMonitor( 1057): [10588ca_64I] HwCamMem exit checkMemChunkLeak(), allocateType=1, isMemLeaked=0
05-27 10:57:10.058 D/LosMemPoolMonitor( 1057): [10588ca_64D] HwCamMem in unregisterAllocatorRef(), mAllocatorRef[Preview]=0, SmartZoom -
05-27 10:57:10.058 D/LosMemPoolMonitor( 1057): [10588ca_64D] HwCamMem checkMemChunkLeak() mUsedSizeByType[1] = 0 mLeakedSizeByType = 0, but no chunk leaked!
05-27 10:57:10.058 D/LosMemPoolMonitor( 1057): [10588ca_64D] HwCamMem exit checkMemChunkLeak(), allocateType=1, isMemLeaked=0
05-27 10:57:10.058 I/LosMemPoolImpl( 1057): [10588ca_64I] HwCamMem enter clearAll
05-27 10:57:10.058 D/LosMemPoolImpl( 1057): [10588ca_64D] HwCamMem prevForceFree, prevAllNeed 0(prevAllNeedPeak 0 prevAll 0), freeSize 0
05-27 10:57:10.058 W/LosMemPoolImpl( 1057): [10588ca_64W] HwCamMem clearAll stopped because needClearPools is false
05-27 10:57:10.058 D/HwaIppAlgoExecutor( 1057): [10588ca_64D] enter ~HwaIppAlgoExecutor(), algo name: SmartZoom
05-27 10:57:10.058 I/SmartZoom( 1057): [10588ca_64I] enter ~SmartZoom()
05-27 10:57:10.058 I/HwaStatInfo( 1057): [10588ca_64I] enter uninitialize()
05-27 10:57:10.058 D/HwaIppPluginImpl( 1057): [10588ca_64D] FRMC_ this=0x7d1c5b9000, ipptype=0, exit  destroy()
05-27 10:57:10.058 D/IppAlgo ( 1057): [HWA_CAM3]FRMC_ this=0x7d1c5df908, ipptype=0, name=StatIpp, exit destroyPlugin()
05-27 10:57:10.058 D/IppAlgo ( 1057): [HWA_CAM3]FRMC_ this=0x7d1c5dfdd8, ipptype=4096, name=DmapIpp, enter destroyPlugin()
05-27 10:57:10.058 D/HwaIppPluginImpl( 1057): [10588ca_64D] FRMC_ this=0x7cef84a000, ipptype=4096, enter destroy()
05-27 10:57:10.058 D/HwaIppPluginImpl( 1057): [10588ca_64D] FRMC_ this=0x7cef84a000, ipptype=4096, exit  destroy()
05-27 10:57:10.058 D/IppAlgo ( 1057): [HWA_CAM3]FRMC_ this=0x7d1c5dfdd8, ipptype=4096, name=DmapIpp, exit destroyPlugin()
05-27 10:57:10.058 D/IppAlgo ( 1057): [HWA_CAM3]FRMC_ this=0x7d1c5e0bf8, ipptype=1, name=TofIpp, enter destroyPlugin()
05-27 10:57:10.058 D/HwaIppPluginImpl( 1057): [10588ca_64D] FRMC_ this=0x7cef880000, ipptype=1, enter destroy()
05-27 10:57:10.058 D/HwaIppPluginImpl( 1057): [10588ca_64D] FRMC_ this=0x7cef880000, ipptype=1, exit  destroy()
05-27 10:57:10.058 D/IppAlgo ( 1057): [HWA_CAM3]FRMC_ this=0x7d1c5e0bf8, ipptype=1, name=TofIpp, exit destroyPlugin()
05-27 10:57:10.058 D/IppAlgo ( 1057): [HWA_CAM3]FRMC_ this=0x7d1c5e0fa8, ipptype=4096, name=PreviewVideoIpp, enter destroyPlugin()
05-27 10:57:10.058 D/HwaIppPluginImpl( 1057): [10588ca_64D] FRMC_ this=0x7cef881800, ipptype=65536, enter destroy()
05-27 10:57:10.058 D/HwaIppAlgoExecutor( 1057): [10588ca_64D] enter ~HwaIppAlgoExecutor(), algo name: VidHanceGPU
05-27 10:57:10.058 D/VidEIS  ( 1057): [10588ca_64D] enter ~VidHanceGPU(), mType=0x10000
05-27 10:57:10.058 D/HwaIppPluginImpl( 1057): [10588ca_64D] FRMC_ this=0x7cef881800, ipptype=65536, exit  destroy()
05-27 10:57:10.058 D/IppAlgo ( 1057): [HWA_CAM3]FRMC_ this=0x7d1c5e0fa8, ipptype=4096, name=PreviewVideoIpp, exit destroyPlugin()
05-27 10:57:10.058 D/IppAlgo ( 1057): [HWA_CAM3]FRMC_ this=0x7d1c5e1368, ipptype=4096, name=RecordVideoIpp, enter destroyPlugin()
05-27 10:57:10.058 D/HwaIppPluginImpl( 1057): [10588ca_64D] FRMC_ this=0x7cef883000, ipptype=131072, enter destroy()
05-27 10:57:10.058 D/HwaIppAlgoExecutor( 1057): [10588ca_64D] enter ~HwaIppAlgoExecutor(), algo name: VidHanceGPU
05-27 10:57:10.058 D/VidEIS  ( 1057): [10588ca_64D] enter ~VidHanceGPU(), mType=0x20000
05-27 10:57:10.058 D/HwaIppAlgoExecutor( 1057): [10588ca_64D] enter ~HwaIppAlgoExecutor(), algo name: VideoHdr
05-27 10:57:10.058 D/VideoHdrIppAlgo( 1057): [10588ca_64D] enter ~VideoHdrIppAlgo()
05-27 10:57:10.058 D/HwaIppAlgoExecutor( 1057): [10588ca_64D] enter ~HwaIppAlgoExecutor(), algo name: WatermarkIpp
05-27 10:57:10.058 I/WatermarkIpp( 1057): [10588ca_64I] enter ~WatermarkIpp()
05-27 10:57:10.058 D/HwaIppPluginImpl( 1057): [10588ca_64D] FRMC_ this=0x7cef883000, ipptype=131072, exit  destroy()
05-27 10:57:10.058 D/IppAlgo ( 1057): [HWA_CAM3]FRMC_ this=0x7d1c5e1368, ipptype=4096, name=RecordVideoIpp, exit destroyPlugin()
05-27 10:57:10.058 D/PpAlgo  ( 1057): [HWA_CAM3]algo=PostPp KEY_CA_CAM3 SNAP enter notifyCameraClose snapShotId=0
05-27 10:57:10.058 D/HwaPPExecuter( 1057): [10588ca_64D] SNAP ALGO enter notifyCameraClose
05-27 10:57:10.058 D/EventCallbackImpl( 1057): [HWA_CAM3]enter notifyStopPostProc()
05-27 10:57:10.058 D/LosMemPoolImpl( 1057): [10588ca_64D] HwCamMem enter cameraClose
05-27 10:57:10.058 D/PpAlgo  ( 1057): [HWA_CAM3]algo=ForePp KEY_CA_CAM3 SNAP enter notifyFpCameraClose snapShotId=0
05-27 10:57:10.058 D/AlgoFilterManager( 1057): [HWA_CAM3]KEY_CA_CAM3 exit destroyPlugin, mPipeLineId=8, mIsPlugInCreated=0
05-27 10:57:10.058 D/ImagingSystem( 1057): STAGELIFECTRL end to detach every StageBase, pipelineId=21
05-27 10:57:10.060 I/        ( 1057): HwCamMem checkMemPool dumpMemInfo CHECK_INTERVAL:5000 ms, passTime:8455 ms
05-27 10:57:10.060 E/MemPoolMonitor( 1057): [10588ca_64E] checkEfficiency(), allSize = 0
05-27 10:57:10.060 D/HwCommandQueue( 3478): CommandQueue, set Launcher StatusBar Color
05-27 10:57:10.067 I/chatty  ( 2007): uid=1000 system_server expire 7 lines
05-27 10:57:10.072 I/StatusBarLayout( 3478): refreshTint: tint: e5ffffff
05-27 10:57:10.073 I/StatusBarLayout( 3478): refreshTint: tint: 99000000
05-27 10:57:10.081 I/PG_ash  ( 3780): view add pid:27313 uid:10512
05-27 10:57:10.082 I/ring_expand(11208): floatImeState : false
05-27 10:57:10.082 I/ring_expand(11208): isLeftrightSplit : false
05-27 10:57:10.082 I/ring_expand(11208): is_compress : false
05-27 10:57:10.082 I/ring_expand(11208): final Global.screenW = 1080
05-27 10:57:10.082 I/HuaweiIME(11208): SysInfo.getSysParam: orientation=1||config d=3.0,w=1080,h=2139||metrics d=3.0,w=1080,h=2139||sdk=29,bar_h=75||appScale=3.3,sysScale=3.0||isMultiWin=false,isPadMode=false, boardw=1080, boardH=705, candH=130, boardL=0, boardR=1080, ver=8.2.39.938, realW=1080, realH=2340, isInLargeWinMode=false, displayId=0, cuid=8470EE-65D772-731B22-91BGG3-F3FGF0-26
05-27 10:57:10.083 I/HuaweiIME(11208): isPortrait-adjustOffset-r: 5
05-27 10:57:10.083 I/HuaweiIME(11208):  isNight : false
05-27 10:57:10.095 I/chatty  (  724): uid=1000(system) displayengine@1 expire 8 lines
05-27 10:57:10.095 I/chatty  (  724): uid=1000(system) displayengine@1 expire 10 lines
05-27 10:57:10.106 I/chatty  ( 2007): uid=1000(system) android.anim expire 52 lines
05-27 10:57:10.146 W/HIGNSS  ( 2210): LS:[LSQ_SOLUTION] satellite num: 0 < 4
05-27 10:57:10.146 W/HIGNSS  ( 2210): CHR:[TCXO-BIAS-CHANGE] time: 2888, cnt: 60, valid: 0, freq_bias:-1022.000000, tempr:38.150002, sats_num: 0, qop: 0
05-27 10:57:10.147 W/HIGNSS  ( 2210): FUS:fusion results invalid, flag = 0!
05-27 10:57:10.147 W/HIGNSS  ( 2210): PE_CDPP:[NORMAL]location check failed, cdpp can not be done!
05-27 10:57:10.148 W/HIGNSS  ( 2210): PE_MSA:[MSA_SELECT]the num of sat can be reported is less than 4, report all valid data!
05-27 10:57:10.148 W/HIGNSS  ( 2210): PE_MSA:[MSA-DOPPLER]No location and no acq data, not do doppler consistence!
05-27 10:57:10.148 W/HIGNSS  ( 2210): PE_MSA:[MSA-REPORT] no gnss msr data to be report!
05-27 10:57:10.148 W/HIGNSS  ( 2210): CTL:can't find dst, 0x11110021
05-27 10:57:10.149 W/HIGNSS  ( 2210): RIL:cannot get rat
05-27 10:57:10.150 W/HIGNSS  ( 2210): RIL:cannot get modem id
05-27 10:57:10.150 I/chatty  ( 2007): uid=1000(system) PowerManagerSer expire 18 lines
05-27 10:57:10.158 I/LosMemPoolImpl( 1057): [10588ca_64I] HwCamMem enter clearAll
05-27 10:57:10.158 D/LosMemPoolImpl( 1057): [10588ca_64D] HwCamMem prevForceFree, prevAllNeed 0(prevAllNeedPeak 0 prevAll 0), freeSize 0
05-27 10:57:10.158 I/LosMemPoolImpl( 1057): [10588ca_64I] HwCamMem  clearAll free all pool success
05-27 10:57:10.158 D/LosMemPoolImpl( 1057): [10588ca_64D] HwCamMem clearAll uploadLosMemConfig
05-27 10:57:10.159 I/        ( 1057): mempoolcfg case CLEAR_ALL, handleMessage
05-27 10:57:10.159 E/MemPoolMonitor( 1057): [10588ca_64E] checkEfficiency(), allSize = 0
05-27 10:57:10.159 E/MemPoolMonitor( 1057): [10588ca_64E] checkEfficiency(), allSize = 0
05-27 10:57:10.217 W/migration/6(   47): type=1400 audit(0.0:76514): avc: granted { setsched } for pid=47 scontext=u:r:kernel:s0 tcontext=u:r:kernel:s0 tclass=process
05-27 10:57:10.229 E/hisi_effect(  724): getSupported:278: Unsupported display effect feature!!
05-27 10:57:10.230 I/hisi_effect(  724): SetEffectInfo:367: modules=20 dispPanelId=0
05-27 10:57:10.246 E/hisi_effect(  724): getSupported:278: Unsupported display effect feature!!
05-27 10:57:10.247 I/hisi_effect(  724): SetEffectInfo:367: modules=20 dispPanelId=0
05-27 10:57:10.263 E/hisi_effect(  724): getSupported:278: Unsupported display effect feature!!
05-27 10:57:10.263 I/hisi_effect(  724): SetEffectInfo:367: modules=20 dispPanelId=0
05-27 10:57:10.280 E/hisi_effect(  724): getSupported:278: Unsupported display effect feature!!
05-27 10:57:10.280 I/hisi_effect(  724): SetEffectInfo:367: modules=20 dispPanelId=0
05-27 10:57:10.296 E/hisi_effect(  724): getSupported:278: Unsupported display effect feature!!
05-27 10:57:10.297 I/hisi_effect(  724): SetEffectInfo:367: modules=20 dispPanelId=0
05-27 10:57:10.313 E/hisi_effect(  724): getSupported:278: Unsupported display effect feature!!
05-27 10:57:10.314 I/hisi_effect(  724): SetEffectInfo:367: modules=20 dispPanelId=0
05-27 10:57:10.330 E/hisi_effect(  724): getSupported:278: Unsupported display effect feature!!
05-27 10:57:10.330 I/hisi_effect(  724): SetEffectInfo:367: modules=20 dispPanelId=0
05-27 10:57:10.347 I/hisi_effect(  724): SetEffectInfo:367: modules=20 dispPanelId=0
05-27 10:57:10.347 E/hisi_effect(  724): getSupported:278: Unsupported display effect feature!!
05-27 10:57:10.349 I/chatty  (27313): uid=10512(com.huatu.handheld_huatu) expire 14 lines
05-27 10:57:10.364 E/hisi_effect(  724): getSupported:278: Unsupported display effect feature!!
05-27 10:57:10.364 I/hisi_effect(  724): SetEffectInfo:367: modules=20 dispPanelId=0
05-27 10:57:10.380 E/hisi_effect(  724): getSupported:278: Unsupported display effect feature!!
05-27 10:57:10.381 I/hisi_effect(  724): SetEffectInfo:367: modules=20 dispPanelId=0
05-27 10:57:10.397 E/hisi_effect(  724): getSupported:278: Unsupported display effect feature!!
05-27 10:57:10.398 I/hisi_effect(  724): SetEffectInfo:367: modules=20 dispPanelId=0
05-27 10:57:10.414 E/hisi_effect(  724): getSupported:278: Unsupported display effect feature!!
05-27 10:57:10.415 I/hisi_effect(  724): SetEffectInfo:367: modules=20 dispPanelId=0
05-27 10:57:10.418 I/FusionD ( 1081): (FdOnArData:493):ar count 1
05-27 10:57:10.418 I/AR_FusionD( 1081): (SendMessage:432):socket 14 send 32 data: 
05-27 10:57:10.420 I/HwLBSService HigeoLocationManager(20097): receive onHigeoEventCallback type = 2
05-27 10:57:10.420 I/HwLBSService HigeoLocationManager(20097): sendHigeoCallbackEvent, type: 2
05-27 10:57:10.420 I/FusionD ( 1081): (SetArStatus:547):setArStatus done.
05-27 10:57:10.431 E/hisi_effect(  724): getSupported:278: Unsupported display effect feature!!
05-27 10:57:10.432 I/hisi_effect(  724): SetEffectInfo:367: modules=20 dispPanelId=0
05-27 10:57:10.448 E/hisi_effect(  724): getSupported:278: Unsupported display effect feature!!
05-27 10:57:10.448 I/hisi_effect(  724): SetEffectInfo:367: modules=20 dispPanelId=0
05-27 10:57:10.465 E/hisi_effect(  724): getSupported:278: Unsupported display effect feature!!
05-27 10:57:10.465 I/hisi_effect(  724): SetEffectInfo:367: modules=20 dispPanelId=0
05-27 10:57:10.481 W/ContentSensor_13.10.10.204_ContentSensorService(10575): mEventListener is null 
05-27 10:57:10.481 I/CAWARENESS_31424_AbilityContext(20835): [1685156237855] deliver {dataId=1001000011, mode=0} to 1 receivers
05-27 10:57:10.482 E/hisi_effect(  724): getSupported:278: Unsupported display effect feature!!
05-27 10:57:10.482 I/hisi_effect(  724): SetEffectInfo:367: modules=20 dispPanelId=0
05-27 10:57:10.498 E/hisi_effect(  724): getSupported:278: Unsupported display effect feature!!
05-27 10:57:10.499 I/hisi_effect(  724): SetEffectInfo:367: modules=20 dispPanelId=0
05-27 10:57:10.515 E/hisi_effect(  724): getSupported:278: Unsupported display effect feature!!
05-27 10:57:10.516 I/hisi_effect(  724): SetEffectInfo:367: modules=20 dispPanelId=0
05-27 10:57:10.532 E/hisi_effect(  724): getSupported:278: Unsupported display effect feature!!
05-27 10:57:10.532 I/hisi_effect(  724): SetEffectInfo:367: modules=20 dispPanelId=0
05-27 10:57:10.549 E/hisi_effect(  724): getSupported:278: Unsupported display effect feature!!
05-27 10:57:10.549 I/hisi_effect(  724): SetEffectInfo:367: modules=20 dispPanelId=0
05-27 10:57:10.566 E/hisi_effect(  724): getSupported:278: Unsupported display effect feature!!
05-27 10:57:10.566 I/hisi_effect(  724): SetEffectInfo:367: modules=20 dispPanelId=0
05-27 10:57:10.583 E/hisi_effect(  724): getSupported:278: Unsupported display effect feature!!
05-27 10:57:10.583 I/hisi_effect(  724): SetEffectInfo:367: modules=20 dispPanelId=0
05-27 10:57:10.599 E/hisi_effect(  724): getSupported:278: Unsupported display effect feature!!
05-27 10:57:10.600 I/hisi_effect(  724): SetEffectInfo:367: modules=20 dispPanelId=0
05-27 10:57:10.701 I/hisi_effect(  724): SetEffectInfo:367: modules=20 dispPanelId=0
05-27 10:57:10.723 E/BoosterUtil( 3859): convertSubIdToSlotId failed, subId:6, slotId:-1
05-27 10:57:10.723 E/BoosterUtil( 3859): getDefaultDataSlotId failed, invalid slotId:-1, subId:6
05-27 10:57:10.723 D/NpdcpAliveManager( 3859): ro.odm.npdcp_alive_cfg_enable is false
05-27 10:57:10.724 E/FourNetCombinationChr( 3859): getNetworkQoeInfo failed, qoeTcpDataOpt is null
05-27 10:57:10.735 I/hisi_effect(  724): SetEffectInfo:367: modules=20 dispPanelId=0
05-27 10:57:10.768 I/hisi_effect(  724): SetEffectInfo:367: modules=20 dispPanelId=0
05-27 10:57:10.872 I/chatty  ( 2007): uid=1000(system) HuaweiWifiWatch expire 17 lines
05-27 10:57:10.874 I/chatty  ( 2007): uid=1000(system) MobileQosDetect expire 1 line
05-27 10:57:10.878 I/aptouch_daemon(  932): check_idle_status, idle in. 100
05-27 10:57:11.146 W/HIGNSS  ( 2210): LS:[LSQ_SOLUTION] satellite num: 0 < 4
05-27 10:57:11.147 W/HIGNSS  ( 2210): CHR:[TCXO-BIAS-CHANGE] time: 2889, cnt: 60, valid: 0, freq_bias:-1022.000000, tempr:38.150002, sats_num: 0, qop: 0
05-27 10:57:11.148 W/HIGNSS  ( 2210): FUS:fusion results invalid, flag = 0!
05-27 10:57:11.148 W/HIGNSS  ( 2210): PE_CDPP:[NORMAL]location check failed, cdpp can not be done!
05-27 10:57:11.149 W/HIGNSS  ( 2210): PE_MSA:[MSA_SELECT]the num of sat can be reported is less than 4, report all valid data!
05-27 10:57:11.149 W/HIGNSS  ( 2210): PE_MSA:[MSA-DOPPLER]No location and no acq data, not do doppler consistence!
05-27 10:57:11.149 W/HIGNSS  ( 2210): PE_MSA:[MSA-REPORT] no gnss msr data to be report!
05-27 10:57:11.149 W/HIGNSS  ( 2210): CTL:can't find dst, 0x11110021
05-27 10:57:11.150 W/HIGNSS  ( 2210): RIL:cannot get rat
05-27 10:57:11.150 W/HIGNSS  ( 2210): RIL:cannot get modem id
05-27 10:57:11.403 I/SmartChgBase/Arb_HidlParam( 3635): Apply.[moduleName:BASP, param:dc_vterm_dec, detailsWithValue:source=trigger;event=heartbeat;chargestatus=start;value=40;]
05-27 10:57:11.403 I/SmartChgBase/Arb_HidlParam( 3635): CalcVtermRoundDec [ret:32, ndcVstep:16, target:40, step:40]
05-27 10:57:11.406 I/power_hidl(  744): ExeSetState type=vterm_dec, value=lvc 32
05-27 10:57:11.406 I/power_hidl(  744): start write compatible, scene: vterm_dec, value: lvc 32
05-27 10:57:11.407 I/power_hidl(  744): ExeSetState success, type=vterm_dec, index=47
05-27 10:57:11.407 I/SmartChgBase/Arb_HidlParam( 3635): SetHidlValue Success:[module:BASP, scene:vterm_dec, value:lvc 32]
05-27 10:57:11.409 I/power_hidl(  744): ExeSetState type=vterm_dec, value=sc 32
05-27 10:57:11.409 I/power_hidl(  744): start write compatible, scene: vterm_dec, value: sc 32
05-27 10:57:11.410 I/power_hidl(  744): ExeSetState success, type=vterm_dec, index=47
05-27 10:57:11.410 I/SmartChgBase/Arb_HidlParam( 3635): SetHidlValue Success:[module:BASP, scene:vterm_dec, value:sc 32]
05-27 10:57:11.414 I/power_hidl(  744): ExeSetState type=vterm_dec, value=wl_sc 32
05-27 10:57:11.414 I/power_hidl(  744): start write compatible, scene: vterm_dec, value: wl_sc 32
05-27 10:57:11.414 I/power_hidl(  744): ExeSetState success, type=vterm_dec, index=47
05-27 10:57:11.415 I/SmartChgBase/Arb_HidlParam( 3635): SetHidlValue Success:[module:BASP, scene:vterm_dec, value:wl_sc 32]
05-27 10:57:11.417 I/power_hidl(  744): ExeSetState type=vterm_dec, value=4sc 32
05-27 10:57:11.417 I/power_hidl(  744): start write compatible, scene: vterm_dec, value: 4sc 32
05-27 10:57:11.417 E/power_hidl(  744): file /sys/devices/virtual/hw_power/interface/vterm_dec write failed
05-27 10:57:11.417 E/power_hidl(  744): write 4sc 32 to /sys/class/hw_power/interface/vterm_dec fail
05-27 10:57:11.417 I/power_hidl(  744): ExeSetState success, type=vterm_dec, index=47
05-27 10:57:11.418 E/SmartChgBase/Arb_HidlParam( 3635): SetHidlValue Fail: Hidl Set Fail [ret:1, module:BASP, scene:vterm_dec, value:4sc 32]
05-27 10:57:11.418 I/SmartChgBase/Arb_HidlParam( 3635): Apply.[moduleName:BASP, param:ichg_ratio, detailsWithValue:source=trigger;event=heartbeat;chargestatus=start;value=90;]
05-27 10:57:11.420 I/power_hidl(  744): ExeSetState type=ichg_ratio, value=all 90
05-27 10:57:11.420 I/power_hidl(  744): start write compatible, scene: ichg_ratio, value: all 90
05-27 10:57:11.420 I/power_hidl(  744): ExeSetState success, type=ichg_ratio, index=48
05-27 10:57:11.421 I/SmartChgBase/Arb_HidlParam( 3635): SetHidlValue Success:[module:BASP, scene:ichg_ratio, value:all 90]
05-27 10:57:11.421 I/SmartChgBase/Arb_HidlParam( 3635): Apply.[moduleName:BASP, param:nondc_vterm_dec, detailsWithValue:source=trigger;event=heartbeat;chargestatus=start;value=40;]
05-27 10:57:11.421 I/SmartChgBase/Arb_HidlParam( 3635): CalcVtermRoundDec [ret:32, ndcVstep:16, target:40, step:40]
05-27 10:57:11.422 I/power_hidl(  744): ExeSetState type=vterm_dec, value=dcp 32
05-27 10:57:11.423 I/power_hidl(  744): start write compatible, scene: vterm_dec, value: dcp 32
05-27 10:57:11.423 I/power_hidl(  744): ExeSetState success, type=vterm_dec, index=47
05-27 10:57:11.423 I/SmartChgBase/Arb_HidlParam( 3635): SetHidlValue Success:[module:BASP, scene:vterm_dec, value:dcp 32]
05-27 10:57:11.425 I/power_hidl(  744): ExeSetState type=vterm_dec, value=fcp 32
05-27 10:57:11.425 I/power_hidl(  744): start write compatible, scene: vterm_dec, value: fcp 32
05-27 10:57:11.425 E/power_hidl(  744): file /sys/devices/virtual/hw_power/interface/vterm_dec write failed
05-27 10:57:11.425 E/power_hidl(  744): write fcp 32 to /sys/class/hw_power/interface/vterm_dec fail
05-27 10:57:11.425 I/power_hidl(  744): ExeSetState success, type=vterm_dec, index=47
05-27 10:57:11.426 E/SmartChgBase/Arb_HidlParam( 3635): SetHidlValue Fail: Hidl Set Fail [ret:1, module:BASP, scene:vterm_dec, value:fcp 32]
05-27 10:57:11.427 I/power_hidl(  744): ExeSetState type=vterm_dec, value=pd 32
05-27 10:57:11.427 I/power_hidl(  744): start write compatible, scene: vterm_dec, value: pd 32
05-27 10:57:11.427 I/power_hidl(  744): ExeSetState success, type=vterm_dec, index=47
05-27 10:57:11.428 I/SmartChgBase/Arb_HidlParam( 3635): SetHidlValue Success:[module:BASP, scene:vterm_dec, value:pd 32]
05-27 10:57:11.429 I/power_hidl(  744): ExeSetState type=vterm_dec, value=wl 32
05-27 10:57:11.429 I/power_hidl(  744): start write compatible, scene: vterm_dec, value: wl 32
05-27 10:57:11.429 I/power_hidl(  744): ExeSetState success, type=vterm_dec, index=47
05-27 10:57:11.430 I/SmartChgBase/Arb_HidlParam( 3635): SetHidlValue Success:[module:BASP, scene:vterm_dec, value:wl 32]
05-27 10:57:11.431 I/power_hidl(  744): ExeSetState type=basp_coul_vdec, value=32
05-27 10:57:11.431 I/power_hidl(  744): start hvdp mmi test, type=basp_coul_vdec, value=32
05-27 10:57:11.432 I/power_hidl(  744): ExeSetState success, type=basp_coul_vdec, index=54
05-27 10:57:11.432 I/SmartChgBase/Arb_HidlParam( 3635): SetHidlValue Success:[module:BASP, scene:basp_coul_vdec, value:32]
