05-27 14:18:41.849 I/chatty  ( 2007): uid=1000(system) sManagerService expire 16 lines
05-27 14:18:41.850 I/chatty  ( 2007): uid=1000(system) Binder:2007_F expire 13 lines
05-27 14:18:41.872 I/RtgSchedEvent( 4431): current pid:4431 AppType:28
05-27 14:18:41.904 I/HwCommandQueue( 3478): updateBarBgColor
05-27 14:18:41.904 D/HwCommandQueue( 3478): CommandQueue, setBarBackgroundColor
05-27 14:18:41.904 D/HwCommandQueue( 3478): CommandQueue, set Launcher StatusBar Color
05-27 14:18:41.935 I/HwNetworkPolicyManager( 3635): getHwUidPolicy uid = 10079 policy = 0
05-27 14:18:41.951 I/chatty  ( 2007): uid=1000(system) android.ui expire 21 lines
05-27 14:18:41.951 D/HwCommandQueue( 3478): CommandQueue, set Launcher StatusBar Color
05-27 14:18:43.746 D/HwCommandQueue( 3478): CommandQueue, set Launcher StatusBar Color
05-27 14:18:43.753 D/ActivityThread(12785): Won't deliver top position change in state=5
05-27 14:18:43.769 I/RtgSchedEvent(12785): current pid:12785 AppType:33
05-27 14:18:43.788 I/chatty  ( 2007): uid=1000(system) Binder:2007_15 expire 28 lines
05-27 14:18:43.800 I/HwNetworkPolicyManager( 3635): getHwUidPolicy uid = 10515 policy = 0
05-27 14:18:43.809 I/HwCommandQueue( 3478): updateBarBgColor
05-27 14:18:43.809 D/HwCommandQueue( 3478): CommandQueue, setBarBackgroundColor
05-27 14:18:43.809 D/HwCommandQueue( 3478): CommandQueue, set Launcher StatusBar Color
05-27 14:18:44.847 D/ActivityThread(12785): Won't deliver top position change in state=5
05-27 14:18:44.875 D/HwCommandQueue( 3478): CommandQueue, set Launcher StatusBar Color
05-27 14:18:45.179 D/ActivityThread(12785): Remove activity client record, r= ActivityRecord{82c9adf token=android.os.BinderProxy@3c041c3 {com.huatu.handheld_huatu/com.huatu.handheld_huatu.business.matches.activity.MatchMainActivity}} token= android.os.BinderProxy@3c041c3
05-27 14:18:45.179 I/ViewRootImpl(12785): dispatchDetachedFromWindow in doDie
05-27 14:18:45.707 D/HwCommandQueue( 3478): CommandQueue, set Launcher StatusBar Color
05-27 14:18:45.753 D/HwCommandQueue( 3478): CommandQueue, set Launcher StatusBar Color
05-27 14:18:46.613 I/ViewRootImpl(12785): dispatchDetachedFromWindow in doDie
05-27 14:18:46.629 D/HwCommandQueue( 3478): CommandQueue, set Launcher StatusBar Color
05-27 14:18:46.634 D/HwCommandQueue( 3478): CommandQueue, set Launcher StatusBar Color
05-27 14:18:46.850 I/chatty  ( 3859): uid=1000(system) OllieAwareThrea expire 143 lines
05-27 14:18:46.869 I/chatty  ( 2007): uid=1000(system) MobileQosDetect expire 10 lines
05-27 14:18:49.462 I/chatty  ( 2007): uid=1000(system) Thread-6 expire 10 lines
05-27 14:18:52.074 I/chatty  ( 2007): uid=1000(system) android.bg expire 1 line
05-27 14:19:22.371 I/storaged( 1055): storaged_t::event: storage_info refreshed.
05-27 14:19:22.683 I/chatty  ( 3859): uid=1000(system) OllieAwareThrea expire 45 lines
05-27 14:19:25.953 I/chatty  ( 2007): uid=1000(system) android.ui expire 11 lines
05-27 14:19:25.953 D/HwCommandQueue( 3478): CommandQueue, set Launcher StatusBar Color
05-27 14:19:26.399 I/chatty  ( 2007): uid=1000(system) Binder:2007_12 expire 10 lines
05-27 14:19:27.193 D/HwCommandQueue( 3478): CommandQueue, set Launcher StatusBar Color
05-27 14:19:30.912 I/chatty  ( 2007): uid=1000(system) MobileQosDetect expire 15 lines
05-27 14:19:33.029 D/HwCommandQueue( 3478): CommandQueue, set Launcher StatusBar Color
05-27 14:19:33.958 I/chatty  ( 3859): uid=1000(system) OllieAwareThrea expire 40 lines
05-27 14:19:37.296 I/chatty  ( 2007): uid=1000(system) PowerManagerSer expire 61 lines
05-27 14:19:37.342 D/HwCommandQueue( 3478): CommandQueue, set Launcher StatusBar Color
05-27 14:19:37.798 D/HwCommandQueue( 3478): CommandQueue, set Launcher StatusBar Color
05-27 14:19:37.798 I/chatty  ( 2007): uid=1000(system) android.ui expire 22 lines
05-27 14:19:39.047 D/HwCommandQueue( 3478): CommandQueue, set Launcher StatusBar Color
05-27 14:19:39.083 I/chatty  ( 2007): uid=1000(system) android.anim expire 45 lines
05-27 14:19:41.014 I/chatty  ( 2007): uid=1000(system) Binder:2007_19 expire 41 lines
05-27 14:19:42.617 D/HwCommandQueue( 3478): CommandQueue, set Launcher StatusBar Color
05-27 14:19:42.621 I/ViewRootImpl(12785): dispatchDetachedFromWindow in doDie
05-27 14:19:42.628 I/chatty  ( 2007): uid=1000(system) Binder:2007_E expire 19 lines
05-27 14:19:43.333 I/ViewRootImpl(12785): dispatchDetachedFromWindow in doDie
05-27 14:19:43.356 D/HwCommandQueue( 3478): CommandQueue, set Launcher StatusBar Color
05-27 14:19:44.045 I/chatty  ( 2007): uid=1000(system) Binder:2007_12 expire 36 lines
05-27 14:19:44.081 I/chatty  ( 2007): uid=1000(system) HwActivityTaskM expire 12 lines
05-27 14:19:44.082 I/chatty  ( 2007): uid=1000(system) android.display expire 23 lines
05-27 14:19:44.087 V/ActivityThread(12785): callActivityOnCreate
05-27 14:19:44.098 D/ActivityThread(12785): add activity client record, r= ActivityRecord{67ee6b token=android.os.BinderProxy@5b4f013 {com.huatu.handheld_huatu/com.huatu.handheld_huatu.faceteach.activity.FaceCourseDetailActivity}} token= android.os.BinderProxy@5b4f013
05-27 14:19:44.116 I/chatty  ( 3859): uid=1000(system) OllieAwareThrea expire 107 lines
05-27 14:19:44.122 D/HwCommandQueue( 3478): CommandQueue, set Launcher StatusBar Color
05-27 14:19:44.230 I/chatty  ( 2007): uid=1000 system_server expire 16 lines
05-27 14:19:44.641 I/chatty  ( 2007): uid=1000(system) ActivityManager expire 12 lines
05-27 14:19:44.763 D/HwCommandQueue( 3478): CommandQueue, set Launcher StatusBar Color
05-27 14:19:44.791 I/chatty  ( 2007): uid=1000(system) Binder:2007_4 expire 15 lines
05-27 14:19:44.796 D/HwCommandQueue( 3478): CommandQueue, set Launcher StatusBar Color
05-27 14:19:45.312 I/chatty  ( 2007): uid=1000(system) Binder:2007_8 expire 32 lines
05-27 14:19:45.321 I/chatty  ( 2007): uid=1000(system) android.fg expire 9 lines
05-27 14:19:45.443 I/ViewRootImpl(12785): dispatchDetachedFromWindow in doDie
05-27 14:19:45.458 D/HwCommandQueue( 3478): CommandQueue, set Launcher StatusBar Color
05-27 14:19:45.463 D/HwCommandQueue( 3478): CommandQueue, set Launcher StatusBar Color
05-27 14:19:45.482 I/chatty  ( 2007): uid=1000(system) Binder:2007_1F expire 13 lines
05-27 14:19:45.761 I/chatty  ( 2007): uid=1000(system) Binder:2007_C expire 25 lines
05-27 14:19:45.763 I/chatty  ( 2007): uid=1000(system) Binder:2007_1A expire 11 lines
05-27 14:19:49.177 I/chatty  ( 2007): uid=1000(system) AlarmManager expire 11 lines
05-27 14:19:50.945 D/HwCommandQueue( 3478): CommandQueue, set Launcher StatusBar Color
05-27 14:19:50.975 D/HwCommandQueue( 3478): CommandQueue, set Launcher StatusBar Color
05-27 14:19:51.674 I/ViewRootImpl(12785): dispatchDetachedFromWindow in doDie
05-27 14:19:51.688 D/HwCommandQueue( 3478): CommandQueue, set Launcher StatusBar Color
05-27 14:19:51.688 I/chatty  ( 2007): uid=1000(system) android.ui expire 31 lines
05-27 14:19:51.692 D/HwCommandQueue( 3478): CommandQueue, set Launcher StatusBar Color
05-27 14:19:51.704 I/chatty  ( 2007): uid=1000(system) PowerManagerSer expire 49 lines
05-27 14:19:51.718 I/chatty  ( 2007): uid=1000(system) Binder:2007_19 expire 45 lines
05-27 14:19:51.729 I/chatty  ( 2007): uid=1000(system) Thread-6 expire 12 lines
05-27 14:19:51.738 V/ActivityThread(12785): callActivityOnCreate
05-27 14:19:51.752 D/ActivityThread(12785): add activity client record, r= ActivityRecord{2176587 token=android.os.BinderProxy@610f866 {com.huatu.handheld_huatu/com.huatu.handheld_huatu.faceteach.activity.MockScanCardActivity}} token= android.os.BinderProxy@610f866
05-27 14:19:51.775 D/HwCommandQueue( 3478): CommandQueue, set Launcher StatusBar Color
05-27 14:19:51.785 I/chatty  ( 3859): uid=1000(system) Binder:3859_E expire 4 lines
05-27 14:19:51.817 I/chatty  ( 2007): uid=1000(system) android.anim expire 66 lines
05-27 14:19:51.825 D/HwCommandQueue( 3478): CommandQueue, set Launcher StatusBar Color
05-27 14:19:54.093 I/chatty  ( 2007): uid=1000(system) Binder:2007_1E expire 83 lines
05-27 14:19:58.952 D/HwCommandQueue( 3478): CommandQueue, set Launcher StatusBar Color
05-27 14:20:00.336 V/ActivityThread(12785): callActivityOnCreate
05-27 14:20:00.347 D/ActivityThread(12785): add activity client record, r= ActivityRecord{fe5432e token=android.os.BinderProxy@d732cef {com.huatu.handheld_huatu/com.huatu.handheld_huatu.faceteach.activity.FillInAnswerActivity}} token= android.os.BinderProxy@d732cef
05-27 14:20:00.484 D/HwCommandQueue( 3478): CommandQueue, set Launcher StatusBar Color
05-27 14:20:00.762 I/chatty  ( 2007): uid=1000(system) android.display expire 17 lines
05-27 14:20:00.862 I/chatty  ( 2007): uid=1000 system_server expire 24 lines
05-27 14:20:01.853 D/HwCommandQueue( 3478): CommandQueue, set Launcher StatusBar Color
05-27 14:20:01.861 I/chatty  ( 2007): uid=1000(system) Binder:2007_C expire 18 lines
05-27 14:20:01.876 I/chatty  ( 2007): uid=1000(system) android.anim expire 33 lines
05-27 14:20:01.888 D/HwCommandQueue( 3478): CommandQueue, set Launcher StatusBar Color
05-27 14:20:02.542 I/ViewRootImpl(12785): dispatchDetachedFromWindow in doDie
05-27 14:20:02.553 D/HwCommandQueue( 3478): CommandQueue, set Launcher StatusBar Color
05-27 14:20:02.557 D/HwCommandQueue( 3478): CommandQueue, set Launcher StatusBar Color
05-27 14:20:02.676 D/HwCommandQueue( 3478): CommandQueue, set Launcher StatusBar Color
05-27 14:20:02.706 D/HwCommandQueue( 3478): CommandQueue, set Launcher StatusBar Color
05-27 14:20:02.903 I/ViewRootImpl(12785): dispatchDetachedFromWindow in doDie
05-27 14:20:02.910 D/HwCommandQueue( 3478): CommandQueue, set Launcher StatusBar Color
05-27 14:20:02.916 D/HwCommandQueue( 3478): CommandQueue, set Launcher StatusBar Color
05-27 14:20:02.930 D/ActivityThread(12785): Remove activity client record, r= ActivityRecord{2176587 token=android.os.BinderProxy@610f866 {com.huatu.handheld_huatu/com.huatu.handheld_huatu.faceteach.activity.MockScanCardActivity}} token= android.os.BinderProxy@610f866
05-27 14:20:02.930 I/ViewRootImpl(12785): dispatchDetachedFromWindow in doDie
05-27 14:20:02.931 I/chatty  ( 2007): uid=1000(system) Binder:2007_1F expire 26 lines
05-27 14:20:02.954 D/ActivityThread(12785): Won't deliver top position change in state=5
05-27 14:20:02.971 D/HwCommandQueue( 3478): CommandQueue, set Launcher StatusBar Color
05-27 14:20:03.559 I/chatty  ( 2007): uid=1000(system) PowerManagerSer expire 52 lines
05-27 14:20:03.575 D/ActivityThread(12785): Remove activity client record, r= ActivityRecord{fe5432e token=android.os.BinderProxy@d732cef {com.huatu.handheld_huatu/com.huatu.handheld_huatu.faceteach.activity.FillInAnswerActivity}} token= android.os.BinderProxy@d732cef
05-27 14:20:03.575 I/ViewRootImpl(12785): dispatchDetachedFromWindow in doDie
05-27 14:20:05.097 I/chatty  ( 2007): uid=1000(system) Binder:2007_19 expire 27 lines
05-27 14:20:05.657 I/chatty  ( 2007): uid=1000(system) Binder:2007_8 expire 33 lines
05-27 14:20:05.658 I/chatty  ( 2007): uid=1000(system) Binder:2007_12 expire 12 lines
05-27 14:20:05.764 I/chatty  ( 2007): uid=1000(system) android.ui expire 28 lines
05-27 14:20:09.787 I/chatty  ( 3859): uid=1000(system) OllieAwareThrea expire 91 lines
05-27 14:20:15.592 I/chatty  ( 2007): uid=1000(system) Binder:2007_E expire 28 lines
05-27 14:20:22.373 I/storaged( 1055): storaged_t::event: storage_info refreshed.
05-27 14:20:22.680 I/chatty  ( 2007): uid=1000(system) PowerManagerSer expire 105 lines
05-27 14:20:23.778 I/chatty  ( 2007): uid=1000(system) Binder:2007_12 expire 20 lines
05-27 14:20:24.978 I/chatty  ( 2007): uid=1000(system) Binder:2007_4 expire 4 lines
05-27 14:20:32.315 I/chatty  ( 3859): uid=1000(system) OllieAwareThrea expire 76 lines
05-27 14:20:44.659 I/chatty  ( 2007): uid=1000(system) Binder:2007_C expire 14 lines
05-27 14:20:51.197 D/HwCommandQueue( 3478): CommandQueue, set Launcher StatusBar Color
05-27 14:20:51.218 I/RtgSchedEvent( 3478): current pid:3478 AppType:255
05-27 14:20:51.238 I/chatty  ( 2007): uid=1000(system) Binder:2007_12 expire 84 lines
05-27 14:20:51.259 D/HwCommandQueue( 3478): CommandQueue, set Launcher StatusBar Color
05-27 14:20:51.292 I/chatty  ( 2007): uid=1000(system) ActivityManager expire 12 lines
05-27 14:20:51.307 I/chatty  ( 2007): uid=1000(system) Binder:2007_1A expire 21 lines
05-27 14:20:51.316 D/ActivityThread(18313): Attach thread to application
05-27 14:20:51.331 I/ActivityThread(18313): Init compatible state: false
05-27 14:20:51.338 I/LoadedApk(18313): makePaths: outLibPaths=[/system/priv-app/HwControlCenter/lib/arm64, /system/lib64:/hw_product/lib64:/system/product/lib64:/prets/lib64]
05-27 14:20:51.373 I/ActivityThread(18313): finishPreloaded preloadStatus 0
05-27 14:20:51.391 I/chatty  ( 2007): uid=1000(system) Binder:2007_1E expire 21 lines
05-27 14:20:51.392 I/chatty  ( 2007): uid=1000(system) PowerManagerSer expire 54 lines
05-27 14:20:51.456 D/ActivityThread(18355): Attach thread to application
05-27 14:20:51.465 I/ActivityThread(18355): Init compatible state: false
05-27 14:20:51.677 W/ContextImpl(18355): Calling a method in the system process without a qualified user: android.app.ContextImpl.bindService:1777 android.content.ContextWrapper.bindService:705 ohos.ohos.ohos.ohos.ohos.n.p:3 ohos.ohos.ohos.ohos.ohos.n.C:2 ohos.ohos.ohos.ohos.ohos.n.o:2 
05-27 14:20:51.685 W/ContextImpl(18355): Calling a method in the system process without a qualified user: android.app.ContextImpl.bindService:1777 android.content.ContextWrapper.bindService:705 com.huawei.iconnect.wearable.c.g:12 com.huawei.productconnect.e.b.r:5 com.huawei.audioaccessorymanager.MyApplication.d:1 
05-27 14:20:51.713 I/ActivityThread(18355): finishPreloaded preloadStatus 0
05-27 14:20:51.731 W/ContextImpl(18355): [7cc301a143b1b83, 0, 0] Calling a method in the system process without a qualified user: android.app.ContextImpl.bindService:1777 android.content.ContextWrapper.bindService:705 ohos.app.ContextDeal.O000000:3131 ohos.app.ContextDeal.O000000:3080 ohos.app.ContextDeal.connectAbility:1469 
05-27 14:20:51.781 I/chatty  ( 3859): uid=1000(system) OllieAwareThrea expire 88 lines
05-27 14:20:51.787 W/ContextImpl(18355): Calling a method in the system process without a qualified user: android.app.ContextImpl.sendBroadcast:1183 android.content.ContextWrapper.sendBroadcast:453 android.service.quicksettings.TileService.requestListeningState:479 com.huawei.audioaccessorymanager.notificationbroadcast.b.s.m:5 com.huawei.audioaccessorymanager.notificationbroadcast.b.s.j:11 
05-27 14:20:51.811 I/chatty  ( 2007): uid=1000 system_server expire 25 lines
05-27 14:20:51.812 W/ContextImpl(18355): Calling a method in the system process without a qualified user: android.app.ContextImpl.sendBroadcast:1183 android.content.ContextWrapper.sendBroadcast:453 android.service.quicksettings.TileService.requestListeningState:479 com.huawei.audioaccessorymanager.notificationbroadcast.b.s.m:5 com.huawei.audioaccessorymanager.notificationbroadcast.b.t.b:1 
05-27 14:20:51.839 W/ContextImpl(18355): Calling a method in the system process without a qualified user: android.app.ContextImpl.sendBroadcast:1183 android.content.ContextWrapper.sendBroadcast:453 android.service.quicksettings.TileService.requestListeningState:479 com.huawei.audioaccessorymanager.notificationbroadcast.b.s.m:5 com.huawei.audioaccessorymanager.notificationbroadcast.b.r.r:4 
05-27 14:20:51.852 W/ContextImpl(18355): Calling a method in the system process without a qualified user: android.app.ContextImpl.bindService:1777 android.content.ContextWrapper.bindService:705 ohos.ohos.ohos.ohos.ohos.n.p:3 ohos.ohos.ohos.ohos.ohos.n.C:2 ohos.ohos.ohos.ohos.ohos.n.o:2 
05-27 14:20:51.856 W/ContextImpl(18355): Calling a method in the system process without a qualified user: android.app.ContextImpl.sendBroadcast:1183 android.content.ContextWrapper.sendBroadcast:453 android.service.quicksettings.TileService.requestListeningState:479 com.huawei.audioaccessorymanager.notificationbroadcast.b.s.m:5 com.huawei.audioaccessorymanager.notificationbroadcast.b.t.b:1 
05-27 14:20:51.856 W/ContextImpl(18355): Calling a method in the system process without a qualified user: android.app.ContextImpl.bindService:1777 android.content.ContextWrapper.bindService:705 ohos.ohos.ohos.ohos.ohos.n.p:3 ohos.ohos.ohos.ohos.ohos.n.C:2 ohos.ohos.ohos.ohos.ohos.n.o:2 
05-27 14:20:52.256 W/ContextImpl(18355): Calling a method in the system process without a qualified user: android.app.ContextImpl.sendBroadcast:1183 android.content.ContextWrapper.sendBroadcast:453 android.service.quicksettings.TileService.requestListeningState:479 com.huawei.audioaccessorymanager.notificationbroadcast.b.s.m:5 com.huawei.audioaccessorymanager.notificationbroadcast.b.t.b:1 
05-27 14:20:53.760 D/HwCommandQueue( 3478): CommandQueue, set Launcher StatusBar Color
05-27 14:20:53.998 I/HwCommandQueue( 3478): updateBarBgColor
05-27 14:20:53.998 D/HwCommandQueue( 3478): CommandQueue, setBarBackgroundColor
05-27 14:20:53.999 D/HwCommandQueue( 3478): CommandQueue, set Launcher StatusBar Color
05-27 14:20:54.002 I/RtgSchedEvent(12785): current pid:12785 AppType:33
05-27 14:20:54.737 D/HwCommandQueue( 3478): CommandQueue, set Launcher StatusBar Color
05-27 14:20:54.754 I/RtgSchedEvent( 3478): current pid:3478 AppType:255
05-27 14:20:54.796 D/HwCommandQueue( 3478): CommandQueue, set Launcher StatusBar Color
05-27 14:20:56.015 W/ContextImpl(18355): Calling a method in the system process without a qualified user: android.app.ContextImpl.sendBroadcast:1183 android.content.ContextWrapper.sendBroadcast:453 android.service.quicksettings.TileService.requestListeningState:479 com.huawei.audioaccessorymanager.notificationbroadcast.b.s.m:5 com.huawei.audioaccessorymanager.notificationbroadcast.b.s.j:11 
05-27 14:20:56.137 I/chatty  ( 2007): uid=1000(system) Binder:2007_1 expire 7 lines
05-27 14:20:56.642 I/chatty  ( 2007): uid=1000(system) Binder:2007_17 expire 22 lines
05-27 14:20:56.643 I/chatty  ( 2007): uid=1000(system) ConnectivitySer expire 24 lines
05-27 14:20:56.644 I/chatty  ( 2007): uid=1000(system) Thread-6 expire 25 lines
05-27 14:20:56.645 I/chatty  ( 2007): uid=1000(system) HwActivityTaskM expire 20 lines
05-27 14:20:57.059 I/chatty  ( 2007): uid=1000(system) Binder:2007_1F expire 47 lines
05-27 14:20:57.065 I/ActivityThread( 6155): Removing dead content provider:android.content.ContentProviderProxy@33ad34f
05-27 14:20:58.109 I/chatty  ( 2007): uid=1000(system) Binder:2007_9 expire 51 lines
05-27 14:20:58.448 D/HwCommandQueue( 3478): CommandQueue, set Launcher StatusBar Color
05-27 14:20:58.684 I/HwCommandQueue( 3478): updateBarBgColor
05-27 14:20:58.684 D/HwCommandQueue( 3478): CommandQueue, setBarBackgroundColor
05-27 14:20:58.688 D/HwCommandQueue( 3478): CommandQueue, set Launcher StatusBar Color
05-27 14:20:58.688 I/RtgSchedEvent(12785): current pid:12785 AppType:33
05-27 14:20:58.692 I/chatty  ( 2007): uid=1000(system) Binder:2007_6 expire 76 lines
05-27 14:20:59.827 D/ActivityThread(12785): Won't deliver top position change in state=5
05-27 14:20:59.842 D/ActivityThread(12785): Remove activity client record, r= ActivityRecord{dd77d16 token=android.os.BinderProxy@44571f4 {com.huatu.handheld_huatu/com.huatu.handheld_huatu.business.main.MainTabActivity}} token= android.os.BinderProxy@44571f4
05-27 14:20:59.842 I/ViewRootImpl(12785): dispatchDetachedFromWindow in doDie
05-27 14:20:59.854 V/ActivityThread(12785): callActivityOnCreate
05-27 14:20:59.894 I/chatty  ( 2007): uid=1000(system) HwGameAssistant expire 10 lines
05-27 14:20:59.903 D/ActivityThread(12785): add activity client record, r= ActivityRecord{dd77d16 token=android.os.BinderProxy@44571f4 {com.huatu.handheld_huatu/com.huatu.handheld_huatu.business.main.MainTabActivity}} token= android.os.BinderProxy@44571f4
05-27 14:20:59.908 D/ActivityThread(12785): Won't deliver top position change in state=1
05-27 14:20:59.922 I/chatty  ( 2007): uid=1000(system) android.anim expire 108 lines
05-27 14:20:59.924 V/ActivityThread(12785): callActivityOnCreate
05-27 14:20:59.928 I/chatty  ( 2007): uid=1000 system_server expire 2 lines
05-27 14:20:59.964 D/HwCommandQueue( 3478): CommandQueue, set Launcher StatusBar Color
05-27 14:20:59.966 D/ActivityThread(12785): add activity client record, r= ActivityRecord{7da6680 token=android.os.BinderProxy@126ec52 {com.huatu.handheld_huatu/com.huatu.handheld_huatu.business.guide.SplashActivity}} token= android.os.BinderProxy@126ec52
05-27 14:20:59.993 I/HwCommandQueue( 3478): updateBarBgColor
05-27 14:20:59.993 D/HwCommandQueue( 3478): CommandQueue, setBarBackgroundColor
05-27 14:20:59.993 D/HwCommandQueue( 3478): CommandQueue, set Launcher StatusBar Color
05-27 14:21:00.031 D/ActivityThread(12785): Remove activity client record, r= ActivityRecord{dd77d16 token=android.os.BinderProxy@44571f4 {com.huatu.handheld_huatu/com.huatu.handheld_huatu.business.main.MainTabActivity}} token= android.os.BinderProxy@44571f4
05-27 14:21:00.471 I/chatty  ( 2007): uid=1000(system) android.display expire 19 lines
05-27 14:21:00.512 D/ActivityThread(12785): Remove activity client record, r= ActivityRecord{67ee6b token=android.os.BinderProxy@5b4f013 {com.huatu.handheld_huatu/com.huatu.handheld_huatu.faceteach.activity.FaceCourseDetailActivity}} token= android.os.BinderProxy@5b4f013
05-27 14:21:00.512 I/ViewRootImpl(12785): dispatchDetachedFromWindow in doDie
05-27 14:21:00.781 I/chatty  ( 2007): uid=1000(system) android.ui expire 47 lines
05-27 14:21:00.999 V/ActivityThread(12785): callActivityOnCreate
05-27 14:21:01.018 D/ActivityThread(12785): add activity client record, r= ActivityRecord{a2625ee token=android.os.BinderProxy@d2f3851 {com.huatu.handheld_huatu/com.huatu.handheld_huatu.business.main.MainTabActivity}} token= android.os.BinderProxy@d2f3851
05-27 14:21:01.097 I/HwCommandQueue( 3478): updateBarBgColor
05-27 14:21:01.097 D/HwCommandQueue( 3478): CommandQueue, setBarBackgroundColor
05-27 14:21:01.098 D/HwCommandQueue( 3478): CommandQueue, set Launcher StatusBar Color
05-27 14:21:01.127 D/HwCommandQueue( 3478): CommandQueue, set Launcher StatusBar Color
05-27 14:21:01.696 D/ActivityThread(12785): Remove activity client record, r= ActivityRecord{7da6680 token=android.os.BinderProxy@126ec52 {com.huatu.handheld_huatu/com.huatu.handheld_huatu.business.guide.SplashActivity}} token= android.os.BinderProxy@126ec52
05-27 14:21:01.696 I/ViewRootImpl(12785): dispatchDetachedFromWindow in doDie
05-27 14:21:04.296 W/ContextImpl(18355): Calling a method in the system process without a qualified user: android.app.ContextImpl.bindService:1777 android.content.ContextWrapper.bindService:705 com.huawei.hihealth.n.c:35 com.huawei.hihealth.n.n:0 com.huawei.hihealth.n.w:0 
05-27 14:21:04.318 I/chatty  ( 2007): uid=1000(system) ActivityManager expire 16 lines
05-27 14:21:04.343 I/ActivityThread(18313): Removing dead content provider:android.content.ContentProviderProxy@5e11d1c
05-27 14:21:04.828 I/chatty  ( 2007): uid=1000(system) Binder:2007_3 expire 72 lines
05-27 14:21:04.869 V/ActivityThread(12785): callActivityOnCreate
05-27 14:21:04.889 D/ActivityThread(12785): add activity client record, r= ActivityRecord{702f3c2 token=android.os.BinderProxy@52a7a11 {com.huatu.handheld_huatu/com.huatu.handheld_huatu.business.matches.activity.MatchMainActivity}} token= android.os.BinderProxy@52a7a11
05-27 14:21:04.891 I/chatty  ( 2007): uid=1000(system) Binder:2007_11 expire 29 lines
05-27 14:21:04.918 D/HwCommandQueue( 3478): CommandQueue, set Launcher StatusBar Color
05-27 14:21:04.943 I/chatty  ( 2007): uid=1000(system) PowerManagerSer expire 11 lines
05-27 14:21:05.016 D/HwCommandQueue( 3478): CommandQueue, set Launcher StatusBar Color
05-27 14:21:05.055 D/HwCommandQueue( 3478): CommandQueue, set Launcher StatusBar Color
05-27 14:21:05.061 I/ViewRootImpl(12785): dispatchDetachedFromWindow in doDie
05-27 14:21:05.068 D/HwCommandQueue( 3478): CommandQueue, set Launcher StatusBar Color
05-27 14:21:05.071 D/HwCommandQueue( 3478): CommandQueue, set Launcher StatusBar Color
05-27 14:21:05.284 I/chatty  ( 2007): uid=1000 system_server expire 15 lines
05-27 14:21:08.955 D/HwCommandQueue( 3478): CommandQueue, set Launcher StatusBar Color
05-27 14:21:09.027 D/HwCommandQueue( 3478): CommandQueue, set Launcher StatusBar Color
05-27 14:21:11.191 I/ViewRootImpl(12785): dispatchDetachedFromWindow in doDie
05-27 14:21:11.210 D/HwCommandQueue( 3478): CommandQueue, set Launcher StatusBar Color
05-27 14:21:11.212 D/HwCommandQueue( 3478): CommandQueue, set Launcher StatusBar Color
05-27 14:21:11.300 D/HwCommandQueue( 3478): CommandQueue, set Launcher StatusBar Color
05-27 14:21:11.335 D/HwCommandQueue( 3478): CommandQueue, set Launcher StatusBar Color
05-27 14:21:11.354 I/ViewRootImpl(12785): dispatchDetachedFromWindow in doDie
05-27 14:21:11.362 D/HwCommandQueue( 3478): CommandQueue, set Launcher StatusBar Color
05-27 14:21:11.364 D/HwCommandQueue( 3478): CommandQueue, set Launcher StatusBar Color
05-27 14:21:13.255 I/ViewRootImpl(12785): dispatchDetachedFromWindow in doDie
05-27 14:21:13.279 I/chatty  ( 3859): uid=1000(system) OllieAwareThrea expire 80 lines
05-27 14:21:16.655 I/chatty  ( 2007): uid=1000(system) GestureNavManag expire 10 lines
05-27 14:21:22.374 I/storaged( 1055): storaged_t::event: storage_info refreshed.
05-27 14:21:26.272 I/chatty  ( 2007): uid=1000(system) Binder:2007_11 expire 33 lines
05-27 14:21:32.858 I/chatty  ( 2007): uid=1000(system) PowerManagerSer expire 74 lines
05-27 14:21:32.936 I/chatty  ( 2007): uid=1000(system) Binder:2007_3 expire 23 lines
05-27 14:21:32.968 I/chatty  ( 2007): uid=1000(system) Thread-6 expire 20 lines
05-27 14:21:32.987 V/ActivityThread(12785): callActivityOnCreate
05-27 14:21:33.054 D/ActivityThread(12785): add activity client record, r= ActivityRecord{b2f34f8 token=android.os.BinderProxy@32f4849 {com.huatu.handheld_huatu/com.huatu.handheld_huatu.business.play.fragment.BaseIntroActivity}} token= android.os.BinderProxy@32f4849
05-27 14:21:33.069 I/chatty  ( 2007): uid=1000(system) Binder:2007_6 expire 17 lines
05-27 14:21:33.076 I/chatty  ( 3859): uid=1000(system) OllieAwareThrea expire 97 lines
05-27 14:21:33.080 I/chatty  ( 2007): uid=1000(system) Binder:2007_5 expire 16 lines
05-27 14:21:33.127 I/LoadedApk(12785): makePaths: outLibPaths=[/hw_product/region_comm/china/app/HwWebview/lib/arm64, /hw_product/region_comm/china/app/HwWebview/HwWebview.apk!/lib/arm64-v8a, /hw_product/region_comm/china/app/HwTriWebviewLib/HwTriWebviewLib.apk!/lib/arm64-v8a, /system/lib64:/hw_product/lib64:/system/product/lib64:/prets/lib64]
05-27 14:21:33.268 D/HwCustConnectivityManagerImpl(12785): isBlockNetworkRequestByNonAis, INVALID_SUBSCRIPTION_ID
05-27 14:21:33.270 D/HwCustConnectivityManagerImpl(12785): isBlockNetworkRequestByNonAis, INVALID_SUBSCRIPTION_ID
05-27 14:21:33.341 D/ActivityThread(18544): Attach thread to application
05-27 14:21:33.349 E/ActivityThread(18544): getApplicationInfo metadata error
05-27 14:21:33.349 I/ActivityThread(18544): Init compatible state: false
05-27 14:21:33.354 I/LoadedApk(18544): makePaths: outLibPaths=[/hw_product/region_comm/china/app/HwWebview/lib/arm, /hw_product/region_comm/china/app/HwWebview/HwWebview.apk!/lib/armeabi-v7a, /hw_product/region_comm/china/app/HwTriWebviewLib/HwTriWebviewLib.apk!/lib/armeabi-v7a, /system/lib:/hw_product/lib]
05-27 14:21:33.370 I/ActivityThread(18544): finishPreloaded preloadStatus 0
05-27 14:21:33.395 D/HwCommandQueue( 3478): CommandQueue, set Launcher StatusBar Color
05-27 14:21:33.427 I/chatty  ( 2007): uid=1000(system) android.anim expire 87 lines
05-27 14:21:33.438 D/HwCommandQueue( 3478): CommandQueue, set Launcher StatusBar Color
05-27 14:21:33.439 I/chatty  ( 2007): uid=1000(system) android.display expire 30 lines
05-27 14:21:33.468 D/HwCommandQueue( 3478): CommandQueue, set Launcher StatusBar Color
05-27 14:21:33.498 D/HwCommandQueue( 3478): CommandQueue, set Launcher StatusBar Color
05-27 14:21:33.604 I/ViewRootImpl(12785): dispatchDetachedFromWindow in doDie
05-27 14:21:33.611 I/chatty  ( 2007): uid=1000(system) android.ui expire 19 lines
05-27 14:21:33.611 D/HwCommandQueue( 3478): CommandQueue, set Launcher StatusBar Color
05-27 14:21:33.616 D/HwCommandQueue( 3478): CommandQueue, set Launcher StatusBar Color
05-27 14:21:33.640 E/AndroidRuntime(12785): FATAL EXCEPTION: main
05-27 14:21:33.640 E/AndroidRuntime(12785): Process: com.huatu.handheld_huatu, PID: 12785
05-27 14:21:33.640 E/AndroidRuntime(12785): java.lang.IllegalStateException: Fragment already added: CourseTeacherFragment{adc2258} (f8acaf6f-74f1-4d12-b9a5-fd579c86e649 id=0x7f090ac6 tag=android:switcher:2131299014:2)
05-27 14:21:33.640 E/AndroidRuntime(12785): 	at androidx.fragment.app.FragmentStore.addFragment(FragmentStore.java:91)
05-27 14:21:33.640 E/AndroidRuntime(12785): 	at androidx.fragment.app.FragmentManager.addFragment(FragmentManager.java:1713)
05-27 14:21:33.640 E/AndroidRuntime(12785): 	at androidx.fragment.app.BackStackRecord.executeOps(BackStackRecord.java:415)
05-27 14:21:33.640 E/AndroidRuntime(12785): 	at androidx.fragment.app.FragmentManager.executeOps(FragmentManager.java:2404)
05-27 14:21:33.640 E/AndroidRuntime(12785): 	at androidx.fragment.app.FragmentManager.executeOpsTogether(FragmentManager.java:2162)
05-27 14:21:33.640 E/AndroidRuntime(12785): 	at androidx.fragment.app.FragmentManager.removeRedundantOperationsAndExecute(FragmentManager.java:2100)
05-27 14:21:33.640 E/AndroidRuntime(12785): 	at androidx.fragment.app.FragmentManager.execSingleAction(FragmentManager.java:1971)
05-27 14:21:33.640 E/AndroidRuntime(12785): 	at androidx.fragment.app.BackStackRecord.commitNowAllowingStateLoss(BackStackRecord.java:311)
05-27 14:21:33.640 E/AndroidRuntime(12785): 	at androidx.fragment.app.FragmentPagerAdapter.finishUpdate(FragmentPagerAdapter.java:249)
05-27 14:21:33.640 E/AndroidRuntime(12785): 	at androidx.viewpager.widget.ViewPager.populate(ViewPager.java:1244)
05-27 14:21:33.640 E/AndroidRuntime(12785): 	at androidx.viewpager.widget.ViewPager.populate(ViewPager.java:1092)
05-27 14:21:33.640 E/AndroidRuntime(12785): 	at androidx.viewpager.widget.ViewPager.onMeasure(ViewPager.java:1622)
05-27 14:21:33.640 E/AndroidRuntime(12785): 	at android.view.View.measure(View.java:25166)
05-27 14:21:33.640 E/AndroidRuntime(12785): 	at android.view.ViewGroup.measureChildWithMargins(ViewGroup.java:7109)
05-27 14:21:33.640 E/AndroidRuntime(12785): 	at androidx.coordinatorlayout.widget.CoordinatorLayout.onMeasureChild(CoordinatorLayout.java:760)
05-27 14:21:33.640 E/AndroidRuntime(12785): 	at com.google.android.material.appbar.HeaderScrollingViewBehavior.onMeasureChild(HeaderScrollingViewBehavior.java:99)
05-27 14:21:33.640 E/AndroidRuntime(12785): 	at com.google.android.material.appbar.AppBarLayout$ScrollingViewBehavior.onMeasureChild(AppBarLayout.java:2003)
05-27 14:21:33.640 E/AndroidRuntime(12785): 	at androidx.coordinatorlayout.widget.CoordinatorLayout.onMeasure(CoordinatorLayout.java:831)
05-27 14:21:33.640 E/AndroidRuntime(12785): 	at android.view.View.measure(View.java:25166)
05-27 14:21:33.640 E/AndroidRuntime(12785): 	at android.widget.RelativeLayout.measureChildHorizontal(RelativeLayout.java:735)
05-27 14:21:33.640 E/AndroidRuntime(12785): 	at android.widget.RelativeLayout.onMeasure(RelativeLayout.java:481)
05-27 14:21:33.640 E/AndroidRuntime(12785): 	at android.view.View.measure(View.java:25166)
05-27 14:21:33.640 E/AndroidRuntime(12785): 	at android.view.ViewGroup.measureChildWithMargins(ViewGroup.java:7109)
05-27 14:21:33.640 E/AndroidRuntime(12785): 	at android.widget.FrameLayout.onMeasure(FrameLayout.java:194)
05-27 14:21:33.640 E/AndroidRuntime(12785): 	at androidx.appcompat.widget.ContentFrameLayout.onMeasure(ContentFrameLayout.java:145)
05-27 14:21:33.640 E/AndroidRuntime(12785): 	at android.view.View.measure(View.java:25166)
05-27 14:21:33.640 E/AndroidRuntime(12785): 	at android.view.ViewGroup.measureChildWithMargins(ViewGroup.java:7109)
05-27 14:21:33.640 E/AndroidRuntime(12785): 	at android.widget.LinearLayout.measureChildBeforeLayout(LinearLayout.java:1580)
05-27 14:21:33.640 E/AndroidRuntime(12785): 	at android.widget.LinearLayout.measureVertical(LinearLayout.java:849)
05-27 14:21:33.640 E/AndroidRuntime(12785): 	at android.widget.LinearLayout.onMeasure(LinearLayout.java:728)
05-27 14:21:33.640 E/AndroidRuntime(12785): 	at android.view.View.measure(View.java:25166)
05-27 14:21:33.640 E/AndroidRuntime(12785): 	at android.view.ViewGroup.measureChildWithMargins(ViewGroup.java:7109)
05-27 14:21:33.640 E/AndroidRuntime(12785): 	at android.widget.FrameLayout.onMeasure(FrameLayout.java:194)
05-27 14:21:33.640 E/AndroidRuntime(12785): 	at android.view.View.measure(View.java:25166)
05-27 14:21:33.640 E/AndroidRuntime(12785): 	at android.view.ViewGroup.measureChildWithMargins(ViewGroup.java:7109)
05-27 14:21:33.640 E/AndroidRuntime(12785): 	at android.widget.LinearLayout.measureChildBeforeLayout(LinearLayout.java:1580)
05-27 14:21:33.640 E/AndroidRuntime(12785): 	at android.widget.LinearLayout.measureVertical(LinearLayout.java:849)
05-27 14:21:33.640 E/AndroidRuntime(12785): 	at android.widget.LinearLayout.onMeasure(LinearLayout.java:728)
05-27 14:21:33.640 E/AndroidRuntime(12785): 	at android.view.View.measure(View.java:25166)
05-27 14:21:33.640 E/AndroidRuntime(12785): 	at android.view.ViewGroup.measureChildWithMargins(ViewGroup.java:7109)
05-27 14:21:33.640 E/AndroidRuntime(12785): 	at android.widget.FrameLayout.onMeasure(FrameLayout.java:194)
05-27 14:21:33.640 E/AndroidRuntime(12785): 	at com.android.internal.policy.DecorView.onMeasure(DecorView.java:1139)
05-27 14:21:33.640 E/AndroidRuntime(12785): 	at android.view.View.measure(View.java:25166)
05-27 14:21:33.640 E/AndroidRuntime(12785): 	at android.view.ViewRootImpl.performMeasure(ViewRootImpl.java:3738)
05-27 14:21:33.640 E/AndroidRuntime(12785): 	at android.view.ViewRootImpl.measureHierarchy(ViewRootImpl.java:2363)
05-27 14:21:33.640 E/AndroidRuntime(12785): 	at android.view.ViewRootImpl.performTraversals(ViewRootImpl.java:2760)
05-27 14:21:33.640 E/AndroidRuntime(12785): 	at android.view.ViewRootImpl.doTraversal(ViewRootImpl.java:2235)
05-27 14:21:33.640 E/AndroidRuntime(12785): 	at android.view.ViewRootImpl$TraversalRunnable.run(ViewRootImpl.java:9043)
05-27 14:21:33.640 E/AndroidRuntime(12785): 	at android.view.Choreographer$CallbackRecord.run(Choreographer.java:1280)
05-27 14:21:33.640 E/AndroidRuntime(12785): 	at android.view.Choreographer.doCallbacks(Choreographer.java:1019)
05-27 14:21:33.640 E/AndroidRuntime(12785): 	at android.view.Choreographer.doFrame(Choreographer.java:911)
05-27 14:21:33.640 I/chatty  ( 2007): uid=1000 system_server expire 1 line
05-27 14:21:33.640 E/AndroidRuntime(12785): 	at android.view.Choreographer$FrameDisplayEventReceiver.run(Choreographer.java:1248)
05-27 14:21:33.640 E/AndroidRuntime(12785): 	at android.os.Handler.handleCallback(Handler.java:900)
05-27 14:21:33.640 E/AndroidRuntime(12785): 	at android.os.Handler.dispatchMessage(Handler.java:103)
05-27 14:21:33.640 E/AndroidRuntime(12785): 	at android.os.Looper.loop(Looper.java:219)
05-27 14:21:33.640 E/AndroidRuntime(12785): 	at android.app.ActivityThread.main(ActivityThread.java:8673)
05-27 14:21:33.640 E/AndroidRuntime(12785): 	at java.lang.reflect.Method.invoke(Native Method)
05-27 14:21:33.640 E/AndroidRuntime(12785): 	at com.android.internal.os.RuntimeInit$MethodAndArgsCaller.run(RuntimeInit.java:513)
05-27 14:21:33.640 E/AndroidRuntime(12785): 	at com.android.internal.os.ZygoteInit.main(ZygoteInit.java:1109)
05-27 14:21:36.250 I/chatty  ( 2007): uid=1000(system) InputDispatcher expire 20 lines
05-27 14:21:36.264 I/chatty  ( 2007): uid=1000(system) Binder:2007_15 expire 11 lines
05-27 14:21:36.264 I/chatty  ( 2007): uid=1000(system) HwActivityTaskM expire 11 lines
05-27 14:21:36.270 I/chatty  ( 2007): uid=1000(system) Binder:2007_13 expire 73 lines
05-27 14:21:36.314 I/chatty  ( 2007): uid=1000(system) MultiTaskManage expire 2 lines
05-27 14:21:36.329 I/chatty  ( 2007): uid=1000 system_server expire 40 lines
05-27 14:21:36.337 I/chatty  ( 2007): uid=1000 system_server expire 2 lines
05-27 14:21:36.375 I/chatty  ( 2007): uid=1000(system) Binder:2007_12 expire 56 lines
05-27 14:21:36.383 D/ActivityThread(18625): Attach thread to application
05-27 14:21:36.393 D/HwCommandQueue( 3478): CommandQueue, set Launcher StatusBar Color
05-27 14:21:36.394 I/ActivityThread(18625): Init compatible state: true
05-27 14:21:36.410 I/chatty  ( 2007): uid=1000(system) sManagerService expire 10 lines
05-27 14:21:36.425 I/chatty  ( 2007): uid=1000(system) Binder:2007_E expire 4 lines
05-27 14:21:36.425 I/HwNetworkPolicyManager( 3635): getHwUidPolicy uid = 10515 policy = 0
05-27 14:21:37.059 D/HwCustConnectivityManagerImpl(18625): isBlockNetworkRequestByNonAis, INVALID_SUBSCRIPTION_ID
05-27 14:21:37.098 I/ActivityThread(18625): finishPreloaded preloadStatus 0
05-27 14:21:37.098 I/RtgSchedEvent(18625): current pid:18625 AppType:33
05-27 14:21:37.148 I/chatty  ( 2007): uid=1000(system) ThirdAppHandler expire 3 lines
05-27 14:21:37.178 V/ActivityThread(18625): callActivityOnCreate
05-27 14:21:37.196 D/HwCustConnectivityManagerImpl(18625): isBlockNetworkRequestByNonAis, INVALID_SUBSCRIPTION_ID
05-27 14:21:37.498 I/chatty  ( 2007): uid=1000(system) Binder:2007_18 expire 206 lines
05-27 14:21:37.524 I/chatty  ( 2007): uid=1000 system_server expire 2 lines
05-27 14:21:37.547 D/ActivityThread(18625): add activity client record, r= ActivityRecord{e224b2f token=android.os.BinderProxy@1041447 {com.huatu.handheld_huatu/com.huatu.handheld_huatu.business.main.MainTabActivity}} token= android.os.BinderProxy@1041447
05-27 14:21:37.549 D/ActivityThread(18625): Won't deliver top position change in state=1
05-27 14:21:37.584 D/ActivityThread(18625): Won't deliver top position change in state=1
05-27 14:21:37.608 D/HwCommandQueue( 3478): CommandQueue, set Launcher StatusBar Color
05-27 14:21:37.618 V/ActivityThread(18625): callActivityOnCreate
05-27 14:21:37.674 D/ActivityThread(18625): add activity client record, r= ActivityRecord{70b9cfb token=android.os.BinderProxy@75237ed {com.huatu.handheld_huatu/com.huatu.handheld_huatu.business.guide.SplashActivity}} token= android.os.BinderProxy@75237ed
05-27 14:21:37.715 I/RtgSchedEvent(18625): current pid:18625 AppType:33
05-27 14:21:37.731 I/HwCommandQueue( 3478): updateBarBgColor
05-27 14:21:37.731 D/HwCommandQueue( 3478): CommandQueue, setBarBackgroundColor
05-27 14:21:37.732 D/HwCommandQueue( 3478): CommandQueue, set Launcher StatusBar Color
05-27 14:21:38.146 D/ActivityThread(18625): Remove activity client record, r= ActivityRecord{e224b2f token=android.os.BinderProxy@1041447 {com.huatu.handheld_huatu/com.huatu.handheld_huatu.business.main.MainTabActivity}} token= android.os.BinderProxy@1041447
05-27 14:21:39.042 I/chatty  ( 2007): uid=1000(system) MobileQosDetect expire 10 lines
05-27 14:21:40.936 V/ActivityThread(18625): callActivityOnCreate
05-27 14:21:40.995 D/ActivityThread(18625): add activity client record, r= ActivityRecord{33775e1 token=android.os.BinderProxy@87dde1e {com.huatu.handheld_huatu/com.huatu.handheld_huatu.business.main.MainTabActivity}} token= android.os.BinderProxy@87dde1e
05-27 14:21:41.343 I/HwCommandQueue( 3478): updateBarBgColor
05-27 14:21:41.343 D/HwCommandQueue( 3478): CommandQueue, setBarBackgroundColor
05-27 14:21:41.343 D/HwCommandQueue( 3478): CommandQueue, set Launcher StatusBar Color
05-27 14:21:41.408 D/HwCommandQueue( 3478): CommandQueue, set Launcher StatusBar Color
05-27 14:21:41.513 D/HwCommandQueue( 3478): CommandQueue, set Launcher StatusBar Color
05-27 14:21:41.562 D/HwCommandQueue( 3478): CommandQueue, set Launcher StatusBar Color
05-27 14:21:42.080 D/ActivityThread(18625): Remove activity client record, r= ActivityRecord{70b9cfb token=android.os.BinderProxy@75237ed {com.huatu.handheld_huatu/com.huatu.handheld_huatu.business.guide.SplashActivity}} token= android.os.BinderProxy@75237ed
05-27 14:21:42.080 I/ViewRootImpl(18625): dispatchDetachedFromWindow in doDie
05-27 14:21:42.130 I/chatty  ( 2007): uid=1000(system) Binder:2007_11 expire 20 lines
05-27 14:21:46.441 I/chatty  ( 2007): uid=1000(system) UEventObserver expire 40 lines
05-27 14:21:46.445 I/chatty  ( 2007): uid=1000(system) HwBinder:2007_1 expire 11 lines
05-27 14:21:46.450 I/chatty  ( 2007): uid=1000(system) HwBatteryServic expire 2 lines
05-27 14:21:46.472 I/chatty  ( 2007): uid=1000(system) Binder:2007_9 expire 39 lines
05-27 14:21:46.516 W/PowerUI ( 3478): unknown intent: Intent { act=android.intent.action.ACTION_POWER_CONNECTED flg=0x4000010 (has extras) }
05-27 14:21:46.531 I/chatty  ( 2007): uid=1000(system) batterystats-wo expire 3 lines
05-27 14:21:46.549 I/chatty  ( 2007): uid=1000(system) Binder:2007_3 expire 93 lines
05-27 14:21:46.591 I/storaged( 1055): uid_monitor::update_curr_io_stats_locked: last_uid_io_stats_ size is 359
05-27 14:21:46.591 I/storaged( 1055): uid_monitor::update_curr_io_stats_locked: curr_io_stats_ size is 359
05-27 14:21:46.625 I/chatty  ( 2007): uid=1000(system) Binder:2007_D expire 76 lines
05-27 14:21:46.635 I/chatty  ( 2007): uid=1000(system) Binder:2007_1C expire 56 lines
05-27 14:21:46.636 I/chatty  ( 2007): uid=1000(system) Binder:2007_C expire 19 lines
05-27 14:21:46.645 I/chatty  ( 2007): uid=1000(system) Binder:2007_1D expire 4 lines
05-27 14:21:46.645 I/chatty  ( 2007): uid=1000(system) Binder:2007_19 expire 34 lines
05-27 14:21:46.660 I/chatty  ( 2007): uid=1000(system) Binder:2007_5 expire 1 line
05-27 14:21:46.679 I/chatty  ( 2007): uid=1000(system) Binder:2007_6 expire 7 lines
05-27 14:21:46.683 I/chatty  ( 2007): uid=1000(system) Binder:2007_A expire 32 lines
05-27 14:21:46.727 I/chatty  ( 2007): uid=1000(system) Binder:2007_13 expire 36 lines
05-27 14:21:46.793 I/chatty  ( 2007): uid=1000(system) Binder:2007_1A expire 1 line
05-27 14:21:46.802 I/chatty  ( 2007): uid=1000(system) Binder:2007_8 expire 9 lines
05-27 14:21:46.820 I/chatty  ( 2007): uid=1000(system) AudioService expire 2 lines
05-27 14:21:46.841 D/ActivityThread(18924): Attach thread to application
05-27 14:21:46.964 I/chatty  ( 2007): uid=1000(system) PowerManagerSer expire 44 lines
05-27 14:21:47.042 I/LoadedApk(18924): makePaths: outLibPaths=[/system/delapp/HwBackup/lib/arm64, /system/delapp/HwBackup/HwBackup.apk!/lib/arm64-v8a, /system/lib64:/hw_product/lib64:/system/product/lib64:/prets/lib64]
05-27 14:21:47.118 I/chatty  ( 2007): uid=1000 system_server expire 13 lines
05-27 14:21:47.165 I/ActivityThread(18924): Init compatible state: false
05-27 14:21:47.263 I/chatty  ( 2007): uid=1000(system) Binder:2007_16 expire 32 lines
05-27 14:21:47.295 I/chatty  ( 2007): uid=1000(system) ActivityManager expire 17 lines
05-27 14:21:47.384 I/ActivityThread(18924): finishPreloaded preloadStatus 0
05-27 14:21:47.426 D/ActivityThread(19000): Attach thread to application
05-27 14:21:47.439 I/ActivityThread(19000): Init compatible state: false
05-27 14:21:47.444 I/LoadedApk(19000): makePaths: outLibPaths=[/hw_product/region_comm/china/app/HwCmccDm/lib/arm64, /hw_product/region_comm/china/app/HwCmccDm/HwCmccDm.apk!/lib/arm64-v8a, /system/lib64:/hw_product/lib64:/system/product/lib64:/prets/lib64]
05-27 14:21:47.517 I/chatty  ( 2007): uid=1000(system) Thread-6 expire 10 lines
05-27 14:21:47.518 I/chatty  ( 2007): uid=1000(system) HwActivityTaskM expire 12 lines
05-27 14:21:47.566 D/HwCustConnectivityManagerImpl( 8071): isBlockNetworkRequestByNonAis, INVALID_SUBSCRIPTION_ID
05-27 14:21:47.568 I/chatty  ( 2007): uid=1000(system) ConnectivitySer expire 18 lines
05-27 14:21:47.741 W/ContextImpl( 8620): Calling a method in the system process without a qualified user: android.app.ContextImpl.startService:1698 android.content.ContextWrapper.startService:669 android.content.ContextWrapper.startService:669 com.android.settings.deviceinfo.UsbReceiver.startUsbService:344 com.android.settings.deviceinfo.UsbReceiver.onUsbStateReceive:188 
05-27 14:21:47.746 W/ContextImpl( 8620): Calling a method in the system process without a qualified user: android.app.ContextImpl.startService:1698 android.content.ContextWrapper.startService:669 android.content.ContextWrapper.startService:669 com.android.settings.deviceinfo.UsbReceiver.startUsbService:344 com.android.settings.deviceinfo.UsbReceiver.onUsbStateReceive:240 
05-27 14:21:47.773 W/ContextImpl( 8620): Calling a method in the system process without a qualified user: android.app.ContextImpl.startService:1698 android.content.ContextWrapper.startService:669 android.content.ContextWrapper.startService:669 com.android.settings.deviceinfo.UsbReceiver.startUsbService:344 com.android.settings.deviceinfo.UsbReceiver.onUsbStateReceive:188 
05-27 14:21:47.774 W/ContextImpl( 8620): Calling a method in the system process without a qualified user: android.app.ContextImpl.startService:1698 android.content.ContextWrapper.startService:669 android.content.ContextWrapper.startService:669 com.android.settings.deviceinfo.UsbReceiver.startUsbService:344 com.android.settings.deviceinfo.UsbReceiver.onUsbStateReceive:240 
05-27 14:21:47.805 I/chatty  ( 2007): uid=1000(system) AdbDebuggingMan expire 1 line
05-27 14:21:49.696 I/chatty  ( 2007): uid=1000(system) AlarmManager expire 8 lines
05-27 14:21:56.004 I/chatty  ( 3859): uid=1000(system) OllieAwareThrea expire 68 lines
05-27 14:21:57.003 I/chatty  ( 2007): uid=1000(system) keyAppHanderThr expire 1 line
05-27 14:22:13.313 W/HwApsManager(18625): HwApsManagerService, registerCallback, start !
05-27 14:22:13.314 I/chatty  ( 2007): uid=1000(system) Binder:2007_A expire 53 lines
05-27 14:22:13.319 I/ViewRootImpl(18625): dispatchDetachedFromWindow in doDie
05-27 14:22:13.334 I/chatty  ( 2007): uid=1000(system) android.ui expire 54 lines
05-27 14:22:13.334 D/HwCommandQueue( 3478): CommandQueue, set Launcher StatusBar Color
05-27 14:22:13.393 D/HwCommandQueue( 3478): CommandQueue, set Launcher StatusBar Color
05-27 14:22:13.396 I/chatty  ( 2007): uid=1000(system) android.display expire 54 lines
05-27 14:22:13.402 I/chatty  ( 3859): uid=1000(system) OllieAwareThrea expire 63 lines
05-27 14:22:13.408 V/ActivityThread(18625): callActivityOnCreate
05-27 14:22:13.493 I/LoadedApk(18625): makePaths: outLibPaths=[/hw_product/region_comm/china/app/HwWebview/lib/arm64, /hw_product/region_comm/china/app/HwWebview/HwWebview.apk!/lib/arm64-v8a, /hw_product/region_comm/china/app/HwTriWebviewLib/HwTriWebviewLib.apk!/lib/arm64-v8a, /system/lib64:/hw_product/lib64:/system/product/lib64:/prets/lib64]
05-27 14:22:13.510 I/chatty  ( 2007): uid=1000(system) android.anim expire 188 lines
05-27 14:22:13.513 D/HwCommandQueue( 3478): CommandQueue, set Launcher StatusBar Color
05-27 14:22:13.578 D/ActivityThread(19097): Attach thread to application
05-27 14:22:13.587 E/ActivityThread(19097): getApplicationInfo metadata error
05-27 14:22:13.587 I/ActivityThread(19097): Init compatible state: false
05-27 14:22:13.591 I/LoadedApk(19097): makePaths: outLibPaths=[/hw_product/region_comm/china/app/HwWebview/lib/arm, /hw_product/region_comm/china/app/HwWebview/HwWebview.apk!/lib/armeabi-v7a, /hw_product/region_comm/china/app/HwTriWebviewLib/HwTriWebviewLib.apk!/lib/armeabi-v7a, /system/lib:/hw_product/lib]
05-27 14:22:13.599 I/ActivityThread(19097): finishPreloaded preloadStatus 0
05-27 14:22:13.603 D/HwCustConnectivityManagerImpl(18625): isBlockNetworkRequestByNonAis, INVALID_SUBSCRIPTION_ID
05-27 14:22:13.605 D/HwCustConnectivityManagerImpl(18625): isBlockNetworkRequestByNonAis, INVALID_SUBSCRIPTION_ID
05-27 14:22:13.667 D/ActivityThread(18625): add activity client record, r= ActivityRecord{b8c358b token=android.os.BinderProxy@39a0cdf {com.huatu.handheld_huatu/com.huatu.handheld_huatu.business.play.fragment.GroupIntroActivity}} token= android.os.BinderProxy@39a0cdf
05-27 14:22:13.684 D/HwCommandQueue( 3478): CommandQueue, set Launcher StatusBar Color
05-27 14:22:13.852 D/HwCommandQueue( 3478): CommandQueue, set Launcher StatusBar Color
05-27 14:22:13.862 D/HwCommandQueue( 3478): CommandQueue, set Launcher StatusBar Color
05-27 14:22:14.267 I/ViewRootImpl(18625): dispatchDetachedFromWindow in doDie
05-27 14:22:14.281 D/HwCommandQueue( 3478): CommandQueue, set Launcher StatusBar Color
05-27 14:22:14.286 D/HwCommandQueue( 3478): CommandQueue, set Launcher StatusBar Color
05-27 14:22:14.352 I/chatty  ( 2007): uid=1000(system) Binder:2007_13 expire 69 lines
05-27 14:22:14.805 I/chatty  ( 2007): uid=1000(system) PowerManagerSer expire 24 lines
05-27 14:22:14.842 I/chatty  ( 2007): uid=1000(system) Thread-6 expire 31 lines
05-27 14:22:14.845 D/ActivityThread(18625): Won't deliver top position change in state=5
05-27 14:22:14.914 D/HwCommandQueue( 3478): CommandQueue, set Launcher StatusBar Color
05-27 14:22:14.948 D/HwCommandQueue( 3478): CommandQueue, set Launcher StatusBar Color
05-27 14:22:15.287 D/ActivityThread(18625): Remove activity client record, r= ActivityRecord{b8c358b token=android.os.BinderProxy@39a0cdf {com.huatu.handheld_huatu/com.huatu.handheld_huatu.business.play.fragment.GroupIntroActivity}} token= android.os.BinderProxy@39a0cdf
05-27 14:22:15.287 I/ViewRootImpl(18625): dispatchDetachedFromWindow in doDie
05-27 14:22:15.394 I/chatty  ( 2007): uid=1000(system) NetworkStats expire 9 lines
05-27 14:22:15.398 I/chatty  ( 2007): uid=1000 system_server expire 56 lines
05-27 14:22:15.855 V/ActivityThread(18625): callActivityOnCreate
05-27 14:22:15.890 D/ActivityThread(18625): add activity client record, r= ActivityRecord{7efc942 token=android.os.BinderProxy@1e888a0 {com.huatu.handheld_huatu/com.huatu.handheld_huatu.business.matches.activity.MatchMainActivity}} token= android.os.BinderProxy@1e888a0
05-27 14:22:15.922 I/chatty  ( 2007): uid=1000(system) Binder:2007_19 expire 54 lines
05-27 14:22:15.932 D/HwCommandQueue( 3478): CommandQueue, set Launcher StatusBar Color
05-27 14:22:15.958 I/chatty  ( 2007): uid=1000(system) Binder:2007_16 expire 52 lines
05-27 14:22:16.076 D/HwCommandQueue( 3478): CommandQueue, set Launcher StatusBar Color
05-27 14:22:16.105 I/ViewRootImpl(18625): dispatchDetachedFromWindow in doDie
05-27 14:22:16.112 D/HwCommandQueue( 3478): CommandQueue, set Launcher StatusBar Color
